<?xml version="1.0"?>
<link_info>
   <banner>TMS320C6x Linker PC v7.4.4</banner>
   <copyright>Copyright (c) 1996-2013 Texas Instruments Incorporated</copyright>
   <link_time>0x5a305236</link_time>
   <output_file>basico_main_unrolling.out</output_file>
   <entry_point>
      <name>_c_int00</name>
      <address>0x80025f20</address>
   </entry_point>
   <input_file_list>
      <input_file id="fl-3">
         <path>C:\Users\Rafael\workspace_v5_5\basico_main_unrolling\Debug\configPkg\package\cfg\</path>
         <kind>object</kind>
         <file>hello_p64P.o64P</file>
         <name>hello_p64P.o64P</name>
      </input_file>
      <input_file id="fl-7">
         <path>.\</path>
         <kind>object</kind>
         <file>Ejemplo_comienzo.obj</file>
         <name>Ejemplo_comienzo.obj</name>
      </input_file>
      <input_file id="fl-a">
         <path>C:\Users\Rafael\workspace_v5_5\basico_main_unrolling\src\sysbios\</path>
         <kind>archive</kind>
         <file>sysbios.a64P</file>
         <name>BIOS.obj</name>
      </input_file>
      <input_file id="fl-b">
         <path>C:\Users\Rafael\workspace_v5_5\basico_main_unrolling\src\sysbios\</path>
         <kind>archive</kind>
         <file>sysbios.a64P</file>
         <name>c64p_Hwi_disp_always.obj</name>
      </input_file>
      <input_file id="fl-c">
         <path>C:\Users\Rafael\workspace_v5_5\basico_main_unrolling\src\sysbios\</path>
         <kind>archive</kind>
         <file>sysbios.a64P</file>
         <name>c64p_Hwi_asm.obj</name>
      </input_file>
      <input_file id="fl-d">
         <path>C:\Users\Rafael\workspace_v5_5\basico_main_unrolling\src\sysbios\</path>
         <kind>archive</kind>
         <file>sysbios.a64P</file>
         <name>c64p_Hwi_asm_switch.obj</name>
      </input_file>
      <input_file id="fl-e">
         <path>C:\Users\Rafael\workspace_v5_5\basico_main_unrolling\src\sysbios\</path>
         <kind>archive</kind>
         <file>sysbios.a64P</file>
         <name>c64p_Exception_asm.obj</name>
      </input_file>
      <input_file id="fl-f">
         <path>C:\Users\Rafael\workspace_v5_5\basico_main_unrolling\src\sysbios\</path>
         <kind>archive</kind>
         <file>sysbios.a64P</file>
         <name>c62_TaskSupport_asm.obj</name>
      </input_file>
      <input_file id="fl-10">
         <path>C:\Users\Rafael\workspace_v5_5\basico_main_unrolling\src\sysbios\</path>
         <kind>archive</kind>
         <file>sysbios.a64P</file>
         <name>timer64_Timer_asm.obj</name>
      </input_file>
      <input_file id="fl-11">
         <path>C:\ti\xdctools_3_25_03_72\packages\ti\targets\rts6000\lib\</path>
         <kind>archive</kind>
         <file>ti.targets.rts6000.a64P</file>
         <name>Assert.o64P</name>
      </input_file>
      <input_file id="fl-12">
         <path>C:\ti\xdctools_3_25_03_72\packages\ti\targets\rts6000\lib\</path>
         <kind>archive</kind>
         <file>ti.targets.rts6000.a64P</file>
         <name>Core-mem.o64P</name>
      </input_file>
      <input_file id="fl-13">
         <path>C:\ti\xdctools_3_25_03_72\packages\ti\targets\rts6000\lib\</path>
         <kind>archive</kind>
         <file>ti.targets.rts6000.a64P</file>
         <name>Core-label.o64P</name>
      </input_file>
      <input_file id="fl-14">
         <path>C:\ti\xdctools_3_25_03_72\packages\ti\targets\rts6000\lib\</path>
         <kind>archive</kind>
         <file>ti.targets.rts6000.a64P</file>
         <name>Core-params.o64P</name>
      </input_file>
      <input_file id="fl-15">
         <path>C:\ti\xdctools_3_25_03_72\packages\ti\targets\rts6000\lib\</path>
         <kind>archive</kind>
         <file>ti.targets.rts6000.a64P</file>
         <name>Diags.o64P</name>
      </input_file>
      <input_file id="fl-16">
         <path>C:\ti\xdctools_3_25_03_72\packages\ti\targets\rts6000\lib\</path>
         <kind>archive</kind>
         <file>ti.targets.rts6000.a64P</file>
         <name>Error.o64P</name>
      </input_file>
      <input_file id="fl-17">
         <path>C:\ti\xdctools_3_25_03_72\packages\ti\targets\rts6000\lib\</path>
         <kind>archive</kind>
         <file>ti.targets.rts6000.a64P</file>
         <name>Gate.o64P</name>
      </input_file>
      <input_file id="fl-18">
         <path>C:\ti\xdctools_3_25_03_72\packages\ti\targets\rts6000\lib\</path>
         <kind>archive</kind>
         <file>ti.targets.rts6000.a64P</file>
         <name>Log.o64P</name>
      </input_file>
      <input_file id="fl-19">
         <path>C:\ti\xdctools_3_25_03_72\packages\ti\targets\rts6000\lib\</path>
         <kind>archive</kind>
         <file>ti.targets.rts6000.a64P</file>
         <name>LoggerBuf.o64P</name>
      </input_file>
      <input_file id="fl-1a">
         <path>C:\ti\xdctools_3_25_03_72\packages\ti\targets\rts6000\lib\</path>
         <kind>archive</kind>
         <file>ti.targets.rts6000.a64P</file>
         <name>Memory.o64P</name>
      </input_file>
      <input_file id="fl-1b">
         <path>C:\ti\xdctools_3_25_03_72\packages\ti\targets\rts6000\lib\</path>
         <kind>archive</kind>
         <file>ti.targets.rts6000.a64P</file>
         <name>Registry.o64P</name>
      </input_file>
      <input_file id="fl-1c">
         <path>C:\ti\xdctools_3_25_03_72\packages\ti\targets\rts6000\lib\</path>
         <kind>archive</kind>
         <file>ti.targets.rts6000.a64P</file>
         <name>Startup.o64P</name>
      </input_file>
      <input_file id="fl-1d">
         <path>C:\ti\xdctools_3_25_03_72\packages\ti\targets\rts6000\lib\</path>
         <kind>archive</kind>
         <file>ti.targets.rts6000.a64P</file>
         <name>System.o64P</name>
      </input_file>
      <input_file id="fl-1e">
         <path>C:\ti\xdctools_3_25_03_72\packages\ti\targets\rts6000\lib\</path>
         <kind>archive</kind>
         <file>ti.targets.rts6000.a64P</file>
         <name>SysMin.o64P</name>
      </input_file>
      <input_file id="fl-1f">
         <path>C:\ti\xdctools_3_25_03_72\packages\ti\targets\rts6000\lib\</path>
         <kind>archive</kind>
         <file>ti.targets.rts6000.a64P</file>
         <name>Text.o64P</name>
      </input_file>
      <input_file id="fl-20">
         <path>C:\ti\xdctools_3_25_03_72\packages\ti\targets\rts6000\lib\</path>
         <kind>archive</kind>
         <file>ti.targets.rts6000.a64P</file>
         <name>xdc_noinit.o64P</name>
      </input_file>
      <input_file id="fl-21">
         <path>C:\ti\xdctools_3_25_03_72\packages\ti\targets\rts6000\lib\</path>
         <kind>archive</kind>
         <file>boot.a64P</file>
         <name>boot.o64P</name>
      </input_file>
      <input_file id="fl-22">
         <path>C:\ti\xdctools_3_25_03_72\packages\ti\targets\rts6000\lib\</path>
         <kind>archive</kind>
         <file>boot.a64P</file>
         <name>autoinit.o64P</name>
      </input_file>
      <input_file id="fl-9a">
         <path>C:\ti\ccsv5\tools\compiler\c6000_7.4.4\lib\</path>
         <kind>archive</kind>
         <file>rts64plus.lib</file>
         <name>_lock.obj</name>
      </input_file>
      <input_file id="fl-9b">
         <path>C:\ti\ccsv5\tools\compiler\c6000_7.4.4\lib\</path>
         <kind>archive</kind>
         <file>rts64plus.lib</file>
         <name>addf.obj</name>
      </input_file>
      <input_file id="fl-9c">
         <path>C:\ti\ccsv5\tools\compiler\c6000_7.4.4\lib\</path>
         <kind>archive</kind>
         <file>rts64plus.lib</file>
         <name>args_main.obj</name>
      </input_file>
      <input_file id="fl-9d">
         <path>C:\ti\ccsv5\tools\compiler\c6000_7.4.4\lib\</path>
         <kind>archive</kind>
         <file>rts64plus.lib</file>
         <name>atexit.obj</name>
      </input_file>
      <input_file id="fl-9e">
         <path>C:\ti\ccsv5\tools\compiler\c6000_7.4.4\lib\</path>
         <kind>archive</kind>
         <file>rts64plus.lib</file>
         <name>atof.obj</name>
      </input_file>
      <input_file id="fl-9f">
         <path>C:\ti\ccsv5\tools\compiler\c6000_7.4.4\lib\</path>
         <kind>archive</kind>
         <file>rts64plus.lib</file>
         <name>cvtdf.obj</name>
      </input_file>
      <input_file id="fl-a0">
         <path>C:\ti\ccsv5\tools\compiler\c6000_7.4.4\lib\</path>
         <kind>archive</kind>
         <file>rts64plus.lib</file>
         <name>cvtfd.obj</name>
      </input_file>
      <input_file id="fl-a1">
         <path>C:\ti\ccsv5\tools\compiler\c6000_7.4.4\lib\</path>
         <kind>archive</kind>
         <file>rts64plus.lib</file>
         <name>divu.obj</name>
      </input_file>
      <input_file id="fl-a2">
         <path>C:\ti\ccsv5\tools\compiler\c6000_7.4.4\lib\</path>
         <kind>archive</kind>
         <file>rts64plus.lib</file>
         <name>exit.obj</name>
      </input_file>
      <input_file id="fl-a3">
         <path>C:\ti\ccsv5\tools\compiler\c6000_7.4.4\lib\</path>
         <kind>archive</kind>
         <file>rts64plus.lib</file>
         <name>fclose.obj</name>
      </input_file>
      <input_file id="fl-a4">
         <path>C:\ti\ccsv5\tools\compiler\c6000_7.4.4\lib\</path>
         <kind>archive</kind>
         <file>rts64plus.lib</file>
         <name>fflush.obj</name>
      </input_file>
      <input_file id="fl-a5">
         <path>C:\ti\ccsv5\tools\compiler\c6000_7.4.4\lib\</path>
         <kind>archive</kind>
         <file>rts64plus.lib</file>
         <name>fgets.obj</name>
      </input_file>
      <input_file id="fl-a6">
         <path>C:\ti\ccsv5\tools\compiler\c6000_7.4.4\lib\</path>
         <kind>archive</kind>
         <file>rts64plus.lib</file>
         <name>fopen.obj</name>
      </input_file>
      <input_file id="fl-a7">
         <path>C:\ti\ccsv5\tools\compiler\c6000_7.4.4\lib\</path>
         <kind>archive</kind>
         <file>rts64plus.lib</file>
         <name>fprintf.obj</name>
      </input_file>
      <input_file id="fl-a8">
         <path>C:\ti\ccsv5\tools\compiler\c6000_7.4.4\lib\</path>
         <kind>archive</kind>
         <file>rts64plus.lib</file>
         <name>fputc.obj</name>
      </input_file>
      <input_file id="fl-a9">
         <path>C:\ti\ccsv5\tools\compiler\c6000_7.4.4\lib\</path>
         <kind>archive</kind>
         <file>rts64plus.lib</file>
         <name>fputs.obj</name>
      </input_file>
      <input_file id="fl-aa">
         <path>C:\ti\ccsv5\tools\compiler\c6000_7.4.4\lib\</path>
         <kind>archive</kind>
         <file>rts64plus.lib</file>
         <name>fscanf.obj</name>
      </input_file>
      <input_file id="fl-ab">
         <path>C:\ti\ccsv5\tools\compiler\c6000_7.4.4\lib\</path>
         <kind>archive</kind>
         <file>rts64plus.lib</file>
         <name>imath64.obj</name>
      </input_file>
      <input_file id="fl-ac">
         <path>C:\ti\ccsv5\tools\compiler\c6000_7.4.4\lib\</path>
         <kind>archive</kind>
         <file>rts64plus.lib</file>
         <name>llshift.obj</name>
      </input_file>
      <input_file id="fl-ad">
         <path>C:\ti\ccsv5\tools\compiler\c6000_7.4.4\lib\</path>
         <kind>archive</kind>
         <file>rts64plus.lib</file>
         <name>lowlev.obj</name>
      </input_file>
      <input_file id="fl-ae">
         <path>C:\ti\ccsv5\tools\compiler\c6000_7.4.4\lib\</path>
         <kind>archive</kind>
         <file>rts64plus.lib</file>
         <name>memcpy64.obj</name>
      </input_file>
      <input_file id="fl-af">
         <path>C:\ti\ccsv5\tools\compiler\c6000_7.4.4\lib\</path>
         <kind>archive</kind>
         <file>rts64plus.lib</file>
         <name>memset.obj</name>
      </input_file>
      <input_file id="fl-b0">
         <path>C:\ti\ccsv5\tools\compiler\c6000_7.4.4\lib\</path>
         <kind>archive</kind>
         <file>rts64plus.lib</file>
         <name>mpyf.obj</name>
      </input_file>
      <input_file id="fl-b1">
         <path>C:\ti\ccsv5\tools\compiler\c6000_7.4.4\lib\</path>
         <kind>archive</kind>
         <file>rts64plus.lib</file>
         <name>negll.obj</name>
      </input_file>
      <input_file id="fl-b2">
         <path>C:\ti\ccsv5\tools\compiler\c6000_7.4.4\lib\</path>
         <kind>archive</kind>
         <file>rts64plus.lib</file>
         <name>printf.obj</name>
      </input_file>
      <input_file id="fl-b3">
         <path>C:\ti\ccsv5\tools\compiler\c6000_7.4.4\lib\</path>
         <kind>archive</kind>
         <file>rts64plus.lib</file>
         <name>remove.obj</name>
      </input_file>
      <input_file id="fl-b4">
         <path>C:\ti\ccsv5\tools\compiler\c6000_7.4.4\lib\</path>
         <kind>archive</kind>
         <file>rts64plus.lib</file>
         <name>remu.obj</name>
      </input_file>
      <input_file id="fl-b5">
         <path>C:\ti\ccsv5\tools\compiler\c6000_7.4.4\lib\</path>
         <kind>archive</kind>
         <file>rts64plus.lib</file>
         <name>sinit.obj</name>
      </input_file>
      <input_file id="fl-b6">
         <path>C:\ti\ccsv5\tools\compiler\c6000_7.4.4\lib\</path>
         <kind>archive</kind>
         <file>rts64plus.lib</file>
         <name>strpbrk.obj</name>
      </input_file>
      <input_file id="fl-b7">
         <path>C:\ti\ccsv5\tools\compiler\c6000_7.4.4\lib\</path>
         <kind>archive</kind>
         <file>rts64plus.lib</file>
         <name>strtod.obj</name>
      </input_file>
      <input_file id="fl-b8">
         <path>C:\ti\ccsv5\tools\compiler\c6000_7.4.4\lib\</path>
         <kind>archive</kind>
         <file>rts64plus.lib</file>
         <name>trgdrv.obj</name>
      </input_file>
      <input_file id="fl-b9">
         <path>C:\ti\ccsv5\tools\compiler\c6000_7.4.4\lib\</path>
         <kind>archive</kind>
         <file>rts64plus.lib</file>
         <name>trgmsg.obj</name>
      </input_file>
      <input_file id="fl-ba">
         <path>C:\ti\ccsv5\tools\compiler\c6000_7.4.4\lib\</path>
         <kind>archive</kind>
         <file>rts64plus.lib</file>
         <name>ungetc.obj</name>
      </input_file>
      <input_file id="fl-bb">
         <path>C:\ti\ccsv5\tools\compiler\c6000_7.4.4\lib\</path>
         <kind>archive</kind>
         <file>rts64plus.lib</file>
         <name>_bufread.obj</name>
      </input_file>
      <input_file id="fl-bc">
         <path>C:\ti\ccsv5\tools\compiler\c6000_7.4.4\lib\</path>
         <kind>archive</kind>
         <file>rts64plus.lib</file>
         <name>_io_perm.obj</name>
      </input_file>
      <input_file id="fl-bd">
         <path>C:\ti\ccsv5\tools\compiler\c6000_7.4.4\lib\</path>
         <kind>archive</kind>
         <file>rts64plus.lib</file>
         <name>_printfi.obj</name>
      </input_file>
      <input_file id="fl-be">
         <path>C:\ti\ccsv5\tools\compiler\c6000_7.4.4\lib\</path>
         <kind>archive</kind>
         <file>rts64plus.lib</file>
         <name>_scanfi.obj</name>
      </input_file>
      <input_file id="fl-bf">
         <path>C:\ti\ccsv5\tools\compiler\c6000_7.4.4\lib\</path>
         <kind>archive</kind>
         <file>rts64plus.lib</file>
         <name>abs.obj</name>
      </input_file>
      <input_file id="fl-c0">
         <path>C:\ti\ccsv5\tools\compiler\c6000_7.4.4\lib\</path>
         <kind>archive</kind>
         <file>rts64plus.lib</file>
         <name>addd.obj</name>
      </input_file>
      <input_file id="fl-c1">
         <path>C:\ti\ccsv5\tools\compiler\c6000_7.4.4\lib\</path>
         <kind>archive</kind>
         <file>rts64plus.lib</file>
         <name>atoi.obj</name>
      </input_file>
      <input_file id="fl-c2">
         <path>C:\ti\ccsv5\tools\compiler\c6000_7.4.4\lib\</path>
         <kind>archive</kind>
         <file>rts64plus.lib</file>
         <name>cmpd.obj</name>
      </input_file>
      <input_file id="fl-c3">
         <path>C:\ti\ccsv5\tools\compiler\c6000_7.4.4\lib\</path>
         <kind>archive</kind>
         <file>rts64plus.lib</file>
         <name>ctype.obj</name>
      </input_file>
      <input_file id="fl-c4">
         <path>C:\ti\ccsv5\tools\compiler\c6000_7.4.4\lib\</path>
         <kind>archive</kind>
         <file>rts64plus.lib</file>
         <name>defs.obj</name>
      </input_file>
      <input_file id="fl-c5">
         <path>C:\ti\ccsv5\tools\compiler\c6000_7.4.4\lib\</path>
         <kind>archive</kind>
         <file>rts64plus.lib</file>
         <name>divd.obj</name>
      </input_file>
      <input_file id="fl-c6">
         <path>C:\ti\ccsv5\tools\compiler\c6000_7.4.4\lib\</path>
         <kind>archive</kind>
         <file>rts64plus.lib</file>
         <name>errno.obj</name>
      </input_file>
      <input_file id="fl-c7">
         <path>C:\ti\ccsv5\tools\compiler\c6000_7.4.4\lib\</path>
         <kind>archive</kind>
         <file>rts64plus.lib</file>
         <name>fgetc.obj</name>
      </input_file>
      <input_file id="fl-c8">
         <path>C:\ti\ccsv5\tools\compiler\c6000_7.4.4\lib\</path>
         <kind>archive</kind>
         <file>rts64plus.lib</file>
         <name>fixdi.obj</name>
      </input_file>
      <input_file id="fl-c9">
         <path>C:\ti\ccsv5\tools\compiler\c6000_7.4.4\lib\</path>
         <kind>archive</kind>
         <file>rts64plus.lib</file>
         <name>fixdli.obj</name>
      </input_file>
      <input_file id="fl-ca">
         <path>C:\ti\ccsv5\tools\compiler\c6000_7.4.4\lib\</path>
         <kind>archive</kind>
         <file>rts64plus.lib</file>
         <name>fltlid.obj</name>
      </input_file>
      <input_file id="fl-cb">
         <path>C:\ti\ccsv5\tools\compiler\c6000_7.4.4\lib\</path>
         <kind>archive</kind>
         <file>rts64plus.lib</file>
         <name>frcaddd.obj</name>
      </input_file>
      <input_file id="fl-cc">
         <path>C:\ti\ccsv5\tools\compiler\c6000_7.4.4\lib\</path>
         <kind>archive</kind>
         <file>rts64plus.lib</file>
         <name>frcmpyd_div.obj</name>
      </input_file>
      <input_file id="fl-cd">
         <path>C:\ti\ccsv5\tools\compiler\c6000_7.4.4\lib\</path>
         <kind>archive</kind>
         <file>rts64plus.lib</file>
         <name>frcmpyf.obj</name>
      </input_file>
      <input_file id="fl-ce">
         <path>C:\ti\ccsv5\tools\compiler\c6000_7.4.4\lib\</path>
         <kind>archive</kind>
         <file>rts64plus.lib</file>
         <name>fseek.obj</name>
      </input_file>
      <input_file id="fl-cf">
         <path>C:\ti\ccsv5\tools\compiler\c6000_7.4.4\lib\</path>
         <kind>archive</kind>
         <file>rts64plus.lib</file>
         <name>imath40.obj</name>
      </input_file>
      <input_file id="fl-d0">
         <path>C:\ti\ccsv5\tools\compiler\c6000_7.4.4\lib\</path>
         <kind>archive</kind>
         <file>rts64plus.lib</file>
         <name>isinf.obj</name>
      </input_file>
      <input_file id="fl-d1">
         <path>C:\ti\ccsv5\tools\compiler\c6000_7.4.4\lib\</path>
         <kind>archive</kind>
         <file>rts64plus.lib</file>
         <name>ltoa.obj</name>
      </input_file>
      <input_file id="fl-d2">
         <path>C:\ti\ccsv5\tools\compiler\c6000_7.4.4\lib\</path>
         <kind>archive</kind>
         <file>rts64plus.lib</file>
         <name>memccpy.obj</name>
      </input_file>
      <input_file id="fl-d3">
         <path>C:\ti\ccsv5\tools\compiler\c6000_7.4.4\lib\</path>
         <kind>archive</kind>
         <file>rts64plus.lib</file>
         <name>mpyd.obj</name>
      </input_file>
      <input_file id="fl-d4">
         <path>C:\ti\ccsv5\tools\compiler\c6000_7.4.4\lib\</path>
         <kind>archive</kind>
         <file>rts64plus.lib</file>
         <name>negd.obj</name>
      </input_file>
      <input_file id="fl-d5">
         <path>C:\ti\ccsv5\tools\compiler\c6000_7.4.4\lib\</path>
         <kind>archive</kind>
         <file>rts64plus.lib</file>
         <name>renormd.obj</name>
      </input_file>
      <input_file id="fl-d6">
         <path>C:\ti\ccsv5\tools\compiler\c6000_7.4.4\lib\</path>
         <kind>archive</kind>
         <file>rts64plus.lib</file>
         <name>setvbuf.obj</name>
      </input_file>
      <input_file id="fl-d7">
         <path>C:\ti\ccsv5\tools\compiler\c6000_7.4.4\lib\</path>
         <kind>archive</kind>
         <file>rts64plus.lib</file>
         <name>strtol.obj</name>
      </input_file>
      <input_file id="fl-d8">
         <path>C:\ti\ccsv5\tools\compiler\c6000_7.4.4\lib\</path>
         <kind>archive</kind>
         <file>rts64plus.lib</file>
         <name>strtold.obj</name>
      </input_file>
      <input_file id="fl-d9">
         <path>C:\ti\ccsv5\tools\compiler\c6000_7.4.4\lib\</path>
         <kind>archive</kind>
         <file>rts64plus.lib</file>
         <name>strtoll.obj</name>
      </input_file>
      <input_file id="fl-da">
         <path>C:\ti\ccsv5\tools\compiler\c6000_7.4.4\lib\</path>
         <kind>archive</kind>
         <file>rts64plus.lib</file>
         <name>strtoul.obj</name>
      </input_file>
      <input_file id="fl-db">
         <path>C:\ti\ccsv5\tools\compiler\c6000_7.4.4\lib\</path>
         <kind>archive</kind>
         <file>rts64plus.lib</file>
         <name>strtoull.obj</name>
      </input_file>
      <input_file id="fl-dc">
         <path>C:\ti\ccsv5\tools\compiler\c6000_7.4.4\lib\</path>
         <kind>archive</kind>
         <file>rts64plus.lib</file>
         <name>subd.obj</name>
      </input_file>
      <input_file id="fl-dd">
         <path>C:\ti\ccsv5\tools\compiler\c6000_7.4.4\lib\</path>
         <kind>archive</kind>
         <file>rts64plus.lib</file>
         <name>frcmpyd.obj</name>
      </input_file>
   </input_file_list>
   <object_component_list>
      <object_component id="oc-180">
         <name>.text</name>
         <load_address>0x80000000</load_address>
         <run_address>0x80000000</run_address>
         <size>0x13580</size>
         <input_file_ref idref="fl-7"/>
      </object_component>
      <object_component id="oc-244">
         <name>.text:__scanfi</name>
         <load_address>0x80013580</load_address>
         <run_address>0x80013580</run_address>
         <size>0x920</size>
         <input_file_ref idref="fl-be"/>
      </object_component>
      <object_component id="oc-29e">
         <name>.text:_xdc_runtime_System_doPrint__I</name>
         <load_address>0x80013ea0</load_address>
         <run_address>0x80013ea0</run_address>
         <size>0x8c0</size>
         <input_file_ref idref="fl-1d"/>
      </object_component>
      <object_component id="oc-175">
         <name>.text:_ti_sysbios_family_c64p_Exception_handler__I</name>
         <load_address>0x80014760</load_address>
         <run_address>0x80014760</run_address>
         <size>0x780</size>
         <input_file_ref idref="fl-a"/>
      </object_component>
      <object_component id="oc-19b">
         <name>.text:_ti_sysbios_heaps_HeapMem_alloc__E</name>
         <load_address>0x80014ee0</load_address>
         <run_address>0x80014ee0</run_address>
         <size>0x660</size>
         <input_file_ref idref="fl-a"/>
      </object_component>
      <object_component id="oc-2b3">
         <name>.text:__sset_arg</name>
         <load_address>0x80015540</load_address>
         <run_address>0x80015540</run_address>
         <size>0x620</size>
         <input_file_ref idref="fl-be"/>
      </object_component>
      <object_component id="oc-1f9">
         <name>.text:_ti_sysbios_knl_Semaphore_pend__E</name>
         <load_address>0x80015b60</load_address>
         <run_address>0x80015b60</run_address>
         <size>0x600</size>
         <input_file_ref idref="fl-a"/>
      </object_component>
      <object_component id="oc-19c">
         <name>.text:_ti_sysbios_heaps_HeapMem_free__E</name>
         <load_address>0x80016160</load_address>
         <run_address>0x80016160</run_address>
         <size>0x5e0</size>
         <input_file_ref idref="fl-a"/>
      </object_component>
      <object_component id="oc-375">
         <name>.text:_ti_sysbios_timers_timer64_Timer_Module_startup__F</name>
         <load_address>0x80016740</load_address>
         <run_address>0x80016740</run_address>
         <size>0x5a0</size>
         <input_file_ref idref="fl-a"/>
      </object_component>
      <object_component id="oc-32a">
         <name>.text:__getarg_diouxp</name>
         <load_address>0x80016ce0</load_address>
         <run_address>0x80016ce0</run_address>
         <size>0x580</size>
         <input_file_ref idref="fl-bd"/>
      </object_component>
      <object_component id="oc-2ba">
         <name>.text:__divd</name>
         <load_address>0x80017260</load_address>
         <run_address>0x80017260</run_address>
         <size>0x540</size>
         <input_file_ref idref="fl-c5"/>
      </object_component>
      <object_component id="oc-245">
         <name>.text:_strtod</name>
         <load_address>0x800177a0</load_address>
         <run_address>0x800177a0</run_address>
         <size>0x520</size>
         <input_file_ref idref="fl-b7"/>
      </object_component>
      <object_component id="oc-2f3">
         <name>.text:_strtold</name>
         <load_address>0x80017cc0</load_address>
         <run_address>0x80017cc0</run_address>
         <size>0x520</size>
         <input_file_ref idref="fl-d8"/>
      </object_component>
      <object_component id="oc-2b0">
         <name>.text:__sproc_int</name>
         <load_address>0x800181e0</load_address>
         <run_address>0x800181e0</run_address>
         <size>0x4c0</size>
         <input_file_ref idref="fl-be"/>
      </object_component>
      <object_component id="oc-374">
         <name>.text:_ti_sysbios_knl_Task_Module_startup__F</name>
         <load_address>0x800186a0</load_address>
         <run_address>0x800186a0</run_address>
         <size>0x480</size>
         <input_file_ref idref="fl-a"/>
      </object_component>
      <object_component id="oc-2f4">
         <name>.text:_strtol</name>
         <load_address>0x80018b20</load_address>
         <run_address>0x80018b20</run_address>
         <size>0x460</size>
         <input_file_ref idref="fl-d7"/>
      </object_component>
      <object_component id="oc-2f5">
         <name>.text:_strtoll</name>
         <load_address>0x80018f80</load_address>
         <run_address>0x80018f80</run_address>
         <size>0x460</size>
         <input_file_ref idref="fl-d9"/>
      </object_component>
      <object_component id="oc-30e">
         <name>.text:_xdc_runtime_System_printfExtend__I</name>
         <load_address>0x800193e0</load_address>
         <run_address>0x800193e0</run_address>
         <size>0x460</size>
         <input_file_ref idref="fl-3"/>
      </object_component>
      <object_component id="oc-24a">
         <name>.text:__printfi</name>
         <load_address>0x80019840</load_address>
         <run_address>0x80019840</run_address>
         <size>0x440</size>
         <input_file_ref idref="fl-bd"/>
      </object_component>
      <object_component id="oc-2c5">
         <name>.text:__setfield</name>
         <load_address>0x80019c80</load_address>
         <run_address>0x80019c80</run_address>
         <size>0x440</size>
         <input_file_ref idref="fl-bd"/>
      </object_component>
      <object_component id="oc-2f1">
         <name>.text:_strtoul</name>
         <load_address>0x8001a0c0</load_address>
         <run_address>0x8001a0c0</run_address>
         <size>0x400</size>
         <input_file_ref idref="fl-da"/>
      </object_component>
      <object_component id="oc-2f2">
         <name>.text:_strtoull</name>
         <load_address>0x8001a4c0</load_address>
         <run_address>0x8001a4c0</run_address>
         <size>0x400</size>
         <input_file_ref idref="fl-db"/>
      </object_component>
      <object_component id="oc-2c2">
         <name>.text:_fputs</name>
         <load_address>0x8001a8c0</load_address>
         <run_address>0x8001a8c0</run_address>
         <size>0x3a0</size>
         <input_file_ref idref="fl-a9"/>
      </object_component>
      <object_component id="oc-247">
         <name>.text:__dofgets</name>
         <load_address>0x8001ac60</load_address>
         <run_address>0x8001ac60</run_address>
         <size>0x380</size>
         <input_file_ref idref="fl-a5"/>
      </object_component>
      <object_component id="oc-2fe">
         <name>.text:__pproc_fge</name>
         <load_address>0x8001afe0</load_address>
         <run_address>0x8001afe0</run_address>
         <size>0x340</size>
         <input_file_ref idref="fl-bd"/>
      </object_component>
      <object_component id="oc-2ae">
         <name>.text:__sget_conv</name>
         <load_address>0x8001b320</load_address>
         <run_address>0x8001b320</run_address>
         <size>0x320</size>
         <input_file_ref idref="fl-be"/>
      </object_component>
      <object_component id="oc-226">
         <name>.text:_ti_sysbios_knl_Swi_restoreHwi__E</name>
         <load_address>0x8001b640</load_address>
         <run_address>0x8001b640</run_address>
         <size>0x320</size>
         <input_file_ref idref="fl-a"/>
      </object_component>
      <object_component id="oc-346">
         <name>.text:_ecvt</name>
         <load_address>0x8001b960</load_address>
         <run_address>0x8001b960</run_address>
         <size>0x300</size>
         <input_file_ref idref="fl-bd"/>
      </object_component>
      <object_component id="oc-349">
         <name>.text:_fcvt</name>
         <load_address>0x8001bc60</load_address>
         <run_address>0x8001bc60</run_address>
         <size>0x300</size>
         <input_file_ref idref="fl-bd"/>
      </object_component>
      <object_component id="oc-1bb">
         <name>.text:_ti_sysbios_family_c64p_Hwi_dispatchC__I</name>
         <load_address>0x8001bf60</load_address>
         <run_address>0x8001bf60</run_address>
         <size>0x300</size>
         <input_file_ref idref="fl-a"/>
      </object_component>
      <object_component id="oc-1cf">
         <name>.text:__addf</name>
         <load_address>0x8001c260</load_address>
         <run_address>0x8001c260</run_address>
         <size>0x2e0</size>
         <input_file_ref idref="fl-9b"/>
      </object_component>
      <object_component id="oc-2af">
         <name>.text:__sproc_float</name>
         <load_address>0x8001c540</load_address>
         <run_address>0x8001c540</run_address>
         <size>0x2e0</size>
         <input_file_ref idref="fl-be"/>
      </object_component>
      <object_component id="oc-20b">
         <name>.text:_ti_sysbios_heaps_HeapMem_Instance_init__F</name>
         <load_address>0x8001c820</load_address>
         <run_address>0x8001c820</run_address>
         <size>0x2e0</size>
         <input_file_ref idref="fl-a"/>
      </object_component>
      <object_component id="oc-2c4">
         <name>.text:__pproc_fwp</name>
         <load_address>0x8001cb00</load_address>
         <run_address>0x8001cb00</run_address>
         <size>0x2c0</size>
         <input_file_ref idref="fl-bd"/>
      </object_component>
      <object_component id="oc-329">
         <name>.text:__pconv_e</name>
         <load_address>0x8001cdc0</load_address>
         <run_address>0x8001cdc0</run_address>
         <size>0x2a0</size>
         <input_file_ref idref="fl-bd"/>
      </object_component>
      <object_component id="oc-16e">
         <name>.text:_ti_sysbios_knl_Clock_workFunc__E</name>
         <load_address>0x8001d060</load_address>
         <run_address>0x8001d060</run_address>
         <size>0x2a0</size>
         <input_file_ref idref="fl-a"/>
      </object_component>
      <object_component id="oc-36f">
         <name>.text:_ti_sysbios_family_c64p_Cache_Module_startup__F</name>
         <load_address>0x8001d300</load_address>
         <run_address>0x8001d300</run_address>
         <size>0x280</size>
         <input_file_ref idref="fl-a"/>
      </object_component>
      <object_component id="oc-3a2">
         <name>.text:_ti_sysbios_timers_timer64_Timer_deviceConfig__I</name>
         <load_address>0x8001d580</load_address>
         <run_address>0x8001d580</run_address>
         <size>0x280</size>
         <input_file_ref idref="fl-a"/>
      </object_component>
      <object_component id="oc-1c3">
         <name>.text:_xdc_runtime_Error_raiseX__F</name>
         <load_address>0x8001d800</load_address>
         <run_address>0x8001d800</run_address>
         <size>0x280</size>
         <input_file_ref idref="fl-16"/>
      </object_component>
      <object_component id="oc-31d">
         <name>.text:__divull</name>
         <load_address>0x8001da80</load_address>
         <run_address>0x8001da80</run_address>
         <size>0x260</size>
         <input_file_ref idref="fl-ab"/>
      </object_component>
      <object_component id="oc-2b4">
         <name>.text:__mpyd</name>
         <load_address>0x8001dce0</load_address>
         <run_address>0x8001dce0</run_address>
         <size>0x260</size>
         <input_file_ref idref="fl-d3"/>
      </object_component>
      <object_component id="oc-2e6">
         <name>.text:_xdc_runtime_Startup_startMods__I</name>
         <load_address>0x8001df40</load_address>
         <run_address>0x8001df40</run_address>
         <size>0x260</size>
         <input_file_ref idref="fl-1c"/>
      </object_component>
      <object_component id="oc-2ff">
         <name>.text:__pproc_diouxp</name>
         <load_address>0x8001e1a0</load_address>
         <run_address>0x8001e1a0</run_address>
         <size>0x240</size>
         <input_file_ref idref="fl-bd"/>
      </object_component>
      <object_component id="oc-1be">
         <name>.text:_ti_sysbios_family_c64p_Exception_internalHandler__I</name>
         <load_address>0x8001e3e0</load_address>
         <run_address>0x8001e3e0</run_address>
         <size>0x240</size>
         <input_file_ref idref="fl-a"/>
      </object_component>
      <object_component id="oc-1fa">
         <name>.text:_ti_sysbios_knl_Semaphore_post__E</name>
         <load_address>0x8001e620</load_address>
         <run_address>0x8001e620</run_address>
         <size>0x240</size>
         <input_file_ref idref="fl-a"/>
      </object_component>
      <object_component id="oc-215">
         <name>.text:_xdc_runtime_LoggerBuf_write8__F</name>
         <load_address>0x8001e860</load_address>
         <run_address>0x8001e860</run_address>
         <size>0x240</size>
         <input_file_ref idref="fl-19"/>
      </object_component>
      <object_component id="oc-2c6">
         <name>.text:__pproc_str</name>
         <load_address>0x8001eaa0</load_address>
         <run_address>0x8001eaa0</run_address>
         <size>0x220</size>
         <input_file_ref idref="fl-bd"/>
      </object_component>
      <object_component id="oc-2c7">
         <name>.text:_fputc</name>
         <load_address>0x8001ecc0</load_address>
         <run_address>0x8001ecc0</run_address>
         <size>0x220</size>
         <input_file_ref idref="fl-a8"/>
      </object_component>
      <object_component id="oc-257">
         <name>.text:_ti_sysbios_knl_Swi_run__I</name>
         <load_address>0x8001eee0</load_address>
         <run_address>0x8001eee0</run_address>
         <size>0x220</size>
         <input_file_ref idref="fl-a"/>
      </object_component>
      <object_component id="oc-394">
         <name>.text:_ti_sysbios_knl_Task_exit__E</name>
         <load_address>0x8001f100</load_address>
         <run_address>0x8001f100</run_address>
         <size>0x220</size>
         <input_file_ref idref="fl-a"/>
      </object_component>
      <object_component id="oc-229">
         <name>.text:_ti_sysbios_knl_Task_schedule__I</name>
         <load_address>0x8001f320</load_address>
         <run_address>0x8001f320</run_address>
         <size>0x220</size>
         <input_file_ref idref="fl-a"/>
      </object_component>
      <object_component id="oc-1e0">
         <name>.text:_ti_sysbios_knl_Task_startCore__E</name>
         <load_address>0x8001f540</load_address>
         <run_address>0x8001f540</run_address>
         <size>0x220</size>
         <input_file_ref idref="fl-a"/>
      </object_component>
      <object_component id="oc-1ed">
         <name>.text:_xdc_runtime_Core_createObject__I</name>
         <load_address>0x8001f760</load_address>
         <run_address>0x8001f760</run_address>
         <size>0x220</size>
         <input_file_ref idref="fl-12"/>
      </object_component>
      <object_component id="oc-2b6">
         <name>.text:__addd</name>
         <load_address>0x8001f980</load_address>
         <run_address>0x8001f980</run_address>
         <size>0x200</size>
         <input_file_ref idref="fl-c0"/>
      </object_component>
      <object_component id="oc-2f7">
         <name>.text:__frcaddd</name>
         <load_address>0x8001fb80</load_address>
         <run_address>0x8001fb80</run_address>
         <size>0x200</size>
         <input_file_ref idref="fl-cb"/>
      </object_component>
      <object_component id="oc-1d0">
         <name>.text:__mpyf</name>
         <load_address>0x8001fd80</load_address>
         <run_address>0x8001fd80</run_address>
         <size>0x200</size>
         <input_file_ref idref="fl-b0"/>
      </object_component>
      <object_component id="oc-327">
         <name>.text:__pconv_g</name>
         <load_address>0x8001ff80</load_address>
         <run_address>0x8001ff80</run_address>
         <size>0x200</size>
         <input_file_ref idref="fl-bd"/>
      </object_component>
      <object_component id="oc-2eb">
         <name>.text:_setvbuf</name>
         <load_address>0x80020180</load_address>
         <run_address>0x80020180</run_address>
         <size>0x200</size>
         <input_file_ref idref="fl-d6"/>
      </object_component>
      <object_component id="oc-174">
         <name>.text:_ti_sysbios_family_c64p_Hwi_dispatchAlways</name>
         <load_address>0x80020380</load_address>
         <run_address>0x80020380</run_address>
         <size>0x200</size>
         <input_file_ref idref="fl-b"/>
      </object_component>
      <object_component id="oc-3bb">
         <name>.text:_ti_sysbios_timers_timer64_Timer_getFreq__E</name>
         <load_address>0x80020580</load_address>
         <run_address>0x80020580</run_address>
         <size>0x1e0</size>
         <input_file_ref idref="fl-a"/>
      </object_component>
      <object_component id="oc-348">
         <name>.text:__mcpy</name>
         <load_address>0x80020760</load_address>
         <run_address>0x80020760</run_address>
         <size>0x1c0</size>
         <input_file_ref idref="fl-bd"/>
      </object_component>
      <object_component id="oc-240">
         <name>.text:__openfile</name>
         <load_address>0x80020920</load_address>
         <run_address>0x80020920</run_address>
         <size>0x1c0</size>
         <input_file_ref idref="fl-a6"/>
      </object_component>
      <object_component id="oc-3b2">
         <name>.text:_ti_sysbios_timers_timer64_Timer_setPeriodMicroSecs__E</name>
         <load_address>0x80020ae0</load_address>
         <run_address>0x80020ae0</run_address>
         <size>0x1c0</size>
         <input_file_ref idref="fl-a"/>
      </object_component>
      <object_component id="oc-34f">
         <name>.text:_xdc_runtime_Text_putSite__F</name>
         <load_address>0x80020ca0</load_address>
         <run_address>0x80020ca0</run_address>
         <size>0x1c0</size>
         <input_file_ref idref="fl-1f"/>
      </object_component>
      <object_component id="oc-31c">
         <name>.text:__divul</name>
         <load_address>0x80020e60</load_address>
         <run_address>0x80020e60</run_address>
         <size>0x1a0</size>
         <input_file_ref idref="fl-cf"/>
      </object_component>
      <object_component id="oc-2b1">
         <name>.text:__sproc_str</name>
         <load_address>0x80021000</load_address>
         <run_address>0x80021000</run_address>
         <size>0x1a0</size>
         <input_file_ref idref="fl-be"/>
      </object_component>
      <object_component id="oc-195">
         <name>.text:_ti_sysbios_gates_GateMutex_enter__E</name>
         <load_address>0x800211a0</load_address>
         <run_address>0x800211a0</run_address>
         <size>0x1a0</size>
         <input_file_ref idref="fl-a"/>
      </object_component>
      <object_component id="oc-303">
         <name>.text:_ti_sysbios_knl_Task_checkStacks__E</name>
         <load_address>0x80021340</load_address>
         <run_address>0x80021340</run_address>
         <size>0x1a0</size>
         <input_file_ref idref="fl-a"/>
      </object_component>
      <object_component id="oc-281">
         <name>.text:_ti_sysbios_knl_Task_unblockI__E</name>
         <load_address>0x800214e0</load_address>
         <run_address>0x800214e0</run_address>
         <size>0x1a0</size>
         <input_file_ref idref="fl-a"/>
      </object_component>
      <object_component id="oc-2ca">
         <name>.text:_ti_sysbios_timers_timer64_Timer_start__E</name>
         <load_address>0x80021680</load_address>
         <run_address>0x80021680</run_address>
         <size>0x1a0</size>
         <input_file_ref idref="fl-a"/>
      </object_component>
      <object_component id="oc-214">
         <name>.text:_xdc_runtime_LoggerBuf_write4__F</name>
         <load_address>0x80021820</load_address>
         <run_address>0x80021820</run_address>
         <size>0x1a0</size>
         <input_file_ref idref="fl-19"/>
      </object_component>
      <object_component id="oc-17d">
         <name>.text:_HOSTrename</name>
         <load_address>0x800219c0</load_address>
         <run_address>0x800219c0</run_address>
         <size>0x180</size>
         <input_file_ref idref="fl-b8"/>
      </object_component>
      <object_component id="oc-243">
         <name>.text:__chkmbc</name>
         <load_address>0x80021b40</load_address>
         <run_address>0x80021b40</run_address>
         <size>0x180</size>
         <input_file_ref idref="fl-aa"/>
      </object_component>
      <object_component id="oc-2aa">
         <name>.text:_open</name>
         <load_address>0x80021cc0</load_address>
         <run_address>0x80021cc0</run_address>
         <size>0x180</size>
         <input_file_ref idref="fl-ad"/>
      </object_component>
      <object_component id="oc-1df">
         <name>.text:_ti_sysbios_knl_Swi_schedule__I</name>
         <load_address>0x80021e40</load_address>
         <run_address>0x80021e40</run_address>
         <size>0x180</size>
         <input_file_ref idref="fl-a"/>
      </object_component>
      <object_component id="oc-2e">
         <name>.text</name>
         <load_address>0x80021fc0</load_address>
         <run_address>0x80021fc0</run_address>
         <size>0x180</size>
         <input_file_ref idref="fl-e"/>
      </object_component>
      <object_component id="oc-2b2">
         <name>.text:__sproc_lb</name>
         <load_address>0x80022140</load_address>
         <run_address>0x80022140</run_address>
         <size>0x160</size>
         <input_file_ref idref="fl-be"/>
      </object_component>
      <object_component id="oc-1db">
         <name>.text:_ti_sysbios_BIOS_rtsUnlock__I</name>
         <load_address>0x800222a0</load_address>
         <run_address>0x800222a0</run_address>
         <size>0x160</size>
         <input_file_ref idref="fl-a"/>
      </object_component>
      <object_component id="oc-2ab">
         <name>.text:_fgetc</name>
         <load_address>0x80022400</load_address>
         <run_address>0x80022400</run_address>
         <size>0x140</size>
         <input_file_ref idref="fl-c7"/>
      </object_component>
      <object_component id="oc-2ea">
         <name>.text:_getdevice</name>
         <load_address>0x80022540</load_address>
         <run_address>0x80022540</run_address>
         <size>0x140</size>
         <input_file_ref idref="fl-ad"/>
      </object_component>
      <object_component id="oc-36d">
         <name>.text:_ti_sysbios_family_c64p_Hwi_Module_startup__F</name>
         <load_address>0x80022680</load_address>
         <run_address>0x80022680</run_address>
         <size>0x140</size>
         <input_file_ref idref="fl-a"/>
      </object_component>
      <object_component id="oc-2d5">
         <name>.text:_ti_sysbios_knl_Semaphore_Instance_init__F</name>
         <load_address>0x800227c0</load_address>
         <run_address>0x800227c0</run_address>
         <size>0x140</size>
         <input_file_ref idref="fl-a"/>
      </object_component>
      <object_component id="oc-18c">
         <name>.text:_ti_sysbios_knl_Swi_post__E</name>
         <load_address>0x80022900</load_address>
         <run_address>0x80022900</run_address>
         <size>0x140</size>
         <input_file_ref idref="fl-a"/>
      </object_component>
      <object_component id="oc-27e">
         <name>.text:_ti_sysbios_knl_Task_blockI__E</name>
         <load_address>0x80022a40</load_address>
         <run_address>0x80022a40</run_address>
         <size>0x140</size>
         <input_file_ref idref="fl-a"/>
      </object_component>
      <object_component id="oc-2ac">
         <name>.text:_ungetc</name>
         <load_address>0x80022b80</load_address>
         <run_address>0x80022b80</run_address>
         <size>0x140</size>
         <input_file_ref idref="fl-ba"/>
      </object_component>
      <object_component id="oc-34e">
         <name>.text:_xdc_runtime_Text_putLab__F</name>
         <load_address>0x80022cc0</load_address>
         <run_address>0x80022cc0</run_address>
         <size>0x140</size>
         <input_file_ref idref="fl-1f"/>
      </object_component>
      <object_component id="oc-2c0">
         <name>.text:__buff_read</name>
         <load_address>0x80022e00</load_address>
         <run_address>0x80022e00</run_address>
         <size>0x120</size>
         <input_file_ref idref="fl-bb"/>
      </object_component>
      <object_component id="oc-246">
         <name>.text:__closefile</name>
         <load_address>0x80022f20</load_address>
         <run_address>0x80022f20</run_address>
         <size>0x120</size>
         <input_file_ref idref="fl-a3"/>
      </object_component>
      <object_component id="oc-32b">
         <name>.text:__ltostr</name>
         <load_address>0x80023040</load_address>
         <run_address>0x80023040</run_address>
         <size>0x120</size>
         <input_file_ref idref="fl-bd"/>
      </object_component>
      <object_component id="oc-2c3">
         <name>.text:__pproc_fflags</name>
         <load_address>0x80023160</load_address>
         <run_address>0x80023160</run_address>
         <size>0x120</size>
         <input_file_ref idref="fl-bd"/>
      </object_component>
      <object_component id="oc-23f">
         <name>.text:__search_fp</name>
         <load_address>0x80023280</load_address>
         <run_address>0x80023280</run_address>
         <size>0x120</size>
         <input_file_ref idref="fl-a6"/>
      </object_component>
      <object_component id="oc-2ed">
         <name>.text:__sget_scanset</name>
         <load_address>0x800233a0</load_address>
         <run_address>0x800233a0</run_address>
         <size>0x120</size>
         <input_file_ref idref="fl-be"/>
      </object_component>
      <object_component id="oc-324">
         <name>.text:_fseek</name>
         <load_address>0x800234c0</load_address>
         <run_address>0x800234c0</run_address>
         <size>0x120</size>
         <input_file_ref idref="fl-ce"/>
      </object_component>
      <object_component id="oc-216">
         <name>.text:_xdc_runtime_LoggerBuf_setFilterLevel__F</name>
         <load_address>0x800235e0</load_address>
         <run_address>0x800235e0</run_address>
         <size>0x120</size>
         <input_file_ref idref="fl-19"/>
      </object_component>
      <object_component id="oc-365">
         <name>.text:_xdc_runtime_Text_putMod__F</name>
         <load_address>0x80023700</load_address>
         <run_address>0x80023700</run_address>
         <size>0x120</size>
         <input_file_ref idref="fl-1f"/>
      </object_component>
      <object_component id="oc-17b">
         <name>.text:_HOSTlseek</name>
         <load_address>0x80023820</load_address>
         <run_address>0x80023820</run_address>
         <size>0x100</size>
         <input_file_ref idref="fl-b8"/>
      </object_component>
      <object_component id="oc-165">
         <name>.text:__auto_init</name>
         <load_address>0x80023920</load_address>
         <run_address>0x80023920</run_address>
         <size>0x100</size>
         <input_file_ref idref="fl-22"/>
      </object_component>
      <object_component id="oc-2f6">
         <name>.text:__frcmpyd</name>
         <load_address>0x80023a20</load_address>
         <run_address>0x80023a20</run_address>
         <size>0x100</size>
         <input_file_ref idref="fl-dd"/>
      </object_component>
      <object_component id="oc-2fd">
         <name>.text:__wrt_ok</name>
         <load_address>0x80023b20</load_address>
         <run_address>0x80023b20</run_address>
         <size>0x100</size>
         <input_file_ref idref="fl-bc"/>
      </object_component>
      <object_component id="oc-33f">
         <name>.text:_call_dtors</name>
         <load_address>0x80023c20</load_address>
         <run_address>0x80023c20</run_address>
         <size>0x100</size>
         <input_file_ref idref="fl-b5"/>
      </object_component>
      <object_component id="oc-1d2">
         <name>.text:_fprintf</name>
         <load_address>0x80023d20</load_address>
         <run_address>0x80023d20</run_address>
         <size>0x100</size>
         <input_file_ref idref="fl-a7"/>
      </object_component>
      <object_component id="oc-3b1">
         <name>.text:_ti_sysbios_timers_timer64_Timer_initDevice__I</name>
         <load_address>0x80023e20</load_address>
         <run_address>0x80023e20</run_address>
         <size>0x100</size>
         <input_file_ref idref="fl-a"/>
      </object_component>
      <object_component id="oc-1ef">
         <name>.text:_xdc_runtime_Core_deleteObject__I</name>
         <load_address>0x80023f20</load_address>
         <run_address>0x80023f20</run_address>
         <size>0x100</size>
         <input_file_ref idref="fl-12"/>
      </object_component>
      <object_component id="oc-217">
         <name>.text:_xdc_runtime_LoggerBuf_getFilterLevel__F</name>
         <load_address>0x80024020</load_address>
         <run_address>0x80024020</run_address>
         <size>0x100</size>
         <input_file_ref idref="fl-19"/>
      </object_component>
      <object_component id="oc-17f">
         <name>.text:_xdc_runtime_Startup_exec__F</name>
         <load_address>0x80024120</load_address>
         <run_address>0x80024120</run_address>
         <size>0x100</size>
         <input_file_ref idref="fl-1c"/>
      </object_component>
      <object_component id="oc-3b4">
         <name>.text:_xdc_runtime_Text_visitRope2__I</name>
         <load_address>0x80024220</load_address>
         <run_address>0x80024220</run_address>
         <size>0x100</size>
         <input_file_ref idref="fl-1f"/>
      </object_component>
      <object_component id="oc-177">
         <name>.text:_HOSTopen</name>
         <load_address>0x80024320</load_address>
         <run_address>0x80024320</run_address>
         <size>0xe0</size>
         <input_file_ref idref="fl-b8"/>
      </object_component>
      <object_component id="oc-2b8">
         <name>.text:__cmpd</name>
         <load_address>0x80024400</load_address>
         <run_address>0x80024400</run_address>
         <size>0xe0</size>
         <input_file_ref idref="fl-c2"/>
      </object_component>
      <object_component id="oc-2ec">
         <name>.text:_atoi</name>
         <load_address>0x800244e0</load_address>
         <run_address>0x800244e0</run_address>
         <size>0xe0</size>
         <input_file_ref idref="fl-c1"/>
      </object_component>
      <object_component id="oc-2bd">
         <name>.text:_close</name>
         <load_address>0x800245c0</load_address>
         <run_address>0x800245c0</run_address>
         <size>0xe0</size>
         <input_file_ref idref="fl-ad"/>
      </object_component>
      <object_component id="oc-1ca">
         <name>.text:_fscanf</name>
         <load_address>0x800246a0</load_address>
         <run_address>0x800246a0</run_address>
         <size>0xe0</size>
         <input_file_ref idref="fl-aa"/>
      </object_component>
      <object_component id="oc-22d">
         <name>.text:_memset</name>
         <load_address>0x80024780</load_address>
         <run_address>0x80024780</run_address>
         <size>0xe0</size>
         <input_file_ref idref="fl-af"/>
      </object_component>
      <object_component id="oc-1d3">
         <name>.text:_printf</name>
         <load_address>0x80024860</load_address>
         <run_address>0x80024860</run_address>
         <size>0xe0</size>
         <input_file_ref idref="fl-b2"/>
      </object_component>
      <object_component id="oc-256">
         <name>.text:_ti_sysbios_timers_timer64_Timer_startup__E</name>
         <load_address>0x80024940</load_address>
         <run_address>0x80024940</run_address>
         <size>0xe0</size>
         <input_file_ref idref="fl-a"/>
      </object_component>
      <object_component id="oc-338">
         <name>.text:_xdc_runtime_Error_print__F</name>
         <load_address>0x80024a20</load_address>
         <run_address>0x80024a20</run_address>
         <size>0xe0</size>
         <input_file_ref idref="fl-16"/>
      </object_component>
      <object_component id="oc-1b8">
         <name>.text:_xdc_runtime_LoggerBuf_Object__create__S</name>
         <load_address>0x80024b00</load_address>
         <run_address>0x80024b00</run_address>
         <size>0xe0</size>
         <input_file_ref idref="fl-3"/>
      </object_component>
      <object_component id="oc-297">
         <name>.text:_xdc_runtime_Memory_alloc__F</name>
         <load_address>0x80024be0</load_address>
         <run_address>0x80024be0</run_address>
         <size>0xe0</size>
         <input_file_ref idref="fl-1a"/>
      </object_component>
      <object_component id="oc-179">
         <name>.text:_HOSTread</name>
         <load_address>0x80024cc0</load_address>
         <run_address>0x80024cc0</run_address>
         <size>0xc0</size>
         <input_file_ref idref="fl-b8"/>
      </object_component>
      <object_component id="oc-17c">
         <name>.text:_HOSTunlink</name>
         <load_address>0x80024d80</load_address>
         <run_address>0x80024d80</run_address>
         <size>0xc0</size>
         <input_file_ref idref="fl-b8"/>
      </object_component>
      <object_component id="oc-17a">
         <name>.text:_HOSTwrite</name>
         <load_address>0x80024e40</load_address>
         <run_address>0x80024e40</run_address>
         <size>0xc0</size>
         <input_file_ref idref="fl-b8"/>
      </object_component>
      <object_component id="oc-34b">
         <name>.text:__div</name>
         <load_address>0x80024f00</load_address>
         <run_address>0x80024f00</run_address>
         <size>0xc0</size>
         <input_file_ref idref="fl-bd"/>
      </object_component>
      <object_component id="oc-289">
         <name>.text:__divu</name>
         <load_address>0x80024fc0</load_address>
         <run_address>0x80024fc0</run_address>
         <size>0xc0</size>
         <input_file_ref idref="fl-a1"/>
      </object_component>
      <object_component id="oc-2bb">
         <name>.text:__doflush</name>
         <load_address>0x80025080</load_address>
         <run_address>0x80025080</run_address>
         <size>0xc0</size>
         <input_file_ref idref="fl-a4"/>
      </object_component>
      <object_component id="oc-2bf">
         <name>.text:__rd_ok</name>
         <load_address>0x80025140</load_address>
         <run_address>0x80025140</run_address>
         <size>0xc0</size>
         <input_file_ref idref="fl-bc"/>
      </object_component>
      <object_component id="oc-2e8">
         <name>.text:_atexit</name>
         <load_address>0x80025200</load_address>
         <run_address>0x80025200</run_address>
         <size>0xc0</size>
         <input_file_ref idref="fl-9d"/>
      </object_component>
      <object_component id="oc-168">
         <name>.text:_exit</name>
         <load_address>0x800252c0</load_address>
         <run_address>0x800252c0</run_address>
         <size>0xc0</size>
         <input_file_ref idref="fl-a2"/>
      </object_component>
      <object_component id="oc-361">
         <name>.text:_ltoa</name>
         <load_address>0x80025380</load_address>
         <run_address>0x80025380</run_address>
         <size>0xc0</size>
         <input_file_ref idref="fl-d1"/>
      </object_component>
      <object_component id="oc-2a3">
         <name>.text:_ti_sysbios_BIOS_errorRaiseHook__I</name>
         <load_address>0x80025440</load_address>
         <run_address>0x80025440</run_address>
         <size>0xc0</size>
         <input_file_ref idref="fl-a"/>
      </object_component>
      <object_component id="oc-19e">
         <name>.text:_ti_sysbios_heaps_HeapMem_getStats__E</name>
         <load_address>0x80025500</load_address>
         <run_address>0x80025500</run_address>
         <size>0xc0</size>
         <input_file_ref idref="fl-a"/>
      </object_component>
      <object_component id="oc-189">
         <name>.text:_ti_sysbios_knl_Clock_logTick__E</name>
         <load_address>0x800255c0</load_address>
         <run_address>0x800255c0</run_address>
         <size>0xc0</size>
         <input_file_ref idref="fl-a"/>
      </object_component>
      <object_component id="oc-29c">
         <name>.text:_ti_sysbios_knl_Task_allBlockedFunction__I</name>
         <load_address>0x80025680</load_address>
         <run_address>0x80025680</run_address>
         <size>0xc0</size>
         <input_file_ref idref="fl-a"/>
      </object_component>
      <object_component id="oc-3ba">
         <name>.text:_ti_sysbios_timers_timer64_Timer_stop__E</name>
         <load_address>0x80025740</load_address>
         <run_address>0x80025740</run_address>
         <size>0xc0</size>
         <input_file_ref idref="fl-a"/>
      </object_component>
      <object_component id="oc-219">
         <name>.text:_xdc_runtime_LoggerBuf_Instance_init__F</name>
         <load_address>0x80025800</load_address>
         <run_address>0x80025800</run_address>
         <size>0xc0</size>
         <input_file_ref idref="fl-19"/>
      </object_component>
      <object_component id="oc-2df">
         <name>.text:_xdc_runtime_System_formatNum__I</name>
         <load_address>0x800258c0</load_address>
         <run_address>0x800258c0</run_address>
         <size>0xc0</size>
         <input_file_ref idref="fl-1d"/>
      </object_component>
      <object_component id="oc-178">
         <name>.text:_HOSTclose</name>
         <load_address>0x80025980</load_address>
         <run_address>0x80025980</run_address>
         <size>0xa0</size>
         <input_file_ref idref="fl-b8"/>
      </object_component>
      <object_component id="oc-2a9">
         <name>.text:__cleanup</name>
         <load_address>0x80025a20</load_address>
         <run_address>0x80025a20</run_address>
         <size>0xa0</size>
         <input_file_ref idref="fl-a6"/>
      </object_component>
      <object_component id="oc-1cc">
         <name>.text:__cvtdf</name>
         <load_address>0x80025ac0</load_address>
         <run_address>0x80025ac0</run_address>
         <size>0xa0</size>
         <input_file_ref idref="fl-9f"/>
      </object_component>
      <object_component id="oc-377">
         <name>.text:__divli</name>
         <load_address>0x80025b60</load_address>
         <run_address>0x80025b60</run_address>
         <size>0xa0</size>
         <input_file_ref idref="fl-cf"/>
      </object_component>
      <object_component id="oc-347">
         <name>.text:__ecpy</name>
         <load_address>0x80025c00</load_address>
         <run_address>0x80025c00</run_address>
         <size>0xa0</size>
         <input_file_ref idref="fl-bd"/>
      </object_component>
      <object_component id="oc-34a">
         <name>.text:__fcpy</name>
         <load_address>0x80025ca0</load_address>
         <run_address>0x80025ca0</run_address>
         <size>0xa0</size>
         <input_file_ref idref="fl-bd"/>
      </object_component>
      <object_component id="oc-360">
         <name>.text:__fixdli</name>
         <load_address>0x80025d40</load_address>
         <run_address>0x80025d40</run_address>
         <size>0xa0</size>
         <input_file_ref idref="fl-c9"/>
      </object_component>
      <object_component id="oc-328">
         <name>.text:__pconv_f</name>
         <load_address>0x80025de0</load_address>
         <run_address>0x80025de0</run_address>
         <size>0xa0</size>
         <input_file_ref idref="fl-bd"/>
      </object_component>
      <object_component id="oc-30f">
         <name>.text:__remu</name>
         <load_address>0x80025e80</load_address>
         <run_address>0x80025e80</run_address>
         <size>0xa0</size>
         <input_file_ref idref="fl-b4"/>
      </object_component>
      <object_component id="oc-10">
         <name>.text:_c_int00</name>
         <load_address>0x80025f20</load_address>
         <run_address>0x80025f20</run_address>
         <size>0xa0</size>
         <input_file_ref idref="fl-21"/>
      </object_component>
      <object_component id="oc-31a">
         <name>.text:_finddevice</name>
         <load_address>0x80025fc0</load_address>
         <run_address>0x80025fc0</run_address>
         <size>0xa0</size>
         <input_file_ref idref="fl-ad"/>
      </object_component>
      <object_component id="oc-345">
         <name>.text:_lseek</name>
         <load_address>0x80026060</load_address>
         <run_address>0x80026060</run_address>
         <size>0xa0</size>
         <input_file_ref idref="fl-ad"/>
      </object_component>
      <object_component id="oc-31b">
         <name>.text:_malloc</name>
         <load_address>0x80026100</load_address>
         <run_address>0x80026100</run_address>
         <size>0xa0</size>
         <input_file_ref idref="fl-3"/>
      </object_component>
      <object_component id="oc-17e">
         <name>.text:_memcpy</name>
         <load_address>0x800261a0</load_address>
         <run_address>0x800261a0</run_address>
         <size>0xa0</size>
         <input_file_ref idref="fl-ae"/>
      </object_component>
      <object_component id="oc-2c1">
         <name>.text:_read</name>
         <load_address>0x80026240</load_address>
         <run_address>0x80026240</run_address>
         <size>0xa0</size>
         <input_file_ref idref="fl-ad"/>
      </object_component>
      <object_component id="oc-36c">
         <name>.text:_ti_sysbios_family_c64p_Exception_Module_startup__F</name>
         <load_address>0x800262e0</load_address>
         <run_address>0x800262e0</run_address>
         <size>0xa0</size>
         <input_file_ref idref="fl-a"/>
      </object_component>
      <object_component id="oc-314">
         <name>.text:_ti_sysbios_family_c64p_Hwi_getStackInfo__E</name>
         <load_address>0x80026380</load_address>
         <run_address>0x80026380</run_address>
         <size>0xa0</size>
         <input_file_ref idref="fl-a"/>
      </object_component>
      <object_component id="oc-2a5">
         <name>.text:_ti_sysbios_heaps_HeapMem_init__I</name>
         <load_address>0x80026420</load_address>
         <run_address>0x80026420</run_address>
         <size>0xa0</size>
         <input_file_ref idref="fl-a"/>
      </object_component>
      <object_component id="oc-1ad">
         <name>.text:_ti_sysbios_knl_Idle_run__E</name>
         <load_address>0x800264c0</load_address>
         <run_address>0x800264c0</run_address>
         <size>0xa0</size>
         <input_file_ref idref="fl-a"/>
      </object_component>
      <object_component id="oc-284">
         <name>.text:_ti_sysbios_knl_Semaphore_Object__create__S</name>
         <load_address>0x80026560</load_address>
         <run_address>0x80026560</run_address>
         <size>0xa0</size>
         <input_file_ref idref="fl-3"/>
      </object_component>
      <object_component id="oc-2fa">
         <name>.text:_write</name>
         <load_address>0x80026600</load_address>
         <run_address>0x80026600</run_address>
         <size>0xa0</size>
         <input_file_ref idref="fl-ad"/>
      </object_component>
      <object_component id="oc-1f7">
         <name>.text:_xdc_runtime_Assert_raise__I</name>
         <load_address>0x800266a0</load_address>
         <run_address>0x800266a0</run_address>
         <size>0xa0</size>
         <input_file_ref idref="fl-11"/>
      </object_component>
      <object_component id="oc-369">
         <name>.text:_xdc_runtime_LoggerBuf_Module_startup__F</name>
         <load_address>0x80026740</load_address>
         <run_address>0x80026740</run_address>
         <size>0xa0</size>
         <input_file_ref idref="fl-19"/>
      </object_component>
      <object_component id="oc-1b5">
         <name>.text:_xdc_runtime_LoggerBuf_write8__E</name>
         <load_address>0x800267e0</load_address>
         <run_address>0x800267e0</run_address>
         <size>0xa0</size>
         <input_file_ref idref="fl-3"/>
      </object_component>
      <object_component id="oc-312">
         <name>.text:_xdc_runtime_SysMin_abort__F</name>
         <load_address>0x80026880</load_address>
         <run_address>0x80026880</run_address>
         <size>0xa0</size>
         <input_file_ref idref="fl-1e"/>
      </object_component>
      <object_component id="oc-33b">
         <name>.text:_xdc_runtime_SysMin_flush__F</name>
         <load_address>0x80026920</load_address>
         <run_address>0x80026920</run_address>
         <size>0xa0</size>
         <input_file_ref idref="fl-1e"/>
      </object_component>
      <object_component id="oc-368">
         <name>.text:_xdc_runtime_SysMin_output__I</name>
         <load_address>0x800269c0</load_address>
         <run_address>0x800269c0</run_address>
         <size>0xa0</size>
         <input_file_ref idref="fl-3"/>
      </object_component>
      <object_component id="oc-33a">
         <name>.text:_xdc_runtime_SysMin_putch__F</name>
         <load_address>0x80026a60</load_address>
         <run_address>0x80026a60</run_address>
         <size>0xa0</size>
         <input_file_ref idref="fl-1e"/>
      </object_component>
      <object_component id="oc-366">
         <name>.text:_xdc_runtime_Text_xprintf__I</name>
         <load_address>0x80026b00</load_address>
         <run_address>0x80026b00</run_address>
         <size>0xa0</size>
         <input_file_ref idref="fl-1f"/>
      </object_component>
      <object_component id="oc-364">
         <name>.text:__fixdi</name>
         <load_address>0x80026ba0</load_address>
         <run_address>0x80026ba0</run_address>
         <size>0x80</size>
         <input_file_ref idref="fl-c8"/>
      </object_component>
      <object_component id="oc-362">
         <name>.text:__fltlid</name>
         <load_address>0x80026c20</load_address>
         <run_address>0x80026c20</run_address>
         <size>0x80</size>
         <input_file_ref idref="fl-ca"/>
      </object_component>
      <object_component id="oc-342">
         <name>.text:__llshl</name>
         <load_address>0x80026ca0</load_address>
         <run_address>0x80026ca0</run_address>
         <size>0x80</size>
         <input_file_ref idref="fl-ac"/>
      </object_component>
      <object_component id="oc-323">
         <name>.text:__renormd</name>
         <load_address>0x80026d20</load_address>
         <run_address>0x80026d20</run_address>
         <size>0x80</size>
         <input_file_ref idref="fl-d5"/>
      </object_component>
      <object_component id="oc-1c5">
         <name>.text:_readmsg</name>
         <load_address>0x80026da0</load_address>
         <run_address>0x80026da0</run_address>
         <size>0x80</size>
         <input_file_ref idref="fl-b9"/>
      </object_component>
      <object_component id="oc-182">
         <name>.text:_ti_sysbios_BIOS_exitFunc__I</name>
         <load_address>0x80026e20</load_address>
         <run_address>0x80026e20</run_address>
         <size>0x80</size>
         <input_file_ref idref="fl-3"/>
      </object_component>
      <object_component id="oc-3ae">
         <name>.text:_ti_sysbios_family_c62_TaskSupport_start__E</name>
         <load_address>0x80026ea0</load_address>
         <run_address>0x80026ea0</run_address>
         <size>0x80</size>
         <input_file_ref idref="fl-a"/>
      </object_component>
      <object_component id="oc-2cd">
         <name>.text:_ti_sysbios_family_c62_TaskSupport_swap__E</name>
         <load_address>0x80026f20</load_address>
         <run_address>0x80026f20</run_address>
         <size>0x80</size>
         <input_file_ref idref="fl-f"/>
      </object_component>
      <object_component id="oc-191">
         <name>.text:_ti_sysbios_gates_GateHwi_Object__create__S</name>
         <load_address>0x80026fa0</load_address>
         <run_address>0x80026fa0</run_address>
         <size>0x80</size>
         <input_file_ref idref="fl-3"/>
      </object_component>
      <object_component id="oc-197">
         <name>.text:_ti_sysbios_gates_GateMutex_Object__create__S</name>
         <load_address>0x80027020</load_address>
         <run_address>0x80027020</run_address>
         <size>0x80</size>
         <input_file_ref idref="fl-3"/>
      </object_component>
      <object_component id="oc-19f">
         <name>.text:_ti_sysbios_heaps_HeapMem_Object__create__S</name>
         <load_address>0x800270a0</load_address>
         <run_address>0x800270a0</run_address>
         <size>0x80</size>
         <input_file_ref idref="fl-3"/>
      </object_component>
      <object_component id="oc-16a">
         <name>.text:_ti_sysbios_knl_Clock_doTick__I</name>
         <load_address>0x80027120</load_address>
         <run_address>0x80027120</run_address>
         <size>0x80</size>
         <input_file_ref idref="fl-3"/>
      </object_component>
      <object_component id="oc-307">
         <name>.text:_ti_sysbios_knl_Queue_Object__create__S</name>
         <load_address>0x800271a0</load_address>
         <run_address>0x800271a0</run_address>
         <size>0x80</size>
         <input_file_ref idref="fl-3"/>
      </object_component>
      <object_component id="oc-27a">
         <name>.text:_ti_sysbios_knl_Semaphore_pendTimeout__I</name>
         <load_address>0x80027220</load_address>
         <run_address>0x80027220</run_address>
         <size>0x80</size>
         <input_file_ref idref="fl-a"/>
      </object_component>
      <object_component id="oc-391">
         <name>.text:_ti_sysbios_knl_Swi_Object__get__S</name>
         <load_address>0x800272a0</load_address>
         <run_address>0x800272a0</run_address>
         <size>0x80</size>
         <input_file_ref idref="fl-3"/>
      </object_component>
      <object_component id="oc-187">
         <name>.text:_ti_sysbios_knl_Swi_startup__E</name>
         <load_address>0x80027320</load_address>
         <run_address>0x80027320</run_address>
         <size>0x80</size>
         <input_file_ref idref="fl-a"/>
      </object_component>
      <object_component id="oc-1de">
         <name>.text:_ti_sysbios_knl_Task_restore__E</name>
         <load_address>0x800273a0</load_address>
         <run_address>0x800273a0</run_address>
         <size>0x80</size>
         <input_file_ref idref="fl-a"/>
      </object_component>
      <object_component id="oc-3a8">
         <name>.text:_ti_sysbios_timers_timer64_Timer_getPeriod__E</name>
         <load_address>0x80027420</load_address>
         <run_address>0x80027420</run_address>
         <size>0x80</size>
         <input_file_ref idref="fl-a"/>
      </object_component>
      <object_component id="oc-2fc">
         <name>.text:_unlink</name>
         <load_address>0x800274a0</load_address>
         <run_address>0x800274a0</run_address>
         <size>0x80</size>
         <input_file_ref idref="fl-ad"/>
      </object_component>
      <object_component id="oc-1f0">
         <name>.text:_xdc_runtime_Core_assignLabel__I</name>
         <load_address>0x80027520</load_address>
         <run_address>0x80027520</run_address>
         <size>0x80</size>
         <input_file_ref idref="fl-13"/>
      </object_component>
      <object_component id="oc-269">
         <name>.text:_xdc_runtime_Core_assignParams__I</name>
         <load_address>0x800275a0</load_address>
         <run_address>0x800275a0</run_address>
         <size>0x80</size>
         <input_file_ref idref="fl-14"/>
      </object_component>
      <object_component id="oc-28d">
         <name>.text:_xdc_runtime_LoggerBuf_filterOutEvent__I</name>
         <load_address>0x80027620</load_address>
         <run_address>0x80027620</run_address>
         <size>0x80</size>
         <input_file_ref idref="fl-19"/>
      </object_component>
      <object_component id="oc-1d9">
         <name>.text:_xdc_runtime_System_atexit__F</name>
         <load_address>0x800276a0</load_address>
         <run_address>0x800276a0</run_address>
         <size>0x80</size>
         <input_file_ref idref="fl-1d"/>
      </object_component>
      <object_component id="oc-2dd">
         <name>.text:_xdc_runtime_System_putchar__I</name>
         <load_address>0x80027720</load_address>
         <run_address>0x80027720</run_address>
         <size>0x80</size>
         <input_file_ref idref="fl-1d"/>
      </object_component>
      <object_component id="oc-2e7">
         <name>.text:_xdc_runtime_System_rtsExit__I</name>
         <load_address>0x800277a0</load_address>
         <run_address>0x800277a0</run_address>
         <size>0x80</size>
         <input_file_ref idref="fl-1d"/>
      </object_component>
      <object_component id="oc-37c">
         <name>.text:_xdc_runtime_Text_printVisFxn__I</name>
         <load_address>0x80027820</load_address>
         <run_address>0x80027820</run_address>
         <size>0x80</size>
         <input_file_ref idref="fl-1f"/>
      </object_component>
      <object_component id="oc-2d7">
         <name>.text:ti_sysbios_hal_Hwi_checkStack:_ti_sysbios_hal_Hwi_checkStack</name>
         <load_address>0x800278a0</load_address>
         <run_address>0x800278a0</run_address>
         <size>0x80</size>
         <input_file_ref idref="fl-a"/>
      </object_component>
      <object_component id="oc-2a6">
         <name>.text:ti_sysbios_hal_Hwi_initStack:_ti_sysbios_hal_Hwi_initStack</name>
         <load_address>0x80027920</load_address>
         <run_address>0x80027920</run_address>
         <size>0x80</size>
         <input_file_ref idref="fl-a"/>
      </object_component>
      <object_component id="oc-1d1">
         <name>.text:__cvtfd</name>
         <load_address>0x800279a0</load_address>
         <run_address>0x800279a0</run_address>
         <size>0x60</size>
         <input_file_ref idref="fl-a0"/>
      </object_component>
      <object_component id="oc-248">
         <name>.text:__frcmpyf</name>
         <load_address>0x80027a00</load_address>
         <run_address>0x80027a00</run_address>
         <size>0x60</size>
         <input_file_ref idref="fl-cd"/>
      </object_component>
      <object_component id="oc-322">
         <name>.text:__remull</name>
         <load_address>0x80027a60</load_address>
         <run_address>0x80027a60</run_address>
         <size>0x60</size>
         <input_file_ref idref="fl-ab"/>
      </object_component>
      <object_component id="oc-343">
         <name>.text:__subcull</name>
         <load_address>0x80027ac0</load_address>
         <run_address>0x80027ac0</run_address>
         <size>0x60</size>
         <input_file_ref idref="fl-ab"/>
      </object_component>
      <object_component id="oc-1cd">
         <name>.text:_fclose</name>
         <load_address>0x80027b20</load_address>
         <run_address>0x80027b20</run_address>
         <size>0x60</size>
         <input_file_ref idref="fl-a3"/>
      </object_component>
      <object_component id="oc-1c9">
         <name>.text:_fopen</name>
         <load_address>0x80027b80</load_address>
         <run_address>0x80027b80</run_address>
         <size>0x60</size>
         <input_file_ref idref="fl-a6"/>
      </object_component>
      <object_component id="oc-2bc">
         <name>.text:_free</name>
         <load_address>0x80027be0</load_address>
         <run_address>0x80027be0</run_address>
         <size>0x60</size>
         <input_file_ref idref="fl-3"/>
      </object_component>
      <object_component id="oc-300">
         <name>.text:_memccpy</name>
         <load_address>0x80027c40</load_address>
         <run_address>0x80027c40</run_address>
         <size>0x60</size>
         <input_file_ref idref="fl-d2"/>
      </object_component>
      <object_component id="oc-2e9">
         <name>.text:_tabinit</name>
         <load_address>0x80027ca0</load_address>
         <run_address>0x80027ca0</run_address>
         <size>0x60</size>
         <input_file_ref idref="fl-ad"/>
      </object_component>
      <object_component id="oc-184">
         <name>.text:_ti_sysbios_BIOS_registerRTSLock__I</name>
         <load_address>0x80027d00</load_address>
         <run_address>0x80027d00</run_address>
         <size>0x60</size>
         <input_file_ref idref="fl-a"/>
      </object_component>
      <object_component id="oc-384">
         <name>.text:_ti_sysbios_family_c64p_Cache_setMar__E</name>
         <load_address>0x80027d60</load_address>
         <run_address>0x80027d60</run_address>
         <size>0x60</size>
         <input_file_ref idref="fl-a"/>
      </object_component>
      <object_component id="oc-193">
         <name>.text:_ti_sysbios_gates_GateHwi_Handle__label__S</name>
         <load_address>0x80027dc0</load_address>
         <run_address>0x80027dc0</run_address>
         <size>0x60</size>
         <input_file_ref idref="fl-3"/>
      </object_component>
      <object_component id="oc-192">
         <name>.text:_ti_sysbios_gates_GateHwi_Object__delete__S</name>
         <load_address>0x80027e20</load_address>
         <run_address>0x80027e20</run_address>
         <size>0x60</size>
         <input_file_ref idref="fl-3"/>
      </object_component>
      <object_component id="oc-199">
         <name>.text:_ti_sysbios_gates_GateMutex_Handle__label__S</name>
         <load_address>0x80027e80</load_address>
         <run_address>0x80027e80</run_address>
         <size>0x60</size>
         <input_file_ref idref="fl-3"/>
      </object_component>
      <object_component id="oc-1fc">
         <name>.text:_ti_sysbios_gates_GateMutex_Instance_init__F</name>
         <load_address>0x80027ee0</load_address>
         <run_address>0x80027ee0</run_address>
         <size>0x60</size>
         <input_file_ref idref="fl-a"/>
      </object_component>
      <object_component id="oc-198">
         <name>.text:_ti_sysbios_gates_GateMutex_Object__delete__S</name>
         <load_address>0x80027f40</load_address>
         <run_address>0x80027f40</run_address>
         <size>0x60</size>
         <input_file_ref idref="fl-3"/>
      </object_component>
      <object_component id="oc-1a1">
         <name>.text:_ti_sysbios_heaps_HeapMem_Handle__label__S</name>
         <load_address>0x80027fa0</load_address>
         <run_address>0x80027fa0</run_address>
         <size>0x60</size>
         <input_file_ref idref="fl-3"/>
      </object_component>
      <object_component id="oc-1a0">
         <name>.text:_ti_sysbios_heaps_HeapMem_Object__delete__S</name>
         <load_address>0x80028000</load_address>
         <run_address>0x80028000</run_address>
         <size>0x60</size>
         <input_file_ref idref="fl-3"/>
      </object_component>
      <object_component id="oc-2e4">
         <name>.text:_ti_sysbios_heaps_HeapMem_Object__get__S</name>
         <load_address>0x80028060</load_address>
         <run_address>0x80028060</run_address>
         <size>0x60</size>
         <input_file_ref idref="fl-3"/>
      </object_component>
      <object_component id="oc-372">
[...]
         <name>_xdc_runtime_SysMin_exit__F</name>
         <value>0x800284e0</value>
         <object_component_ref idref="oc-35f"/>
      </symbol>
      <symbol id="sm-23eb">
         <name>_xdc_runtime_SysMin_abort__F</name>
         <value>0x80026880</value>
         <object_component_ref idref="oc-312"/>
      </symbol>
      <symbol id="sm-23ec">
         <name>_xdc_runtime_SysMin_ready__F</name>
         <value>0x80029ea0</value>
         <object_component_ref idref="oc-30c"/>
      </symbol>
      <symbol id="sm-23ed">
         <name>_xdc_runtime_SysMin_flush__F</name>
         <value>0x80026920</value>
         <object_component_ref idref="oc-33b"/>
      </symbol>
      <symbol id="sm-23ee">
         <name>_xdc_runtime_SysMin_putch__F</name>
         <value>0x80026a60</value>
         <object_component_ref idref="oc-33a"/>
      </symbol>
      <symbol id="sm-2446">
         <name>_xdc_runtime_Text_putSite__F</name>
         <value>0x80020ca0</value>
         <object_component_ref idref="oc-34f"/>
      </symbol>
      <symbol id="sm-2447">
         <name>_xdc_runtime_Text_ropeText__F</name>
         <value>0x80029120</value>
         <object_component_ref idref="oc-22f"/>
      </symbol>
      <symbol id="sm-2448">
         <name>_xdc_runtime_Text_putMod__F</name>
         <value>0x80023700</value>
         <object_component_ref idref="oc-365"/>
      </symbol>
      <symbol id="sm-2449">
         <name>_xdc_runtime_Text_visitRope2__I</name>
         <value>0x80024220</value>
         <object_component_ref idref="oc-3b4"/>
      </symbol>
      <symbol id="sm-244a">
         <name>_xdc_runtime_Text_cordText__F</name>
         <value>0x80028600</value>
         <object_component_ref idref="oc-26f"/>
      </symbol>
      <symbol id="sm-244b">
         <name>_xdc_runtime_Text_putLab__F</name>
         <value>0x80022cc0</value>
         <object_component_ref idref="oc-34e"/>
      </symbol>
      <symbol id="sm-244c">
         <name>_xdc_runtime_Text_printVisFxn__I</name>
         <value>0x80027820</value>
         <object_component_ref idref="oc-37c"/>
      </symbol>
      <symbol id="sm-244d">
         <name>_xdc_runtime_Text_xprintf__I</name>
         <value>0x80026b00</value>
         <object_component_ref idref="oc-366"/>
      </symbol>
      <symbol id="sm-2457">
         <name>___xdc__init</name>
         <value>0x800291a0</value>
         <object_component_ref idref="oc-173"/>
      </symbol>
      <symbol id="sm-2468">
         <name>__stack</name>
         <value>0x80030038</value>
         <object_component_ref idref="oc-80"/>
      </symbol>
      <symbol id="sm-2469">
         <name>_c_int00</name>
         <value>0x80025f20</value>
         <object_component_ref idref="oc-10"/>
      </symbol>
      <symbol id="sm-2484">
         <name>__auto_init</name>
         <value>0x80023920</value>
         <object_component_ref idref="oc-165"/>
      </symbol>
      <symbol id="sm-2496">
         <name>__unlock</name>
         <value>0x8002db64</value>
         <object_component_ref idref="oc-8a"/>
      </symbol>
      <symbol id="sm-2497">
         <name>__lock</name>
         <value>0x8002db60</value>
         <object_component_ref idref="oc-8a"/>
      </symbol>
      <symbol id="sm-2498">
         <name>__register_lock</name>
         <value>0x800292a0</value>
         <object_component_ref idref="oc-1d7"/>
      </symbol>
      <symbol id="sm-2499">
         <name>__nop</name>
         <value>0x80029200</value>
         <object_component_ref idref="oc-176"/>
      </symbol>
      <symbol id="sm-249a">
         <name>__register_unlock</name>
         <value>0x800292c0</value>
         <object_component_ref idref="oc-1d8"/>
      </symbol>
      <symbol id="sm-24ae">
         <name>__addf</name>
         <value>0x8001c260</value>
         <object_component_ref idref="oc-1cf"/>
      </symbol>
      <symbol id="sm-24b8">
         <name>__args_main</name>
         <value>0x80028720</value>
         <object_component_ref idref="oc-167"/>
      </symbol>
      <symbol id="sm-24b9">
         <name>__TI_args_main</name>
         <value>0x1</value>
      </symbol>
      <symbol id="sm-24cd">
         <name>_atexit</name>
         <value>0x80025200</value>
         <object_component_ref idref="oc-2e8"/>
      </symbol>
      <symbol id="sm-24ce">
         <name>___atexit_func_id__</name>
         <value>0x8002d8b0</value>
         <object_component_ref idref="oc-95"/>
      </symbol>
      <symbol id="sm-24d8">
         <name>_atof</name>
         <value>0x80029320</value>
         <object_component_ref idref="oc-1cb"/>
      </symbol>
      <symbol id="sm-24e3">
         <name>__cvtdf</name>
         <value>0x80025ac0</value>
         <object_component_ref idref="oc-1cc"/>
      </symbol>
      <symbol id="sm-24ed">
         <name>__cvtfd</name>
         <value>0x800279a0</value>
         <object_component_ref idref="oc-1d1"/>
      </symbol>
      <symbol id="sm-24f6">
         <name>__c6xabi_divu</name>
         <value>0x80024fc0</value>
         <object_component_ref idref="oc-289"/>
      </symbol>
      <symbol id="sm-24f7">
         <name>__divu</name>
         <value>0x80024fc0</value>
         <object_component_ref idref="oc-289"/>
      </symbol>
      <symbol id="sm-250e">
         <name>C$$EXIT</name>
         <value>0x80029300</value>
         <object_component_ref idref="oc-181"/>
      </symbol>
      <symbol id="sm-250f">
         <name>_exit</name>
         <value>0x800252c0</value>
         <object_component_ref idref="oc-168"/>
      </symbol>
      <symbol id="sm-2510">
         <name>___TI_enable_exit_profile_output</name>
         <value>0x8002db5c</value>
         <object_component_ref idref="oc-a6"/>
      </symbol>
      <symbol id="sm-2511">
         <name>_abort</name>
         <value>0x80029300</value>
         <object_component_ref idref="oc-181"/>
      </symbol>
      <symbol id="sm-2512">
         <name>__cleanup_ptr</name>
         <value>0x8002db54</value>
         <object_component_ref idref="oc-a6"/>
      </symbol>
      <symbol id="sm-2513">
         <name>__dtors_ptr</name>
         <value>0x8002db58</value>
         <object_component_ref idref="oc-a6"/>
      </symbol>
      <symbol id="sm-2529">
         <name>__closefile</name>
         <value>0x80022f20</value>
         <object_component_ref idref="oc-246"/>
      </symbol>
      <symbol id="sm-252a">
         <name>_fclose</name>
         <value>0x80027b20</value>
         <object_component_ref idref="oc-1cd"/>
      </symbol>
      <symbol id="sm-2537">
         <name>__doflush</name>
         <value>0x80025080</value>
         <object_component_ref idref="oc-2bb"/>
      </symbol>
      <symbol id="sm-255a">
         <name>_fgets</name>
         <value>0x80029340</value>
         <object_component_ref idref="oc-1ce"/>
      </symbol>
      <symbol id="sm-2583">
         <name>__cleanup</name>
         <value>0x80025a20</value>
         <object_component_ref idref="oc-2a9"/>
      </symbol>
      <symbol id="sm-2584">
         <name>_fopen</name>
         <value>0x80027b80</value>
         <object_component_ref idref="oc-1c9"/>
      </symbol>
      <symbol id="sm-2599">
         <name>_fprintf</name>
         <value>0x80023d20</value>
         <object_component_ref idref="oc-1d2"/>
      </symbol>
      <symbol id="sm-25b4">
         <name>_putc</name>
         <value>0x8001ecc0</value>
         <object_component_ref idref="oc-2c7"/>
      </symbol>
      <symbol id="sm-25b5">
         <name>_fputc</name>
         <value>0x8001ecc0</value>
         <object_component_ref idref="oc-2c7"/>
      </symbol>
      <symbol id="sm-25d7">
         <name>_fputs</name>
         <value>0x8001a8c0</value>
         <object_component_ref idref="oc-2c2"/>
      </symbol>
      <symbol id="sm-25fa">
         <name>_fscanf</name>
         <value>0x800246a0</value>
         <object_component_ref idref="oc-1ca"/>
      </symbol>
      <symbol id="sm-2610">
         <name>__subcull</name>
         <value>0x80027ac0</value>
         <object_component_ref idref="oc-343"/>
      </symbol>
      <symbol id="sm-2611">
         <name>__divull</name>
         <value>0x8001da80</value>
         <object_component_ref idref="oc-31d"/>
      </symbol>
      <symbol id="sm-2612">
         <name>__remull</name>
         <value>0x80027a60</value>
         <object_component_ref idref="oc-322"/>
      </symbol>
      <symbol id="sm-2620">
         <name>__llshl</name>
         <value>0x80026ca0</value>
         <object_component_ref idref="oc-342"/>
      </symbol>
      <symbol id="sm-2621">
         <name>__llshru</name>
         <value>0x800287a0</value>
         <object_component_ref idref="oc-344"/>
      </symbol>
      <symbol id="sm-2676">
         <name>_read</name>
         <value>0x80026240</value>
         <object_component_ref idref="oc-2c1"/>
      </symbol>
      <symbol id="sm-2677">
         <name>_unlink</name>
         <value>0x800274a0</value>
         <object_component_ref idref="oc-2fc"/>
      </symbol>
      <symbol id="sm-2678">
         <name>_open</name>
         <value>0x80021cc0</value>
         <object_component_ref idref="oc-2aa"/>
      </symbol>
      <symbol id="sm-2679">
         <name>_lseek</name>
         <value>0x80026060</value>
         <object_component_ref idref="oc-345"/>
      </symbol>
      <symbol id="sm-267a">
         <name>_close</name>
         <value>0x800245c0</value>
         <object_component_ref idref="oc-2bd"/>
      </symbol>
      <symbol id="sm-267b">
         <name>_write</name>
         <value>0x80026600</value>
         <object_component_ref idref="oc-2fa"/>
      </symbol>
      <symbol id="sm-2683">
         <name>_memcpy</name>
         <value>0x800261a0</value>
         <object_component_ref idref="oc-17e"/>
      </symbol>
      <symbol id="sm-268e">
         <name>_memset</name>
         <value>0x80024780</value>
         <object_component_ref idref="oc-22d"/>
      </symbol>
      <symbol id="sm-26a3">
         <name>__mpyf</name>
         <value>0x8001fd80</value>
         <object_component_ref idref="oc-1d0"/>
      </symbol>
      <symbol id="sm-26ad">
         <name>__negll</name>
         <value>0x800291e0</value>
         <object_component_ref idref="oc-31e"/>
      </symbol>
      <symbol id="sm-26c2">
         <name>_printf</name>
         <value>0x80024860</value>
         <object_component_ref idref="oc-1d3"/>
      </symbol>
      <symbol id="sm-26cc">
         <name>_remove</name>
         <value>0x80029360</value>
         <object_component_ref idref="oc-2be"/>
      </symbol>
      <symbol id="sm-26d5">
         <name>__remu</name>
         <value>0x80025e80</value>
         <object_component_ref idref="oc-30f"/>
      </symbol>
      <symbol id="sm-26d6">
         <name>__c6xabi_remu</name>
         <value>0x80025e80</value>
         <object_component_ref idref="oc-30f"/>
      </symbol>
      <symbol id="sm-26ee">
         <name>_dtors</name>
         <value>0x8002db74</value>
         <object_component_ref idref="oc-e6"/>
      </symbol>
      <symbol id="sm-26ef">
         <name>_call_dtors</name>
         <value>0x80023c20</value>
         <object_component_ref idref="oc-33f"/>
      </symbol>
      <symbol id="sm-26f0">
         <name>___add_dtor</name>
         <value>0x80028660</value>
         <object_component_ref idref="oc-319"/>
      </symbol>
      <symbol id="sm-2721">
         <name>_strtod</name>
         <value>0x800177a0</value>
         <object_component_ref idref="oc-245"/>
      </symbol>
      <symbol id="sm-274a">
         <name>_HOSTopen</name>
         <value>0x80024320</value>
         <object_component_ref idref="oc-177"/>
      </symbol>
      <symbol id="sm-274b">
         <name>_HOSTread</name>
         <value>0x80024cc0</value>
         <object_component_ref idref="oc-179"/>
      </symbol>
      <symbol id="sm-274c">
         <name>_HOSTrename</name>
         <value>0x800219c0</value>
         <object_component_ref idref="oc-17d"/>
      </symbol>
      <symbol id="sm-274d">
         <name>_HOSTwrite</name>
         <value>0x80024e40</value>
         <object_component_ref idref="oc-17a"/>
      </symbol>
      <symbol id="sm-274e">
         <name>_HOSTlseek</name>
         <value>0x80023820</value>
         <object_component_ref idref="oc-17b"/>
      </symbol>
      <symbol id="sm-274f">
         <name>_HOSTunlink</name>
         <value>0x80024d80</value>
         <object_component_ref idref="oc-17c"/>
      </symbol>
      <symbol id="sm-2750">
         <name>_HOSTclose</name>
         <value>0x80025980</value>
         <object_component_ref idref="oc-178"/>
      </symbol>
      <symbol id="sm-2760">
         <name>C$$IO$$</name>
         <value>0x800282f8</value>
         <object_component_ref idref="oc-1c4"/>
      </symbol>
      <symbol id="sm-2761">
         <name>__CIOBUF_</name>
         <value>0x80031840</value>
         <object_component_ref idref="oc-f4"/>
      </symbol>
      <symbol id="sm-2762">
         <name>_readmsg</name>
         <value>0x80026da0</value>
         <object_component_ref idref="oc-1c5"/>
      </symbol>
      <symbol id="sm-2763">
         <name>_writemsg</name>
         <value>0x800282a0</value>
         <object_component_ref idref="oc-1c4"/>
      </symbol>
      <symbol id="sm-2774">
         <name>_ungetc</name>
         <value>0x80022b80</value>
         <object_component_ref idref="oc-2ac"/>
      </symbol>
      <symbol id="sm-2782">
         <name>__buff_read</name>
         <value>0x80022e00</value>
         <object_component_ref idref="oc-2c0"/>
      </symbol>
      <symbol id="sm-2796">
         <name>__rd_ok</name>
         <value>0x80025140</value>
         <object_component_ref idref="oc-2bf"/>
      </symbol>
      <symbol id="sm-2797">
         <name>__wrt_ok</name>
         <value>0x80023b20</value>
         <object_component_ref idref="oc-2fd"/>
      </symbol>
      <symbol id="sm-28b5">
         <name>__printfi</name>
         <value>0x80019840</value>
         <object_component_ref idref="oc-24a"/>
      </symbol>
      <symbol id="sm-298e">
         <name>__scanfi</name>
         <value>0x80013580</value>
         <object_component_ref idref="oc-244"/>
      </symbol>
      <symbol id="sm-29a5">
         <name>__addd</name>
         <value>0x8001f980</value>
         <object_component_ref idref="oc-2b6"/>
      </symbol>
      <symbol id="sm-29b3">
         <name>_atoi</name>
         <value>0x800244e0</value>
         <object_component_ref idref="oc-2ec"/>
      </symbol>
      <symbol id="sm-29c2">
         <name>__cmpd</name>
         <value>0x80024400</value>
         <object_component_ref idref="oc-2b8"/>
      </symbol>
      <symbol id="sm-29ca">
         <name>__ctypes_</name>
         <value>0x8002f5f8</value>
         <object_component_ref idref="oc-2ad"/>
      </symbol>
      <symbol id="sm-29d4">
         <name>__tmpnams</name>
         <value>0x8002d768</value>
         <object_component_ref idref="oc-117"/>
      </symbol>
      <symbol id="sm-29d5">
         <name>__ft_end</name>
         <value>0x8002d8a8</value>
         <object_component_ref idref="oc-117"/>
      </symbol>
      <symbol id="sm-29d6">
         <name>__ftable</name>
         <value>0x8002d588</value>
         <object_component_ref idref="oc-117"/>
      </symbol>
      <symbol id="sm-29ee">
         <name>__divd</name>
         <value>0x80017260</value>
         <object_component_ref idref="oc-2ba"/>
      </symbol>
      <symbol id="sm-29f8">
         <name>_errno</name>
         <value>0x8002d8ac</value>
         <object_component_ref idref="oc-11e"/>
      </symbol>
      <symbol id="sm-2a0c">
         <name>_getc</name>
         <value>0x80022400</value>
         <object_component_ref idref="oc-2ab"/>
      </symbol>
      <symbol id="sm-2a0d">
         <name>_fgetc</name>
         <value>0x80022400</value>
         <object_component_ref idref="oc-2ab"/>
      </symbol>
      <symbol id="sm-2a1a">
         <name>__fixdi</name>
         <value>0x80026ba0</value>
         <object_component_ref idref="oc-364"/>
      </symbol>
      <symbol id="sm-2a27">
         <name>__fixdli</name>
         <value>0x80025d40</value>
         <object_component_ref idref="oc-360"/>
      </symbol>
      <symbol id="sm-2a32">
         <name>__fltlid</name>
         <value>0x80026c20</value>
         <object_component_ref idref="oc-362"/>
      </symbol>
      <symbol id="sm-2a42">
         <name>__frcaddd</name>
         <value>0x8001fb80</value>
         <object_component_ref idref="oc-2f7"/>
      </symbol>
      <symbol id="sm-2a4c">
         <name>__frcmpyd_div</name>
         <value>0x80028760</value>
         <object_component_ref idref="oc-2f9"/>
      </symbol>
      <symbol id="sm-2a56">
         <name>__frcmpyf</name>
         <value>0x80027a00</value>
         <object_component_ref idref="oc-248"/>
      </symbol>
      <symbol id="sm-2a67">
         <name>_fseek</name>
         <value>0x800234c0</value>
         <object_component_ref idref="oc-324"/>
      </symbol>
      <symbol id="sm-2a79">
         <name>__divul</name>
         <value>0x80020e60</value>
         <object_component_ref idref="oc-31c"/>
      </symbol>
      <symbol id="sm-2a7a">
         <name>__remli</name>
         <value>0x80028820</value>
         <object_component_ref idref="oc-376"/>
      </symbol>
      <symbol id="sm-2a7b">
         <name>__remul</name>
         <value>0x80028860</value>
         <object_component_ref idref="oc-321"/>
      </symbol>
      <symbol id="sm-2a7c">
         <name>__divli</name>
         <value>0x80025b60</value>
         <object_component_ref idref="oc-377"/>
      </symbol>
      <symbol id="sm-2a86">
         <name>___isinf</name>
         <value>0x800286a0</value>
         <object_component_ref idref="oc-326"/>
      </symbol>
      <symbol id="sm-2a93">
         <name>_ltoa</name>
         <value>0x80025380</value>
         <object_component_ref idref="oc-361"/>
      </symbol>
      <symbol id="sm-2aa0">
         <name>_memccpy</name>
         <value>0x80027c40</value>
         <object_component_ref idref="oc-300"/>
      </symbol>
      <symbol id="sm-2ab6">
         <name>__mpyd</name>
         <value>0x8001dce0</value>
         <object_component_ref idref="oc-2b4"/>
      </symbol>
      <symbol id="sm-2ac0">
         <name>__negd</name>
         <value>0x800287e0</value>
         <object_component_ref idref="oc-2b7"/>
      </symbol>
      <symbol id="sm-2acd">
         <name>__renormd</name>
         <value>0x80026d20</value>
         <object_component_ref idref="oc-323"/>
      </symbol>
      <symbol id="sm-2ae3">
         <name>_setvbuf</name>
         <value>0x80020180</value>
         <object_component_ref idref="oc-2eb"/>
      </symbol>
      <symbol id="sm-2afb">
         <name>_strtol</name>
         <value>0x80018b20</value>
         <object_component_ref idref="oc-2f4"/>
      </symbol>
      <symbol id="sm-2b25">
         <name>_strtold</name>
         <value>0x80017cc0</value>
         <object_component_ref idref="oc-2f3"/>
      </symbol>
      <symbol id="sm-2b40">
         <name>_strtoll</name>
         <value>0x80018f80</value>
         <object_component_ref idref="oc-2f5"/>
      </symbol>
      <symbol id="sm-2b58">
         <name>_strtoul</name>
         <value>0x8001a0c0</value>
         <object_component_ref idref="oc-2f1"/>
      </symbol>
      <symbol id="sm-2b74">
         <name>_strtoull</name>
         <value>0x8001a4c0</value>
         <object_component_ref idref="oc-2f2"/>
      </symbol>
      <symbol id="sm-2b7e">
         <name>__subd</name>
         <value>0x800288a0</value>
         <object_component_ref idref="oc-363"/>
      </symbol>
      <symbol id="sm-2b88">
         <name>__frcmpyd</name>
         <value>0x80023a20</value>
         <object_component_ref idref="oc-2f6"/>
      </symbol>
   </symbol_table>
</link_info>
