<?xml version="1.0"?>
<link_info>
   <banner>TMS320C6x Linker PC v7.4.4</banner>
   <copyright>Copyright (c) 1996-2013 Texas Instruments Incorporated</copyright>
   <link_time>0x5a314a3f</link_time>
   <output_file>basico_main_unrolling_intrinsic.out</output_file>
   <entry_point>
      <name>_c_int00</name>
      <address>0x800221e0</address>
   </entry_point>
   <input_file_list>
      <input_file id="fl-3">
         <path>C:\Users\Rafael\workspace_v5_5\basico_main_unrolling_intrinsic\Debug\configPkg\package\cfg\</path>
         <kind>object</kind>
         <file>hello_p64P.o64P</file>
         <name>hello_p64P.o64P</name>
      </input_file>
      <input_file id="fl-7">
         <kind>object</kind>
         <file>Ejemplo_comienzo.obj</file>
         <name>Ejemplo_comienzo.obj</name>
      </input_file>
      <input_file id="fl-a">
         <path>C:\Users\Rafael\workspace_v5_5\basico_main_unrolling_intrinsic\src\sysbios\</path>
         <kind>archive</kind>
         <file>sysbios.a64P</file>
         <name>BIOS.obj</name>
      </input_file>
      <input_file id="fl-b">
         <path>C:\Users\Rafael\workspace_v5_5\basico_main_unrolling_intrinsic\src\sysbios\</path>
         <kind>archive</kind>
         <file>sysbios.a64P</file>
         <name>c64p_Hwi_disp_always.obj</name>
      </input_file>
      <input_file id="fl-c">
         <path>C:\Users\Rafael\workspace_v5_5\basico_main_unrolling_intrinsic\src\sysbios\</path>
         <kind>archive</kind>
         <file>sysbios.a64P</file>
         <name>c64p_Hwi_asm.obj</name>
      </input_file>
      <input_file id="fl-d">
         <path>C:\Users\Rafael\workspace_v5_5\basico_main_unrolling_intrinsic\src\sysbios\</path>
         <kind>archive</kind>
         <file>sysbios.a64P</file>
         <name>c64p_Hwi_asm_switch.obj</name>
      </input_file>
      <input_file id="fl-e">
         <path>C:\Users\Rafael\workspace_v5_5\basico_main_unrolling_intrinsic\src\sysbios\</path>
         <kind>archive</kind>
         <file>sysbios.a64P</file>
         <name>c64p_Exception_asm.obj</name>
      </input_file>
      <input_file id="fl-f">
         <path>C:\Users\Rafael\workspace_v5_5\basico_main_unrolling_intrinsic\src\sysbios\</path>
         <kind>archive</kind>
         <file>sysbios.a64P</file>
         <name>c62_TaskSupport_asm.obj</name>
      </input_file>
      <input_file id="fl-10">
         <path>C:\Users\Rafael\workspace_v5_5\basico_main_unrolling_intrinsic\src\sysbios\</path>
         <kind>archive</kind>
         <file>sysbios.a64P</file>
         <name>timer64_Timer_asm.obj</name>
      </input_file>
      <input_file id="fl-11">
         <path>C:\ti\xdctools_3_25_03_72\packages\ti\targets\rts6000\lib\</path>
         <kind>archive</kind>
         <file>ti.targets.rts6000.a64P</file>
         <name>Assert.o64P</name>
      </input_file>
      <input_file id="fl-12">
         <path>C:\ti\xdctools_3_25_03_72\packages\ti\targets\rts6000\lib\</path>
         <kind>archive</kind>
         <file>ti.targets.rts6000.a64P</file>
         <name>Core-mem.o64P</name>
      </input_file>
      <input_file id="fl-13">
         <path>C:\ti\xdctools_3_25_03_72\packages\ti\targets\rts6000\lib\</path>
         <kind>archive</kind>
         <file>ti.targets.rts6000.a64P</file>
         <name>Core-label.o64P</name>
      </input_file>
      <input_file id="fl-14">
         <path>C:\ti\xdctools_3_25_03_72\packages\ti\targets\rts6000\lib\</path>
         <kind>archive</kind>
         <file>ti.targets.rts6000.a64P</file>
         <name>Core-params.o64P</name>
      </input_file>
      <input_file id="fl-15">
         <path>C:\ti\xdctools_3_25_03_72\packages\ti\targets\rts6000\lib\</path>
         <kind>archive</kind>
         <file>ti.targets.rts6000.a64P</file>
         <name>Diags.o64P</name>
      </input_file>
      <input_file id="fl-16">
         <path>C:\ti\xdctools_3_25_03_72\packages\ti\targets\rts6000\lib\</path>
         <kind>archive</kind>
         <file>ti.targets.rts6000.a64P</file>
         <name>Error.o64P</name>
      </input_file>
      <input_file id="fl-17">
         <path>C:\ti\xdctools_3_25_03_72\packages\ti\targets\rts6000\lib\</path>
         <kind>archive</kind>
         <file>ti.targets.rts6000.a64P</file>
         <name>Gate.o64P</name>
      </input_file>
      <input_file id="fl-18">
         <path>C:\ti\xdctools_3_25_03_72\packages\ti\targets\rts6000\lib\</path>
         <kind>archive</kind>
         <file>ti.targets.rts6000.a64P</file>
         <name>Log.o64P</name>
      </input_file>
      <input_file id="fl-19">
         <path>C:\ti\xdctools_3_25_03_72\packages\ti\targets\rts6000\lib\</path>
         <kind>archive</kind>
         <file>ti.targets.rts6000.a64P</file>
         <name>LoggerBuf.o64P</name>
      </input_file>
      <input_file id="fl-1a">
         <path>C:\ti\xdctools_3_25_03_72\packages\ti\targets\rts6000\lib\</path>
         <kind>archive</kind>
         <file>ti.targets.rts6000.a64P</file>
         <name>Memory.o64P</name>
      </input_file>
      <input_file id="fl-1b">
         <path>C:\ti\xdctools_3_25_03_72\packages\ti\targets\rts6000\lib\</path>
         <kind>archive</kind>
         <file>ti.targets.rts6000.a64P</file>
         <name>Registry.o64P</name>
      </input_file>
      <input_file id="fl-1c">
         <path>C:\ti\xdctools_3_25_03_72\packages\ti\targets\rts6000\lib\</path>
         <kind>archive</kind>
         <file>ti.targets.rts6000.a64P</file>
         <name>Startup.o64P</name>
      </input_file>
      <input_file id="fl-1d">
         <path>C:\ti\xdctools_3_25_03_72\packages\ti\targets\rts6000\lib\</path>
         <kind>archive</kind>
         <file>ti.targets.rts6000.a64P</file>
         <name>System.o64P</name>
      </input_file>
      <input_file id="fl-1e">
         <path>C:\ti\xdctools_3_25_03_72\packages\ti\targets\rts6000\lib\</path>
         <kind>archive</kind>
         <file>ti.targets.rts6000.a64P</file>
         <name>SysMin.o64P</name>
      </input_file>
      <input_file id="fl-1f">
         <path>C:\ti\xdctools_3_25_03_72\packages\ti\targets\rts6000\lib\</path>
         <kind>archive</kind>
         <file>ti.targets.rts6000.a64P</file>
         <name>Text.o64P</name>
      </input_file>
      <input_file id="fl-20">
         <path>C:\ti\xdctools_3_25_03_72\packages\ti\targets\rts6000\lib\</path>
         <kind>archive</kind>
         <file>ti.targets.rts6000.a64P</file>
         <name>xdc_noinit.o64P</name>
      </input_file>
      <input_file id="fl-21">
         <path>C:\ti\xdctools_3_25_03_72\packages\ti\targets\rts6000\lib\</path>
         <kind>archive</kind>
         <file>boot.a64P</file>
         <name>boot.o64P</name>
      </input_file>
      <input_file id="fl-22">
         <path>C:\ti\xdctools_3_25_03_72\packages\ti\targets\rts6000\lib\</path>
         <kind>archive</kind>
         <file>boot.a64P</file>
         <name>autoinit.o64P</name>
      </input_file>
      <input_file id="fl-9a">
         <path>C:\ti\ccsv5\tools\compiler\c6000_7.4.4\lib\</path>
         <kind>archive</kind>
         <file>rts64plus.lib</file>
         <name>_lock.obj</name>
      </input_file>
      <input_file id="fl-9b">
         <path>C:\ti\ccsv5\tools\compiler\c6000_7.4.4\lib\</path>
         <kind>archive</kind>
         <file>rts64plus.lib</file>
         <name>addf.obj</name>
      </input_file>
      <input_file id="fl-9c">
         <path>C:\ti\ccsv5\tools\compiler\c6000_7.4.4\lib\</path>
         <kind>archive</kind>
         <file>rts64plus.lib</file>
         <name>args_main.obj</name>
      </input_file>
      <input_file id="fl-9d">
         <path>C:\ti\ccsv5\tools\compiler\c6000_7.4.4\lib\</path>
         <kind>archive</kind>
         <file>rts64plus.lib</file>
         <name>atexit.obj</name>
      </input_file>
      <input_file id="fl-9e">
         <path>C:\ti\ccsv5\tools\compiler\c6000_7.4.4\lib\</path>
         <kind>archive</kind>
         <file>rts64plus.lib</file>
         <name>cvtdf.obj</name>
      </input_file>
      <input_file id="fl-9f">
         <path>C:\ti\ccsv5\tools\compiler\c6000_7.4.4\lib\</path>
         <kind>archive</kind>
         <file>rts64plus.lib</file>
         <name>cvtfd.obj</name>
      </input_file>
      <input_file id="fl-a0">
         <path>C:\ti\ccsv5\tools\compiler\c6000_7.4.4\lib\</path>
         <kind>archive</kind>
         <file>rts64plus.lib</file>
         <name>divu.obj</name>
      </input_file>
      <input_file id="fl-a1">
         <path>C:\ti\ccsv5\tools\compiler\c6000_7.4.4\lib\</path>
         <kind>archive</kind>
         <file>rts64plus.lib</file>
         <name>exit.obj</name>
      </input_file>
      <input_file id="fl-a2">
         <path>C:\ti\ccsv5\tools\compiler\c6000_7.4.4\lib\</path>
         <kind>archive</kind>
         <file>rts64plus.lib</file>
         <name>fclose.obj</name>
      </input_file>
      <input_file id="fl-a3">
         <path>C:\ti\ccsv5\tools\compiler\c6000_7.4.4\lib\</path>
         <kind>archive</kind>
         <file>rts64plus.lib</file>
         <name>fflush.obj</name>
      </input_file>
      <input_file id="fl-a4">
         <path>C:\ti\ccsv5\tools\compiler\c6000_7.4.4\lib\</path>
         <kind>archive</kind>
         <file>rts64plus.lib</file>
         <name>fgets.obj</name>
      </input_file>
      <input_file id="fl-a5">
         <path>C:\ti\ccsv5\tools\compiler\c6000_7.4.4\lib\</path>
         <kind>archive</kind>
         <file>rts64plus.lib</file>
         <name>fopen.obj</name>
      </input_file>
      <input_file id="fl-a6">
         <path>C:\ti\ccsv5\tools\compiler\c6000_7.4.4\lib\</path>
         <kind>archive</kind>
         <file>rts64plus.lib</file>
         <name>fprintf.obj</name>
      </input_file>
      <input_file id="fl-a7">
         <path>C:\ti\ccsv5\tools\compiler\c6000_7.4.4\lib\</path>
         <kind>archive</kind>
         <file>rts64plus.lib</file>
         <name>fputc.obj</name>
      </input_file>
      <input_file id="fl-a8">
         <path>C:\ti\ccsv5\tools\compiler\c6000_7.4.4\lib\</path>
         <kind>archive</kind>
         <file>rts64plus.lib</file>
         <name>fputs.obj</name>
      </input_file>
      <input_file id="fl-a9">
         <path>C:\ti\ccsv5\tools\compiler\c6000_7.4.4\lib\</path>
         <kind>archive</kind>
         <file>rts64plus.lib</file>
         <name>fscanf.obj</name>
      </input_file>
      <input_file id="fl-aa">
         <path>C:\ti\ccsv5\tools\compiler\c6000_7.4.4\lib\</path>
         <kind>archive</kind>
         <file>rts64plus.lib</file>
         <name>imath64.obj</name>
      </input_file>
      <input_file id="fl-ab">
         <path>C:\ti\ccsv5\tools\compiler\c6000_7.4.4\lib\</path>
         <kind>archive</kind>
         <file>rts64plus.lib</file>
         <name>llshift.obj</name>
      </input_file>
      <input_file id="fl-ac">
         <path>C:\ti\ccsv5\tools\compiler\c6000_7.4.4\lib\</path>
         <kind>archive</kind>
         <file>rts64plus.lib</file>
         <name>lowlev.obj</name>
      </input_file>
      <input_file id="fl-ad">
         <path>C:\ti\ccsv5\tools\compiler\c6000_7.4.4\lib\</path>
         <kind>archive</kind>
         <file>rts64plus.lib</file>
         <name>memcpy64.obj</name>
      </input_file>
      <input_file id="fl-ae">
         <path>C:\ti\ccsv5\tools\compiler\c6000_7.4.4\lib\</path>
         <kind>archive</kind>
         <file>rts64plus.lib</file>
         <name>memset.obj</name>
      </input_file>
      <input_file id="fl-af">
         <path>C:\ti\ccsv5\tools\compiler\c6000_7.4.4\lib\</path>
         <kind>archive</kind>
         <file>rts64plus.lib</file>
         <name>mpyf.obj</name>
      </input_file>
      <input_file id="fl-b0">
         <path>C:\ti\ccsv5\tools\compiler\c6000_7.4.4\lib\</path>
         <kind>archive</kind>
         <file>rts64plus.lib</file>
         <name>negll.obj</name>
      </input_file>
      <input_file id="fl-b1">
         <path>C:\ti\ccsv5\tools\compiler\c6000_7.4.4\lib\</path>
         <kind>archive</kind>
         <file>rts64plus.lib</file>
         <name>printf.obj</name>
      </input_file>
      <input_file id="fl-b2">
         <path>C:\ti\ccsv5\tools\compiler\c6000_7.4.4\lib\</path>
         <kind>archive</kind>
         <file>rts64plus.lib</file>
         <name>remove.obj</name>
      </input_file>
      <input_file id="fl-b3">
         <path>C:\ti\ccsv5\tools\compiler\c6000_7.4.4\lib\</path>
         <kind>archive</kind>
         <file>rts64plus.lib</file>
         <name>remu.obj</name>
      </input_file>
      <input_file id="fl-b4">
         <path>C:\ti\ccsv5\tools\compiler\c6000_7.4.4\lib\</path>
         <kind>archive</kind>
         <file>rts64plus.lib</file>
         <name>sinit.obj</name>
      </input_file>
      <input_file id="fl-b5">
         <path>C:\ti\ccsv5\tools\compiler\c6000_7.4.4\lib\</path>
         <kind>archive</kind>
         <file>rts64plus.lib</file>
         <name>strpbrk.obj</name>
      </input_file>
      <input_file id="fl-b6">
         <path>C:\ti\ccsv5\tools\compiler\c6000_7.4.4\lib\</path>
         <kind>archive</kind>
         <file>rts64plus.lib</file>
         <name>strtod.obj</name>
      </input_file>
      <input_file id="fl-b7">
         <path>C:\ti\ccsv5\tools\compiler\c6000_7.4.4\lib\</path>
         <kind>archive</kind>
         <file>rts64plus.lib</file>
         <name>trgdrv.obj</name>
      </input_file>
      <input_file id="fl-b8">
         <path>C:\ti\ccsv5\tools\compiler\c6000_7.4.4\lib\</path>
         <kind>archive</kind>
         <file>rts64plus.lib</file>
         <name>trgmsg.obj</name>
      </input_file>
      <input_file id="fl-b9">
         <path>C:\ti\ccsv5\tools\compiler\c6000_7.4.4\lib\</path>
         <kind>archive</kind>
         <file>rts64plus.lib</file>
         <name>ungetc.obj</name>
      </input_file>
      <input_file id="fl-ba">
         <path>C:\ti\ccsv5\tools\compiler\c6000_7.4.4\lib\</path>
         <kind>archive</kind>
         <file>rts64plus.lib</file>
         <name>_bufread.obj</name>
      </input_file>
      <input_file id="fl-bb">
         <path>C:\ti\ccsv5\tools\compiler\c6000_7.4.4\lib\</path>
         <kind>archive</kind>
         <file>rts64plus.lib</file>
         <name>_io_perm.obj</name>
      </input_file>
      <input_file id="fl-bc">
         <path>C:\ti\ccsv5\tools\compiler\c6000_7.4.4\lib\</path>
         <kind>archive</kind>
         <file>rts64plus.lib</file>
         <name>_printfi.obj</name>
      </input_file>
      <input_file id="fl-bd">
         <path>C:\ti\ccsv5\tools\compiler\c6000_7.4.4\lib\</path>
         <kind>archive</kind>
         <file>rts64plus.lib</file>
         <name>_scanfi.obj</name>
      </input_file>
      <input_file id="fl-be">
         <path>C:\ti\ccsv5\tools\compiler\c6000_7.4.4\lib\</path>
         <kind>archive</kind>
         <file>rts64plus.lib</file>
         <name>abs.obj</name>
      </input_file>
      <input_file id="fl-bf">
         <path>C:\ti\ccsv5\tools\compiler\c6000_7.4.4\lib\</path>
         <kind>archive</kind>
         <file>rts64plus.lib</file>
         <name>addd.obj</name>
      </input_file>
      <input_file id="fl-c0">
         <path>C:\ti\ccsv5\tools\compiler\c6000_7.4.4\lib\</path>
         <kind>archive</kind>
         <file>rts64plus.lib</file>
         <name>atoi.obj</name>
      </input_file>
      <input_file id="fl-c1">
         <path>C:\ti\ccsv5\tools\compiler\c6000_7.4.4\lib\</path>
         <kind>archive</kind>
         <file>rts64plus.lib</file>
         <name>cmpd.obj</name>
      </input_file>
      <input_file id="fl-c2">
         <path>C:\ti\ccsv5\tools\compiler\c6000_7.4.4\lib\</path>
         <kind>archive</kind>
         <file>rts64plus.lib</file>
         <name>ctype.obj</name>
      </input_file>
      <input_file id="fl-c3">
         <path>C:\ti\ccsv5\tools\compiler\c6000_7.4.4\lib\</path>
         <kind>archive</kind>
         <file>rts64plus.lib</file>
         <name>defs.obj</name>
      </input_file>
      <input_file id="fl-c4">
         <path>C:\ti\ccsv5\tools\compiler\c6000_7.4.4\lib\</path>
         <kind>archive</kind>
         <file>rts64plus.lib</file>
         <name>divd.obj</name>
      </input_file>
      <input_file id="fl-c5">
         <path>C:\ti\ccsv5\tools\compiler\c6000_7.4.4\lib\</path>
         <kind>archive</kind>
         <file>rts64plus.lib</file>
         <name>errno.obj</name>
      </input_file>
      <input_file id="fl-c6">
         <path>C:\ti\ccsv5\tools\compiler\c6000_7.4.4\lib\</path>
         <kind>archive</kind>
         <file>rts64plus.lib</file>
         <name>fgetc.obj</name>
      </input_file>
      <input_file id="fl-c7">
         <path>C:\ti\ccsv5\tools\compiler\c6000_7.4.4\lib\</path>
         <kind>archive</kind>
         <file>rts64plus.lib</file>
         <name>fixdi.obj</name>
      </input_file>
      <input_file id="fl-c8">
         <path>C:\ti\ccsv5\tools\compiler\c6000_7.4.4\lib\</path>
         <kind>archive</kind>
         <file>rts64plus.lib</file>
         <name>fixdli.obj</name>
      </input_file>
      <input_file id="fl-c9">
         <path>C:\ti\ccsv5\tools\compiler\c6000_7.4.4\lib\</path>
         <kind>archive</kind>
         <file>rts64plus.lib</file>
         <name>fltlid.obj</name>
      </input_file>
      <input_file id="fl-ca">
         <path>C:\ti\ccsv5\tools\compiler\c6000_7.4.4\lib\</path>
         <kind>archive</kind>
         <file>rts64plus.lib</file>
         <name>frcaddd.obj</name>
      </input_file>
      <input_file id="fl-cb">
         <path>C:\ti\ccsv5\tools\compiler\c6000_7.4.4\lib\</path>
         <kind>archive</kind>
         <file>rts64plus.lib</file>
         <name>frcmpyd_div.obj</name>
      </input_file>
      <input_file id="fl-cc">
         <path>C:\ti\ccsv5\tools\compiler\c6000_7.4.4\lib\</path>
         <kind>archive</kind>
         <file>rts64plus.lib</file>
         <name>frcmpyf.obj</name>
      </input_file>
      <input_file id="fl-cd">
         <path>C:\ti\ccsv5\tools\compiler\c6000_7.4.4\lib\</path>
         <kind>archive</kind>
         <file>rts64plus.lib</file>
         <name>fseek.obj</name>
      </input_file>
      <input_file id="fl-ce">
         <path>C:\ti\ccsv5\tools\compiler\c6000_7.4.4\lib\</path>
         <kind>archive</kind>
         <file>rts64plus.lib</file>
         <name>imath40.obj</name>
      </input_file>
      <input_file id="fl-cf">
         <path>C:\ti\ccsv5\tools\compiler\c6000_7.4.4\lib\</path>
         <kind>archive</kind>
         <file>rts64plus.lib</file>
         <name>isinf.obj</name>
      </input_file>
      <input_file id="fl-d0">
         <path>C:\ti\ccsv5\tools\compiler\c6000_7.4.4\lib\</path>
         <kind>archive</kind>
         <file>rts64plus.lib</file>
         <name>ltoa.obj</name>
      </input_file>
      <input_file id="fl-d1">
         <path>C:\ti\ccsv5\tools\compiler\c6000_7.4.4\lib\</path>
         <kind>archive</kind>
         <file>rts64plus.lib</file>
         <name>memccpy.obj</name>
      </input_file>
      <input_file id="fl-d2">
         <path>C:\ti\ccsv5\tools\compiler\c6000_7.4.4\lib\</path>
         <kind>archive</kind>
         <file>rts64plus.lib</file>
         <name>mpyd.obj</name>
      </input_file>
      <input_file id="fl-d3">
         <path>C:\ti\ccsv5\tools\compiler\c6000_7.4.4\lib\</path>
         <kind>archive</kind>
         <file>rts64plus.lib</file>
         <name>negd.obj</name>
      </input_file>
      <input_file id="fl-d4">
         <path>C:\ti\ccsv5\tools\compiler\c6000_7.4.4\lib\</path>
         <kind>archive</kind>
         <file>rts64plus.lib</file>
         <name>renormd.obj</name>
      </input_file>
      <input_file id="fl-d5">
         <path>C:\ti\ccsv5\tools\compiler\c6000_7.4.4\lib\</path>
         <kind>archive</kind>
         <file>rts64plus.lib</file>
         <name>setvbuf.obj</name>
      </input_file>
      <input_file id="fl-d6">
         <path>C:\ti\ccsv5\tools\compiler\c6000_7.4.4\lib\</path>
         <kind>archive</kind>
         <file>rts64plus.lib</file>
         <name>strtol.obj</name>
      </input_file>
      <input_file id="fl-d7">
         <path>C:\ti\ccsv5\tools\compiler\c6000_7.4.4\lib\</path>
         <kind>archive</kind>
         <file>rts64plus.lib</file>
         <name>strtold.obj</name>
      </input_file>
      <input_file id="fl-d8">
         <path>C:\ti\ccsv5\tools\compiler\c6000_7.4.4\lib\</path>
         <kind>archive</kind>
         <file>rts64plus.lib</file>
         <name>strtoll.obj</name>
      </input_file>
      <input_file id="fl-d9">
         <path>C:\ti\ccsv5\tools\compiler\c6000_7.4.4\lib\</path>
         <kind>archive</kind>
         <file>rts64plus.lib</file>
         <name>strtoul.obj</name>
      </input_file>
      <input_file id="fl-da">
         <path>C:\ti\ccsv5\tools\compiler\c6000_7.4.4\lib\</path>
         <kind>archive</kind>
         <file>rts64plus.lib</file>
         <name>strtoull.obj</name>
      </input_file>
      <input_file id="fl-db">
         <path>C:\ti\ccsv5\tools\compiler\c6000_7.4.4\lib\</path>
         <kind>archive</kind>
         <file>rts64plus.lib</file>
         <name>subd.obj</name>
      </input_file>
      <input_file id="fl-dc">
         <path>C:\ti\ccsv5\tools\compiler\c6000_7.4.4\lib\</path>
         <kind>archive</kind>
         <file>rts64plus.lib</file>
         <name>frcmpyd.obj</name>
      </input_file>
   </input_file_list>
   <object_component_list>
      <object_component id="oc-17d">
         <name>.text</name>
         <load_address>0x80000000</load_address>
         <run_address>0x80000000</run_address>
         <size>0xf840</size>
         <input_file_ref idref="fl-7"/>
      </object_component>
      <object_component id="oc-241">
         <name>.text:__scanfi</name>
         <load_address>0x8000f840</load_address>
         <run_address>0x8000f840</run_address>
         <size>0x920</size>
         <input_file_ref idref="fl-bd"/>
      </object_component>
      <object_component id="oc-2a2">
         <name>.text:_xdc_runtime_System_doPrint__I</name>
         <load_address>0x80010160</load_address>
         <run_address>0x80010160</run_address>
         <size>0x8c0</size>
         <input_file_ref idref="fl-1d"/>
      </object_component>
      <object_component id="oc-172">
         <name>.text:_ti_sysbios_family_c64p_Exception_handler__I</name>
         <load_address>0x80010a20</load_address>
         <run_address>0x80010a20</run_address>
         <size>0x780</size>
         <input_file_ref idref="fl-a"/>
      </object_component>
      <object_component id="oc-198">
         <name>.text:_ti_sysbios_heaps_HeapMem_alloc__E</name>
         <load_address>0x800111a0</load_address>
         <run_address>0x800111a0</run_address>
         <size>0x660</size>
         <input_file_ref idref="fl-a"/>
      </object_component>
      <object_component id="oc-2b6">
         <name>.text:__sset_arg</name>
         <load_address>0x80011800</load_address>
         <run_address>0x80011800</run_address>
         <size>0x620</size>
         <input_file_ref idref="fl-bd"/>
      </object_component>
      <object_component id="oc-1f6">
         <name>.text:_ti_sysbios_knl_Semaphore_pend__E</name>
         <load_address>0x80011e20</load_address>
         <run_address>0x80011e20</run_address>
         <size>0x600</size>
         <input_file_ref idref="fl-a"/>
      </object_component>
      <object_component id="oc-199">
         <name>.text:_ti_sysbios_heaps_HeapMem_free__E</name>
         <load_address>0x80012420</load_address>
         <run_address>0x80012420</run_address>
         <size>0x5e0</size>
         <input_file_ref idref="fl-a"/>
      </object_component>
      <object_component id="oc-371">
         <name>.text:_ti_sysbios_timers_timer64_Timer_Module_startup__F</name>
         <load_address>0x80012a00</load_address>
         <run_address>0x80012a00</run_address>
         <size>0x5a0</size>
         <input_file_ref idref="fl-a"/>
      </object_component>
      <object_component id="oc-326">
         <name>.text:__getarg_diouxp</name>
         <load_address>0x80012fa0</load_address>
         <run_address>0x80012fa0</run_address>
         <size>0x580</size>
         <input_file_ref idref="fl-bc"/>
      </object_component>
      <object_component id="oc-249">
         <name>.text:__divd</name>
         <load_address>0x80013520</load_address>
         <run_address>0x80013520</run_address>
         <size>0x540</size>
         <input_file_ref idref="fl-c4"/>
      </object_component>
      <object_component id="oc-1c8">
         <name>.text:_strtod</name>
         <load_address>0x80013a60</load_address>
         <run_address>0x80013a60</run_address>
         <size>0x520</size>
         <input_file_ref idref="fl-b6"/>
      </object_component>
      <object_component id="oc-2f3">
         <name>.text:_strtold</name>
         <load_address>0x80013f80</load_address>
         <run_address>0x80013f80</run_address>
         <size>0x520</size>
         <input_file_ref idref="fl-d7"/>
      </object_component>
      <object_component id="oc-2b3">
         <name>.text:__sproc_int</name>
         <load_address>0x800144a0</load_address>
         <run_address>0x800144a0</run_address>
         <size>0x4c0</size>
         <input_file_ref idref="fl-bd"/>
      </object_component>
      <object_component id="oc-370">
         <name>.text:_ti_sysbios_knl_Task_Module_startup__F</name>
         <load_address>0x80014960</load_address>
         <run_address>0x80014960</run_address>
         <size>0x480</size>
         <input_file_ref idref="fl-a"/>
      </object_component>
      <object_component id="oc-2f4">
         <name>.text:_strtol</name>
         <load_address>0x80014de0</load_address>
         <run_address>0x80014de0</run_address>
         <size>0x460</size>
         <input_file_ref idref="fl-d6"/>
      </object_component>
      <object_component id="oc-2f5">
         <name>.text:_strtoll</name>
         <load_address>0x80015240</load_address>
         <run_address>0x80015240</run_address>
         <size>0x460</size>
         <input_file_ref idref="fl-d8"/>
      </object_component>
      <object_component id="oc-30b">
         <name>.text:_xdc_runtime_System_printfExtend__I</name>
         <load_address>0x800156a0</load_address>
         <run_address>0x800156a0</run_address>
         <size>0x460</size>
         <input_file_ref idref="fl-3"/>
      </object_component>
      <object_component id="oc-24e">
         <name>.text:__printfi</name>
         <load_address>0x80015b00</load_address>
         <run_address>0x80015b00</run_address>
         <size>0x440</size>
         <input_file_ref idref="fl-bc"/>
      </object_component>
      <object_component id="oc-2c5">
         <name>.text:__setfield</name>
         <load_address>0x80015f40</load_address>
         <run_address>0x80015f40</run_address>
         <size>0x440</size>
         <input_file_ref idref="fl-bc"/>
      </object_component>
      <object_component id="oc-2f1">
         <name>.text:_strtoul</name>
         <load_address>0x80016380</load_address>
         <run_address>0x80016380</run_address>
         <size>0x400</size>
         <input_file_ref idref="fl-d9"/>
      </object_component>
      <object_component id="oc-2f2">
         <name>.text:_strtoull</name>
         <load_address>0x80016780</load_address>
         <run_address>0x80016780</run_address>
         <size>0x400</size>
         <input_file_ref idref="fl-da"/>
      </object_component>
      <object_component id="oc-2c2">
         <name>.text:_fputs</name>
         <load_address>0x80016b80</load_address>
         <run_address>0x80016b80</run_address>
         <size>0x3a0</size>
         <input_file_ref idref="fl-a8"/>
      </object_component>
      <object_component id="oc-24b">
         <name>.text:__dofgets</name>
         <load_address>0x80016f20</load_address>
         <run_address>0x80016f20</run_address>
         <size>0x380</size>
         <input_file_ref idref="fl-a4"/>
      </object_component>
      <object_component id="oc-2fb">
         <name>.text:__pproc_fge</name>
         <load_address>0x800172a0</load_address>
         <run_address>0x800172a0</run_address>
         <size>0x340</size>
         <input_file_ref idref="fl-bc"/>
      </object_component>
      <object_component id="oc-2b1">
         <name>.text:__sget_conv</name>
         <load_address>0x800175e0</load_address>
         <run_address>0x800175e0</run_address>
         <size>0x320</size>
         <input_file_ref idref="fl-bd"/>
      </object_component>
      <object_component id="oc-223">
         <name>.text:_ti_sysbios_knl_Swi_restoreHwi__E</name>
         <load_address>0x80017900</load_address>
         <run_address>0x80017900</run_address>
         <size>0x320</size>
         <input_file_ref idref="fl-a"/>
      </object_component>
      <object_component id="oc-342">
         <name>.text:_ecvt</name>
         <load_address>0x80017c20</load_address>
         <run_address>0x80017c20</run_address>
         <size>0x300</size>
         <input_file_ref idref="fl-bc"/>
      </object_component>
      <object_component id="oc-345">
         <name>.text:_fcvt</name>
         <load_address>0x80017f20</load_address>
         <run_address>0x80017f20</run_address>
         <size>0x300</size>
         <input_file_ref idref="fl-bc"/>
      </object_component>
      <object_component id="oc-1b8">
         <name>.text:_ti_sysbios_family_c64p_Hwi_dispatchC__I</name>
         <load_address>0x80018220</load_address>
         <run_address>0x80018220</run_address>
         <size>0x300</size>
         <input_file_ref idref="fl-a"/>
      </object_component>
      <object_component id="oc-1cd">
         <name>.text:__addf</name>
         <load_address>0x80018520</load_address>
         <run_address>0x80018520</run_address>
         <size>0x2e0</size>
         <input_file_ref idref="fl-9b"/>
      </object_component>
      <object_component id="oc-2b2">
         <name>.text:__sproc_float</name>
         <load_address>0x80018800</load_address>
         <run_address>0x80018800</run_address>
         <size>0x2e0</size>
         <input_file_ref idref="fl-bd"/>
      </object_component>
      <object_component id="oc-208">
         <name>.text:_ti_sysbios_heaps_HeapMem_Instance_init__F</name>
         <load_address>0x80018ae0</load_address>
         <run_address>0x80018ae0</run_address>
         <size>0x2e0</size>
         <input_file_ref idref="fl-a"/>
      </object_component>
      <object_component id="oc-2c4">
         <name>.text:__pproc_fwp</name>
         <load_address>0x80018dc0</load_address>
         <run_address>0x80018dc0</run_address>
         <size>0x2c0</size>
         <input_file_ref idref="fl-bc"/>
      </object_component>
      <object_component id="oc-325">
         <name>.text:__pconv_e</name>
         <load_address>0x80019080</load_address>
         <run_address>0x80019080</run_address>
         <size>0x2a0</size>
         <input_file_ref idref="fl-bc"/>
      </object_component>
      <object_component id="oc-16b">
         <name>.text:_ti_sysbios_knl_Clock_workFunc__E</name>
         <load_address>0x80019320</load_address>
         <run_address>0x80019320</run_address>
         <size>0x2a0</size>
         <input_file_ref idref="fl-a"/>
      </object_component>
      <object_component id="oc-36b">
         <name>.text:_ti_sysbios_family_c64p_Cache_Module_startup__F</name>
         <load_address>0x800195c0</load_address>
         <run_address>0x800195c0</run_address>
         <size>0x280</size>
         <input_file_ref idref="fl-a"/>
      </object_component>
      <object_component id="oc-39e">
         <name>.text:_ti_sysbios_timers_timer64_Timer_deviceConfig__I</name>
         <load_address>0x80019840</load_address>
         <run_address>0x80019840</run_address>
         <size>0x280</size>
         <input_file_ref idref="fl-a"/>
      </object_component>
      <object_component id="oc-1c0">
         <name>.text:_xdc_runtime_Error_raiseX__F</name>
         <load_address>0x80019ac0</load_address>
         <run_address>0x80019ac0</run_address>
         <size>0x280</size>
         <input_file_ref idref="fl-16"/>
      </object_component>
      <object_component id="oc-31a">
         <name>.text:__divull</name>
         <load_address>0x80019d40</load_address>
         <run_address>0x80019d40</run_address>
         <size>0x260</size>
         <input_file_ref idref="fl-aa"/>
      </object_component>
      <object_component id="oc-243">
         <name>.text:__mpyd</name>
         <load_address>0x80019fa0</load_address>
         <run_address>0x80019fa0</run_address>
         <size>0x260</size>
         <input_file_ref idref="fl-d2"/>
      </object_component>
      <object_component id="oc-2e6">
         <name>.text:_xdc_runtime_Startup_startMods__I</name>
         <load_address>0x8001a200</load_address>
         <run_address>0x8001a200</run_address>
         <size>0x260</size>
         <input_file_ref idref="fl-1c"/>
      </object_component>
      <object_component id="oc-2fc">
         <name>.text:__pproc_diouxp</name>
         <load_address>0x8001a460</load_address>
         <run_address>0x8001a460</run_address>
         <size>0x240</size>
         <input_file_ref idref="fl-bc"/>
      </object_component>
      <object_component id="oc-1bb">
         <name>.text:_ti_sysbios_family_c64p_Exception_internalHandler__I</name>
         <load_address>0x8001a6a0</load_address>
         <run_address>0x8001a6a0</run_address>
         <size>0x240</size>
         <input_file_ref idref="fl-a"/>
      </object_component>
      <object_component id="oc-1f7">
         <name>.text:_ti_sysbios_knl_Semaphore_post__E</name>
         <load_address>0x8001a8e0</load_address>
         <run_address>0x8001a8e0</run_address>
         <size>0x240</size>
         <input_file_ref idref="fl-a"/>
      </object_component>
      <object_component id="oc-212">
         <name>.text:_xdc_runtime_LoggerBuf_write8__F</name>
         <load_address>0x8001ab20</load_address>
         <run_address>0x8001ab20</run_address>
         <size>0x240</size>
         <input_file_ref idref="fl-19"/>
      </object_component>
      <object_component id="oc-2c6">
         <name>.text:__pproc_str</name>
         <load_address>0x8001ad60</load_address>
         <run_address>0x8001ad60</run_address>
         <size>0x220</size>
         <input_file_ref idref="fl-bc"/>
      </object_component>
      <object_component id="oc-2c7">
         <name>.text:_fputc</name>
         <load_address>0x8001af80</load_address>
         <run_address>0x8001af80</run_address>
         <size>0x220</size>
         <input_file_ref idref="fl-a7"/>
      </object_component>
      <object_component id="oc-25b">
         <name>.text:_ti_sysbios_knl_Swi_run__I</name>
         <load_address>0x8001b1a0</load_address>
         <run_address>0x8001b1a0</run_address>
         <size>0x220</size>
         <input_file_ref idref="fl-a"/>
      </object_component>
      <object_component id="oc-390">
         <name>.text:_ti_sysbios_knl_Task_exit__E</name>
         <load_address>0x8001b3c0</load_address>
         <run_address>0x8001b3c0</run_address>
         <size>0x220</size>
         <input_file_ref idref="fl-a"/>
      </object_component>
      <object_component id="oc-226">
         <name>.text:_ti_sysbios_knl_Task_schedule__I</name>
         <load_address>0x8001b5e0</load_address>
         <run_address>0x8001b5e0</run_address>
         <size>0x220</size>
         <input_file_ref idref="fl-a"/>
      </object_component>
      <object_component id="oc-1dd">
         <name>.text:_ti_sysbios_knl_Task_startCore__E</name>
         <load_address>0x8001b800</load_address>
         <run_address>0x8001b800</run_address>
         <size>0x220</size>
         <input_file_ref idref="fl-a"/>
      </object_component>
      <object_component id="oc-1ea">
         <name>.text:_xdc_runtime_Core_createObject__I</name>
         <load_address>0x8001ba20</load_address>
         <run_address>0x8001ba20</run_address>
         <size>0x220</size>
         <input_file_ref idref="fl-12"/>
      </object_component>
      <object_component id="oc-245">
         <name>.text:__addd</name>
         <load_address>0x8001bc40</load_address>
         <run_address>0x8001bc40</run_address>
         <size>0x200</size>
         <input_file_ref idref="fl-bf"/>
      </object_component>
      <object_component id="oc-2b8">
         <name>.text:__frcaddd</name>
         <load_address>0x8001be40</load_address>
         <run_address>0x8001be40</run_address>
         <size>0x200</size>
         <input_file_ref idref="fl-ca"/>
      </object_component>
      <object_component id="oc-1cc">
         <name>.text:__mpyf</name>
         <load_address>0x8001c040</load_address>
         <run_address>0x8001c040</run_address>
         <size>0x200</size>
         <input_file_ref idref="fl-af"/>
      </object_component>
      <object_component id="oc-323">
         <name>.text:__pconv_g</name>
         <load_address>0x8001c240</load_address>
         <run_address>0x8001c240</run_address>
         <size>0x200</size>
         <input_file_ref idref="fl-bc"/>
      </object_component>
      <object_component id="oc-2eb">
         <name>.text:_setvbuf</name>
         <load_address>0x8001c440</load_address>
         <run_address>0x8001c440</run_address>
         <size>0x200</size>
         <input_file_ref idref="fl-d5"/>
      </object_component>
      <object_component id="oc-171">
         <name>.text:_ti_sysbios_family_c64p_Hwi_dispatchAlways</name>
         <load_address>0x8001c640</load_address>
         <run_address>0x8001c640</run_address>
         <size>0x200</size>
         <input_file_ref idref="fl-b"/>
      </object_component>
      <object_component id="oc-3b7">
         <name>.text:_ti_sysbios_timers_timer64_Timer_getFreq__E</name>
         <load_address>0x8001c840</load_address>
         <run_address>0x8001c840</run_address>
         <size>0x1e0</size>
         <input_file_ref idref="fl-a"/>
      </object_component>
      <object_component id="oc-344">
         <name>.text:__mcpy</name>
         <load_address>0x8001ca20</load_address>
         <run_address>0x8001ca20</run_address>
         <size>0x1c0</size>
         <input_file_ref idref="fl-bc"/>
      </object_component>
      <object_component id="oc-23d">
         <name>.text:__openfile</name>
         <load_address>0x8001cbe0</load_address>
         <run_address>0x8001cbe0</run_address>
         <size>0x1c0</size>
         <input_file_ref idref="fl-a5"/>
      </object_component>
      <object_component id="oc-3ae">
         <name>.text:_ti_sysbios_timers_timer64_Timer_setPeriodMicroSecs__E</name>
         <load_address>0x8001cda0</load_address>
         <run_address>0x8001cda0</run_address>
         <size>0x1c0</size>
         <input_file_ref idref="fl-a"/>
      </object_component>
      <object_component id="oc-34b">
         <name>.text:_xdc_runtime_Text_putSite__F</name>
         <load_address>0x8001cf60</load_address>
         <run_address>0x8001cf60</run_address>
         <size>0x1c0</size>
         <input_file_ref idref="fl-1f"/>
      </object_component>
      <object_component id="oc-319">
         <name>.text:__divul</name>
         <load_address>0x8001d120</load_address>
         <run_address>0x8001d120</run_address>
         <size>0x1a0</size>
         <input_file_ref idref="fl-ce"/>
      </object_component>
      <object_component id="oc-2b4">
         <name>.text:__sproc_str</name>
         <load_address>0x8001d2c0</load_address>
         <run_address>0x8001d2c0</run_address>
         <size>0x1a0</size>
         <input_file_ref idref="fl-bd"/>
      </object_component>
      <object_component id="oc-192">
         <name>.text:_ti_sysbios_gates_GateMutex_enter__E</name>
         <load_address>0x8001d460</load_address>
         <run_address>0x8001d460</run_address>
         <size>0x1a0</size>
         <input_file_ref idref="fl-a"/>
      </object_component>
      <object_component id="oc-300">
         <name>.text:_ti_sysbios_knl_Task_checkStacks__E</name>
         <load_address>0x8001d600</load_address>
         <run_address>0x8001d600</run_address>
         <size>0x1a0</size>
         <input_file_ref idref="fl-a"/>
      </object_component>
      <object_component id="oc-285">
         <name>.text:_ti_sysbios_knl_Task_unblockI__E</name>
         <load_address>0x8001d7a0</load_address>
         <run_address>0x8001d7a0</run_address>
         <size>0x1a0</size>
         <input_file_ref idref="fl-a"/>
      </object_component>
      <object_component id="oc-2ca">
         <name>.text:_ti_sysbios_timers_timer64_Timer_start__E</name>
         <load_address>0x8001d940</load_address>
         <run_address>0x8001d940</run_address>
         <size>0x1a0</size>
         <input_file_ref idref="fl-a"/>
      </object_component>
      <object_component id="oc-211">
         <name>.text:_xdc_runtime_LoggerBuf_write4__F</name>
         <load_address>0x8001dae0</load_address>
         <run_address>0x8001dae0</run_address>
         <size>0x1a0</size>
         <input_file_ref idref="fl-19"/>
      </object_component>
      <object_component id="oc-17a">
         <name>.text:_HOSTrename</name>
         <load_address>0x8001dc80</load_address>
         <run_address>0x8001dc80</run_address>
         <size>0x180</size>
         <input_file_ref idref="fl-b7"/>
      </object_component>
      <object_component id="oc-240">
         <name>.text:__chkmbc</name>
         <load_address>0x8001de00</load_address>
         <run_address>0x8001de00</run_address>
         <size>0x180</size>
         <input_file_ref idref="fl-a9"/>
      </object_component>
      <object_component id="oc-2ae">
         <name>.text:_open</name>
         <load_address>0x8001df80</load_address>
         <run_address>0x8001df80</run_address>
         <size>0x180</size>
         <input_file_ref idref="fl-ac"/>
      </object_component>
      <object_component id="oc-1dc">
         <name>.text:_ti_sysbios_knl_Swi_schedule__I</name>
         <load_address>0x8001e100</load_address>
         <run_address>0x8001e100</run_address>
         <size>0x180</size>
         <input_file_ref idref="fl-a"/>
      </object_component>
      <object_component id="oc-2e">
         <name>.text</name>
         <load_address>0x8001e280</load_address>
         <run_address>0x8001e280</run_address>
         <size>0x180</size>
         <input_file_ref idref="fl-e"/>
      </object_component>
      <object_component id="oc-2b5">
         <name>.text:__sproc_lb</name>
         <load_address>0x8001e400</load_address>
         <run_address>0x8001e400</run_address>
         <size>0x160</size>
         <input_file_ref idref="fl-bd"/>
      </object_component>
      <object_component id="oc-1d8">
         <name>.text:_ti_sysbios_BIOS_rtsUnlock__I</name>
         <load_address>0x8001e560</load_address>
         <run_address>0x8001e560</run_address>
         <size>0x160</size>
         <input_file_ref idref="fl-a"/>
      </object_component>
      <object_component id="oc-2af">
         <name>.text:_fgetc</name>
         <load_address>0x8001e6c0</load_address>
         <run_address>0x8001e6c0</run_address>
         <size>0x140</size>
         <input_file_ref idref="fl-c6"/>
      </object_component>
      <object_component id="oc-2ea">
         <name>.text:_getdevice</name>
         <load_address>0x8001e800</load_address>
         <run_address>0x8001e800</run_address>
         <size>0x140</size>
         <input_file_ref idref="fl-ac"/>
      </object_component>
      <object_component id="oc-369">
         <name>.text:_ti_sysbios_family_c64p_Hwi_Module_startup__F</name>
         <load_address>0x8001e940</load_address>
         <run_address>0x8001e940</run_address>
         <size>0x140</size>
         <input_file_ref idref="fl-a"/>
      </object_component>
      <object_component id="oc-2d5">
         <name>.text:_ti_sysbios_knl_Semaphore_Instance_init__F</name>
         <load_address>0x8001ea80</load_address>
         <run_address>0x8001ea80</run_address>
         <size>0x140</size>
         <input_file_ref idref="fl-a"/>
      </object_component>
      <object_component id="oc-189">
         <name>.text:_ti_sysbios_knl_Swi_post__E</name>
         <load_address>0x8001ebc0</load_address>
         <run_address>0x8001ebc0</run_address>
         <size>0x140</size>
         <input_file_ref idref="fl-a"/>
      </object_component>
      <object_component id="oc-282">
         <name>.text:_ti_sysbios_knl_Task_blockI__E</name>
         <load_address>0x8001ed00</load_address>
         <run_address>0x8001ed00</run_address>
         <size>0x140</size>
         <input_file_ref idref="fl-a"/>
      </object_component>
      <object_component id="oc-2b0">
         <name>.text:_ungetc</name>
         <load_address>0x8001ee40</load_address>
         <run_address>0x8001ee40</run_address>
         <size>0x140</size>
         <input_file_ref idref="fl-b9"/>
      </object_component>
      <object_component id="oc-34a">
         <name>.text:_xdc_runtime_Text_putLab__F</name>
         <load_address>0x8001ef80</load_address>
         <run_address>0x8001ef80</run_address>
         <size>0x140</size>
         <input_file_ref idref="fl-1f"/>
      </object_component>
      <object_component id="oc-2c0">
         <name>.text:__buff_read</name>
         <load_address>0x8001f0c0</load_address>
         <run_address>0x8001f0c0</run_address>
         <size>0x120</size>
         <input_file_ref idref="fl-ba"/>
      </object_component>
      <object_component id="oc-24a">
         <name>.text:__closefile</name>
         <load_address>0x8001f1e0</load_address>
         <run_address>0x8001f1e0</run_address>
         <size>0x120</size>
         <input_file_ref idref="fl-a2"/>
      </object_component>
      <object_component id="oc-327">
         <name>.text:__ltostr</name>
         <load_address>0x8001f300</load_address>
         <run_address>0x8001f300</run_address>
         <size>0x120</size>
         <input_file_ref idref="fl-bc"/>
      </object_component>
      <object_component id="oc-2c3">
         <name>.text:__pproc_fflags</name>
         <load_address>0x8001f420</load_address>
         <run_address>0x8001f420</run_address>
         <size>0x120</size>
         <input_file_ref idref="fl-bc"/>
      </object_component>
      <object_component id="oc-23c">
         <name>.text:__search_fp</name>
         <load_address>0x8001f540</load_address>
         <run_address>0x8001f540</run_address>
         <size>0x120</size>
         <input_file_ref idref="fl-a5"/>
      </object_component>
      <object_component id="oc-2ed">
         <name>.text:__sget_scanset</name>
         <load_address>0x8001f660</load_address>
         <run_address>0x8001f660</run_address>
         <size>0x120</size>
         <input_file_ref idref="fl-bd"/>
      </object_component>
      <object_component id="oc-320">
         <name>.text:_fseek</name>
         <load_address>0x8001f780</load_address>
         <run_address>0x8001f780</run_address>
         <size>0x120</size>
         <input_file_ref idref="fl-cd"/>
      </object_component>
      <object_component id="oc-213">
         <name>.text:_xdc_runtime_LoggerBuf_setFilterLevel__F</name>
         <load_address>0x8001f8a0</load_address>
         <run_address>0x8001f8a0</run_address>
         <size>0x120</size>
         <input_file_ref idref="fl-19"/>
      </object_component>
      <object_component id="oc-361">
         <name>.text:_xdc_runtime_Text_putMod__F</name>
         <load_address>0x8001f9c0</load_address>
         <run_address>0x8001f9c0</run_address>
         <size>0x120</size>
         <input_file_ref idref="fl-1f"/>
      </object_component>
      <object_component id="oc-178">
         <name>.text:_HOSTlseek</name>
         <load_address>0x8001fae0</load_address>
         <run_address>0x8001fae0</run_address>
         <size>0x100</size>
         <input_file_ref idref="fl-b7"/>
      </object_component>
      <object_component id="oc-162">
         <name>.text:__auto_init</name>
         <load_address>0x8001fbe0</load_address>
         <run_address>0x8001fbe0</run_address>
         <size>0x100</size>
         <input_file_ref idref="fl-22"/>
      </object_component>
      <object_component id="oc-2b7">
         <name>.text:__frcmpyd</name>
         <load_address>0x8001fce0</load_address>
         <run_address>0x8001fce0</run_address>
         <size>0x100</size>
         <input_file_ref idref="fl-dc"/>
      </object_component>
      <object_component id="oc-2fa">
         <name>.text:__wrt_ok</name>
         <load_address>0x8001fde0</load_address>
         <run_address>0x8001fde0</run_address>
         <size>0x100</size>
         <input_file_ref idref="fl-bb"/>
      </object_component>
      <object_component id="oc-33b">
         <name>.text:_call_dtors</name>
         <load_address>0x8001fee0</load_address>
         <run_address>0x8001fee0</run_address>
         <size>0x100</size>
         <input_file_ref idref="fl-b4"/>
      </object_component>
      <object_component id="oc-1cf">
         <name>.text:_fprintf</name>
         <load_address>0x8001ffe0</load_address>
         <run_address>0x8001ffe0</run_address>
         <size>0x100</size>
         <input_file_ref idref="fl-a6"/>
      </object_component>
      <object_component id="oc-3ad">
         <name>.text:_ti_sysbios_timers_timer64_Timer_initDevice__I</name>
         <load_address>0x800200e0</load_address>
         <run_address>0x800200e0</run_address>
         <size>0x100</size>
         <input_file_ref idref="fl-a"/>
      </object_component>
      <object_component id="oc-1ec">
         <name>.text:_xdc_runtime_Core_deleteObject__I</name>
         <load_address>0x800201e0</load_address>
         <run_address>0x800201e0</run_address>
         <size>0x100</size>
         <input_file_ref idref="fl-12"/>
      </object_component>
      <object_component id="oc-214">
         <name>.text:_xdc_runtime_LoggerBuf_getFilterLevel__F</name>
         <load_address>0x800202e0</load_address>
         <run_address>0x800202e0</run_address>
         <size>0x100</size>
         <input_file_ref idref="fl-19"/>
      </object_component>
      <object_component id="oc-17c">
         <name>.text:_xdc_runtime_Startup_exec__F</name>
         <load_address>0x800203e0</load_address>
         <run_address>0x800203e0</run_address>
         <size>0x100</size>
         <input_file_ref idref="fl-1c"/>
      </object_component>
      <object_component id="oc-3b0">
         <name>.text:_xdc_runtime_Text_visitRope2__I</name>
         <load_address>0x800204e0</load_address>
         <run_address>0x800204e0</run_address>
         <size>0x100</size>
         <input_file_ref idref="fl-1f"/>
      </object_component>
      <object_component id="oc-174">
         <name>.text:_HOSTopen</name>
         <load_address>0x800205e0</load_address>
         <run_address>0x800205e0</run_address>
         <size>0xe0</size>
         <input_file_ref idref="fl-b7"/>
      </object_component>
      <object_component id="oc-247">
         <name>.text:__cmpd</name>
         <load_address>0x800206c0</load_address>
         <run_address>0x800206c0</run_address>
         <size>0xe0</size>
         <input_file_ref idref="fl-c1"/>
      </object_component>
      <object_component id="oc-2ec">
         <name>.text:_atoi</name>
         <load_address>0x800207a0</load_address>
         <run_address>0x800207a0</run_address>
         <size>0xe0</size>
         <input_file_ref idref="fl-c0"/>
      </object_component>
      <object_component id="oc-2bd">
         <name>.text:_close</name>
         <load_address>0x80020880</load_address>
         <run_address>0x80020880</run_address>
         <size>0xe0</size>
         <input_file_ref idref="fl-ac"/>
      </object_component>
      <object_component id="oc-1c7">
         <name>.text:_fscanf</name>
         <load_address>0x80020960</load_address>
         <run_address>0x80020960</run_address>
         <size>0xe0</size>
         <input_file_ref idref="fl-a9"/>
      </object_component>
      <object_component id="oc-22a">
         <name>.text:_memset</name>
         <load_address>0x80020a40</load_address>
         <run_address>0x80020a40</run_address>
         <size>0xe0</size>
         <input_file_ref idref="fl-ae"/>
      </object_component>
      <object_component id="oc-1d0">
         <name>.text:_printf</name>
         <load_address>0x80020b20</load_address>
         <run_address>0x80020b20</run_address>
         <size>0xe0</size>
         <input_file_ref idref="fl-b1"/>
      </object_component>
      <object_component id="oc-25a">
         <name>.text:_ti_sysbios_timers_timer64_Timer_startup__E</name>
         <load_address>0x80020c00</load_address>
         <run_address>0x80020c00</run_address>
         <size>0xe0</size>
         <input_file_ref idref="fl-a"/>
      </object_component>
      <object_component id="oc-334">
         <name>.text:_xdc_runtime_Error_print__F</name>
         <load_address>0x80020ce0</load_address>
         <run_address>0x80020ce0</run_address>
         <size>0xe0</size>
         <input_file_ref idref="fl-16"/>
      </object_component>
      <object_component id="oc-1b5">
         <name>.text:_xdc_runtime_LoggerBuf_Object__create__S</name>
         <load_address>0x80020dc0</load_address>
         <run_address>0x80020dc0</run_address>
         <size>0xe0</size>
         <input_file_ref idref="fl-3"/>
      </object_component>
      <object_component id="oc-29b">
         <name>.text:_xdc_runtime_Memory_alloc__F</name>
         <load_address>0x80020ea0</load_address>
         <run_address>0x80020ea0</run_address>
         <size>0xe0</size>
         <input_file_ref idref="fl-1a"/>
      </object_component>
      <object_component id="oc-176">
         <name>.text:_HOSTread</name>
         <load_address>0x80020f80</load_address>
         <run_address>0x80020f80</run_address>
         <size>0xc0</size>
         <input_file_ref idref="fl-b7"/>
      </object_component>
      <object_component id="oc-179">
         <name>.text:_HOSTunlink</name>
         <load_address>0x80021040</load_address>
         <run_address>0x80021040</run_address>
         <size>0xc0</size>
         <input_file_ref idref="fl-b7"/>
      </object_component>
      <object_component id="oc-177">
         <name>.text:_HOSTwrite</name>
         <load_address>0x80021100</load_address>
         <run_address>0x80021100</run_address>
         <size>0xc0</size>
         <input_file_ref idref="fl-b7"/>
      </object_component>
      <object_component id="oc-347">
         <name>.text:__div</name>
         <load_address>0x800211c0</load_address>
         <run_address>0x800211c0</run_address>
         <size>0xc0</size>
         <input_file_ref idref="fl-bc"/>
      </object_component>
      <object_component id="oc-28d">
         <name>.text:__divu</name>
         <load_address>0x80021280</load_address>
         <run_address>0x80021280</run_address>
         <size>0xc0</size>
         <input_file_ref idref="fl-a0"/>
      </object_component>
      <object_component id="oc-2bb">
         <name>.text:__doflush</name>
         <load_address>0x80021340</load_address>
         <run_address>0x80021340</run_address>
         <size>0xc0</size>
         <input_file_ref idref="fl-a3"/>
      </object_component>
      <object_component id="oc-2bf">
         <name>.text:__rd_ok</name>
         <load_address>0x80021400</load_address>
         <run_address>0x80021400</run_address>
         <size>0xc0</size>
         <input_file_ref idref="fl-bb"/>
      </object_component>
      <object_component id="oc-2e8">
         <name>.text:_atexit</name>
         <load_address>0x800214c0</load_address>
         <run_address>0x800214c0</run_address>
         <size>0xc0</size>
         <input_file_ref idref="fl-9d"/>
      </object_component>
      <object_component id="oc-165">
         <name>.text:_exit</name>
         <load_address>0x80021580</load_address>
         <run_address>0x80021580</run_address>
         <size>0xc0</size>
         <input_file_ref idref="fl-a1"/>
      </object_component>
      <object_component id="oc-35d">
         <name>.text:_ltoa</name>
         <load_address>0x80021640</load_address>
         <run_address>0x80021640</run_address>
         <size>0xc0</size>
         <input_file_ref idref="fl-d0"/>
      </object_component>
      <object_component id="oc-2a7">
         <name>.text:_ti_sysbios_BIOS_errorRaiseHook__I</name>
         <load_address>0x80021700</load_address>
         <run_address>0x80021700</run_address>
         <size>0xc0</size>
         <input_file_ref idref="fl-a"/>
      </object_component>
      <object_component id="oc-19b">
         <name>.text:_ti_sysbios_heaps_HeapMem_getStats__E</name>
         <load_address>0x800217c0</load_address>
         <run_address>0x800217c0</run_address>
         <size>0xc0</size>
         <input_file_ref idref="fl-a"/>
      </object_component>
      <object_component id="oc-186">
         <name>.text:_ti_sysbios_knl_Clock_logTick__E</name>
         <load_address>0x80021880</load_address>
         <run_address>0x80021880</run_address>
         <size>0xc0</size>
         <input_file_ref idref="fl-a"/>
      </object_component>
      <object_component id="oc-2a0">
         <name>.text:_ti_sysbios_knl_Task_allBlockedFunction__I</name>
         <load_address>0x80021940</load_address>
         <run_address>0x80021940</run_address>
         <size>0xc0</size>
         <input_file_ref idref="fl-a"/>
      </object_component>
      <object_component id="oc-3b6">
         <name>.text:_ti_sysbios_timers_timer64_Timer_stop__E</name>
         <load_address>0x80021a00</load_address>
         <run_address>0x80021a00</run_address>
         <size>0xc0</size>
         <input_file_ref idref="fl-a"/>
      </object_component>
      <object_component id="oc-216">
         <name>.text:_xdc_runtime_LoggerBuf_Instance_init__F</name>
         <load_address>0x80021ac0</load_address>
         <run_address>0x80021ac0</run_address>
         <size>0xc0</size>
         <input_file_ref idref="fl-19"/>
      </object_component>
      <object_component id="oc-2df">
         <name>.text:_xdc_runtime_System_formatNum__I</name>
         <load_address>0x80021b80</load_address>
         <run_address>0x80021b80</run_address>
         <size>0xc0</size>
         <input_file_ref idref="fl-1d"/>
      </object_component>
      <object_component id="oc-175">
         <name>.text:_HOSTclose</name>
         <load_address>0x80021c40</load_address>
         <run_address>0x80021c40</run_address>
         <size>0xa0</size>
         <input_file_ref idref="fl-b7"/>
      </object_component>
      <object_component id="oc-2ad">
         <name>.text:__cleanup</name>
         <load_address>0x80021ce0</load_address>
         <run_address>0x80021ce0</run_address>
         <size>0xa0</size>
         <input_file_ref idref="fl-a5"/>
      </object_component>
      <object_component id="oc-1c9">
         <name>.text:__cvtdf</name>
         <load_address>0x80021d80</load_address>
         <run_address>0x80021d80</run_address>
         <size>0xa0</size>
         <input_file_ref idref="fl-9e"/>
      </object_component>
      <object_component id="oc-373">
         <name>.text:__divli</name>
         <load_address>0x80021e20</load_address>
         <run_address>0x80021e20</run_address>
         <size>0xa0</size>
         <input_file_ref idref="fl-ce"/>
      </object_component>
      <object_component id="oc-343">
         <name>.text:__ecpy</name>
         <load_address>0x80021ec0</load_address>
         <run_address>0x80021ec0</run_address>
         <size>0xa0</size>
         <input_file_ref idref="fl-bc"/>
      </object_component>
      <object_component id="oc-346">
         <name>.text:__fcpy</name>
         <load_address>0x80021f60</load_address>
         <run_address>0x80021f60</run_address>
         <size>0xa0</size>
         <input_file_ref idref="fl-bc"/>
      </object_component>
      <object_component id="oc-35c">
         <name>.text:__fixdli</name>
         <load_address>0x80022000</load_address>
         <run_address>0x80022000</run_address>
         <size>0xa0</size>
         <input_file_ref idref="fl-c8"/>
      </object_component>
      <object_component id="oc-324">
         <name>.text:__pconv_f</name>
         <load_address>0x800220a0</load_address>
         <run_address>0x800220a0</run_address>
         <size>0xa0</size>
         <input_file_ref idref="fl-bc"/>
      </object_component>
      <object_component id="oc-30c">
         <name>.text:__remu</name>
         <load_address>0x80022140</load_address>
         <run_address>0x80022140</run_address>
         <size>0xa0</size>
         <input_file_ref idref="fl-b3"/>
      </object_component>
      <object_component id="oc-10">
         <name>.text:_c_int00</name>
         <load_address>0x800221e0</load_address>
         <run_address>0x800221e0</run_address>
         <size>0xa0</size>
         <input_file_ref idref="fl-21"/>
      </object_component>
      <object_component id="oc-317">
         <name>.text:_finddevice</name>
         <load_address>0x80022280</load_address>
         <run_address>0x80022280</run_address>
         <size>0xa0</size>
         <input_file_ref idref="fl-ac"/>
      </object_component>
      <object_component id="oc-341">
         <name>.text:_lseek</name>
         <load_address>0x80022320</load_address>
         <run_address>0x80022320</run_address>
         <size>0xa0</size>
         <input_file_ref idref="fl-ac"/>
      </object_component>
      <object_component id="oc-318">
         <name>.text:_malloc</name>
         <load_address>0x800223c0</load_address>
         <run_address>0x800223c0</run_address>
         <size>0xa0</size>
         <input_file_ref idref="fl-3"/>
      </object_component>
      <object_component id="oc-17b">
         <name>.text:_memcpy</name>
         <load_address>0x80022460</load_address>
         <run_address>0x80022460</run_address>
         <size>0xa0</size>
         <input_file_ref idref="fl-ad"/>
      </object_component>
      <object_component id="oc-2c1">
         <name>.text:_read</name>
         <load_address>0x80022500</load_address>
         <run_address>0x80022500</run_address>
         <size>0xa0</size>
         <input_file_ref idref="fl-ac"/>
      </object_component>
      <object_component id="oc-368">
         <name>.text:_ti_sysbios_family_c64p_Exception_Module_startup__F</name>
         <load_address>0x800225a0</load_address>
         <run_address>0x800225a0</run_address>
         <size>0xa0</size>
         <input_file_ref idref="fl-a"/>
      </object_component>
      <object_component id="oc-311">
         <name>.text:_ti_sysbios_family_c64p_Hwi_getStackInfo__E</name>
         <load_address>0x80022640</load_address>
         <run_address>0x80022640</run_address>
         <size>0xa0</size>
         <input_file_ref idref="fl-a"/>
      </object_component>
      <object_component id="oc-2a9">
         <name>.text:_ti_sysbios_heaps_HeapMem_init__I</name>
         <load_address>0x800226e0</load_address>
         <run_address>0x800226e0</run_address>
         <size>0xa0</size>
         <input_file_ref idref="fl-a"/>
      </object_component>
      <object_component id="oc-1aa">
         <name>.text:_ti_sysbios_knl_Idle_run__E</name>
         <load_address>0x80022780</load_address>
         <run_address>0x80022780</run_address>
         <size>0xa0</size>
         <input_file_ref idref="fl-a"/>
      </object_component>
      <object_component id="oc-288">
         <name>.text:_ti_sysbios_knl_Semaphore_Object__create__S</name>
         <load_address>0x80022820</load_address>
         <run_address>0x80022820</run_address>
         <size>0xa0</size>
         <input_file_ref idref="fl-3"/>
      </object_component>
      <object_component id="oc-2f7">
         <name>.text:_write</name>
         <load_address>0x800228c0</load_address>
         <run_address>0x800228c0</run_address>
         <size>0xa0</size>
         <input_file_ref idref="fl-ac"/>
      </object_component>
      <object_component id="oc-1f4">
         <name>.text:_xdc_runtime_Assert_raise__I</name>
         <load_address>0x80022960</load_address>
         <run_address>0x80022960</run_address>
         <size>0xa0</size>
         <input_file_ref idref="fl-11"/>
      </object_component>
      <object_component id="oc-365">
         <name>.text:_xdc_runtime_LoggerBuf_Module_startup__F</name>
         <load_address>0x80022a00</load_address>
         <run_address>0x80022a00</run_address>
         <size>0xa0</size>
         <input_file_ref idref="fl-19"/>
      </object_component>
      <object_component id="oc-1b2">
         <name>.text:_xdc_runtime_LoggerBuf_write8__E</name>
         <load_address>0x80022aa0</load_address>
         <run_address>0x80022aa0</run_address>
         <size>0xa0</size>
         <input_file_ref idref="fl-3"/>
      </object_component>
      <object_component id="oc-30f">
         <name>.text:_xdc_runtime_SysMin_abort__F</name>
         <load_address>0x80022b40</load_address>
         <run_address>0x80022b40</run_address>
         <size>0xa0</size>
         <input_file_ref idref="fl-1e"/>
      </object_component>
      <object_component id="oc-337">
         <name>.text:_xdc_runtime_SysMin_flush__F</name>
         <load_address>0x80022be0</load_address>
         <run_address>0x80022be0</run_address>
         <size>0xa0</size>
         <input_file_ref idref="fl-1e"/>
      </object_component>
      <object_component id="oc-364">
         <name>.text:_xdc_runtime_SysMin_output__I</name>
         <load_address>0x80022c80</load_address>
         <run_address>0x80022c80</run_address>
         <size>0xa0</size>
         <input_file_ref idref="fl-3"/>
      </object_component>
      <object_component id="oc-336">
         <name>.text:_xdc_runtime_SysMin_putch__F</name>
         <load_address>0x80022d20</load_address>
         <run_address>0x80022d20</run_address>
         <size>0xa0</size>
         <input_file_ref idref="fl-1e"/>
      </object_component>
      <object_component id="oc-362">
         <name>.text:_xdc_runtime_Text_xprintf__I</name>
         <load_address>0x80022dc0</load_address>
         <run_address>0x80022dc0</run_address>
         <size>0xa0</size>
         <input_file_ref idref="fl-1f"/>
      </object_component>
      <object_component id="oc-360">
         <name>.text:__fixdi</name>
         <load_address>0x80022e60</load_address>
         <run_address>0x80022e60</run_address>
         <size>0x80</size>
         <input_file_ref idref="fl-c7"/>
      </object_component>
      <object_component id="oc-35e">
         <name>.text:__fltlid</name>
         <load_address>0x80022ee0</load_address>
         <run_address>0x80022ee0</run_address>
         <size>0x80</size>
         <input_file_ref idref="fl-c9"/>
      </object_component>
      <object_component id="oc-33e">
         <name>.text:__llshl</name>
         <load_address>0x80022f60</load_address>
         <run_address>0x80022f60</run_address>
         <size>0x80</size>
         <input_file_ref idref="fl-ab"/>
      </object_component>
      <object_component id="oc-2f6">
         <name>.text:__renormd</name>
         <load_address>0x80022fe0</load_address>
         <run_address>0x80022fe0</run_address>
         <size>0x80</size>
         <input_file_ref idref="fl-d4"/>
      </object_component>
      <object_component id="oc-1c2">
         <name>.text:_readmsg</name>
         <load_address>0x80023060</load_address>
         <run_address>0x80023060</run_address>
         <size>0x80</size>
         <input_file_ref idref="fl-b8"/>
      </object_component>
      <object_component id="oc-17f">
         <name>.text:_ti_sysbios_BIOS_exitFunc__I</name>
         <load_address>0x800230e0</load_address>
         <run_address>0x800230e0</run_address>
         <size>0x80</size>
         <input_file_ref idref="fl-3"/>
      </object_component>
      <object_component id="oc-3aa">
         <name>.text:_ti_sysbios_family_c62_TaskSupport_start__E</name>
         <load_address>0x80023160</load_address>
         <run_address>0x80023160</run_address>
         <size>0x80</size>
         <input_file_ref idref="fl-a"/>
      </object_component>
      <object_component id="oc-2cd">
         <name>.text:_ti_sysbios_family_c62_TaskSupport_swap__E</name>
         <load_address>0x800231e0</load_address>
         <run_address>0x800231e0</run_address>
         <size>0x80</size>
         <input_file_ref idref="fl-f"/>
      </object_component>
      <object_component id="oc-18e">
         <name>.text:_ti_sysbios_gates_GateHwi_Object__create__S</name>
         <load_address>0x80023260</load_address>
         <run_address>0x80023260</run_address>
         <size>0x80</size>
         <input_file_ref idref="fl-3"/>
      </object_component>
      <object_component id="oc-194">
         <name>.text:_ti_sysbios_gates_GateMutex_Object__create__S</name>
         <load_address>0x800232e0</load_address>
         <run_address>0x800232e0</run_address>
         <size>0x80</size>
         <input_file_ref idref="fl-3"/>
      </object_component>
      <object_component id="oc-19c">
         <name>.text:_ti_sysbios_heaps_HeapMem_Object__create__S</name>
         <load_address>0x80023360</load_address>
         <run_address>0x80023360</run_address>
         <size>0x80</size>
         <input_file_ref idref="fl-3"/>
      </object_component>
      <object_component id="oc-167">
         <name>.text:_ti_sysbios_knl_Clock_doTick__I</name>
         <load_address>0x800233e0</load_address>
         <run_address>0x800233e0</run_address>
         <size>0x80</size>
         <input_file_ref idref="fl-3"/>
      </object_component>
      <object_component id="oc-304">
         <name>.text:_ti_sysbios_knl_Queue_Object__create__S</name>
         <load_address>0x80023460</load_address>
         <run_address>0x80023460</run_address>
         <size>0x80</size>
         <input_file_ref idref="fl-3"/>
      </object_component>
      <object_component id="oc-27e">
         <name>.text:_ti_sysbios_knl_Semaphore_pendTimeout__I</name>
         <load_address>0x800234e0</load_address>
         <run_address>0x800234e0</run_address>
         <size>0x80</size>
         <input_file_ref idref="fl-a"/>
      </object_component>
      <object_component id="oc-38d">
         <name>.text:_ti_sysbios_knl_Swi_Object__get__S</name>
         <load_address>0x80023560</load_address>
         <run_address>0x80023560</run_address>
         <size>0x80</size>
         <input_file_ref idref="fl-3"/>
      </object_component>
      <object_component id="oc-184">
         <name>.text:_ti_sysbios_knl_Swi_startup__E</name>
         <load_address>0x800235e0</load_address>
         <run_address>0x800235e0</run_address>
         <size>0x80</size>
         <input_file_ref idref="fl-a"/>
      </object_component>
      <object_component id="oc-1db">
         <name>.text:_ti_sysbios_knl_Task_restore__E</name>
         <load_address>0x80023660</load_address>
         <run_address>0x80023660</run_address>
         <size>0x80</size>
         <input_file_ref idref="fl-a"/>
      </object_component>
      <object_component id="oc-3a4">
         <name>.text:_ti_sysbios_timers_timer64_Timer_getPeriod__E</name>
         <load_address>0x800236e0</load_address>
         <run_address>0x800236e0</run_address>
         <size>0x80</size>
         <input_file_ref idref="fl-a"/>
      </object_component>
      <object_component id="oc-2f9">
         <name>.text:_unlink</name>
         <load_address>0x80023760</load_address>
         <run_address>0x80023760</run_address>
         <size>0x80</size>
         <input_file_ref idref="fl-ac"/>
      </object_component>
      <object_component id="oc-1ed">
         <name>.text:_xdc_runtime_Core_assignLabel__I</name>
         <load_address>0x800237e0</load_address>
         <run_address>0x800237e0</run_address>
         <size>0x80</size>
         <input_file_ref idref="fl-13"/>
      </object_component>
      <object_component id="oc-26d">
         <name>.text:_xdc_runtime_Core_assignParams__I</name>
         <load_address>0x80023860</load_address>
         <run_address>0x80023860</run_address>
         <size>0x80</size>
         <input_file_ref idref="fl-14"/>
      </object_component>
      <object_component id="oc-291">
         <name>.text:_xdc_runtime_LoggerBuf_filterOutEvent__I</name>
         <load_address>0x800238e0</load_address>
         <run_address>0x800238e0</run_address>
         <size>0x80</size>
         <input_file_ref idref="fl-19"/>
      </object_component>
      <object_component id="oc-1d6">
         <name>.text:_xdc_runtime_System_atexit__F</name>
         <load_address>0x80023960</load_address>
         <run_address>0x80023960</run_address>
         <size>0x80</size>
         <input_file_ref idref="fl-1d"/>
      </object_component>
      <object_component id="oc-2dd">
         <name>.text:_xdc_runtime_System_putchar__I</name>
         <load_address>0x800239e0</load_address>
         <run_address>0x800239e0</run_address>
         <size>0x80</size>
         <input_file_ref idref="fl-1d"/>
      </object_component>
      <object_component id="oc-2e7">
         <name>.text:_xdc_runtime_System_rtsExit__I</name>
         <load_address>0x80023a60</load_address>
         <run_address>0x80023a60</run_address>
         <size>0x80</size>
         <input_file_ref idref="fl-1d"/>
      </object_component>
      <object_component id="oc-378">
         <name>.text:_xdc_runtime_Text_printVisFxn__I</name>
         <load_address>0x80023ae0</load_address>
         <run_address>0x80023ae0</run_address>
         <size>0x80</size>
         <input_file_ref idref="fl-1f"/>
      </object_component>
      <object_component id="oc-2d7">
         <name>.text:ti_sysbios_hal_Hwi_checkStack:_ti_sysbios_hal_Hwi_checkStack</name>
         <load_address>0x80023b60</load_address>
         <run_address>0x80023b60</run_address>
         <size>0x80</size>
         <input_file_ref idref="fl-a"/>
      </object_component>
      <object_component id="oc-2aa">
         <name>.text:ti_sysbios_hal_Hwi_initStack:_ti_sysbios_hal_Hwi_initStack</name>
         <load_address>0x80023be0</load_address>
         <run_address>0x80023be0</run_address>
         <size>0x80</size>
         <input_file_ref idref="fl-a"/>
      </object_component>
      <object_component id="oc-1ce">
         <name>.text:__cvtfd</name>
         <load_address>0x80023c60</load_address>
         <run_address>0x80023c60</run_address>
         <size>0x60</size>
         <input_file_ref idref="fl-9f"/>
      </object_component>
      <object_component id="oc-24c">
         <name>.text:__frcmpyf</name>
         <load_address>0x80023cc0</load_address>
         <run_address>0x80023cc0</run_address>
         <size>0x60</size>
         <input_file_ref idref="fl-cc"/>
      </object_component>
      <object_component id="oc-31f">
         <name>.text:__remull</name>
         <load_address>0x80023d20</load_address>
         <run_address>0x80023d20</run_address>
         <size>0x60</size>
         <input_file_ref idref="fl-aa"/>
      </object_component>
      <object_component id="oc-33f">
         <name>.text:__subcull</name>
         <load_address>0x80023d80</load_address>
         <run_address>0x80023d80</run_address>
         <size>0x60</size>
         <input_file_ref idref="fl-aa"/>
      </object_component>
      <object_component id="oc-1ca">
         <name>.text:_fclose</name>
         <load_address>0x80023de0</load_address>
         <run_address>0x80023de0</run_address>
         <size>0x60</size>
         <input_file_ref idref="fl-a2"/>
      </object_component>
      <object_component id="oc-1c6">
         <name>.text:_fopen</name>
         <load_address>0x80023e40</load_address>
         <run_address>0x80023e40</run_address>
         <size>0x60</size>
         <input_file_ref idref="fl-a5"/>
      </object_component>
      <object_component id="oc-2bc">
         <name>.text:_free</name>
         <load_address>0x80023ea0</load_address>
         <run_address>0x80023ea0</run_address>
         <size>0x60</size>
         <input_file_ref idref="fl-3"/>
      </object_component>
      <object_component id="oc-2fd">
         <name>.text:_memccpy</name>
         <load_address>0x80023f00</load_address>
         <run_address>0x80023f00</run_address>
         <size>0x60</size>
         <input_file_ref idref="fl-d1"/>
      </object_component>
      <object_component id="oc-2e9">
         <name>.text:_tabinit</name>
         <load_address>0x80023f60</load_address>
         <run_address>0x80023f60</run_address>
         <size>0x60</size>
         <input_file_ref idref="fl-ac"/>
      </object_component>
      <object_component id="oc-181">
         <name>.text:_ti_sysbios_BIOS_registerRTSLock__I</name>
         <load_address>0x80023fc0</load_address>
         <run_address>0x80023fc0</run_address>
         <size>0x60</size>
         <input_file_ref idref="fl-a"/>
      </object_component>
      <object_component id="oc-380">
         <name>.text:_ti_sysbios_family_c64p_Cache_setMar__E</name>
         <load_address>0x80024020</load_address>
         <run_address>0x80024020</run_address>
         <size>0x60</size>
         <input_file_ref idref="fl-a"/>
      </object_component>
      <object_component id="oc-190">
         <name>.text:_ti_sysbios_gates_GateHwi_Handle__label__S</name>
         <load_address>0x80024080</load_address>
         <run_address>0x80024080</run_address>
         <size>0x60</size>
         <input_file_ref idref="fl-3"/>
      </object_component>
      <object_component id="oc-18f">
         <name>.text:_ti_sysbios_gates_GateHwi_Object__delete__S</name>
         <load_address>0x800240e0</load_address>
         <run_address>0x800240e0</run_address>
         <size>0x60</size>
         <input_file_ref idref="fl-3"/>
      </object_component>
      <object_component id="oc-196">
         <name>.text:_ti_sysbios_gates_GateMutex_Handle__label__S</name>
         <load_address>0x80024140</load_address>
         <run_address>0x80024140</run_address>
         <size>0x60</size>
         <input_file_ref idref="fl-3"/>
      </object_component>
      <object_component id="oc-1f9">
         <name>.text:_ti_sysbios_gates_GateMutex_Instance_init__F</name>
         <load_address>0x800241a0</load_address>
         <run_address>0x800241a0</run_address>
         <size>0x60</size>
         <input_file_ref idref="fl-a"/>
      </object_component>
      <object_component id="oc-195">
         <name>.text:_ti_sysbios_gates_GateMutex_Object__delete__S</name>
         <load_address>0x80024200</load_address>
         <run_address>0x80024200</run_address>
         <size>0x60</size>
         <input_file_ref idref="fl-3"/>
      </object_component>
      <object_component id="oc-19e">
         <name>.text:_ti_sysbios_heaps_HeapMem_Handle__label__S</name>
         <load_address>0x80024260</load_address>
         <run_address>0x80024260</run_address>
         <size>0x60</size>
         <input_file_ref idref="fl-3"/>
      </object_component>
      <object_component id="oc-19d">
         <name>.text:_ti_sysbios_heaps_HeapMem_Object__delete__S</name>
         <load_address>0x800242c0</load_address>
         <run_address>0x800242c0</run_address>
         <size>0x60</size>
         <input_file_ref idref="fl-3"/>
      </object_component>
      <object_component id="oc-2e4">
         <name>.text:_ti_sysbios_heaps_HeapMem_Object__get__S</name>
         <load_address>0x80024320</load_address>
         <run_address>0x80024320</run_address>
         <size>0x60</size>
         <input_file_ref idref="fl-3"/>
      </object_component>
      <object_component id="oc-36e">
         <name>.text:_ti_sysbios_knl_Clock_Module_startup__F</name>
         <load_address>0x80024380</load_address>
         <run_address>0x80024380</run_address>
[...]
         <value>0x80024740</value>
         <object_component_ref idref="oc-367"/>
      </symbol>
      <symbol id="sm-2745">
         <name>_xdc_runtime_SysMin_exit__F</name>
         <value>0x800247a0</value>
         <object_component_ref idref="oc-35b"/>
      </symbol>
      <symbol id="sm-2746">
         <name>_xdc_runtime_SysMin_abort__F</name>
         <value>0x80022b40</value>
         <object_component_ref idref="oc-30f"/>
      </symbol>
      <symbol id="sm-2747">
         <name>_xdc_runtime_SysMin_ready__F</name>
         <value>0x80026140</value>
         <object_component_ref idref="oc-309"/>
      </symbol>
      <symbol id="sm-2748">
         <name>_xdc_runtime_SysMin_flush__F</name>
         <value>0x80022be0</value>
         <object_component_ref idref="oc-337"/>
      </symbol>
      <symbol id="sm-2749">
         <name>_xdc_runtime_SysMin_putch__F</name>
         <value>0x80022d20</value>
         <object_component_ref idref="oc-336"/>
      </symbol>
      <symbol id="sm-27a1">
         <name>_xdc_runtime_Text_putSite__F</name>
         <value>0x8001cf60</value>
         <object_component_ref idref="oc-34b"/>
      </symbol>
      <symbol id="sm-27a2">
         <name>_xdc_runtime_Text_ropeText__F</name>
         <value>0x800253e0</value>
         <object_component_ref idref="oc-22c"/>
      </symbol>
      <symbol id="sm-27a3">
         <name>_xdc_runtime_Text_putMod__F</name>
         <value>0x8001f9c0</value>
         <object_component_ref idref="oc-361"/>
      </symbol>
      <symbol id="sm-27a4">
         <name>_xdc_runtime_Text_visitRope2__I</name>
         <value>0x800204e0</value>
         <object_component_ref idref="oc-3b0"/>
      </symbol>
      <symbol id="sm-27a5">
         <name>_xdc_runtime_Text_cordText__F</name>
         <value>0x800248c0</value>
         <object_component_ref idref="oc-273"/>
      </symbol>
      <symbol id="sm-27a6">
         <name>_xdc_runtime_Text_putLab__F</name>
         <value>0x8001ef80</value>
         <object_component_ref idref="oc-34a"/>
      </symbol>
      <symbol id="sm-27a7">
         <name>_xdc_runtime_Text_printVisFxn__I</name>
         <value>0x80023ae0</value>
         <object_component_ref idref="oc-378"/>
      </symbol>
      <symbol id="sm-27a8">
         <name>_xdc_runtime_Text_xprintf__I</name>
         <value>0x80022dc0</value>
         <object_component_ref idref="oc-362"/>
      </symbol>
      <symbol id="sm-27b2">
         <name>___xdc__init</name>
         <value>0x80025460</value>
         <object_component_ref idref="oc-170"/>
      </symbol>
      <symbol id="sm-27c3">
         <name>__stack</name>
         <value>0x8002c2d8</value>
         <object_component_ref idref="oc-80"/>
      </symbol>
      <symbol id="sm-27c4">
         <name>_c_int00</name>
         <value>0x800221e0</value>
         <object_component_ref idref="oc-10"/>
      </symbol>
      <symbol id="sm-27df">
         <name>__auto_init</name>
         <value>0x8001fbe0</value>
         <object_component_ref idref="oc-162"/>
      </symbol>
      <symbol id="sm-27f1">
         <name>__unlock</name>
         <value>0x80029e04</value>
         <object_component_ref idref="oc-8a"/>
      </symbol>
      <symbol id="sm-27f2">
         <name>__lock</name>
         <value>0x80029e00</value>
         <object_component_ref idref="oc-8a"/>
      </symbol>
      <symbol id="sm-27f3">
         <name>__register_lock</name>
         <value>0x80025560</value>
         <object_component_ref idref="oc-1d4"/>
      </symbol>
      <symbol id="sm-27f4">
         <name>__nop</name>
         <value>0x800254c0</value>
         <object_component_ref idref="oc-173"/>
      </symbol>
      <symbol id="sm-27f5">
         <name>__register_unlock</name>
         <value>0x80025580</value>
         <object_component_ref idref="oc-1d5"/>
      </symbol>
      <symbol id="sm-2809">
         <name>__addf</name>
         <value>0x80018520</value>
         <object_component_ref idref="oc-1cd"/>
      </symbol>
      <symbol id="sm-2813">
         <name>__args_main</name>
         <value>0x800249e0</value>
         <object_component_ref idref="oc-164"/>
      </symbol>
      <symbol id="sm-2814">
         <name>__TI_args_main</name>
         <value>0x1</value>
      </symbol>
      <symbol id="sm-2828">
         <name>_atexit</name>
         <value>0x800214c0</value>
         <object_component_ref idref="oc-2e8"/>
      </symbol>
      <symbol id="sm-2829">
         <name>___atexit_func_id__</name>
         <value>0x80029b50</value>
         <object_component_ref idref="oc-95"/>
      </symbol>
      <symbol id="sm-2834">
         <name>__cvtdf</name>
         <value>0x80021d80</value>
         <object_component_ref idref="oc-1c9"/>
      </symbol>
      <symbol id="sm-283e">
         <name>__cvtfd</name>
         <value>0x80023c60</value>
         <object_component_ref idref="oc-1ce"/>
      </symbol>
      <symbol id="sm-2847">
         <name>__c6xabi_divu</name>
         <value>0x80021280</value>
         <object_component_ref idref="oc-28d"/>
      </symbol>
      <symbol id="sm-2848">
         <name>__divu</name>
         <value>0x80021280</value>
         <object_component_ref idref="oc-28d"/>
      </symbol>
      <symbol id="sm-285f">
         <name>C$$EXIT</name>
         <value>0x800255c0</value>
         <object_component_ref idref="oc-17e"/>
      </symbol>
      <symbol id="sm-2860">
         <name>_exit</name>
         <value>0x80021580</value>
         <object_component_ref idref="oc-165"/>
      </symbol>
      <symbol id="sm-2861">
         <name>___TI_enable_exit_profile_output</name>
         <value>0x80029dfc</value>
         <object_component_ref idref="oc-a3"/>
      </symbol>
      <symbol id="sm-2862">
         <name>_abort</name>
         <value>0x800255c0</value>
         <object_component_ref idref="oc-17e"/>
      </symbol>
      <symbol id="sm-2863">
         <name>__cleanup_ptr</name>
         <value>0x80029df4</value>
         <object_component_ref idref="oc-a3"/>
      </symbol>
      <symbol id="sm-2864">
         <name>__dtors_ptr</name>
         <value>0x80029df8</value>
         <object_component_ref idref="oc-a3"/>
      </symbol>
      <symbol id="sm-287a">
         <name>__closefile</name>
         <value>0x8001f1e0</value>
         <object_component_ref idref="oc-24a"/>
      </symbol>
      <symbol id="sm-287b">
         <name>_fclose</name>
         <value>0x80023de0</value>
         <object_component_ref idref="oc-1ca"/>
      </symbol>
      <symbol id="sm-2888">
         <name>__doflush</name>
         <value>0x80021340</value>
         <object_component_ref idref="oc-2bb"/>
      </symbol>
      <symbol id="sm-28ab">
         <name>_fgets</name>
         <value>0x800255e0</value>
         <object_component_ref idref="oc-1cb"/>
      </symbol>
      <symbol id="sm-28d4">
         <name>__cleanup</name>
         <value>0x80021ce0</value>
         <object_component_ref idref="oc-2ad"/>
      </symbol>
      <symbol id="sm-28d5">
         <name>_fopen</name>
         <value>0x80023e40</value>
         <object_component_ref idref="oc-1c6"/>
      </symbol>
      <symbol id="sm-28ea">
         <name>_fprintf</name>
         <value>0x8001ffe0</value>
         <object_component_ref idref="oc-1cf"/>
      </symbol>
      <symbol id="sm-2905">
         <name>_putc</name>
         <value>0x8001af80</value>
         <object_component_ref idref="oc-2c7"/>
      </symbol>
      <symbol id="sm-2906">
         <name>_fputc</name>
         <value>0x8001af80</value>
         <object_component_ref idref="oc-2c7"/>
      </symbol>
      <symbol id="sm-2928">
         <name>_fputs</name>
         <value>0x80016b80</value>
         <object_component_ref idref="oc-2c2"/>
      </symbol>
      <symbol id="sm-294b">
         <name>_fscanf</name>
         <value>0x80020960</value>
         <object_component_ref idref="oc-1c7"/>
      </symbol>
      <symbol id="sm-2961">
         <name>__subcull</name>
         <value>0x80023d80</value>
         <object_component_ref idref="oc-33f"/>
      </symbol>
      <symbol id="sm-2962">
         <name>__divull</name>
         <value>0x80019d40</value>
         <object_component_ref idref="oc-31a"/>
      </symbol>
      <symbol id="sm-2963">
         <name>__remull</name>
         <value>0x80023d20</value>
         <object_component_ref idref="oc-31f"/>
      </symbol>
      <symbol id="sm-2971">
         <name>__llshl</name>
         <value>0x80022f60</value>
         <object_component_ref idref="oc-33e"/>
      </symbol>
      <symbol id="sm-2972">
         <name>__llshru</name>
         <value>0x80024a60</value>
         <object_component_ref idref="oc-340"/>
      </symbol>
      <symbol id="sm-29c7">
         <name>_read</name>
         <value>0x80022500</value>
         <object_component_ref idref="oc-2c1"/>
      </symbol>
      <symbol id="sm-29c8">
         <name>_unlink</name>
         <value>0x80023760</value>
         <object_component_ref idref="oc-2f9"/>
      </symbol>
      <symbol id="sm-29c9">
         <name>_open</name>
         <value>0x8001df80</value>
         <object_component_ref idref="oc-2ae"/>
      </symbol>
      <symbol id="sm-29ca">
         <name>_lseek</name>
         <value>0x80022320</value>
         <object_component_ref idref="oc-341"/>
      </symbol>
      <symbol id="sm-29cb">
         <name>_close</name>
         <value>0x80020880</value>
         <object_component_ref idref="oc-2bd"/>
      </symbol>
      <symbol id="sm-29cc">
         <name>_write</name>
         <value>0x800228c0</value>
         <object_component_ref idref="oc-2f7"/>
      </symbol>
      <symbol id="sm-29d4">
         <name>_memcpy</name>
         <value>0x80022460</value>
         <object_component_ref idref="oc-17b"/>
      </symbol>
      <symbol id="sm-29df">
         <name>_memset</name>
         <value>0x80020a40</value>
         <object_component_ref idref="oc-22a"/>
      </symbol>
      <symbol id="sm-29f4">
         <name>__mpyf</name>
         <value>0x8001c040</value>
         <object_component_ref idref="oc-1cc"/>
      </symbol>
      <symbol id="sm-29fe">
         <name>__negll</name>
         <value>0x800254a0</value>
         <object_component_ref idref="oc-31b"/>
      </symbol>
      <symbol id="sm-2a13">
         <name>_printf</name>
         <value>0x80020b20</value>
         <object_component_ref idref="oc-1d0"/>
      </symbol>
      <symbol id="sm-2a1d">
         <name>_remove</name>
         <value>0x80025600</value>
         <object_component_ref idref="oc-2be"/>
      </symbol>
      <symbol id="sm-2a26">
         <name>__remu</name>
         <value>0x80022140</value>
         <object_component_ref idref="oc-30c"/>
      </symbol>
      <symbol id="sm-2a27">
         <name>__c6xabi_remu</name>
         <value>0x80022140</value>
         <object_component_ref idref="oc-30c"/>
      </symbol>
      <symbol id="sm-2a3f">
         <name>_dtors</name>
         <value>0x80029e14</value>
         <object_component_ref idref="oc-e3"/>
      </symbol>
      <symbol id="sm-2a40">
         <name>_call_dtors</name>
         <value>0x8001fee0</value>
         <object_component_ref idref="oc-33b"/>
      </symbol>
      <symbol id="sm-2a41">
         <name>___add_dtor</name>
         <value>0x80024920</value>
         <object_component_ref idref="oc-316"/>
      </symbol>
      <symbol id="sm-2a72">
         <name>_strtod</name>
         <value>0x80013a60</value>
         <object_component_ref idref="oc-1c8"/>
      </symbol>
      <symbol id="sm-2a9b">
         <name>_HOSTopen</name>
         <value>0x800205e0</value>
         <object_component_ref idref="oc-174"/>
      </symbol>
      <symbol id="sm-2a9c">
         <name>_HOSTread</name>
         <value>0x80020f80</value>
         <object_component_ref idref="oc-176"/>
      </symbol>
      <symbol id="sm-2a9d">
         <name>_HOSTrename</name>
         <value>0x8001dc80</value>
         <object_component_ref idref="oc-17a"/>
      </symbol>
      <symbol id="sm-2a9e">
         <name>_HOSTwrite</name>
         <value>0x80021100</value>
         <object_component_ref idref="oc-177"/>
      </symbol>
      <symbol id="sm-2a9f">
         <name>_HOSTlseek</name>
         <value>0x8001fae0</value>
         <object_component_ref idref="oc-178"/>
      </symbol>
      <symbol id="sm-2aa0">
         <name>_HOSTunlink</name>
         <value>0x80021040</value>
         <object_component_ref idref="oc-179"/>
      </symbol>
      <symbol id="sm-2aa1">
         <name>_HOSTclose</name>
         <value>0x80021c40</value>
         <object_component_ref idref="oc-175"/>
      </symbol>
      <symbol id="sm-2ab1">
         <name>C$$IO$$</name>
         <value>0x800245b8</value>
         <object_component_ref idref="oc-1c1"/>
      </symbol>
      <symbol id="sm-2ab2">
         <name>__CIOBUF_</name>
         <value>0x8002dae0</value>
         <object_component_ref idref="oc-f1"/>
      </symbol>
      <symbol id="sm-2ab3">
         <name>_readmsg</name>
         <value>0x80023060</value>
         <object_component_ref idref="oc-1c2"/>
      </symbol>
      <symbol id="sm-2ab4">
         <name>_writemsg</name>
         <value>0x80024560</value>
         <object_component_ref idref="oc-1c1"/>
      </symbol>
      <symbol id="sm-2ac5">
         <name>_ungetc</name>
         <value>0x8001ee40</value>
         <object_component_ref idref="oc-2b0"/>
      </symbol>
      <symbol id="sm-2ad3">
         <name>__buff_read</name>
         <value>0x8001f0c0</value>
         <object_component_ref idref="oc-2c0"/>
      </symbol>
      <symbol id="sm-2ae7">
         <name>__rd_ok</name>
         <value>0x80021400</value>
         <object_component_ref idref="oc-2bf"/>
      </symbol>
      <symbol id="sm-2ae8">
         <name>__wrt_ok</name>
         <value>0x8001fde0</value>
         <object_component_ref idref="oc-2fa"/>
      </symbol>
      <symbol id="sm-2c06">
         <name>__printfi</name>
         <value>0x80015b00</value>
         <object_component_ref idref="oc-24e"/>
      </symbol>
      <symbol id="sm-2cdf">
         <name>__scanfi</name>
         <value>0x8000f840</value>
         <object_component_ref idref="oc-241"/>
      </symbol>
      <symbol id="sm-2cf6">
         <name>__addd</name>
         <value>0x8001bc40</value>
         <object_component_ref idref="oc-245"/>
      </symbol>
      <symbol id="sm-2d04">
         <name>_atoi</name>
         <value>0x800207a0</value>
         <object_component_ref idref="oc-2ec"/>
      </symbol>
      <symbol id="sm-2d13">
         <name>__cmpd</name>
         <value>0x800206c0</value>
         <object_component_ref idref="oc-247"/>
      </symbol>
      <symbol id="sm-2d1b">
         <name>__ctypes_</name>
         <value>0x8002b898</value>
         <object_component_ref idref="oc-242"/>
      </symbol>
      <symbol id="sm-2d25">
         <name>__tmpnams</name>
         <value>0x80029a08</value>
         <object_component_ref idref="oc-114"/>
      </symbol>
      <symbol id="sm-2d26">
         <name>__ft_end</name>
         <value>0x80029b48</value>
         <object_component_ref idref="oc-114"/>
      </symbol>
      <symbol id="sm-2d27">
         <name>__ftable</name>
         <value>0x80029828</value>
         <object_component_ref idref="oc-114"/>
      </symbol>
      <symbol id="sm-2d3f">
         <name>__divd</name>
         <value>0x80013520</value>
         <object_component_ref idref="oc-249"/>
      </symbol>
      <symbol id="sm-2d49">
         <name>_errno</name>
         <value>0x80029b4c</value>
         <object_component_ref idref="oc-11b"/>
      </symbol>
      <symbol id="sm-2d5d">
         <name>_getc</name>
         <value>0x8001e6c0</value>
         <object_component_ref idref="oc-2af"/>
      </symbol>
      <symbol id="sm-2d5e">
         <name>_fgetc</name>
         <value>0x8001e6c0</value>
         <object_component_ref idref="oc-2af"/>
      </symbol>
      <symbol id="sm-2d6b">
         <name>__fixdi</name>
         <value>0x80022e60</value>
         <object_component_ref idref="oc-360"/>
      </symbol>
      <symbol id="sm-2d78">
         <name>__fixdli</name>
         <value>0x80022000</value>
         <object_component_ref idref="oc-35c"/>
      </symbol>
      <symbol id="sm-2d83">
         <name>__fltlid</name>
         <value>0x80022ee0</value>
         <object_component_ref idref="oc-35e"/>
      </symbol>
      <symbol id="sm-2d93">
         <name>__frcaddd</name>
         <value>0x8001be40</value>
         <object_component_ref idref="oc-2b8"/>
      </symbol>
      <symbol id="sm-2d9d">
         <name>__frcmpyd_div</name>
         <value>0x80024a20</value>
         <object_component_ref idref="oc-2ba"/>
      </symbol>
      <symbol id="sm-2da7">
         <name>__frcmpyf</name>
         <value>0x80023cc0</value>
         <object_component_ref idref="oc-24c"/>
      </symbol>
      <symbol id="sm-2db8">
         <name>_fseek</name>
         <value>0x8001f780</value>
         <object_component_ref idref="oc-320"/>
      </symbol>
      <symbol id="sm-2dca">
         <name>__divul</name>
         <value>0x8001d120</value>
         <object_component_ref idref="oc-319"/>
      </symbol>
      <symbol id="sm-2dcb">
         <name>__remli</name>
         <value>0x80024ae0</value>
         <object_component_ref idref="oc-372"/>
      </symbol>
      <symbol id="sm-2dcc">
         <name>__remul</name>
         <value>0x80024b20</value>
         <object_component_ref idref="oc-31e"/>
      </symbol>
      <symbol id="sm-2dcd">
         <name>__divli</name>
         <value>0x80021e20</value>
         <object_component_ref idref="oc-373"/>
      </symbol>
      <symbol id="sm-2dd7">
         <name>___isinf</name>
         <value>0x80024960</value>
         <object_component_ref idref="oc-322"/>
      </symbol>
      <symbol id="sm-2de4">
         <name>_ltoa</name>
         <value>0x80021640</value>
         <object_component_ref idref="oc-35d"/>
      </symbol>
      <symbol id="sm-2df1">
         <name>_memccpy</name>
         <value>0x80023f00</value>
         <object_component_ref idref="oc-2fd"/>
      </symbol>
      <symbol id="sm-2e07">
         <name>__mpyd</name>
         <value>0x80019fa0</value>
         <object_component_ref idref="oc-243"/>
      </symbol>
      <symbol id="sm-2e11">
         <name>__negd</name>
         <value>0x80024aa0</value>
         <object_component_ref idref="oc-246"/>
      </symbol>
      <symbol id="sm-2e1e">
         <name>__renormd</name>
         <value>0x80022fe0</value>
         <object_component_ref idref="oc-2f6"/>
      </symbol>
      <symbol id="sm-2e34">
         <name>_setvbuf</name>
         <value>0x8001c440</value>
         <object_component_ref idref="oc-2eb"/>
      </symbol>
      <symbol id="sm-2e4c">
         <name>_strtol</name>
         <value>0x80014de0</value>
         <object_component_ref idref="oc-2f4"/>
      </symbol>
      <symbol id="sm-2e76">
         <name>_strtold</name>
         <value>0x80013f80</value>
         <object_component_ref idref="oc-2f3"/>
      </symbol>
      <symbol id="sm-2e91">
         <name>_strtoll</name>
         <value>0x80015240</value>
         <object_component_ref idref="oc-2f5"/>
      </symbol>
      <symbol id="sm-2ea9">
         <name>_strtoul</name>
         <value>0x80016380</value>
         <object_component_ref idref="oc-2f1"/>
      </symbol>
      <symbol id="sm-2ec5">
         <name>_strtoull</name>
         <value>0x80016780</value>
         <object_component_ref idref="oc-2f2"/>
      </symbol>
      <symbol id="sm-2ecf">
         <name>__subd</name>
         <value>0x80024b60</value>
         <object_component_ref idref="oc-35f"/>
      </symbol>
      <symbol id="sm-2ed9">
         <name>__frcmpyd</name>
         <value>0x8001fce0</value>
         <object_component_ref idref="oc-2b7"/>
      </symbol>
   </symbol_table>
</link_info>
