******************************************************************************
               TMS320C6x Linker PC v7.4.4                      
******************************************************************************
>> Linked Tue Dec 12 20:50:43 2017

OUTPUT FILE NAME:   <basico_func_pointer.out>
ENTRY POINT SYMBOL: "_c_int00"  address: 80012d40


MEMORY CONFIGURATION

         name            origin    length      used     unused   attr    fill
----------------------  --------  ---------  --------  --------  ----  --------
  IRAM                  00800000   00200000  00000000  00200000  RW X
  DDR                   80000000   10000000  0001e9a0  0ffe1660  RWIX


SECTION ALLOCATION MAP

 output                                  attributes/
section   page    origin      length       input sections
--------  ----  ----------  ----------   ----------------
.pinit     0    80000000    00000000     UNINITIALIZED

.bss       0    80000000    00000000     UNINITIALIZED

.data      0    80000000    00000000     UNINITIALIZED

xdc.meta   0    80000000    000000ef     COPY SECTION
                  80000000    000000ef     hello_p64P.o64P (xdc.meta)

.text      0    80000000    00016ea0     
                  80000000    00000920     rts64plus.lib : _scanfi.obj (.text:__scanfi)
                  80000920    000008c0     ti.targets.rts6000.a64P : System.o64P (.text:_xdc_runtime_System_doPrint__I)
                  800011e0    00000780     sysbios.a64P : BIOS.obj (.text:_ti_sysbios_family_c64p_Exception_handler__I)
                  80001960    00000660                  : BIOS.obj (.text:_ti_sysbios_heaps_HeapMem_alloc__E)
                  80001fc0    00000620     rts64plus.lib : _scanfi.obj (.text:__sset_arg)
                  800025e0    00000600     sysbios.a64P : BIOS.obj (.text:_ti_sysbios_knl_Semaphore_pend__E)
                  80002be0    000005e0                  : BIOS.obj (.text:_ti_sysbios_heaps_HeapMem_free__E)
                  800031c0    000005a0                  : BIOS.obj (.text:_ti_sysbios_timers_timer64_Timer_Module_startup__F)
                  80003760    00000580     rts64plus.lib : _printfi.obj (.text:__getarg_diouxp)
                  80003ce0    00000540                   : divd.obj (.text:__divd)
                  80004220    00000520                   : strtod.obj (.text:_strtod)
                  80004740    00000520                   : strtold.obj (.text:_strtold)
                  80004c60    000004c0                   : _scanfi.obj (.text:__sproc_int)
                  80005120    00000480     sysbios.a64P : BIOS.obj (.text:_ti_sysbios_knl_Task_Module_startup__F)
                  800055a0    00000460     rts64plus.lib : strtol.obj (.text:_strtol)
                  80005a00    00000460                   : strtoll.obj (.text:_strtoll)
                  80005e60    00000460     hello_p64P.o64P (.text:_xdc_runtime_System_printfExtend__I)
                  800062c0    00000440     rts64plus.lib : _printfi.obj (.text:__printfi)
                  80006700    00000440                   : _printfi.obj (.text:__setfield)
                  80006b40    00000400                   : strtoul.obj (.text:_strtoul)
                  80006f40    00000400                   : strtoull.obj (.text:_strtoull)
                  80007340    000003a0     Ejemplo_comienzo.obj (.text)
                  800076e0    000003a0     rts64plus.lib : fputs.obj (.text:_fputs)
                  80007a80    00000380                   : fgets.obj (.text:__dofgets)
                  80007e00    00000340                   : _printfi.obj (.text:__pproc_fge)
                  80008140    00000320                   : _scanfi.obj (.text:__sget_conv)
                  80008460    00000320     sysbios.a64P : BIOS.obj (.text:_ti_sysbios_knl_Swi_restoreHwi__E)
                  80008780    00000300     rts64plus.lib : _printfi.obj (.text:_ecvt)
                  80008a80    00000300                   : _printfi.obj (.text:_fcvt)
                  80008d80    00000300     sysbios.a64P : BIOS.obj (.text:_ti_sysbios_family_c64p_Hwi_dispatchC__I)
                  80009080    000002e0     rts64plus.lib : addf.obj (.text:__addf)
                  80009360    000002e0                   : _scanfi.obj (.text:__sproc_float)
                  80009640    000002e0     sysbios.a64P : BIOS.obj (.text:_ti_sysbios_heaps_HeapMem_Instance_init__F)
                  80009920    000002c0     rts64plus.lib : _printfi.obj (.text:__pproc_fwp)
                  80009be0    000002a0                   : _printfi.obj (.text:__pconv_e)
                  80009e80    000002a0     sysbios.a64P : BIOS.obj (.text:_ti_sysbios_knl_Clock_workFunc__E)
                  8000a120    00000280                  : BIOS.obj (.text:_ti_sysbios_family_c64p_Cache_Module_startup__F)
                  8000a3a0    00000280                  : BIOS.obj (.text:_ti_sysbios_timers_timer64_Timer_deviceConfig__I)
                  8000a620    00000280     ti.targets.rts6000.a64P : Error.o64P (.text:_xdc_runtime_Error_raiseX__F)
                  8000a8a0    00000260     rts64plus.lib : imath64.obj (.text:__divull)
                  8000ab00    00000260                   : mpyd.obj (.text:__mpyd)
                  8000ad60    00000260     ti.targets.rts6000.a64P : Startup.o64P (.text:_xdc_runtime_Startup_startMods__I)
                  8000afc0    00000240     rts64plus.lib : _printfi.obj (.text:__pproc_diouxp)
                  8000b200    00000240     sysbios.a64P : BIOS.obj (.text:_ti_sysbios_family_c64p_Exception_internalHandler__I)
                  8000b440    00000240                  : BIOS.obj (.text:_ti_sysbios_knl_Semaphore_post__E)
                  8000b680    00000240     ti.targets.rts6000.a64P : LoggerBuf.o64P (.text:_xdc_runtime_LoggerBuf_write8__F)
                  8000b8c0    00000220     rts64plus.lib : _printfi.obj (.text:__pproc_str)
                  8000bae0    00000220                   : fputc.obj (.text:_fputc)
                  8000bd00    00000220     sysbios.a64P : BIOS.obj (.text:_ti_sysbios_knl_Swi_run__I)
                  8000bf20    00000220                  : BIOS.obj (.text:_ti_sysbios_knl_Task_exit__E)
                  8000c140    00000220                  : BIOS.obj (.text:_ti_sysbios_knl_Task_schedule__I)
                  8000c360    00000220                  : BIOS.obj (.text:_ti_sysbios_knl_Task_startCore__E)
                  8000c580    00000220     ti.targets.rts6000.a64P : Core-mem.o64P (.text:_xdc_runtime_Core_createObject__I)
                  8000c7a0    00000200     rts64plus.lib : addd.obj (.text:__addd)
                  8000c9a0    00000200                   : frcaddd.obj (.text:__frcaddd)
                  8000cba0    00000200                   : mpyf.obj (.text:__mpyf)
                  8000cda0    00000200                   : _printfi.obj (.text:__pconv_g)
                  8000cfa0    00000200                   : setvbuf.obj (.text:_setvbuf)
                  8000d1a0    00000200     sysbios.a64P : c64p_Hwi_disp_always.obj (.text:_ti_sysbios_family_c64p_Hwi_dispatchAlways)
                  8000d3a0    000001e0                  : BIOS.obj (.text:_ti_sysbios_timers_timer64_Timer_getFreq__E)
                  8000d580    000001c0     rts64plus.lib : _printfi.obj (.text:__mcpy)
                  8000d740    000001c0                   : fopen.obj (.text:__openfile)
                  8000d900    000001c0     sysbios.a64P : BIOS.obj (.text:_ti_sysbios_timers_timer64_Timer_setPeriodMicroSecs__E)
                  8000dac0    000001c0     ti.targets.rts6000.a64P : Text.o64P (.text:_xdc_runtime_Text_putSite__F)
                  8000dc80    000001a0     rts64plus.lib : imath40.obj (.text:__divul)
                  8000de20    000001a0                   : _scanfi.obj (.text:__sproc_str)
                  8000dfc0    000001a0     sysbios.a64P : BIOS.obj (.text:_ti_sysbios_gates_GateMutex_enter__E)
                  8000e160    000001a0                  : BIOS.obj (.text:_ti_sysbios_knl_Task_checkStacks__E)
                  8000e300    000001a0                  : BIOS.obj (.text:_ti_sysbios_knl_Task_unblockI__E)
                  8000e4a0    000001a0                  : BIOS.obj (.text:_ti_sysbios_timers_timer64_Timer_start__E)
                  8000e640    000001a0     ti.targets.rts6000.a64P : LoggerBuf.o64P (.text:_xdc_runtime_LoggerBuf_write4__F)
                  8000e7e0    00000180     rts64plus.lib : trgdrv.obj (.text:_HOSTrename)
                  8000e960    00000180                   : fscanf.obj (.text:__chkmbc)
                  8000eae0    00000180                   : lowlev.obj (.text:_open)
                  8000ec60    00000180     sysbios.a64P : BIOS.obj (.text:_ti_sysbios_knl_Swi_schedule__I)
                  8000ede0    00000180                  : c64p_Exception_asm.obj (.text)
                  8000ef60    00000160     rts64plus.lib : _scanfi.obj (.text:__sproc_lb)
                  8000f0c0    00000160     sysbios.a64P : BIOS.obj (.text:_ti_sysbios_BIOS_rtsUnlock__I)
                  8000f220    00000140     rts64plus.lib : fgetc.obj (.text:_fgetc)
                  8000f360    00000140                   : lowlev.obj (.text:_getdevice)
                  8000f4a0    00000140     sysbios.a64P : BIOS.obj (.text:_ti_sysbios_family_c64p_Hwi_Module_startup__F)
                  8000f5e0    00000140                  : BIOS.obj (.text:_ti_sysbios_knl_Semaphore_Instance_init__F)
                  8000f720    00000140                  : BIOS.obj (.text:_ti_sysbios_knl_Swi_post__E)
                  8000f860    00000140                  : BIOS.obj (.text:_ti_sysbios_knl_Task_blockI__E)
                  8000f9a0    00000140     rts64plus.lib : ungetc.obj (.text:_ungetc)
                  8000fae0    00000140     ti.targets.rts6000.a64P : Text.o64P (.text:_xdc_runtime_Text_putLab__F)
                  8000fc20    00000120     rts64plus.lib : _bufread.obj (.text:__buff_read)
                  8000fd40    00000120                   : fclose.obj (.text:__closefile)
                  8000fe60    00000120                   : _printfi.obj (.text:__ltostr)
                  8000ff80    00000120                   : _printfi.obj (.text:__pproc_fflags)
                  800100a0    00000120                   : fopen.obj (.text:__search_fp)
                  800101c0    00000120                   : _scanfi.obj (.text:__sget_scanset)
                  800102e0    00000120                   : fseek.obj (.text:_fseek)
                  80010400    00000120     ti.targets.rts6000.a64P : LoggerBuf.o64P (.text:_xdc_runtime_LoggerBuf_setFilterLevel__F)
                  80010520    00000120                             : Text.o64P (.text:_xdc_runtime_Text_putMod__F)
                  80010640    00000100     rts64plus.lib : trgdrv.obj (.text:_HOSTlseek)
                  80010740    00000100     boot.a64P : autoinit.o64P (.text:__auto_init)
                  80010840    00000100     rts64plus.lib : frcmpyd.obj (.text:__frcmpyd)
                  80010940    00000100                   : _io_perm.obj (.text:__wrt_ok)
                  80010a40    00000100                   : sinit.obj (.text:_call_dtors)
                  80010b40    00000100                   : fprintf.obj (.text:_fprintf)
                  80010c40    00000100     sysbios.a64P : BIOS.obj (.text:_ti_sysbios_timers_timer64_Timer_initDevice__I)
                  80010d40    00000100     ti.targets.rts6000.a64P : Core-mem.o64P (.text:_xdc_runtime_Core_deleteObject__I)
                  80010e40    00000100                             : LoggerBuf.o64P (.text:_xdc_runtime_LoggerBuf_getFilterLevel__F)
                  80010f40    00000100                             : Startup.o64P (.text:_xdc_runtime_Startup_exec__F)
                  80011040    00000100                             : Text.o64P (.text:_xdc_runtime_Text_visitRope2__I)
                  80011140    000000e0     rts64plus.lib : trgdrv.obj (.text:_HOSTopen)
                  80011220    000000e0                   : cmpd.obj (.text:__cmpd)
                  80011300    000000e0                   : atoi.obj (.text:_atoi)
                  800113e0    000000e0                   : lowlev.obj (.text:_close)
                  800114c0    000000e0                   : fscanf.obj (.text:_fscanf)
                  800115a0    000000e0                   : memset.obj (.text:_memset)
                  80011680    000000e0                   : printf.obj (.text:_printf)
                  80011760    000000e0     sysbios.a64P : BIOS.obj (.text:_ti_sysbios_timers_timer64_Timer_startup__E)
                  80011840    000000e0     ti.targets.rts6000.a64P : Error.o64P (.text:_xdc_runtime_Error_print__F)
                  80011920    000000e0     hello_p64P.o64P (.text:_xdc_runtime_LoggerBuf_Object__create__S)
                  80011a00    000000e0     ti.targets.rts6000.a64P : Memory.o64P (.text:_xdc_runtime_Memory_alloc__F)
                  80011ae0    000000c0     rts64plus.lib : trgdrv.obj (.text:_HOSTread)
                  80011ba0    000000c0                   : trgdrv.obj (.text:_HOSTunlink)
                  80011c60    000000c0                   : trgdrv.obj (.text:_HOSTwrite)
                  80011d20    000000c0                   : _printfi.obj (.text:__div)
                  80011de0    000000c0                   : divu.obj (.text:__divu)
                  80011ea0    000000c0                   : fflush.obj (.text:__doflush)
                  80011f60    000000c0                   : _io_perm.obj (.text:__rd_ok)
                  80012020    000000c0                   : atexit.obj (.text:_atexit)
                  800120e0    000000c0                   : exit.obj (.text:_exit)
                  800121a0    000000c0                   : ltoa.obj (.text:_ltoa)
                  80012260    000000c0     sysbios.a64P : BIOS.obj (.text:_ti_sysbios_BIOS_errorRaiseHook__I)
                  80012320    000000c0                  : BIOS.obj (.text:_ti_sysbios_heaps_HeapMem_getStats__E)
                  800123e0    000000c0                  : BIOS.obj (.text:_ti_sysbios_knl_Clock_logTick__E)
                  800124a0    000000c0                  : BIOS.obj (.text:_ti_sysbios_knl_Task_allBlockedFunction__I)
                  80012560    000000c0                  : BIOS.obj (.text:_ti_sysbios_timers_timer64_Timer_stop__E)
                  80012620    000000c0     ti.targets.rts6000.a64P : LoggerBuf.o64P (.text:_xdc_runtime_LoggerBuf_Instance_init__F)
                  800126e0    000000c0                             : System.o64P (.text:_xdc_runtime_System_formatNum__I)
                  800127a0    000000a0     rts64plus.lib : trgdrv.obj (.text:_HOSTclose)
                  80012840    000000a0                   : fopen.obj (.text:__cleanup)
                  800128e0    000000a0                   : cvtdf.obj (.text:__cvtdf)
                  80012980    000000a0                   : imath40.obj (.text:__divli)
                  80012a20    000000a0                   : _printfi.obj (.text:__ecpy)
                  80012ac0    000000a0                   : _printfi.obj (.text:__fcpy)
                  80012b60    000000a0                   : fixdli.obj (.text:__fixdli)
                  80012c00    000000a0                   : _printfi.obj (.text:__pconv_f)
                  80012ca0    000000a0                   : remu.obj (.text:__remu)
                  80012d40    000000a0     boot.a64P : boot.o64P (.text:_c_int00)
                  80012de0    000000a0     rts64plus.lib : lowlev.obj (.text:_finddevice)
                  80012e80    000000a0                   : lowlev.obj (.text:_lseek)
                  80012f20    000000a0     hello_p64P.o64P (.text:_malloc)
                  80012fc0    000000a0     rts64plus.lib : memcpy64.obj (.text:_memcpy)
                  80013060    000000a0                   : lowlev.obj (.text:_read)
                  80013100    000000a0     sysbios.a64P : BIOS.obj (.text:_ti_sysbios_family_c64p_Exception_Module_startup__F)
                  800131a0    000000a0                  : BIOS.obj (.text:_ti_sysbios_family_c64p_Hwi_getStackInfo__E)
                  80013240    000000a0                  : BIOS.obj (.text:_ti_sysbios_heaps_HeapMem_init__I)
                  800132e0    000000a0                  : BIOS.obj (.text:_ti_sysbios_knl_Idle_run__E)
                  80013380    000000a0     hello_p64P.o64P (.text:_ti_sysbios_knl_Semaphore_Object__create__S)
                  80013420    000000a0     rts64plus.lib : lowlev.obj (.text:_write)
                  800134c0    000000a0     ti.targets.rts6000.a64P : Assert.o64P (.text:_xdc_runtime_Assert_raise__I)
                  80013560    000000a0                             : LoggerBuf.o64P (.text:_xdc_runtime_LoggerBuf_Module_startup__F)
                  80013600    000000a0     hello_p64P.o64P (.text:_xdc_runtime_LoggerBuf_write8__E)
                  800136a0    000000a0     ti.targets.rts6000.a64P : SysMin.o64P (.text:_xdc_runtime_SysMin_abort__F)
                  80013740    000000a0                             : SysMin.o64P (.text:_xdc_runtime_SysMin_flush__F)
                  800137e0    000000a0     hello_p64P.o64P (.text:_xdc_runtime_SysMin_output__I)
                  80013880    000000a0     ti.targets.rts6000.a64P : SysMin.o64P (.text:_xdc_runtime_SysMin_putch__F)
                  80013920    000000a0                             : Text.o64P (.text:_xdc_runtime_Text_xprintf__I)
                  800139c0    00000080     rts64plus.lib : fixdi.obj (.text:__fixdi)
                  80013a40    00000080                   : fltlid.obj (.text:__fltlid)
                  80013ac0    00000080                   : llshift.obj (.text:__llshl)
                  80013b40    00000080                   : renormd.obj (.text:__renormd)
                  80013bc0    00000080                   : trgmsg.obj (.text:_readmsg)
                  80013c40    00000080     hello_p64P.o64P (.text:_ti_sysbios_BIOS_exitFunc__I)
                  80013cc0    00000080     sysbios.a64P : BIOS.obj (.text:_ti_sysbios_family_c62_TaskSupport_start__E)
                  80013d40    00000080                  : c62_TaskSupport_asm.obj (.text:_ti_sysbios_family_c62_TaskSupport_swap__E)
                  80013dc0    00000080     hello_p64P.o64P (.text:_ti_sysbios_gates_GateHwi_Object__create__S)
                  80013e40    00000080     hello_p64P.o64P (.text:_ti_sysbios_gates_GateMutex_Object__create__S)
                  80013ec0    00000080     hello_p64P.o64P (.text:_ti_sysbios_heaps_HeapMem_Object__create__S)
                  80013f40    00000080     hello_p64P.o64P (.text:_ti_sysbios_knl_Clock_doTick__I)
                  80013fc0    00000080     hello_p64P.o64P (.text:_ti_sysbios_knl_Queue_Object__create__S)
                  80014040    00000080     sysbios.a64P : BIOS.obj (.text:_ti_sysbios_knl_Semaphore_pendTimeout__I)
                  800140c0    00000080     hello_p64P.o64P (.text:_ti_sysbios_knl_Swi_Object__get__S)
                  80014140    00000080     sysbios.a64P : BIOS.obj (.text:_ti_sysbios_knl_Swi_startup__E)
                  800141c0    00000080                  : BIOS.obj (.text:_ti_sysbios_knl_Task_restore__E)
                  80014240    00000080                  : BIOS.obj (.text:_ti_sysbios_timers_timer64_Timer_getPeriod__E)
                  800142c0    00000080     rts64plus.lib : lowlev.obj (.text:_unlink)
                  80014340    00000080     ti.targets.rts6000.a64P : Core-label.o64P (.text:_xdc_runtime_Core_assignLabel__I)
                  800143c0    00000080                             : Core-params.o64P (.text:_xdc_runtime_Core_assignParams__I)
                  80014440    00000080                             : LoggerBuf.o64P (.text:_xdc_runtime_LoggerBuf_filterOutEvent__I)
                  800144c0    00000080                             : System.o64P (.text:_xdc_runtime_System_atexit__F)
                  80014540    00000080                             : System.o64P (.text:_xdc_runtime_System_putchar__I)
                  800145c0    00000080                             : System.o64P (.text:_xdc_runtime_System_rtsExit__I)
                  80014640    00000080                             : Text.o64P (.text:_xdc_runtime_Text_printVisFxn__I)
                  800146c0    00000080     sysbios.a64P : BIOS.obj (.text:ti_sysbios_hal_Hwi_checkStack:_ti_sysbios_hal_Hwi_checkStack)
                  80014740    00000080                  : BIOS.obj (.text:ti_sysbios_hal_Hwi_initStack:_ti_sysbios_hal_Hwi_initStack)
                  800147c0    00000060     rts64plus.lib : cvtfd.obj (.text:__cvtfd)
                  80014820    00000060                   : frcmpyf.obj (.text:__frcmpyf)
                  80014880    00000060                   : imath64.obj (.text:__remull)
                  800148e0    00000060                   : imath64.obj (.text:__subcull)
                  80014940    00000060                   : fclose.obj (.text:_fclose)
                  800149a0    00000060                   : fopen.obj (.text:_fopen)
                  80014a00    00000060     hello_p64P.o64P (.text:_free)
                  80014a60    00000060     rts64plus.lib : memccpy.obj (.text:_memccpy)
                  80014ac0    00000060                   : lowlev.obj (.text:_tabinit)
                  80014b20    00000060     sysbios.a64P : BIOS.obj (.text:_ti_sysbios_BIOS_registerRTSLock__I)
                  80014b80    00000060                  : BIOS.obj (.text:_ti_sysbios_family_c64p_Cache_setMar__E)
                  80014be0    00000060     hello_p64P.o64P (.text:_ti_sysbios_gates_GateHwi_Handle__label__S)
                  80014c40    00000060     hello_p64P.o64P (.text:_ti_sysbios_gates_GateHwi_Object__delete__S)
                  80014ca0    00000060     hello_p64P.o64P (.text:_ti_sysbios_gates_GateMutex_Handle__label__S)
                  80014d00    00000060     sysbios.a64P : BIOS.obj (.text:_ti_sysbios_gates_GateMutex_Instance_init__F)
                  80014d60    00000060     hello_p64P.o64P (.text:_ti_sysbios_gates_GateMutex_Object__delete__S)
                  80014dc0    00000060     hello_p64P.o64P (.text:_ti_sysbios_heaps_HeapMem_Handle__label__S)
                  80014e20    00000060     hello_p64P.o64P (.text:_ti_sysbios_heaps_HeapMem_Object__delete__S)
                  80014e80    00000060     hello_p64P.o64P (.text:_ti_sysbios_heaps_HeapMem_Object__get__S)
                  80014ee0    00000060     sysbios.a64P : BIOS.obj (.text:_ti_sysbios_knl_Clock_Module_startup__F)
                  80014f40    00000060     hello_p64P.o64P (.text:_ti_sysbios_knl_Queue_Object__get__S)
                  80014fa0    00000060     sysbios.a64P : BIOS.obj (.text:_ti_sysbios_knl_Swi_Module_startup__F)
                  80015000    00000060     hello_p64P.o64P (.text:_ti_sysbios_knl_Task_Object__get__S)
                  80015060    00000060     sysbios.a64P : BIOS.obj (.text:_ti_sysbios_knl_Task_enter__I)
                  800150c0    00000060     rts64plus.lib : trgmsg.obj (.text:_writemsg)
                  80015120    00000060     hello_p64P.o64P (.text:_xdc_runtime_LoggerBuf_Handle__label__S)
                  80015180    00000060     hello_p64P.o64P (.text:_xdc_runtime_LoggerBuf_Object__delete__S)
                  800151e0    00000060     hello_p64P.o64P (.text:_xdc_runtime_LoggerBuf_Object__get__S)
                  80015240    00000060     ti.targets.rts6000.a64P : Memory.o64P (.text:_xdc_runtime_Memory_calloc__F)
                  800152a0    00000060                             : SysMin.o64P (.text:_xdc_runtime_SysMin_Module_startup__F)
                  80015300    00000060                             : SysMin.o64P (.text:_xdc_runtime_SysMin_exit__F)
                  80015360    00000060                             : System.o64P (.text:_xdc_runtime_System_avprintf__F)
                  800153c0    00000060                             : System.o64P (.text:_xdc_runtime_System_vprintf__F)
                  80015420    00000060                             : Text.o64P (.text:_xdc_runtime_Text_cordText__F)
                  80015480    00000040     rts64plus.lib : sinit.obj (.text:___add_dtor)
                  800154c0    00000040                   : isinf.obj (.text:___isinf)
                  80015500    00000040                   : _printfi.obj (.text:___isnan)
                  80015540    00000040                   : args_main.obj (.text:__args_main)
                  80015580    00000040                   : frcmpyd_div.obj (.text:__frcmpyd_div)
                  800155c0    00000040                   : llshift.obj (.text:__llshru)
                  80015600    00000040                   : negd.obj (.text:__negd)
                  80015640    00000040                   : imath40.obj (.text:__remli)
                  80015680    00000040                   : imath40.obj (.text:__remul)
                  800156c0    00000040                   : subd.obj (.text:__subd)
                  80015700    00000040     sysbios.a64P : BIOS.obj (.text:_ti_sysbios_BIOS_rtsLock__I)
                  80015740    00000040     hello_p64P.o64P (.text:_ti_sysbios_BIOS_startFunc__I)
                  80015780    00000040     sysbios.a64P : c62_TaskSupport_asm.obj (.text:_ti_sysbios_family_c62_TaskSupport_buildTaskStack)
                  800157c0    00000040     hello_p64P.o64P (.text:_ti_sysbios_family_c64p_Hwi_Module__startupDone__F)
                  80015800    00000040     sysbios.a64P : BIOS.obj (.text:_ti_sysbios_family_c64p_Hwi_disableInterrupt__E)
                  80015840    00000040                  : BIOS.obj (.text:_ti_sysbios_family_c64p_Hwi_enableInterrupt__E)
                  80015880    00000040                  : BIOS.obj (.text:_ti_sysbios_family_c64p_tci6482_TimerSupport_enable__E)
                  800158c0    00000040                  : c64p_Hwi_asm_switch.obj (.text:_ti_sysbios_family_xxx_Hwi_switchToIsrStack)
                  80015900    00000040                  : BIOS.obj (.text:_ti_sysbios_gates_GateMutex_leave__E)
                  80015940    00000040     hello_p64P.o64P (.text:_ti_sysbios_hal_Timer_Module__startupDone__F)
                  80015980    00000040     hello_p64P.o64P (.text:_ti_sysbios_knl_Queue_Object__destruct__S)
                  800159c0    00000040     hello_p64P.o64P (.text:_ti_sysbios_knl_Semaphore_Object__destruct__S)
                  80015a00    00000040     hello_p64P.o64P (.text:_ti_sysbios_knl_Task_SupportProxy_start__E)
                  80015a40    00000040     hello_p64P.o64P (.text:_ti_sysbios_timers_timer64_Timer_Module__startupDone__F)
                  80015a80    00000040     ti.targets.rts6000.a64P : Error.o64P (.text:_xdc_runtime_Error_check__F)
                  80015ac0    00000040                             : Error.o64P (.text:_xdc_runtime_Error_init__F)
                  80015b00    00000040     hello_p64P.o64P (.text:_xdc_runtime_IHeap_alloc)
                  80015b40    00000040     hello_p64P.o64P (.text:_xdc_runtime_IHeap_free)
                  80015b80    00000040     ti.targets.rts6000.a64P : LoggerBuf.o64P (.text:_xdc_runtime_LoggerBuf_Instance_finalize__F)
                  80015bc0    00000040     hello_p64P.o64P (.text:_xdc_runtime_LoggerBuf_setFilterLevel__E)
                  80015c00    00000040     hello_p64P.o64P (.text:_xdc_runtime_LoggerBuf_write0__E)
                  80015c40    00000040     ti.targets.rts6000.a64P : LoggerBuf.o64P (.text:_xdc_runtime_LoggerBuf_write0__F)
                  80015c80    00000040     hello_p64P.o64P (.text:_xdc_runtime_LoggerBuf_write1__E)
                  80015cc0    00000040     hello_p64P.o64P (.text:_xdc_runtime_LoggerBuf_write2__E)
                  80015d00    00000040     hello_p64P.o64P (.text:_xdc_runtime_LoggerBuf_write4__E)
                  80015d40    00000040     hello_p64P.o64P (.text:_xdc_runtime_Memory_HeapProxy_alloc__E)
                  80015d80    00000040     hello_p64P.o64P (.text:_xdc_runtime_Memory_alloc__E)
                  80015dc0    00000040     ti.targets.rts6000.a64P : Memory.o64P (.text:_xdc_runtime_Memory_free__F)
                  80015e00    00000040                             : Registry.o64P (.text:_xdc_runtime_Registry_findById__F)
                  80015e40    00000040     hello_p64P.o64P (.text:_xdc_runtime_Startup_exec__I)
                  80015e80    00000040     ti.targets.rts6000.a64P : System.o64P (.text:_xdc_runtime_System_abort__F)
                  80015ec0    00000040     hello_p64P.o64P (.text:_xdc_runtime_System_aprintf__E)
                  80015f00    00000040     hello_p64P.o64P (.text:_xdc_runtime_System_printf__E)
                  80015f40    00000040     ti.targets.rts6000.a64P : Text.o64P (.text:_xdc_runtime_Text_ropeText__F)
                  80015f80    00000040     hello_p64P.o64P (.text:_xdc_runtime_Text_visitRope__I)
                  80015fc0    00000020     ti.targets.rts6000.a64P : xdc_noinit.o64P (.text:___xdc__init)
                  80015fe0    00000020     rts64plus.lib : fscanf.obj (.text:__inpchar)
                  80016000    00000020                   : negll.obj (.text:__negll)
                  80016020    00000020                   : _lock.obj (.text:__nop)
                  80016040    00000020                   : fprintf.obj (.text:__outc)
                  80016060    00000020                   : printf.obj (.text:__outc)
                  80016080    00000020                   : fprintf.obj (.text:__outs)
                  800160a0    00000020                   : printf.obj (.text:__outs)
                  800160c0    00000020                   : _lock.obj (.text:__register_lock)
                  800160e0    00000020                   : _lock.obj (.text:__register_unlock)
                  80016100    00000020                   : fscanf.obj (.text:__uninpchar)
                  80016120    00000020                   : exit.obj (.text:_abort)
                  80016140    00000020                   : atof.obj (.text:_atof)
                  80016160    00000020                   : fgets.obj (.text:_fgets)
                  80016180    00000020                   : remove.obj (.text:_remove)
                  800161a0    00000020     hello_p64P.o64P (.text:_ti_sysbios_BIOS_RtsGateProxy_enter__E)
                  800161c0    00000020     hello_p64P.o64P (.text:_ti_sysbios_BIOS_RtsGateProxy_leave__E)
                  800161e0    00000020     sysbios.a64P : BIOS.obj (.text:_ti_sysbios_BIOS_nullFunc__I)
                  80016200    00000020                  : BIOS.obj (.text:_ti_sysbios_BIOS_setThreadType__E)
                  80016220    00000020     hello_p64P.o64P (.text:_ti_sysbios_family_c62_TaskSupport_Module__startupDone__S)
                  80016240    00000020     sysbios.a64P : BIOS.obj (.text:_ti_sysbios_family_c62_TaskSupport_checkStack__E)
                  80016260    00000020                  : c62_TaskSupport_asm.obj (.text:_ti_sysbios_family_c62_TaskSupport_glue)
                  80016280    00000020     hello_p64P.o64P (.text:_ti_sysbios_family_c64p_Cache_Module_startup__E)
                  800162a0    00000020     hello_p64P.o64P (.text:_ti_sysbios_family_c64p_Exception_Module_startup__E)
                  800162c0    00000020     hello_p64P.o64P (.text:_ti_sysbios_family_c64p_Hwi_Module__startupDone__S)
                  800162e0    00000020     hello_p64P.o64P (.text:_ti_sysbios_family_c64p_Hwi_Module_startup__E)
                  80016300    00000020     sysbios.a64P : BIOS.obj (.text:_ti_sysbios_family_c64p_Hwi_clearInterrupt__E)
                  80016320    00000020                  : BIOS.obj (.text:_ti_sysbios_family_c64p_Hwi_startup__E)
                  80016340    00000020                  : BIOS.obj (.text:_ti_sysbios_family_c64p_Hwi_switchFromBootStack__E)
                  80016360    00000020     hello_p64P.o64P (.text:_ti_sysbios_family_c64p_TimestampProvider_Module_startup__E)
                  80016380    00000020     sysbios.a64P : BIOS.obj (.text:_ti_sysbios_family_c64p_TimestampProvider_Module_startup__F)
                  800163a0    00000020                  : BIOS.obj (.text:_ti_sysbios_family_c64p_TimestampProvider_get64__E)
                  800163c0    00000020                  : c64p_Hwi_asm_switch.obj (.text:_ti_sysbios_family_xxx_Hwi_switchToTaskStack)
                  800163e0    00000020                  : BIOS.obj (.text:_ti_sysbios_gates_GateHwi_Instance_init__F)
                  80016400    00000020                  : BIOS.obj (.text:_ti_sysbios_gates_GateHwi_enter__E)
                  80016420    00000020                  : BIOS.obj (.text:_ti_sysbios_gates_GateHwi_leave__E)
                  80016440    00000020     hello_p64P.o64P (.text:_ti_sysbios_gates_GateHwi_query__E)
                  80016460    00000020     sysbios.a64P : BIOS.obj (.text:_ti_sysbios_gates_GateHwi_query__F)
                  80016480    00000020                  : BIOS.obj (.text:_ti_sysbios_gates_GateMutex_Instance_finalize__F)
                  800164a0    00000020     hello_p64P.o64P (.text:_ti_sysbios_gates_GateMutex_query__E)
                  800164c0    00000020     sysbios.a64P : BIOS.obj (.text:_ti_sysbios_gates_GateMutex_query__F)
                  800164e0    00000020     hello_p64P.o64P (.text:_ti_sysbios_hal_Hwi_HwiProxy_Module__startupDone__S)
                  80016500    00000020     hello_p64P.o64P (.text:_ti_sysbios_hal_Hwi_HwiProxy_clearInterrupt__E)
                  80016520    00000020     hello_p64P.o64P (.text:_ti_sysbios_hal_Hwi_HwiProxy_disableInterrupt__E)
                  80016540    00000020     hello_p64P.o64P (.text:_ti_sysbios_hal_Hwi_HwiProxy_enableInterrupt__E)
                  80016560    00000020     hello_p64P.o64P (.text:_ti_sysbios_hal_Hwi_HwiProxy_getStackInfo__E)
                  80016580    00000020     hello_p64P.o64P (.text:_ti_sysbios_hal_Hwi_HwiProxy_startup__E)
                  800165a0    00000020     hello_p64P.o64P (.text:_ti_sysbios_hal_Hwi_HwiProxy_switchFromBootStack__E)
                  800165c0    00000020     hello_p64P.o64P (.text:_ti_sysbios_hal_Hwi_Module_startup__E)
                  800165e0    00000020     sysbios.a64P : BIOS.obj (.text:_ti_sysbios_hal_Hwi_Module_startup__F)
                  80016600    00000020                  : BIOS.obj (.text:_ti_sysbios_hal_Hwi_startup__E)
                  80016620    00000020     hello_p64P.o64P (.text:_ti_sysbios_hal_Timer_Module__startupDone__S)
                  80016640    00000020     hello_p64P.o64P (.text:_ti_sysbios_hal_Timer_Module_startup__E)
                  80016660    00000020     sysbios.a64P : BIOS.obj (.text:_ti_sysbios_hal_Timer_Module_startup__F)
                  80016680    00000020     hello_p64P.o64P (.text:_ti_sysbios_hal_Timer_TimerProxy_Module__startupDone__S)
                  800166a0    00000020     hello_p64P.o64P (.text:_ti_sysbios_hal_Timer_TimerProxy_getPeriod__E)
                  800166c0    00000020     hello_p64P.o64P (.text:_ti_sysbios_hal_Timer_TimerProxy_startup__E)
                  800166e0    00000020     sysbios.a64P : BIOS.obj (.text:_ti_sysbios_hal_Timer_startup__E)
                  80016700    00000020     hello_p64P.o64P (.text:_ti_sysbios_heaps_HeapMem_Module_GateProxy_enter__E)
                  80016720    00000020     hello_p64P.o64P (.text:_ti_sysbios_heaps_HeapMem_Module_GateProxy_leave__E)
                  80016740    00000020     hello_p64P.o64P (.text:_ti_sysbios_heaps_HeapMem_Module_GateProxy_query__E)
                  80016760    00000020     sysbios.a64P : BIOS.obj (.text:_ti_sysbios_heaps_HeapMem_isBlocking__E)
                  80016780    00000020     hello_p64P.o64P (.text:_ti_sysbios_knl_Clock_Module_State_clockQ)
                  800167a0    00000020     hello_p64P.o64P (.text:_ti_sysbios_knl_Clock_Module_startup__E)
                  800167c0    00000020     sysbios.a64P : BIOS.obj (.text:_ti_sysbios_knl_Idle_loop__E)
                  800167e0    00000020                  : BIOS.obj (.text:_ti_sysbios_knl_Queue_Instance_init__F)
                  80016800    00000020                  : BIOS.obj (.text:_ti_sysbios_knl_Queue_empty__E)
                  80016820    00000020                  : BIOS.obj (.text:_ti_sysbios_knl_Semaphore_Instance_finalize__F)
                  80016840    00000020     hello_p64P.o64P (.text:_ti_sysbios_knl_Swi_Module_startup__E)
                  80016860    00000020     sysbios.a64P : BIOS.obj (.text:_ti_sysbios_knl_Swi_disable__E)
                  80016880    00000020     hello_p64P.o64P (.text:_ti_sysbios_knl_Task_Module_startup__E)
                  800168a0    00000020     hello_p64P.o64P (.text:_ti_sysbios_knl_Task_SupportProxy_Module__startupDone__S)
                  800168c0    00000020     hello_p64P.o64P (.text:_ti_sysbios_knl_Task_SupportProxy_checkStack__E)
                  800168e0    00000020     hello_p64P.o64P (.text:_ti_sysbios_knl_Task_SupportProxy_swap__E)
                  80016900    00000020     sysbios.a64P : BIOS.obj (.text:_ti_sysbios_knl_Task_disable__E)
                  80016920    00000020                  : BIOS.obj (.text:_ti_sysbios_knl_Task_startup__E)
                  80016940    00000020     hello_p64P.o64P (.text:_ti_sysbios_timers_timer64_Timer_Module__startupDone__S)
                  80016960    00000020     hello_p64P.o64P (.text:_ti_sysbios_timers_timer64_Timer_Module_startup__E)
                  80016980    00000020     hello_p64P.o64P (.text:_ti_sysbios_timers_timer64_Timer_TimerSupportProxy_enable__E)
                  800169a0    00000020     hello_p64P.o64P (.text:_xdc_iargToPtr)
                  800169c0    00000020     hello_p64P.o64P (.text:_xdc_runtime_Error_check__E)
                  800169e0    00000020     hello_p64P.o64P (.text:_xdc_runtime_Error_init__E)
                  80016a00    00000020     hello_p64P.o64P (.text:_xdc_runtime_Error_print__E)
                  80016a20    00000020     ti.targets.rts6000.a64P : Gate.o64P (.text:_xdc_runtime_Gate_enterSystem__F)
                  80016a40    00000020                             : Gate.o64P (.text:_xdc_runtime_Gate_leaveSystem__F)
                  80016a60    00000020     hello_p64P.o64P (.text:_xdc_runtime_LoggerBuf_Module_GateProxy_enter__E)
                  80016a80    00000020     hello_p64P.o64P (.text:_xdc_runtime_LoggerBuf_Module_GateProxy_leave__E)
                  80016aa0    00000020     hello_p64P.o64P (.text:_xdc_runtime_LoggerBuf_Module_startup__E)
                  80016ac0    00000020     hello_p64P.o64P (.text:_xdc_runtime_LoggerBuf_TimestampProxy_get64__E)
                  80016ae0    00000020     hello_p64P.o64P (.text:_xdc_runtime_LoggerBuf_disable__E)
                  80016b00    00000020     ti.targets.rts6000.a64P : LoggerBuf.o64P (.text:_xdc_runtime_LoggerBuf_disable__F)
                  80016b20    00000020     hello_p64P.o64P (.text:_xdc_runtime_LoggerBuf_enable__E)
                  80016b40    00000020     ti.targets.rts6000.a64P : LoggerBuf.o64P (.text:_xdc_runtime_LoggerBuf_enable__F)
                  80016b60    00000020     hello_p64P.o64P (.text:_xdc_runtime_LoggerBuf_getFilterLevel__E)
                  80016b80    00000020     ti.targets.rts6000.a64P : LoggerBuf.o64P (.text:_xdc_runtime_LoggerBuf_write1__F)
                  80016ba0    00000020                             : LoggerBuf.o64P (.text:_xdc_runtime_LoggerBuf_write2__F)
                  80016bc0    00000020     hello_p64P.o64P (.text:_xdc_runtime_Memory_HeapProxy_free__E)
                  80016be0    00000020     hello_p64P.o64P (.text:_xdc_runtime_Memory_free__E)
                  80016c00    00000020     hello_p64P.o64P (.text:_xdc_runtime_Startup_reset__I)
                  80016c20    00000020     hello_p64P.o64P (.text:_xdc_runtime_SysMin_Module_startup__E)
                  80016c40    00000020     hello_p64P.o64P (.text:_xdc_runtime_SysMin_abort__E)
                  80016c60    00000020     hello_p64P.o64P (.text:_xdc_runtime_SysMin_exit__E)
                  80016c80    00000020     hello_p64P.o64P (.text:_xdc_runtime_SysMin_putch__E)
                  80016ca0    00000020     hello_p64P.o64P (.text:_xdc_runtime_SysMin_ready__E)
                  80016cc0    00000020     ti.targets.rts6000.a64P : SysMin.o64P (.text:_xdc_runtime_SysMin_ready__F)
                  80016ce0    00000020     hello_p64P.o64P (.text:_xdc_runtime_System_Module_GateProxy_enter__E)
                  80016d00    00000020     hello_p64P.o64P (.text:_xdc_runtime_System_Module_GateProxy_leave__E)
                  80016d20    00000020     hello_p64P.o64P (.text:_xdc_runtime_System_Module_startup__E)
                  80016d40    00000020     ti.targets.rts6000.a64P : System.o64P (.text:_xdc_runtime_System_Module_startup__F)
                  80016d60    00000020     hello_p64P.o64P (.text:_xdc_runtime_System_SupportProxy_abort__E)
                  80016d80    00000020     hello_p64P.o64P (.text:_xdc_runtime_System_SupportProxy_exit__E)
                  80016da0    00000020     hello_p64P.o64P (.text:_xdc_runtime_System_SupportProxy_putch__E)
                  80016dc0    00000020     hello_p64P.o64P (.text:_xdc_runtime_System_SupportProxy_ready__E)
                  80016de0    00000020     hello_p64P.o64P (.text:_xdc_runtime_System_atexit__E)
                  80016e00    00000020     ti.targets.rts6000.a64P : System.o64P (.text:_xdc_runtime_System_exit__F)
                  80016e20    00000020                             : System.o64P (.text:_xdc_runtime_System_lastFxn__I)
                  80016e40    00000020                             : System.o64P (.text:_xdc_runtime_System_vsnprintf__F)
                  80016e60    00000020     hello_p64P.o64P (.text:_xdc_runtime_Text_putLab__E)
                  80016e80    00000020     hello_p64P.o64P (.text:_xdc_runtime_Text_putSite__E)

.far       0    80016ea0    00003af8     UNINITIALIZED
                  80016ea0    00002d08     hello_p64P.o64P (.far)
                  80019ba8    00000800     hello_p64P.o64P (.far:taskStackSection)
                  8001a3a8    00000324     rts64plus.lib : defs.obj (.far)
                  8001a6cc    00000004                   : errno.obj (.far)
                  8001a6d0    00000188                   : atexit.obj (.far)
                  8001a858    0000011c                   : lowlev.obj (.far)
                  8001a974    0000000c                   : exit.obj (.far)
                  8001a980    00000008                   : _lock.obj (.far)
                  8001a988    00000008                   : trgdrv.obj (.far)
                  8001a990    00000004                   : fopen.obj (.far)
                  8001a994    00000004                   : sinit.obj (.far)

.const     0    8001a998    000024bc     
                  8001a998    00001596     hello_p64P.o64P (.const:xdc_runtime_Text_charTab__A)
                  8001bf2e    00000002     rts64plus.lib : fputs.obj (.const:.string)
                  8001bf30    000004e4     sysbios.a64P : BIOS.obj (.const:.string)
                  8001c414    00000004     ti.targets.rts6000.a64P : Assert.o64P (.const:.string)
                  8001c418    00000101     rts64plus.lib : ctype.obj (.const:.string:__ctypes_)
                  8001c519    00000001     --HOLE-- [fill = 0]
                  8001c51a    00000002     hello_p64P.o64P (.const:ti_sysbios_BIOS_Module__id__C)
                  8001c51c    00000004     ti.targets.rts6000.a64P : Diags.o64P (.const:.string)
                  8001c520    000000c4     hello_p64P.o64P (.const:xdc_runtime_Text_nodeTab__A)
                  8001c5e4    00000058     ti.targets.rts6000.a64P : Error.o64P (.const:.string)
                  8001c63c    00000004     hello_p64P.o64P (.const:ti_sysbios_BIOS_Module__diagsEnabled__C)
                  8001c640    00000050     rts64plus.lib : strtod.obj (.const:_digits)
                  8001c690    00000050                   : strtold.obj (.const:_digits)
                  8001c6e0    00000048     hello_p64P.o64P (.const:.string)
                  8001c728    00000048     ti.targets.rts6000.a64P : Log.o64P (.const:.string)
                  8001c770    00000048     rts64plus.lib : strtod.obj (.const:_powerof10)
                  8001c7b8    00000048                   : strtold.obj (.const:_powerof10)
                  8001c800    00000044     Ejemplo_comienzo.obj (.const:.string)
                  8001c844    00000040     ti.targets.rts6000.a64P : Text.o64P (.const:.string)
                  8001c884    0000003c     hello_p64P.o64P (.const:xdc_runtime_LoggerBuf_Module__FXNS__C)
                  8001c8c0    00000034     hello_p64P.o64P (.const:xdc_runtime_Startup_sfxnTab__A)
                  8001c8f4    0000002c     ti.targets.rts6000.a64P : Startup.o64P (.const:.string)
                  8001c920    00000028     hello_p64P.o64P (.const:ti_sysbios_heaps_HeapMem_Module__FXNS__C)
                  8001c948    00000028     hello_p64P.o64P (.const:xdc_runtime_LoggerBuf_Object__PARAMS__C)
                  8001c970    00000024     hello_p64P.o64P (.const:ti_sysbios_gates_GateHwi_Module__FXNS__C)
                  8001c994    00000024     hello_p64P.o64P (.const:ti_sysbios_gates_GateMutex_Module__FXNS__C)
                  8001c9b8    00000024     hello_p64P.o64P (.const:ti_sysbios_heaps_HeapMem_Object__PARAMS__C)
                  8001c9dc    00000024     hello_p64P.o64P (.const:ti_sysbios_knl_Semaphore_Object__PARAMS__C)
                  8001ca00    00000023     rts64plus.lib : _printfi.obj (.const:.string)
                  8001ca23    00000001     --HOLE-- [fill = 0]
                  8001ca24    00000020     hello_p64P.o64P (.const:ti_sysbios_gates_GateHwi_Object__DESC__C)
                  8001ca44    00000020     hello_p64P.o64P (.const:ti_sysbios_gates_GateMutex_Object__DESC__C)
                  8001ca64    00000020     hello_p64P.o64P (.const:ti_sysbios_heaps_HeapMem_Object__DESC__C)
                  8001ca84    00000020     hello_p64P.o64P (.const:ti_sysbios_knl_Queue_Object__DESC__C)
                  8001caa4    00000020     hello_p64P.o64P (.const:ti_sysbios_knl_Semaphore_Object__DESC__C)
                  8001cac4    00000020     hello_p64P.o64P (.const:xdc_runtime_LoggerBuf_Object__DESC__C)
                  8001cae4    00000004     hello_p64P.o64P (.const:ti_sysbios_BIOS_Module__diagsIncluded__C)
                  8001cae8    0000001a     hello_p64P.o64P (.const:xdc_runtime_Startup_sfxnRts__A)
                  8001cb02    00000002     hello_p64P.o64P (.const:ti_sysbios_family_c64p_Exception_Module__id__C)
                  8001cb04    00000018     hello_p64P.o64P (.const:ti_sysbios_gates_GateHwi_Object__PARAMS__C)
                  8001cb1c    00000018     hello_p64P.o64P (.const:ti_sysbios_gates_GateMutex_Object__PARAMS__C)
                  8001cb34    00000018     hello_p64P.o64P (.const:ti_sysbios_knl_Queue_Object__PARAMS__C)
                  8001cb4c    00000004     hello_p64P.o64P (.const:ti_sysbios_BIOS_Module__diagsMask__C)
                  8001cb50    00000018     hello_p64P.o64P (.const:ti_sysbios_knl_Task_hooks__A)
                  8001cb68    00000011     ti.targets.rts6000.a64P : System.o64P (.const:_digtohex)
                  8001cb79    00000001     --HOLE-- [fill = 0]
                  8001cb7a    00000002     hello_p64P.o64P (.const:ti_sysbios_family_c64p_Exception_useInternalBuffer__C)
                  8001cb7c    0000000c     hello_p64P.o64P (.const:ti_sysbios_family_c64p_Cache_initSize__C)
                  8001cb88    00000008     rts64plus.lib : divd.obj (.const:.string:_initial_approx$1)
                  8001cb90    00000008     ti.targets.rts6000.a64P : System.o64P (.const:.string)
                  8001cb98    00000008     hello_p64P.o64P (.const:ti_sysbios_knl_Idle_coreList__C)
                  8001cba0    00000008     hello_p64P.o64P (.const:ti_sysbios_knl_Idle_funcList__C)
                  8001cba8    00000008     hello_p64P.o64P (.const:ti_sysbios_knl_Task_hooks__C)
                  8001cbb0    00000008     hello_p64P.o64P (.const:xdc_runtime_Startup_firstFxns__A)
                  8001cbb8    00000008     hello_p64P.o64P (.const:xdc_runtime_Startup_firstFxns__C)
                  8001cbc0    00000008     hello_p64P.o64P (.const:xdc_runtime_Startup_lastFxns__C)
                  8001cbc8    00000007     rts64plus.lib : _scanfi.obj (.const:.string:_flit$1)
                  8001cbcf    00000001     --HOLE-- [fill = 0]
                  8001cbd0    00000006                   : _scanfi.obj (.const:.string:_barr$2)
                  8001cbd6    00000002     hello_p64P.o64P (.const:ti_sysbios_family_c64p_Hwi_Module__id__C)
                  8001cbd8    00000004     hello_p64P.o64P (.const:ti_sysbios_BIOS_installedErrorHook__C)
                  8001cbdc    00000004     hello_p64P.o64P (.const:ti_sysbios_family_c64p_Cache_MAR0_31__C)
                  8001cbe0    00000004     hello_p64P.o64P (.const:ti_sysbios_family_c64p_Cache_MAR128_159__C)
                  8001cbe4    00000004     hello_p64P.o64P (.const:ti_sysbios_family_c64p_Cache_MAR160_191__C)
                  8001cbe8    00000004     hello_p64P.o64P (.const:ti_sysbios_family_c64p_Cache_MAR192_223__C)
                  8001cbec    00000004     hello_p64P.o64P (.const:ti_sysbios_family_c64p_Cache_MAR224_255__C)
                  8001cbf0    00000004     hello_p64P.o64P (.const:ti_sysbios_family_c64p_Cache_MAR32_63__C)
                  8001cbf4    00000004     hello_p64P.o64P (.const:ti_sysbios_family_c64p_Cache_MAR64_95__C)
                  8001cbf8    00000004     hello_p64P.o64P (.const:ti_sysbios_family_c64p_Cache_MAR96_127__C)
                  8001cbfc    00000004     hello_p64P.o64P (.const:ti_sysbios_family_c64p_Exception_E_exceptionMin__C)
                  8001cc00    00000004     hello_p64P.o64P (.const:ti_sysbios_family_c64p_Exception_exceptionHook__C)
                  8001cc04    00000004     hello_p64P.o64P (.const:ti_sysbios_family_c64p_Exception_externalHook__C)
                  8001cc08    00000004     hello_p64P.o64P (.const:ti_sysbios_family_c64p_Exception_internalHook__C)
                  8001cc0c    00000004     hello_p64P.o64P (.const:ti_sysbios_family_c64p_Exception_nmiHook__C)
                  8001cc10    00000004     hello_p64P.o64P (.const:ti_sysbios_family_c64p_Hwi_LD_end__C)
                  8001cc14    00000004     hello_p64P.o64P (.const:ti_sysbios_family_c64p_Hwi_LM_begin__C)
                  8001cc18    00000004     hello_p64P.o64P (.const:ti_sysbios_family_c64p_Hwi_Module__diagsEnabled__C)
                  8001cc1c    00000004     hello_p64P.o64P (.const:ti_sysbios_family_c64p_Hwi_Module__diagsIncluded__C)
                  8001cc20    00000004     hello_p64P.o64P (.const:ti_sysbios_family_c64p_Hwi_Module__diagsMask__C)
                  8001cc24    00000004     hello_p64P.o64P (.const:ti_sysbios_family_c64p_Hwi_Module__loggerFxn1__C)
                  8001cc28    00000004     hello_p64P.o64P (.const:ti_sysbios_family_c64p_Hwi_Module__loggerFxn8__C)
                  8001cc2c    00000004     hello_p64P.o64P (.const:ti_sysbios_family_c64p_Hwi_Module__loggerObj__C)
                  8001cc30    00000004     hello_p64P.o64P (.const:ti_sysbios_gates_GateMutex_A_badContext__C)
                  8001cc34    00000004     hello_p64P.o64P (.const:ti_sysbios_gates_GateMutex_Instance_State_sem__O)
                  8001cc38    00000004     hello_p64P.o64P (.const:ti_sysbios_gates_GateMutex_Module__diagsEnabled__C)
                  8001cc3c    00000004     hello_p64P.o64P (.const:ti_sysbios_gates_GateMutex_Module__diagsIncluded__C)
                  8001cc40    00000004     hello_p64P.o64P (.const:ti_sysbios_gates_GateMutex_Module__diagsMask__C)
                  8001cc44    00000004     hello_p64P.o64P (.const:ti_sysbios_hal_Hwi_E_stackOverflow__C)
                  8001cc48    00000004     hello_p64P.o64P (.const:ti_sysbios_heaps_HeapMem_A_align__C)
                  8001cc4c    00000004     hello_p64P.o64P (.const:ti_sysbios_heaps_HeapMem_A_heapSize__C)
                  8001cc50    00000004     hello_p64P.o64P (.const:ti_sysbios_heaps_HeapMem_A_invalidFree__C)
                  8001cc54    00000004     hello_p64P.o64P (.const:ti_sysbios_heaps_HeapMem_A_zeroBlock__C)
                  8001cc58    00000004     hello_p64P.o64P (.const:ti_sysbios_heaps_HeapMem_E_memory__C)
                  8001cc5c    00000004     hello_p64P.o64P (.const:ti_sysbios_heaps_HeapMem_Module__diagsEnabled__C)
                  8001cc60    00000004     hello_p64P.o64P (.const:ti_sysbios_heaps_HeapMem_Module__diagsIncluded__C)
                  8001cc64    00000004     hello_p64P.o64P (.const:ti_sysbios_heaps_HeapMem_Module__diagsMask__C)
                  8001cc68    00000004     hello_p64P.o64P (.const:ti_sysbios_heaps_HeapMem_Module__gateObj__C)
                  8001cc6c    00000004     hello_p64P.o64P (.const:ti_sysbios_heaps_HeapMem_Object__count__C)
                  8001cc70    00000004     hello_p64P.o64P (.const:ti_sysbios_heaps_HeapMem_Object__table__C)
                  8001cc74    00000004     hello_p64P.o64P (.const:ti_sysbios_heaps_HeapMem_reqAlign__C)
                  8001cc78    00000004     hello_p64P.o64P (.const:ti_sysbios_knl_Clock_LM_begin__C)
                  8001cc7c    00000004     hello_p64P.o64P (.const:ti_sysbios_knl_Clock_LM_tick__C)
                  8001cc80    00000004     hello_p64P.o64P (.const:ti_sysbios_knl_Clock_LW_delayed__C)
                  8001cc84    00000004     hello_p64P.o64P (.const:ti_sysbios_knl_Clock_Module_State_clockQ__O)
                  8001cc88    00000004     hello_p64P.o64P (.const:ti_sysbios_knl_Clock_Module__diagsEnabled__C)
                  8001cc8c    00000004     hello_p64P.o64P (.const:ti_sysbios_knl_Clock_Module__diagsIncluded__C)
                  8001cc90    00000004     hello_p64P.o64P (.const:ti_sysbios_knl_Clock_Module__diagsMask__C)
                  8001cc94    00000004     hello_p64P.o64P (.const:ti_sysbios_knl_Clock_Module__loggerFxn1__C)
                  8001cc98    00000004     hello_p64P.o64P (.const:ti_sysbios_knl_Clock_Module__loggerFxn2__C)
                  8001cc9c    00000004     hello_p64P.o64P (.const:ti_sysbios_knl_Clock_Module__loggerObj__C)
                  8001cca0    00000004     hello_p64P.o64P (.const:ti_sysbios_knl_Idle_coreList__A)
                  8001cca4    00000004     hello_p64P.o64P (.const:ti_sysbios_knl_Queue_Object__count__C)
                  8001cca8    00000004     hello_p64P.o64P (.const:ti_sysbios_knl_Idle_funcList__A)
                  8001ccac    00000004     hello_p64P.o64P (.const:ti_sysbios_knl_Queue_Object__table__C)
                  8001ccb0    00000004     hello_p64P.o64P (.const:ti_sysbios_knl_Semaphore_A_badContext__C)
                  8001ccb4    00000004     hello_p64P.o64P (.const:ti_sysbios_knl_Semaphore_A_noEvents__C)
                  8001ccb8    00000004     hello_p64P.o64P (.const:ti_sysbios_knl_Semaphore_A_overflow__C)
                  8001ccbc    00000004     hello_p64P.o64P (.const:ti_sysbios_knl_Semaphore_A_pendTaskDisabled__C)
                  8001ccc0    00000004     hello_p64P.o64P (.const:ti_sysbios_knl_Semaphore_Instance_State_pendQ__O)
                  8001ccc4    00000004     hello_p64P.o64P (.const:ti_sysbios_knl_Semaphore_LM_pend__C)
                  8001ccc8    00000004     hello_p64P.o64P (.const:ti_sysbios_knl_Semaphore_LM_post__C)
                  8001cccc    00000004     hello_p64P.o64P (.const:ti_sysbios_knl_Semaphore_Module__diagsEnabled__C)
                  8001ccd0    00000004     hello_p64P.o64P (.const:ti_sysbios_knl_Semaphore_Module__diagsIncluded__C)
                  8001ccd4    00000004     hello_p64P.o64P (.const:ti_sysbios_knl_Semaphore_Module__diagsMask__C)
                  8001ccd8    00000004     hello_p64P.o64P (.const:ti_sysbios_knl_Semaphore_Module__loggerFxn2__C)
                  8001ccdc    00000004     hello_p64P.o64P (.const:ti_sysbios_knl_Semaphore_Module__loggerFxn4__C)
                  8001cce0    00000004     hello_p64P.o64P (.const:ti_sysbios_knl_Semaphore_Module__loggerObj__C)
                  8001cce4    00000004     hello_p64P.o64P (.const:ti_sysbios_knl_Swi_LD_end__C)
                  8001cce8    00000004     hello_p64P.o64P (.const:ti_sysbios_knl_Swi_LM_begin__C)
                  8001ccec    00000004     hello_p64P.o64P (.const:ti_sysbios_knl_Swi_LM_post__C)
                  8001ccf0    00000004     hello_p64P.o64P (.const:ti_sysbios_knl_Swi_Module__diagsEnabled__C)
                  8001ccf4    00000004     hello_p64P.o64P (.const:ti_sysbios_knl_Swi_Module__diagsIncluded__C)
                  8001ccf8    00000004     hello_p64P.o64P (.const:ti_sysbios_knl_Swi_Module__diagsMask__C)
                  8001ccfc    00000004     hello_p64P.o64P (.const:ti_sysbios_knl_Swi_Module__loggerFxn1__C)
                  8001cd00    00000004     hello_p64P.o64P (.const:ti_sysbios_knl_Swi_Module__loggerFxn4__C)
                  8001cd04    00000004     hello_p64P.o64P (.const:ti_sysbios_knl_Swi_Module__loggerObj__C)
                  8001cd08    00000004     hello_p64P.o64P (.const:ti_sysbios_knl_Swi_Object__count__C)
                  8001cd0c    00000004     hello_p64P.o64P (.const:ti_sysbios_knl_Swi_Object__table__C)
                  8001cd10    00000004     hello_p64P.o64P (.const:ti_sysbios_knl_Task_E_spOutOfBounds__C)
                  8001cd14    00000004     hello_p64P.o64P (.const:ti_sysbios_knl_Task_E_stackOverflow__C)
                  8001cd18    00000004     hello_p64P.o64P (.const:ti_sysbios_knl_Task_LD_block__C)
                  8001cd1c    00000004     hello_p64P.o64P (.const:ti_sysbios_knl_Task_LD_exit__C)
                  8001cd20    00000004     hello_p64P.o64P (.const:ti_sysbios_knl_Task_LD_ready__C)
                  8001cd24    00000004     hello_p64P.o64P (.const:ti_sysbios_knl_Task_LM_switch__C)
                  8001cd28    00000004     hello_p64P.o64P (.const:ti_sysbios_knl_Task_Module_State_inactiveQ__O)
                  8001cd2c    00000004     hello_p64P.o64P (.const:ti_sysbios_knl_Task_Module__diagsEnabled__C)
                  8001cd30    00000004     hello_p64P.o64P (.const:ti_sysbios_knl_Task_Module__diagsIncluded__C)
                  8001cd34    00000004     hello_p64P.o64P (.const:ti_sysbios_knl_Task_Module__diagsMask__C)
                  8001cd38    00000004     hello_p64P.o64P (.const:ti_sysbios_knl_Task_Module__loggerFxn2__C)
                  8001cd3c    00000004     hello_p64P.o64P (.const:ti_sysbios_knl_Task_Module__loggerFxn4__C)
                  8001cd40    00000004     hello_p64P.o64P (.const:ti_sysbios_knl_Task_Module__loggerObj__C)
                  8001cd44    00000004     hello_p64P.o64P (.const:ti_sysbios_knl_Task_Object__count__C)
                  8001cd48    00000004     hello_p64P.o64P (.const:ti_sysbios_knl_Task_Object__table__C)
                  8001cd4c    00000004     hello_p64P.o64P (.const:ti_sysbios_knl_Task_allBlockedFunc__C)
                  8001cd50    00000004     hello_p64P.o64P (.const:ti_sysbios_knl_Task_numConstructedTasks__C)
                  8001cd54    00000004     hello_p64P.o64P (.const:ti_sysbios_timers_timer64_Timer_A_notAvailable__C)
                  8001cd58    00000004     hello_p64P.o64P (.const:ti_sysbios_timers_timer64_Timer_E_cannotSupport__C)
                  8001cd5c    00000004     hello_p64P.o64P (.const:ti_sysbios_timers_timer64_Timer_Module__diagsEnabled__C)
                  8001cd60    00000004     hello_p64P.o64P (.const:ti_sysbios_timers_timer64_Timer_Module__diagsIncluded__C)
                  8001cd64    00000004     hello_p64P.o64P (.const:ti_sysbios_timers_timer64_Timer_Module__diagsMask__C)
                  8001cd68    00000004     hello_p64P.o64P (.const:ti_sysbios_timers_timer64_Timer_anyMask__C)
                  8001cd6c    00000004     hello_p64P.o64P (.const:ti_sysbios_timers_timer64_Timer_freqDivisor__C)
                  8001cd70    00000004     hello_p64P.o64P (.const:ti_sysbios_timers_timer64_Timer_numLocalTimers__C)
                  8001cd74    00000004     hello_p64P.o64P (.const:ti_sysbios_timers_timer64_Timer_numTimerDevices__C)
                  8001cd78    00000004     hello_p64P.o64P (.const:xdc_runtime_Assert_E_assertFailed__C)
                  8001cd7c    00000004     hello_p64P.o64P (.const:xdc_runtime_Core_A_initializedParams__C)
                  8001cd80    00000004     hello_p64P.o64P (.const:xdc_runtime_Core_Module__diagsEnabled__C)
                  8001cd84    00000004     hello_p64P.o64P (.const:xdc_runtime_Core_Module__diagsIncluded__C)
                  8001cd88    00000004     hello_p64P.o64P (.const:xdc_runtime_Core_Module__diagsMask__C)
                  8001cd8c    00000004     hello_p64P.o64P (.const:xdc_runtime_Error_E_memory__C)
                  8001cd90    00000004     hello_p64P.o64P (.const:xdc_runtime_Error_Module__diagsEnabled__C)
                  8001cd94    00000004     hello_p64P.o64P (.const:xdc_runtime_Error_Module__diagsIncluded__C)
                  8001cd98    00000004     hello_p64P.o64P (.const:xdc_runtime_Error_Module__diagsMask__C)
                  8001cd9c    00000004     hello_p64P.o64P (.const:xdc_runtime_Error_Module__loggerFxn8__C)
                  8001cda0    00000004     hello_p64P.o64P (.const:xdc_runtime_Error_Module__loggerObj__C)
                  8001cda4    00000004     hello_p64P.o64P (.const:xdc_runtime_Error_policy__C)
                  8001cda8    00000004     hello_p64P.o64P (.const:xdc_runtime_Error_raiseHook__C)
                  8001cdac    00000004     hello_p64P.o64P (.const:xdc_runtime_IFilterLogger_Interface__BASE__C)
                  8001cdb0    00000004     hello_p64P.o64P (.const:xdc_runtime_IGateProvider_Interface__BASE__C)
                  8001cdb4    00000004     hello_p64P.o64P (.const:xdc_runtime_IHeap_Interface__BASE__C)
                  8001cdb8    00000004     hello_p64P.o64P (.const:xdc_runtime_ILogger_Interface__BASE__C)
                  8001cdbc    00000004     hello_p64P.o64P (.const:xdc_runtime_IModule_Interface__BASE__C)
                  8001cdc0    00000004     hello_p64P.o64P (.const:xdc_runtime_Log_L_error__C)
                  8001cdc4    00000004     hello_p64P.o64P (.const:xdc_runtime_LoggerBuf_E_badLevel__C)
                  8001cdc8    00000004     hello_p64P.o64P (.const:xdc_runtime_LoggerBuf_Module__gateObj__C)
                  8001cdcc    00000004     hello_p64P.o64P (.const:xdc_runtime_LoggerBuf_Object__count__C)
                  8001cdd0    00000004     hello_p64P.o64P (.const:xdc_runtime_LoggerBuf_Object__table__C)
                  8001cdd4    00000004     hello_p64P.o64P (.const:xdc_runtime_LoggerBuf_statusLogger__C)
                  8001cdd8    00000004     hello_p64P.o64P (.const:xdc_runtime_Memory_defaultHeapInstance__C)
                  8001cddc    00000004     hello_p64P.o64P (.const:xdc_runtime_Startup_execImpl__C)
                  8001cde0    00000004     hello_p64P.o64P (.const:xdc_runtime_Startup_lastFxns__A)
                  8001cde4    00000004     hello_p64P.o64P (.const:xdc_runtime_Startup_maxPasses__C)
                  8001cde8    00000004     hello_p64P.o64P (.const:xdc_runtime_Startup_sfxnRts__C)
                  8001cdec    00000004     hello_p64P.o64P (.const:xdc_runtime_Startup_sfxnTab__C)
                  8001cdf0    00000004     hello_p64P.o64P (.const:xdc_runtime_Startup_startModsFxn__C)
                  8001cdf4    00000004     hello_p64P.o64P (.const:xdc_runtime_SysMin_bufSize__C)
                  8001cdf8    00000004     hello_p64P.o64P (.const:xdc_runtime_SysMin_outputFunc__C)
                  8001cdfc    00000004     hello_p64P.o64P (.const:xdc_runtime_System_Module__gateObj__C)
                  8001ce00    00000004     hello_p64P.o64P (.const:xdc_runtime_System_extendFxn__C)
                  8001ce04    00000004     hello_p64P.o64P (.const:xdc_runtime_System_maxAtexitHandlers__C)
                  8001ce08    00000004     hello_p64P.o64P (.const:xdc_runtime_Text_charTab__C)
                  8001ce0c    00000004     hello_p64P.o64P (.const:xdc_runtime_Text_nameEmpty__C)
                  8001ce10    00000004     hello_p64P.o64P (.const:xdc_runtime_Text_nameStatic__C)
                  8001ce14    00000004     hello_p64P.o64P (.const:xdc_runtime_Text_nameUnknown__C)
                  8001ce18    00000004     hello_p64P.o64P (.const:xdc_runtime_Text_nodeTab__C)
                  8001ce1c    00000004     hello_p64P.o64P (.const:xdc_runtime_Text_visitRopeFxn__C)
                  8001ce20    00000002     hello_p64P.o64P (.const:ti_sysbios_family_c64p_Hwi_Module__loggerDefined__C)
                  8001ce22    00000002     hello_p64P.o64P (.const:ti_sysbios_gates_GateMutex_Module__id__C)
                  8001ce24    00000002     hello_p64P.o64P (.const:ti_sysbios_hal_Hwi_Module__id__C)
                  8001ce26    00000002     hello_p64P.o64P (.const:ti_sysbios_heaps_HeapMem_Module__id__C)
                  8001ce28    00000002     hello_p64P.o64P (.const:ti_sysbios_knl_Clock_Module__id__C)
                  8001ce2a    00000002     hello_p64P.o64P (.const:ti_sysbios_knl_Clock_Module__loggerDefined__C)
                  8001ce2c    00000002     hello_p64P.o64P (.const:ti_sysbios_knl_Semaphore_Module__id__C)
                  8001ce2e    00000002     hello_p64P.o64P (.const:ti_sysbios_knl_Semaphore_Module__loggerDefined__C)
                  8001ce30    00000002     hello_p64P.o64P (.const:ti_sysbios_knl_Swi_Module__id__C)
                  8001ce32    00000002     hello_p64P.o64P (.const:ti_sysbios_knl_Swi_Module__loggerDefined__C)
                  8001ce34    00000002     hello_p64P.o64P (.const:ti_sysbios_knl_Task_Module__id__C)
                  8001ce36    00000002     hello_p64P.o64P (.const:ti_sysbios_knl_Task_Module__loggerDefined__C)
                  8001ce38    00000002     hello_p64P.o64P (.const:ti_sysbios_knl_Task_initStackFlag__C)
                  8001ce3a    00000002     hello_p64P.o64P (.const:ti_sysbios_timers_timer64_Timer_Module__id__C)
                  8001ce3c    00000002     hello_p64P.o64P (.const:ti_sysbios_timers_timer64_Timer_startupNeeded__C)
                  8001ce3e    00000002     hello_p64P.o64P (.const:xdc_runtime_Core_Module__id__C)
                  8001ce40    00000002     hello_p64P.o64P (.const:xdc_runtime_Error_Module__loggerDefined__C)
                  8001ce42    00000002     hello_p64P.o64P (.const:xdc_runtime_Error_maxDepth__C)
                  8001ce44    00000002     hello_p64P.o64P (.const:xdc_runtime_LoggerBuf_Module__id__C)
                  8001ce46    00000002     hello_p64P.o64P (.const:xdc_runtime_LoggerBuf_filterByLevel__C)
                  8001ce48    00000002     hello_p64P.o64P (.const:xdc_runtime_Memory_Module__id__C)
                  8001ce4a    00000002     hello_p64P.o64P (.const:xdc_runtime_SysMin_flushAtExit__C)
                  8001ce4c    00000002     hello_p64P.o64P (.const:xdc_runtime_Text_charCnt__C)
                  8001ce4e    00000002     hello_p64P.o64P (.const:xdc_runtime_Text_isLoaded__C)
                  8001ce50    00000002     hello_p64P.o64P (.const:xdc_runtime_Text_registryModsLastId__C)
                  8001ce52    00000002     hello_p64P.o64P (.const:xdc_runtime_Text_unnamedModsLastId__C)

.stack     0    8001ce58    00001000     UNINITIALIZED
                  8001ce58    00000008     boot.a64P : boot.o64P (.stack)
                  8001ce60    00000ff8     --HOLE--

.cinit     0    8001de58    00000804     
                  8001de58    0000069c     hello_p64P.o64P (.cinit)
                  8001e4f4    00000004     --HOLE-- [fill = 0]
                  8001e4f8    0000005c     rts64plus.lib : defs.obj (.cinit)
                  8001e554    00000004     --HOLE-- [fill = 0]
                  8001e558    0000005c                   : lowlev.obj (.cinit)
                  8001e5b4    00000004     --HOLE-- [fill = 0]
                  8001e5b8    0000002c                   : exit.obj (.cinit)
                  8001e5e4    00000004     --HOLE-- [fill = 0]
                  8001e5e8    0000001c                   : _lock.obj (.cinit)
                  8001e604    00000004     --HOLE-- [fill = 0]
                  8001e608    0000001c                   : atexit.obj (.cinit)
                  8001e624    00000004     --HOLE-- [fill = 0]
                  8001e628    0000000c                   : errno.obj (.cinit)
                  8001e634    00000004     --HOLE-- [fill = 0]
                  8001e638    0000000c                   : fopen.obj (.cinit)
                  8001e644    00000004     --HOLE-- [fill = 0]
                  8001e648    0000000c                   : sinit.obj (.cinit)
                  8001e654    00000004     --HOLE-- [fill = 0]
                  8001e658    00000004     (.pad.cinit) [fill = 0]

.cio       0    8001e660    00000120     UNINITIALIZED
                  8001e660    00000120     rts64plus.lib : trgmsg.obj (.cio)

.switch    0    8001e780    00000028     
                  8001e780    00000028     rts64plus.lib : _scanfi.obj (.switch:__sset_arg)

.vecs      0    8001e800    00000200     
                  8001e800    00000200     hello_p64P.o64P (.vecs)


GLOBAL SYMBOLS: SORTED ALPHABETICALLY BY Name 

address    name
--------   ----
80000000   $bss
80000000   .bss
ffffffff   .data
ffffffff   .text
80016120   C$$EXIT
80015118   C$$IO$$
800127a0   _HOSTclose
80010640   _HOSTlseek
80011140   _HOSTopen
80011ae0   _HOSTread
8000e7e0   _HOSTrename
80011ba0   _HOSTunlink
80011c60   _HOSTwrite
80019940   _TSK_idle
8001e660   __CIOBUF_
8001de58   __STACK_END
00001000   __STACK_SIZE
00000001   __TI_args_main
80000000   ___ASM__
80000068   ___ISA__
80000080   ___PLAT__
800000a8   ___TARG__
8001a97c   ___TI_enable_exit_profile_output
ffffffff   ___TI_pprof_out_hndl
ffffffff   ___TI_prof_data_size
ffffffff   ___TI_prof_data_start
800000c8   ___TRDR__
80015480   ___add_dtor
8001a6d0   ___atexit_func_id__
ffffffff   ___binit__
80000000   ___bss__
ffffffff   ___c_args__
8001de58   ___cinit__
ffffffff   ___data__
ffffffff   ___edata__
80000000   ___end__
ffffffff   ___etext__
800154c0   ___isinf
ffffffff   ___pinit__
ffffffff   ___text__
80015fc0   ___xdc__init
80019ba4   ___xdc__init__addr
8000c7a0   __addd
80009080   __addf
80015540   __args_main
80010740   __auto_init
8000fc20   __buff_read
80011de0   __c6xabi_divu
80012ca0   __c6xabi_remu
80012840   __cleanup
8001a974   __cleanup_ptr
8000fd40   __closefile
80011220   __cmpd
8001c418   __ctypes_
800128e0   __cvtdf
800147c0   __cvtfd
80003ce0   __divd
80012980   __divli
80011de0   __divu
8000dc80   __divul
8000a8a0   __divull
80011ea0   __doflush
8001a978   __dtors_ptr
800139c0   __fixdi
80012b60   __fixdli
80013a40   __fltlid
8000c9a0   __frcaddd
80010840   __frcmpyd
80015580   __frcmpyd_div
80014820   __frcmpyf
8001a6c8   __ft_end
8001a3a8   __ftable
80013ac0   __llshl
800155c0   __llshru
8001a980   __lock
8000ab00   __mpyd
8000cba0   __mpyf
80015600   __negd
80016000   __negll
80016020   __nop
800062c0   __printfi
80011f60   __rd_ok
800160c0   __register_lock
800160e0   __register_unlock
80015640   __remli
80012ca0   __remu
80015680   __remul
80014880   __remull
80013b40   __renormd
80000000   __scanfi
8001ce58   __stack
800148e0   __subcull
800156c0   __subd
8001a588   __tmpnams
8001a984   __unlock
80010940   __wrt_ok
80016120   _abort
00000000   _argsize
80012020   _atexit
80016140   _atof
80011300   _atoi
80012d40   _c_int00
80007340   _calculate
800073e0   _calculateOne
80010a40   _call_dtors
800113e0   _close
8001a994   _dtors
8001a6cc   _errno
800120e0   _exit
80014940   _fclose
8000f220   _fgetc
80016160   _fgets
800149a0   _fopen
80010b40   _fprintf
8000bae0   _fputc
800076e0   _fputs
80014a00   _free
800114c0   _fscanf
800102e0   _fseek
8000f220   _getc
80012e80   _lseek
800121a0   _ltoa
80007430   _main
80012f20   _malloc
80014a60   _memccpy
80012fc0   _memcpy
800115a0   _memset
8000eae0   _open
80011680   _printf
8000bae0   _putc
80013060   _read
80013bc0   _readmsg
80016180   _remove
8000cfa0   _setvbuf
80004220   _strtod
800055a0   _strtol
80004740   _strtold
80005a00   _strtoll
80006b40   _strtoul
80006f40   _strtoull
8001c63c   _ti_sysbios_BIOS_Module__diagsEnabled__C
8001cae4   _ti_sysbios_BIOS_Module__diagsIncluded__C
8001cb4c   _ti_sysbios_BIOS_Module__diagsMask__C
8001c51a   _ti_sysbios_BIOS_Module__id__C
800196a8   _ti_sysbios_BIOS_Module__state__V
800161a0   _ti_sysbios_BIOS_RtsGateProxy_enter__E
800161c0   _ti_sysbios_BIOS_RtsGateProxy_leave__E
80012260   _ti_sysbios_BIOS_errorRaiseHook__I
80013c40   _ti_sysbios_BIOS_exitFunc__I
8001cbd8   _ti_sysbios_BIOS_installedErrorHook__C
800161e0   _ti_sysbios_BIOS_nullFunc__I
80014b20   _ti_sysbios_BIOS_registerRTSLock__I
80015700   _ti_sysbios_BIOS_rtsLock__I
8000f0c0   _ti_sysbios_BIOS_rtsUnlock__I
80016200   _ti_sysbios_BIOS_setThreadType__E
80015740   _ti_sysbios_BIOS_startFunc__I
80016220   _ti_sysbios_family_c62_TaskSupport_Module__startupDone__S
80015780   _ti_sysbios_family_c62_TaskSupport_buildTaskStack
80016240   _ti_sysbios_family_c62_TaskSupport_checkStack__E
80016260   _ti_sysbios_family_c62_TaskSupport_glue
80013cc0   _ti_sysbios_family_c62_TaskSupport_start__E
80013d40   _ti_sysbios_family_c62_TaskSupport_swap__E
8001cbdc   _ti_sysbios_family_c64p_Cache_MAR0_31__C
8001cbe0   _ti_sysbios_family_c64p_Cache_MAR128_159__C
8001cbe4   _ti_sysbios_family_c64p_Cache_MAR160_191__C
8001cbe8   _ti_sysbios_family_c64p_Cache_MAR192_223__C
8001cbec   _ti_sysbios_family_c64p_Cache_MAR224_255__C
8001cbf0   _ti_sysbios_family_c64p_Cache_MAR32_63__C
8001cbf4   _ti_sysbios_family_c64p_Cache_MAR64_95__C
8001cbf8   _ti_sysbios_family_c64p_Cache_MAR96_127__C
800196c8   _ti_sysbios_family_c64p_Cache_Module__state__V
80016280   _ti_sysbios_family_c64p_Cache_Module_startup__E
8000a120   _ti_sysbios_family_c64p_Cache_Module_startup__F
8001cb7c   _ti_sysbios_family_c64p_Cache_initSize__C
80014b80   _ti_sysbios_family_c64p_Cache_setMar__E
8001cbfc   _ti_sysbios_family_c64p_Exception_E_exceptionMin__C
8001cb02   _ti_sysbios_family_c64p_Exception_Module__id__C
800196cc   _ti_sysbios_family_c64p_Exception_Module__state__V
800162a0   _ti_sysbios_family_c64p_Exception_Module_startup__E
80013100   _ti_sysbios_family_c64p_Exception_Module_startup__F
8000ede0   _ti_sysbios_family_c64p_Exception_dispatch__E
8001cc00   _ti_sysbios_family_c64p_Exception_exceptionHook__C
8001cc04   _ti_sysbios_family_c64p_Exception_externalHook__C
800011e0   _ti_sysbios_family_c64p_Exception_handler__I
8000b200   _ti_sysbios_family_c64p_Exception_internalHandler__I
8001cc08   _ti_sysbios_family_c64p_Exception_internalHook__C
8001cc0c   _ti_sysbios_family_c64p_Exception_nmiHook__C
8001cb7a   _ti_sysbios_family_c64p_Exception_useInternalBuffer__C
8001e800   _ti_sysbios_family_c64p_Hwi0
8001cc10   _ti_sysbios_family_c64p_Hwi_LD_end__C
8001cc14   _ti_sysbios_family_c64p_Hwi_LM_begin__C
8001cc18   _ti_sysbios_family_c64p_Hwi_Module__diagsEnabled__C
8001cc1c   _ti_sysbios_family_c64p_Hwi_Module__diagsIncluded__C
8001cc20   _ti_sysbios_family_c64p_Hwi_Module__diagsMask__C
8001cbd6   _ti_sysbios_family_c64p_Hwi_Module__id__C
8001ce20   _ti_sysbios_family_c64p_Hwi_Module__loggerDefined__C
8001cc24   _ti_sysbios_family_c64p_Hwi_Module__loggerFxn1__C
8001cc28   _ti_sysbios_family_c64p_Hwi_Module__loggerFxn8__C
8001cc2c   _ti_sysbios_family_c64p_Hwi_Module__loggerObj__C
800196fc   _ti_sysbios_family_c64p_Hwi_Module__root__V
800157c0   _ti_sysbios_family_c64p_Hwi_Module__startupDone__F
800162c0   _ti_sysbios_family_c64p_Hwi_Module__startupDone__S
80019720   _ti_sysbios_family_c64p_Hwi_Module__state__V
800162e0   _ti_sysbios_family_c64p_Hwi_Module_startup__E
8000f4a0   _ti_sysbios_family_c64p_Hwi_Module_startup__F
80019708   _ti_sysbios_family_c64p_Hwi_Object__table__V
80016300   _ti_sysbios_family_c64p_Hwi_clearInterrupt__E
80015800   _ti_sysbios_family_c64p_Hwi_disableInterrupt__E
8000d1a0   _ti_sysbios_family_c64p_Hwi_dispatchAlways
80008d80   _ti_sysbios_family_c64p_Hwi_dispatchC__I
80015840   _ti_sysbios_family_c64p_Hwi_enableInterrupt__E
800131a0   _ti_sysbios_family_c64p_Hwi_getStackInfo__E
8001e800   _ti_sysbios_family_c64p_Hwi_int0
8001e820   _ti_sysbios_family_c64p_Hwi_int1
8001e940   _ti_sysbios_family_c64p_Hwi_int10
8001e960   _ti_sysbios_family_c64p_Hwi_int11
8001e980   _ti_sysbios_family_c64p_Hwi_int12
8001e9a0   _ti_sysbios_family_c64p_Hwi_int13
8001e9c0   _ti_sysbios_family_c64p_Hwi_int14
8001e9e0   _ti_sysbios_family_c64p_Hwi_int15
8001e840   _ti_sysbios_family_c64p_Hwi_int2
8001e860   _ti_sysbios_family_c64p_Hwi_int3
8001e880   _ti_sysbios_family_c64p_Hwi_int4
8001e8a0   _ti_sysbios_family_c64p_Hwi_int5
8001e8c0   _ti_sysbios_family_c64p_Hwi_int6
8001e8e0   _ti_sysbios_family_c64p_Hwi_int7
8001e900   _ti_sysbios_family_c64p_Hwi_int8
8001e920   _ti_sysbios_family_c64p_Hwi_int9
80016320   _ti_sysbios_family_c64p_Hwi_startup__E
80016340   _ti_sysbios_family_c64p_Hwi_switchFromBootStack__E
80016360   _ti_sysbios_family_c64p_TimestampProvider_Module_startup__E
80016380   _ti_sysbios_family_c64p_TimestampProvider_Module_startup__F
800163a0   _ti_sysbios_family_c64p_TimestampProvider_get64__E
80015880   _ti_sysbios_family_c64p_tci6482_TimerSupport_enable__E
800158c0   _ti_sysbios_family_xxx_Hwi_switchToIsrStack
800163c0   _ti_sysbios_family_xxx_Hwi_switchToTaskStack
80014be0   _ti_sysbios_gates_GateHwi_Handle__label__S
800163e0   _ti_sysbios_gates_GateHwi_Instance_init__F
8001c970   _ti_sysbios_gates_GateHwi_Module__FXNS__C
80019788   _ti_sysbios_gates_GateHwi_Module__root__V
8001ca24   _ti_sysbios_gates_GateHwi_Object__DESC__C
8001cb04   _ti_sysbios_gates_GateHwi_Object__PARAMS__C
80013dc0   _ti_sysbios_gates_GateHwi_Object__create__S
80014c40   _ti_sysbios_gates_GateHwi_Object__delete__S
80019790   _ti_sysbios_gates_GateHwi_Object__table__V
80016400   _ti_sysbios_gates_GateHwi_enter__E
80016420   _ti_sysbios_gates_GateHwi_leave__E
80016440   _ti_sysbios_gates_GateHwi_query__E
80016460   _ti_sysbios_gates_GateHwi_query__F
8001cc30   _ti_sysbios_gates_GateMutex_A_badContext__C
80014ca0   _ti_sysbios_gates_GateMutex_Handle__label__S
8001cc34   _ti_sysbios_gates_GateMutex_Instance_State_sem__O
80016480   _ti_sysbios_gates_GateMutex_Instance_finalize__F
80014d00   _ti_sysbios_gates_GateMutex_Instance_init__F
8001c994   _ti_sysbios_gates_GateMutex_Module__FXNS__C
8001cc38   _ti_sysbios_gates_GateMutex_Module__diagsEnabled__C
8001cc3c   _ti_sysbios_gates_GateMutex_Module__diagsIncluded__C
8001cc40   _ti_sysbios_gates_GateMutex_Module__diagsMask__C
8001ce22   _ti_sysbios_gates_GateMutex_Module__id__C
80019794   _ti_sysbios_gates_GateMutex_Module__root__V
8001ca44   _ti_sysbios_gates_GateMutex_Object__DESC__C
8001cb1c   _ti_sysbios_gates_GateMutex_Object__PARAMS__C
80013e40   _ti_sysbios_gates_GateMutex_Object__create__S
80014d60   _ti_sysbios_gates_GateMutex_Object__delete__S
800197a0   _ti_sysbios_gates_GateMutex_Object__table__V
8000dfc0   _ti_sysbios_gates_GateMutex_enter__E
80015900   _ti_sysbios_gates_GateMutex_leave__E
800164a0   _ti_sysbios_gates_GateMutex_query__E
800164c0   _ti_sysbios_gates_GateMutex_query__F
8001cc44   _ti_sysbios_hal_Hwi_E_stackOverflow__C
800164e0   _ti_sysbios_hal_Hwi_HwiProxy_Module__startupDone__S
80016500   _ti_sysbios_hal_Hwi_HwiProxy_clearInterrupt__E
80016520   _ti_sysbios_hal_Hwi_HwiProxy_disableInterrupt__E
80016540   _ti_sysbios_hal_Hwi_HwiProxy_enableInterrupt__E
80016560   _ti_sysbios_hal_Hwi_HwiProxy_getStackInfo__E
80016580   _ti_sysbios_hal_Hwi_HwiProxy_startup__E
800165a0   _ti_sysbios_hal_Hwi_HwiProxy_switchFromBootStack__E
8001ce24   _ti_sysbios_hal_Hwi_Module__id__C
800197e0   _ti_sysbios_hal_Hwi_Module__root__V
800165c0   _ti_sysbios_hal_Hwi_Module_startup__E
800165e0   _ti_sysbios_hal_Hwi_Module_startup__F
800197e8   _ti_sysbios_hal_Hwi_Object__table__V
800146c0   _ti_sysbios_hal_Hwi_checkStack
80014740   _ti_sysbios_hal_Hwi_initStack
[...]
800162a0   _ti_sysbios_family_c64p_Exception_Module_startup__E
800162c0   _ti_sysbios_family_c64p_Hwi_Module__startupDone__S
800162e0   _ti_sysbios_family_c64p_Hwi_Module_startup__E
80016300   _ti_sysbios_family_c64p_Hwi_clearInterrupt__E
80016320   _ti_sysbios_family_c64p_Hwi_startup__E
80016340   _ti_sysbios_family_c64p_Hwi_switchFromBootStack__E
80016360   _ti_sysbios_family_c64p_TimestampProvider_Module_startup__E
80016380   _ti_sysbios_family_c64p_TimestampProvider_Module_startup__F
800163a0   _ti_sysbios_family_c64p_TimestampProvider_get64__E
800163c0   _ti_sysbios_family_xxx_Hwi_switchToTaskStack
800163e0   _ti_sysbios_gates_GateHwi_Instance_init__F
80016400   _ti_sysbios_gates_GateHwi_enter__E
80016420   _ti_sysbios_gates_GateHwi_leave__E
80016440   _ti_sysbios_gates_GateHwi_query__E
80016460   _ti_sysbios_gates_GateHwi_query__F
80016480   _ti_sysbios_gates_GateMutex_Instance_finalize__F
800164a0   _ti_sysbios_gates_GateMutex_query__E
800164c0   _ti_sysbios_gates_GateMutex_query__F
800164e0   _ti_sysbios_hal_Hwi_HwiProxy_Module__startupDone__S
80016500   _ti_sysbios_hal_Hwi_HwiProxy_clearInterrupt__E
80016520   _ti_sysbios_hal_Hwi_HwiProxy_disableInterrupt__E
80016540   _ti_sysbios_hal_Hwi_HwiProxy_enableInterrupt__E
80016560   _ti_sysbios_hal_Hwi_HwiProxy_getStackInfo__E
80016580   _ti_sysbios_hal_Hwi_HwiProxy_startup__E
800165a0   _ti_sysbios_hal_Hwi_HwiProxy_switchFromBootStack__E
800165c0   _ti_sysbios_hal_Hwi_Module_startup__E
800165e0   _ti_sysbios_hal_Hwi_Module_startup__F
80016600   _ti_sysbios_hal_Hwi_startup__E
80016620   _ti_sysbios_hal_Timer_Module__startupDone__S
80016640   _ti_sysbios_hal_Timer_Module_startup__E
80016660   _ti_sysbios_hal_Timer_Module_startup__F
80016680   _ti_sysbios_hal_Timer_TimerProxy_Module__startupDone__S
800166a0   _ti_sysbios_hal_Timer_TimerProxy_getPeriod__E
800166c0   _ti_sysbios_hal_Timer_TimerProxy_startup__E
800166e0   _ti_sysbios_hal_Timer_startup__E
80016700   _ti_sysbios_heaps_HeapMem_Module_GateProxy_enter__E
80016720   _ti_sysbios_heaps_HeapMem_Module_GateProxy_leave__E
80016740   _ti_sysbios_heaps_HeapMem_Module_GateProxy_query__E
80016760   _ti_sysbios_heaps_HeapMem_isBlocking__E
800167a0   _ti_sysbios_knl_Clock_Module_startup__E
800167c0   _ti_sysbios_knl_Idle_loop__E
800167e0   _ti_sysbios_knl_Queue_Instance_init__F
80016800   _ti_sysbios_knl_Queue_empty__E
80016820   _ti_sysbios_knl_Semaphore_Instance_finalize__F
80016840   _ti_sysbios_knl_Swi_Module_startup__E
80016860   _ti_sysbios_knl_Swi_disable__E
80016880   _ti_sysbios_knl_Task_Module_startup__E
800168a0   _ti_sysbios_knl_Task_SupportProxy_Module__startupDone__S
800168c0   _ti_sysbios_knl_Task_SupportProxy_checkStack__E
800168e0   _ti_sysbios_knl_Task_SupportProxy_swap__E
80016900   _ti_sysbios_knl_Task_disable__E
80016920   _ti_sysbios_knl_Task_startup__E
80016940   _ti_sysbios_timers_timer64_Timer_Module__startupDone__S
80016960   _ti_sysbios_timers_timer64_Timer_Module_startup__E
80016980   _ti_sysbios_timers_timer64_Timer_TimerSupportProxy_enable__E
800169c0   _xdc_runtime_Error_check__E
800169e0   _xdc_runtime_Error_init__E
80016a00   _xdc_runtime_Error_print__E
80016a20   _xdc_runtime_Gate_enterSystem__F
80016a40   _xdc_runtime_Gate_leaveSystem__F
80016a60   _xdc_runtime_LoggerBuf_Module_GateProxy_enter__E
80016a80   _xdc_runtime_LoggerBuf_Module_GateProxy_leave__E
80016aa0   _xdc_runtime_LoggerBuf_Module_startup__E
80016ac0   _xdc_runtime_LoggerBuf_TimestampProxy_get64__E
80016ae0   _xdc_runtime_LoggerBuf_disable__E
80016b00   _xdc_runtime_LoggerBuf_disable__F
80016b20   _xdc_runtime_LoggerBuf_enable__E
80016b40   _xdc_runtime_LoggerBuf_enable__F
80016b60   _xdc_runtime_LoggerBuf_getFilterLevel__E
80016b80   _xdc_runtime_LoggerBuf_write1__F
80016ba0   _xdc_runtime_LoggerBuf_write2__F
80016bc0   _xdc_runtime_Memory_HeapProxy_free__E
80016be0   _xdc_runtime_Memory_free__E
80016c00   _xdc_runtime_Startup_reset__I
80016c20   _xdc_runtime_SysMin_Module_startup__E
80016c40   _xdc_runtime_SysMin_abort__E
80016c60   _xdc_runtime_SysMin_exit__E
80016c80   _xdc_runtime_SysMin_putch__E
80016ca0   _xdc_runtime_SysMin_ready__E
80016cc0   _xdc_runtime_SysMin_ready__F
80016ce0   _xdc_runtime_System_Module_GateProxy_enter__E
80016d00   _xdc_runtime_System_Module_GateProxy_leave__E
80016d20   _xdc_runtime_System_Module_startup__E
80016d40   _xdc_runtime_System_Module_startup__F
80016d60   _xdc_runtime_System_SupportProxy_abort__E
80016d80   _xdc_runtime_System_SupportProxy_exit__E
80016da0   _xdc_runtime_System_SupportProxy_putch__E
80016dc0   _xdc_runtime_System_SupportProxy_ready__E
80016de0   _xdc_runtime_System_atexit__E
80016e00   _xdc_runtime_System_exit__F
80016e20   _xdc_runtime_System_lastFxn__I
80016e40   _xdc_runtime_System_snprintf_va__F
80016e40   _xdc_runtime_System_vsnprintf__F
80016e60   _xdc_runtime_Text_putLab__E
80016e80   _xdc_runtime_Text_putSite__E
80016ea0   _ti_sysbios_heaps_HeapMem_Instance_State_0_buf__A
80018ea0   _ti_sysbios_knl_Task_Instance_State_0_hookEnv__A
80018ea8   _xdc_runtime_LoggerBuf_Instance_State_0_entryArr__A
800192a8   _xdc_runtime_SysMin_Module_State_0_outbuf__A
800196a8   _ti_sysbios_BIOS_Module__state__V
800196c8   _ti_sysbios_family_c64p_Cache_Module__state__V
800196cc   _ti_sysbios_family_c64p_Exception_Module__state__V
800196fc   _ti_sysbios_family_c64p_Hwi_Module__root__V
80019708   _ti_sysbios_family_c64p_Hwi_Object__table__V
80019720   _ti_sysbios_family_c64p_Hwi_Module__state__V
80019788   _ti_sysbios_gates_GateHwi_Module__root__V
80019790   _ti_sysbios_gates_GateHwi_Object__table__V
80019794   _ti_sysbios_gates_GateMutex_Module__root__V
800197a0   _ti_sysbios_gates_GateMutex_Object__table__V
800197e0   _ti_sysbios_hal_Hwi_Module__root__V
800197e8   _ti_sysbios_hal_Hwi_Object__table__V
800197f0   _ti_sysbios_hal_Timer_Module__root__V
800197f8   _ti_sysbios_hal_Timer_Object__table__V
80019800   _ti_sysbios_heaps_HeapMem_Module__root__V
80019808   _ti_sysbios_heaps_HeapMem_Object__table__V
80019820   _ti_sysbios_knl_Clock_Module__root__V
80019828   _ti_sysbios_knl_Clock_Module__state__V
80019850   _ti_sysbios_knl_Queue_Module__root__V
80019858   _ti_sysbios_knl_Semaphore_Module__root__V
80019860   _ti_sysbios_knl_Swi_Module__root__V
80019868   _ti_sysbios_knl_Swi_Object__table__V
80019898   _ti_sysbios_knl_Swi_Module_State_0_readyQ__A
80019918   _ti_sysbios_knl_Swi_Module__state__V
80019934   _ti_sysbios_knl_Task_Module__root__V
80019940   _TSK_idle
80019940   _ti_sysbios_knl_Task_Object__table__V
80019990   _ti_sysbios_knl_Task_Module_State_0_readyQ__A
80019a10   _ti_sysbios_knl_Task_Module_State_0_idleTask__A
80019a14   _ti_sysbios_knl_Task_Module__state__V
80019a58   _ti_sysbios_timers_timer64_Timer_Module__root__V
80019a60   _ti_sysbios_timers_timer64_Timer_Object__table__V
80019ab0   _ti_sysbios_timers_timer64_Timer_Module_State_0_intFreqs__A
80019ac0   _ti_sysbios_timers_timer64_Timer_Module_State_0_gctrl__A
80019ad0   _ti_sysbios_timers_timer64_Timer_Module_State_0_device__A
80019b00   _ti_sysbios_timers_timer64_Timer_Module_State_0_handles__A
80019b10   _ti_sysbios_timers_timer64_Timer_Module__state__V
80019b24   _xdc_runtime_Error_Module__state__V
80019b28   _xdc_runtime_LoggerBuf_Module__root__V
80019b30   _xdc_runtime_LoggerBuf_Object__table__V
80019b54   _xdc_runtime_LoggerBuf_Module__state__V
80019b5c   _xdc_runtime_Memory_Module__state__V
80019b60   _xdc_runtime_Registry_Module__state__V
80019b68   _xdc_runtime_Startup_Module__state__V
80019b70   _xdc_runtime_SysMin_Module__state__V
80019b80   _xdc_runtime_System_Module_State_0_atexitHandlers__A
80019b90   _xdc_runtime_System_Module__state__V
80019b9c   _xdc_runtime_Text_Module__state__V
80019ba4   ___xdc__init__addr
80019ba8   _ti_sysbios_knl_Task_Instance_State_0_stack__A
8001a3a8   __ftable
8001a588   __tmpnams
8001a6c8   __ft_end
8001a6cc   _errno
8001a6d0   ___atexit_func_id__
8001a974   __cleanup_ptr
8001a978   __dtors_ptr
8001a97c   ___TI_enable_exit_profile_output
8001a980   __lock
8001a984   __unlock
8001a994   _dtors
8001a998   _xdc_runtime_Text_charTab__A
8001c418   __ctypes_
8001c51a   _ti_sysbios_BIOS_Module__id__C
8001c520   _xdc_runtime_Text_nodeTab__A
8001c63c   _ti_sysbios_BIOS_Module__diagsEnabled__C
8001c884   _xdc_runtime_LoggerBuf_Module__FXNS__C
8001c8c0   _xdc_runtime_Startup_sfxnTab__A
8001c920   _ti_sysbios_heaps_HeapMem_Module__FXNS__C
8001c948   _xdc_runtime_LoggerBuf_Object__PARAMS__C
8001c970   _ti_sysbios_gates_GateHwi_Module__FXNS__C
8001c994   _ti_sysbios_gates_GateMutex_Module__FXNS__C
8001c9b8   _ti_sysbios_heaps_HeapMem_Object__PARAMS__C
8001c9dc   _ti_sysbios_knl_Semaphore_Object__PARAMS__C
8001ca24   _ti_sysbios_gates_GateHwi_Object__DESC__C
8001ca44   _ti_sysbios_gates_GateMutex_Object__DESC__C
8001ca64   _ti_sysbios_heaps_HeapMem_Object__DESC__C
8001ca84   _ti_sysbios_knl_Queue_Object__DESC__C
8001caa4   _ti_sysbios_knl_Semaphore_Object__DESC__C
8001cac4   _xdc_runtime_LoggerBuf_Object__DESC__C
8001cae4   _ti_sysbios_BIOS_Module__diagsIncluded__C
8001cae8   _xdc_runtime_Startup_sfxnRts__A
8001cb02   _ti_sysbios_family_c64p_Exception_Module__id__C
8001cb04   _ti_sysbios_gates_GateHwi_Object__PARAMS__C
8001cb1c   _ti_sysbios_gates_GateMutex_Object__PARAMS__C
8001cb34   _ti_sysbios_knl_Queue_Object__PARAMS__C
8001cb4c   _ti_sysbios_BIOS_Module__diagsMask__C
8001cb50   _ti_sysbios_knl_Task_hooks__A
8001cb7a   _ti_sysbios_family_c64p_Exception_useInternalBuffer__C
8001cb7c   _ti_sysbios_family_c64p_Cache_initSize__C
8001cb98   _ti_sysbios_knl_Idle_coreList__C
8001cba0   _ti_sysbios_knl_Idle_funcList__C
8001cba8   _ti_sysbios_knl_Task_hooks__C
8001cbb0   _xdc_runtime_Startup_firstFxns__A
8001cbb8   _xdc_runtime_Startup_firstFxns__C
8001cbc0   _xdc_runtime_Startup_lastFxns__C
8001cbd6   _ti_sysbios_family_c64p_Hwi_Module__id__C
8001cbd8   _ti_sysbios_BIOS_installedErrorHook__C
8001cbdc   _ti_sysbios_family_c64p_Cache_MAR0_31__C
8001cbe0   _ti_sysbios_family_c64p_Cache_MAR128_159__C
8001cbe4   _ti_sysbios_family_c64p_Cache_MAR160_191__C
8001cbe8   _ti_sysbios_family_c64p_Cache_MAR192_223__C
8001cbec   _ti_sysbios_family_c64p_Cache_MAR224_255__C
8001cbf0   _ti_sysbios_family_c64p_Cache_MAR32_63__C
8001cbf4   _ti_sysbios_family_c64p_Cache_MAR64_95__C
8001cbf8   _ti_sysbios_family_c64p_Cache_MAR96_127__C
8001cbfc   _ti_sysbios_family_c64p_Exception_E_exceptionMin__C
8001cc00   _ti_sysbios_family_c64p_Exception_exceptionHook__C
8001cc04   _ti_sysbios_family_c64p_Exception_externalHook__C
8001cc08   _ti_sysbios_family_c64p_Exception_internalHook__C
8001cc0c   _ti_sysbios_family_c64p_Exception_nmiHook__C
8001cc10   _ti_sysbios_family_c64p_Hwi_LD_end__C
8001cc14   _ti_sysbios_family_c64p_Hwi_LM_begin__C
8001cc18   _ti_sysbios_family_c64p_Hwi_Module__diagsEnabled__C
8001cc1c   _ti_sysbios_family_c64p_Hwi_Module__diagsIncluded__C
8001cc20   _ti_sysbios_family_c64p_Hwi_Module__diagsMask__C
8001cc24   _ti_sysbios_family_c64p_Hwi_Module__loggerFxn1__C
8001cc28   _ti_sysbios_family_c64p_Hwi_Module__loggerFxn8__C
8001cc2c   _ti_sysbios_family_c64p_Hwi_Module__loggerObj__C
8001cc30   _ti_sysbios_gates_GateMutex_A_badContext__C
8001cc34   _ti_sysbios_gates_GateMutex_Instance_State_sem__O
8001cc38   _ti_sysbios_gates_GateMutex_Module__diagsEnabled__C
8001cc3c   _ti_sysbios_gates_GateMutex_Module__diagsIncluded__C
8001cc40   _ti_sysbios_gates_GateMutex_Module__diagsMask__C
8001cc44   _ti_sysbios_hal_Hwi_E_stackOverflow__C
8001cc48   _ti_sysbios_heaps_HeapMem_A_align__C
8001cc4c   _ti_sysbios_heaps_HeapMem_A_heapSize__C
8001cc50   _ti_sysbios_heaps_HeapMem_A_invalidFree__C
8001cc54   _ti_sysbios_heaps_HeapMem_A_zeroBlock__C
8001cc58   _ti_sysbios_heaps_HeapMem_E_memory__C
8001cc5c   _ti_sysbios_heaps_HeapMem_Module__diagsEnabled__C
8001cc60   _ti_sysbios_heaps_HeapMem_Module__diagsIncluded__C
8001cc64   _ti_sysbios_heaps_HeapMem_Module__diagsMask__C
8001cc68   _ti_sysbios_heaps_HeapMem_Module__gateObj__C
8001cc6c   _ti_sysbios_heaps_HeapMem_Object__count__C
8001cc70   _ti_sysbios_heaps_HeapMem_Object__table__C
8001cc74   _ti_sysbios_heaps_HeapMem_reqAlign__C
8001cc78   _ti_sysbios_knl_Clock_LM_begin__C
8001cc7c   _ti_sysbios_knl_Clock_LM_tick__C
8001cc80   _ti_sysbios_knl_Clock_LW_delayed__C
8001cc84   _ti_sysbios_knl_Clock_Module_State_clockQ__O
8001cc88   _ti_sysbios_knl_Clock_Module__diagsEnabled__C
8001cc8c   _ti_sysbios_knl_Clock_Module__diagsIncluded__C
8001cc90   _ti_sysbios_knl_Clock_Module__diagsMask__C
8001cc94   _ti_sysbios_knl_Clock_Module__loggerFxn1__C
8001cc98   _ti_sysbios_knl_Clock_Module__loggerFxn2__C
8001cc9c   _ti_sysbios_knl_Clock_Module__loggerObj__C
8001cca0   _ti_sysbios_knl_Idle_coreList__A
8001cca4   _ti_sysbios_knl_Queue_Object__count__C
8001cca8   _ti_sysbios_knl_Idle_funcList__A
8001ccac   _ti_sysbios_knl_Queue_Object__table__C
8001ccb0   _ti_sysbios_knl_Semaphore_A_badContext__C
8001ccb4   _ti_sysbios_knl_Semaphore_A_noEvents__C
8001ccb8   _ti_sysbios_knl_Semaphore_A_overflow__C
8001ccbc   _ti_sysbios_knl_Semaphore_A_pendTaskDisabled__C
8001ccc0   _ti_sysbios_knl_Semaphore_Instance_State_pendQ__O
8001ccc4   _ti_sysbios_knl_Semaphore_LM_pend__C
8001ccc8   _ti_sysbios_knl_Semaphore_LM_post__C
8001cccc   _ti_sysbios_knl_Semaphore_Module__diagsEnabled__C
8001ccd0   _ti_sysbios_knl_Semaphore_Module__diagsIncluded__C
8001ccd4   _ti_sysbios_knl_Semaphore_Module__diagsMask__C
8001ccd8   _ti_sysbios_knl_Semaphore_Module__loggerFxn2__C
8001ccdc   _ti_sysbios_knl_Semaphore_Module__loggerFxn4__C
8001cce0   _ti_sysbios_knl_Semaphore_Module__loggerObj__C
8001cce4   _ti_sysbios_knl_Swi_LD_end__C
8001cce8   _ti_sysbios_knl_Swi_LM_begin__C
8001ccec   _ti_sysbios_knl_Swi_LM_post__C
8001ccf0   _ti_sysbios_knl_Swi_Module__diagsEnabled__C
8001ccf4   _ti_sysbios_knl_Swi_Module__diagsIncluded__C
8001ccf8   _ti_sysbios_knl_Swi_Module__diagsMask__C
8001ccfc   _ti_sysbios_knl_Swi_Module__loggerFxn1__C
8001cd00   _ti_sysbios_knl_Swi_Module__loggerFxn4__C
8001cd04   _ti_sysbios_knl_Swi_Module__loggerObj__C
8001cd08   _ti_sysbios_knl_Swi_Object__count__C
8001cd0c   _ti_sysbios_knl_Swi_Object__table__C
8001cd10   _ti_sysbios_knl_Task_E_spOutOfBounds__C
8001cd14   _ti_sysbios_knl_Task_E_stackOverflow__C
8001cd18   _ti_sysbios_knl_Task_LD_block__C
8001cd1c   _ti_sysbios_knl_Task_LD_exit__C
8001cd20   _ti_sysbios_knl_Task_LD_ready__C
8001cd24   _ti_sysbios_knl_Task_LM_switch__C
8001cd28   _ti_sysbios_knl_Task_Module_State_inactiveQ__O
8001cd2c   _ti_sysbios_knl_Task_Module__diagsEnabled__C
8001cd30   _ti_sysbios_knl_Task_Module__diagsIncluded__C
8001cd34   _ti_sysbios_knl_Task_Module__diagsMask__C
8001cd38   _ti_sysbios_knl_Task_Module__loggerFxn2__C
8001cd3c   _ti_sysbios_knl_Task_Module__loggerFxn4__C
8001cd40   _ti_sysbios_knl_Task_Module__loggerObj__C
8001cd44   _ti_sysbios_knl_Task_Object__count__C
8001cd48   _ti_sysbios_knl_Task_Object__table__C
8001cd4c   _ti_sysbios_knl_Task_allBlockedFunc__C
8001cd50   _ti_sysbios_knl_Task_numConstructedTasks__C
8001cd54   _ti_sysbios_timers_timer64_Timer_A_notAvailable__C
8001cd58   _ti_sysbios_timers_timer64_Timer_E_cannotSupport__C
8001cd5c   _ti_sysbios_timers_timer64_Timer_Module__diagsEnabled__C
8001cd60   _ti_sysbios_timers_timer64_Timer_Module__diagsIncluded__C
8001cd64   _ti_sysbios_timers_timer64_Timer_Module__diagsMask__C
8001cd68   _ti_sysbios_timers_timer64_Timer_anyMask__C
8001cd6c   _ti_sysbios_timers_timer64_Timer_freqDivisor__C
8001cd70   _ti_sysbios_timers_timer64_Timer_numLocalTimers__C
8001cd74   _ti_sysbios_timers_timer64_Timer_numTimerDevices__C
8001cd78   _xdc_runtime_Assert_E_assertFailed__C
8001cd7c   _xdc_runtime_Core_A_initializedParams__C
8001cd80   _xdc_runtime_Core_Module__diagsEnabled__C
8001cd84   _xdc_runtime_Core_Module__diagsIncluded__C
8001cd88   _xdc_runtime_Core_Module__diagsMask__C
8001cd8c   _xdc_runtime_Error_E_memory__C
8001cd90   _xdc_runtime_Error_Module__diagsEnabled__C
8001cd94   _xdc_runtime_Error_Module__diagsIncluded__C
8001cd98   _xdc_runtime_Error_Module__diagsMask__C
8001cd9c   _xdc_runtime_Error_Module__loggerFxn8__C
8001cda0   _xdc_runtime_Error_Module__loggerObj__C
8001cda4   _xdc_runtime_Error_policy__C
8001cda8   _xdc_runtime_Error_raiseHook__C
8001cdac   _xdc_runtime_IFilterLogger_Interface__BASE__C
8001cdb0   _xdc_runtime_IGateProvider_Interface__BASE__C
8001cdb4   _xdc_runtime_IHeap_Interface__BASE__C
8001cdb8   _xdc_runtime_ILogger_Interface__BASE__C
8001cdbc   _xdc_runtime_IModule_Interface__BASE__C
8001cdc0   _xdc_runtime_Log_L_error__C
8001cdc4   _xdc_runtime_LoggerBuf_E_badLevel__C
8001cdc8   _xdc_runtime_LoggerBuf_Module__gateObj__C
8001cdcc   _xdc_runtime_LoggerBuf_Object__count__C
8001cdd0   _xdc_runtime_LoggerBuf_Object__table__C
8001cdd4   _xdc_runtime_LoggerBuf_statusLogger__C
8001cdd8   _xdc_runtime_Memory_defaultHeapInstance__C
8001cddc   _xdc_runtime_Startup_execImpl__C
8001cde0   _xdc_runtime_Startup_lastFxns__A
8001cde4   _xdc_runtime_Startup_maxPasses__C
8001cde8   _xdc_runtime_Startup_sfxnRts__C
8001cdec   _xdc_runtime_Startup_sfxnTab__C
8001cdf0   _xdc_runtime_Startup_startModsFxn__C
8001cdf4   _xdc_runtime_SysMin_bufSize__C
8001cdf8   _xdc_runtime_SysMin_outputFunc__C
8001cdfc   _xdc_runtime_System_Module__gateObj__C
8001ce00   _xdc_runtime_System_extendFxn__C
8001ce04   _xdc_runtime_System_maxAtexitHandlers__C
8001ce08   _xdc_runtime_Text_charTab__C
8001ce0c   _xdc_runtime_Text_nameEmpty__C
8001ce10   _xdc_runtime_Text_nameStatic__C
8001ce14   _xdc_runtime_Text_nameUnknown__C
8001ce18   _xdc_runtime_Text_nodeTab__C
8001ce1c   _xdc_runtime_Text_visitRopeFxn__C
8001ce20   _ti_sysbios_family_c64p_Hwi_Module__loggerDefined__C
8001ce22   _ti_sysbios_gates_GateMutex_Module__id__C
8001ce24   _ti_sysbios_hal_Hwi_Module__id__C
8001ce26   _ti_sysbios_heaps_HeapMem_Module__id__C
8001ce28   _ti_sysbios_knl_Clock_Module__id__C
8001ce2a   _ti_sysbios_knl_Clock_Module__loggerDefined__C
8001ce2c   _ti_sysbios_knl_Semaphore_Module__id__C
8001ce2e   _ti_sysbios_knl_Semaphore_Module__loggerDefined__C
8001ce30   _ti_sysbios_knl_Swi_Module__id__C
8001ce32   _ti_sysbios_knl_Swi_Module__loggerDefined__C
8001ce34   _ti_sysbios_knl_Task_Module__id__C
8001ce36   _ti_sysbios_knl_Task_Module__loggerDefined__C
8001ce38   _ti_sysbios_knl_Task_initStackFlag__C
8001ce3a   _ti_sysbios_timers_timer64_Timer_Module__id__C
8001ce3c   _ti_sysbios_timers_timer64_Timer_startupNeeded__C
8001ce3e   _xdc_runtime_Core_Module__id__C
8001ce40   _xdc_runtime_Error_Module__loggerDefined__C
8001ce42   _xdc_runtime_Error_maxDepth__C
8001ce44   _xdc_runtime_LoggerBuf_Module__id__C
8001ce46   _xdc_runtime_LoggerBuf_filterByLevel__C
8001ce48   _xdc_runtime_Memory_Module__id__C
8001ce4a   _xdc_runtime_SysMin_flushAtExit__C
8001ce4c   _xdc_runtime_Text_charCnt__C
8001ce4e   _xdc_runtime_Text_isLoaded__C
8001ce50   _xdc_runtime_Text_registryModsLastId__C
8001ce52   _xdc_runtime_Text_unnamedModsLastId__C
8001ce58   __stack
8001de58   __STACK_END
8001de58   ___cinit__
8001de58   cinit
8001e660   __CIOBUF_
8001e800   _ti_sysbios_family_c64p_Hwi0
8001e800   _ti_sysbios_family_c64p_Hwi_int0
8001e820   _ti_sysbios_family_c64p_Hwi_int1
8001e840   _ti_sysbios_family_c64p_Hwi_int2
8001e860   _ti_sysbios_family_c64p_Hwi_int3
8001e880   _ti_sysbios_family_c64p_Hwi_int4
8001e8a0   _ti_sysbios_family_c64p_Hwi_int5
8001e8c0   _ti_sysbios_family_c64p_Hwi_int6
8001e8e0   _ti_sysbios_family_c64p_Hwi_int7
8001e900   _ti_sysbios_family_c64p_Hwi_int8
8001e920   _ti_sysbios_family_c64p_Hwi_int9
8001e940   _ti_sysbios_family_c64p_Hwi_int10
8001e960   _ti_sysbios_family_c64p_Hwi_int11
8001e980   _ti_sysbios_family_c64p_Hwi_int12
8001e9a0   _ti_sysbios_family_c64p_Hwi_int13
8001e9c0   _ti_sysbios_family_c64p_Hwi_int14
8001e9e0   _ti_sysbios_family_c64p_Hwi_int15
ffffffff   .data
ffffffff   .text
ffffffff   ___TI_pprof_out_hndl
ffffffff   ___TI_prof_data_size
ffffffff   ___TI_prof_data_start
ffffffff   ___binit__
ffffffff   ___c_args__
ffffffff   ___data__
ffffffff   ___edata__
ffffffff   ___etext__
ffffffff   ___pinit__
ffffffff   ___text__
ffffffff   binit
ffffffff   edata
ffffffff   etext
ffffffff   pinit

[684 symbols]
