<?xml version="1.0"?>
<link_info>
   <banner>TMS320C6x Linker PC v7.4.4</banner>
   <copyright>Copyright (c) 1996-2013 Texas Instruments Incorporated</copyright>
   <link_time>0x5a1eb49f</link_time>
   <output_file>basico_main_unrolling.out</output_file>
   <entry_point>
      <name>_c_int00</name>
      <address>0x8002ec00</address>
   </entry_point>
   <input_file_list>
      <input_file id="fl-3">
         <path>C:\Users\Rafael\workspace_v5_5\basico_main_unrolling\Debug\configPkg\package\cfg\</path>
         <kind>object</kind>
         <file>hello_p64P.o64P</file>
         <name>hello_p64P.o64P</name>
      </input_file>
      <input_file id="fl-7">
         <path>.\</path>
         <kind>object</kind>
         <file>Ejemplo_comienzo.obj</file>
         <name>Ejemplo_comienzo.obj</name>
      </input_file>
      <input_file id="fl-a">
         <path>C:\Users\Rafael\workspace_v5_5\basico_main_unrolling\src\sysbios\</path>
         <kind>archive</kind>
         <file>sysbios.a64P</file>
         <name>BIOS.obj</name>
      </input_file>
      <input_file id="fl-b">
         <path>C:\Users\Rafael\workspace_v5_5\basico_main_unrolling\src\sysbios\</path>
         <kind>archive</kind>
         <file>sysbios.a64P</file>
         <name>c64p_Hwi_disp_always.obj</name>
      </input_file>
      <input_file id="fl-c">
         <path>C:\Users\Rafael\workspace_v5_5\basico_main_unrolling\src\sysbios\</path>
         <kind>archive</kind>
         <file>sysbios.a64P</file>
         <name>c64p_Hwi_asm.obj</name>
      </input_file>
      <input_file id="fl-d">
         <path>C:\Users\Rafael\workspace_v5_5\basico_main_unrolling\src\sysbios\</path>
         <kind>archive</kind>
         <file>sysbios.a64P</file>
         <name>c64p_Hwi_asm_switch.obj</name>
      </input_file>
      <input_file id="fl-e">
         <path>C:\Users\Rafael\workspace_v5_5\basico_main_unrolling\src\sysbios\</path>
         <kind>archive</kind>
         <file>sysbios.a64P</file>
         <name>c64p_Exception_asm.obj</name>
      </input_file>
      <input_file id="fl-f">
         <path>C:\Users\Rafael\workspace_v5_5\basico_main_unrolling\src\sysbios\</path>
         <kind>archive</kind>
         <file>sysbios.a64P</file>
         <name>c62_TaskSupport_asm.obj</name>
      </input_file>
      <input_file id="fl-10">
         <path>C:\Users\Rafael\workspace_v5_5\basico_main_unrolling\src\sysbios\</path>
         <kind>archive</kind>
         <file>sysbios.a64P</file>
         <name>timer64_Timer_asm.obj</name>
      </input_file>
      <input_file id="fl-11">
         <path>C:\ti\xdctools_3_25_03_72\packages\ti\targets\rts6000\lib\</path>
         <kind>archive</kind>
         <file>ti.targets.rts6000.a64P</file>
         <name>Assert.o64P</name>
      </input_file>
      <input_file id="fl-12">
         <path>C:\ti\xdctools_3_25_03_72\packages\ti\targets\rts6000\lib\</path>
         <kind>archive</kind>
         <file>ti.targets.rts6000.a64P</file>
         <name>Core-mem.o64P</name>
      </input_file>
      <input_file id="fl-13">
         <path>C:\ti\xdctools_3_25_03_72\packages\ti\targets\rts6000\lib\</path>
         <kind>archive</kind>
         <file>ti.targets.rts6000.a64P</file>
         <name>Core-label.o64P</name>
      </input_file>
      <input_file id="fl-14">
         <path>C:\ti\xdctools_3_25_03_72\packages\ti\targets\rts6000\lib\</path>
         <kind>archive</kind>
         <file>ti.targets.rts6000.a64P</file>
         <name>Core-params.o64P</name>
      </input_file>
      <input_file id="fl-15">
         <path>C:\ti\xdctools_3_25_03_72\packages\ti\targets\rts6000\lib\</path>
         <kind>archive</kind>
         <file>ti.targets.rts6000.a64P</file>
         <name>Diags.o64P</name>
      </input_file>
      <input_file id="fl-16">
         <path>C:\ti\xdctools_3_25_03_72\packages\ti\targets\rts6000\lib\</path>
         <kind>archive</kind>
         <file>ti.targets.rts6000.a64P</file>
         <name>Error.o64P</name>
      </input_file>
      <input_file id="fl-17">
         <path>C:\ti\xdctools_3_25_03_72\packages\ti\targets\rts6000\lib\</path>
         <kind>archive</kind>
         <file>ti.targets.rts6000.a64P</file>
         <name>Gate.o64P</name>
      </input_file>
      <input_file id="fl-18">
         <path>C:\ti\xdctools_3_25_03_72\packages\ti\targets\rts6000\lib\</path>
         <kind>archive</kind>
         <file>ti.targets.rts6000.a64P</file>
         <name>Log.o64P</name>
      </input_file>
      <input_file id="fl-19">
         <path>C:\ti\xdctools_3_25_03_72\packages\ti\targets\rts6000\lib\</path>
         <kind>archive</kind>
         <file>ti.targets.rts6000.a64P</file>
         <name>LoggerBuf.o64P</name>
      </input_file>
      <input_file id="fl-1a">
         <path>C:\ti\xdctools_3_25_03_72\packages\ti\targets\rts6000\lib\</path>
         <kind>archive</kind>
         <file>ti.targets.rts6000.a64P</file>
         <name>Memory.o64P</name>
      </input_file>
      <input_file id="fl-1b">
         <path>C:\ti\xdctools_3_25_03_72\packages\ti\targets\rts6000\lib\</path>
         <kind>archive</kind>
         <file>ti.targets.rts6000.a64P</file>
         <name>Registry.o64P</name>
      </input_file>
      <input_file id="fl-1c">
         <path>C:\ti\xdctools_3_25_03_72\packages\ti\targets\rts6000\lib\</path>
         <kind>archive</kind>
         <file>ti.targets.rts6000.a64P</file>
         <name>Startup.o64P</name>
      </input_file>
      <input_file id="fl-1d">
         <path>C:\ti\xdctools_3_25_03_72\packages\ti\targets\rts6000\lib\</path>
         <kind>archive</kind>
         <file>ti.targets.rts6000.a64P</file>
         <name>System.o64P</name>
      </input_file>
      <input_file id="fl-1e">
         <path>C:\ti\xdctools_3_25_03_72\packages\ti\targets\rts6000\lib\</path>
         <kind>archive</kind>
         <file>ti.targets.rts6000.a64P</file>
         <name>SysMin.o64P</name>
      </input_file>
      <input_file id="fl-1f">
         <path>C:\ti\xdctools_3_25_03_72\packages\ti\targets\rts6000\lib\</path>
         <kind>archive</kind>
         <file>ti.targets.rts6000.a64P</file>
         <name>Text.o64P</name>
      </input_file>
      <input_file id="fl-20">
         <path>C:\ti\xdctools_3_25_03_72\packages\ti\targets\rts6000\lib\</path>
         <kind>archive</kind>
         <file>ti.targets.rts6000.a64P</file>
         <name>xdc_noinit.o64P</name>
      </input_file>
      <input_file id="fl-21">
         <path>C:\ti\xdctools_3_25_03_72\packages\ti\targets\rts6000\lib\</path>
         <kind>archive</kind>
         <file>boot.a64P</file>
         <name>boot.o64P</name>
      </input_file>
      <input_file id="fl-22">
         <path>C:\ti\xdctools_3_25_03_72\packages\ti\targets\rts6000\lib\</path>
         <kind>archive</kind>
         <file>boot.a64P</file>
         <name>autoinit.o64P</name>
      </input_file>
      <input_file id="fl-9a">
         <path>C:\ti\ccsv5\tools\compiler\c6000_7.4.4\lib\</path>
         <kind>archive</kind>
         <file>rts64plus.lib</file>
         <name>_lock.obj</name>
      </input_file>
      <input_file id="fl-9b">
         <path>C:\ti\ccsv5\tools\compiler\c6000_7.4.4\lib\</path>
         <kind>archive</kind>
         <file>rts64plus.lib</file>
         <name>addf.obj</name>
      </input_file>
      <input_file id="fl-9c">
         <path>C:\ti\ccsv5\tools\compiler\c6000_7.4.4\lib\</path>
         <kind>archive</kind>
         <file>rts64plus.lib</file>
         <name>args_main.obj</name>
      </input_file>
      <input_file id="fl-9d">
         <path>C:\ti\ccsv5\tools\compiler\c6000_7.4.4\lib\</path>
         <kind>archive</kind>
         <file>rts64plus.lib</file>
         <name>atexit.obj</name>
      </input_file>
      <input_file id="fl-9e">
         <path>C:\ti\ccsv5\tools\compiler\c6000_7.4.4\lib\</path>
         <kind>archive</kind>
         <file>rts64plus.lib</file>
         <name>atof.obj</name>
      </input_file>
      <input_file id="fl-9f">
         <path>C:\ti\ccsv5\tools\compiler\c6000_7.4.4\lib\</path>
         <kind>archive</kind>
         <file>rts64plus.lib</file>
         <name>cvtdf.obj</name>
      </input_file>
      <input_file id="fl-a0">
         <path>C:\ti\ccsv5\tools\compiler\c6000_7.4.4\lib\</path>
         <kind>archive</kind>
         <file>rts64plus.lib</file>
         <name>cvtfd.obj</name>
      </input_file>
      <input_file id="fl-a1">
         <path>C:\ti\ccsv5\tools\compiler\c6000_7.4.4\lib\</path>
         <kind>archive</kind>
         <file>rts64plus.lib</file>
         <name>divu.obj</name>
      </input_file>
      <input_file id="fl-a2">
         <path>C:\ti\ccsv5\tools\compiler\c6000_7.4.4\lib\</path>
         <kind>archive</kind>
         <file>rts64plus.lib</file>
         <name>exit.obj</name>
      </input_file>
      <input_file id="fl-a3">
         <path>C:\ti\ccsv5\tools\compiler\c6000_7.4.4\lib\</path>
         <kind>archive</kind>
         <file>rts64plus.lib</file>
         <name>fclose.obj</name>
      </input_file>
      <input_file id="fl-a4">
         <path>C:\ti\ccsv5\tools\compiler\c6000_7.4.4\lib\</path>
         <kind>archive</kind>
         <file>rts64plus.lib</file>
         <name>fflush.obj</name>
      </input_file>
      <input_file id="fl-a5">
         <path>C:\ti\ccsv5\tools\compiler\c6000_7.4.4\lib\</path>
         <kind>archive</kind>
         <file>rts64plus.lib</file>
         <name>fgets.obj</name>
      </input_file>
      <input_file id="fl-a6">
         <path>C:\ti\ccsv5\tools\compiler\c6000_7.4.4\lib\</path>
         <kind>archive</kind>
         <file>rts64plus.lib</file>
         <name>fopen.obj</name>
      </input_file>
      <input_file id="fl-a7">
         <path>C:\ti\ccsv5\tools\compiler\c6000_7.4.4\lib\</path>
         <kind>archive</kind>
         <file>rts64plus.lib</file>
         <name>fprintf.obj</name>
      </input_file>
      <input_file id="fl-a8">
         <path>C:\ti\ccsv5\tools\compiler\c6000_7.4.4\lib\</path>
         <kind>archive</kind>
         <file>rts64plus.lib</file>
         <name>fputc.obj</name>
      </input_file>
      <input_file id="fl-a9">
         <path>C:\ti\ccsv5\tools\compiler\c6000_7.4.4\lib\</path>
         <kind>archive</kind>
         <file>rts64plus.lib</file>
         <name>fputs.obj</name>
      </input_file>
      <input_file id="fl-aa">
         <path>C:\ti\ccsv5\tools\compiler\c6000_7.4.4\lib\</path>
         <kind>archive</kind>
         <file>rts64plus.lib</file>
         <name>fscanf.obj</name>
      </input_file>
      <input_file id="fl-ab">
         <path>C:\ti\ccsv5\tools\compiler\c6000_7.4.4\lib\</path>
         <kind>archive</kind>
         <file>rts64plus.lib</file>
         <name>imath64.obj</name>
      </input_file>
      <input_file id="fl-ac">
         <path>C:\ti\ccsv5\tools\compiler\c6000_7.4.4\lib\</path>
         <kind>archive</kind>
         <file>rts64plus.lib</file>
         <name>llshift.obj</name>
      </input_file>
      <input_file id="fl-ad">
         <path>C:\ti\ccsv5\tools\compiler\c6000_7.4.4\lib\</path>
         <kind>archive</kind>
         <file>rts64plus.lib</file>
         <name>lowlev.obj</name>
      </input_file>
      <input_file id="fl-ae">
         <path>C:\ti\ccsv5\tools\compiler\c6000_7.4.4\lib\</path>
         <kind>archive</kind>
         <file>rts64plus.lib</file>
         <name>memcpy64.obj</name>
      </input_file>
      <input_file id="fl-af">
         <path>C:\ti\ccsv5\tools\compiler\c6000_7.4.4\lib\</path>
         <kind>archive</kind>
         <file>rts64plus.lib</file>
         <name>memset.obj</name>
      </input_file>
      <input_file id="fl-b0">
         <path>C:\ti\ccsv5\tools\compiler\c6000_7.4.4\lib\</path>
         <kind>archive</kind>
         <file>rts64plus.lib</file>
         <name>mpyf.obj</name>
      </input_file>
      <input_file id="fl-b1">
         <path>C:\ti\ccsv5\tools\compiler\c6000_7.4.4\lib\</path>
         <kind>archive</kind>
         <file>rts64plus.lib</file>
         <name>negll.obj</name>
      </input_file>
      <input_file id="fl-b2">
         <path>C:\ti\ccsv5\tools\compiler\c6000_7.4.4\lib\</path>
         <kind>archive</kind>
         <file>rts64plus.lib</file>
         <name>remove.obj</name>
      </input_file>
      <input_file id="fl-b3">
         <path>C:\ti\ccsv5\tools\compiler\c6000_7.4.4\lib\</path>
         <kind>archive</kind>
         <file>rts64plus.lib</file>
         <name>remu.obj</name>
      </input_file>
      <input_file id="fl-b4">
         <path>C:\ti\ccsv5\tools\compiler\c6000_7.4.4\lib\</path>
         <kind>archive</kind>
         <file>rts64plus.lib</file>
         <name>sinit.obj</name>
      </input_file>
      <input_file id="fl-b5">
         <path>C:\ti\ccsv5\tools\compiler\c6000_7.4.4\lib\</path>
         <kind>archive</kind>
         <file>rts64plus.lib</file>
         <name>strpbrk.obj</name>
      </input_file>
      <input_file id="fl-b6">
         <path>C:\ti\ccsv5\tools\compiler\c6000_7.4.4\lib\</path>
         <kind>archive</kind>
         <file>rts64plus.lib</file>
         <name>strtod.obj</name>
      </input_file>
      <input_file id="fl-b7">
         <path>C:\ti\ccsv5\tools\compiler\c6000_7.4.4\lib\</path>
         <kind>archive</kind>
         <file>rts64plus.lib</file>
         <name>trgdrv.obj</name>
      </input_file>
      <input_file id="fl-b8">
         <path>C:\ti\ccsv5\tools\compiler\c6000_7.4.4\lib\</path>
         <kind>archive</kind>
         <file>rts64plus.lib</file>
         <name>trgmsg.obj</name>
      </input_file>
      <input_file id="fl-b9">
         <path>C:\ti\ccsv5\tools\compiler\c6000_7.4.4\lib\</path>
         <kind>archive</kind>
         <file>rts64plus.lib</file>
         <name>ungetc.obj</name>
      </input_file>
      <input_file id="fl-ba">
         <path>C:\ti\ccsv5\tools\compiler\c6000_7.4.4\lib\</path>
         <kind>archive</kind>
         <file>rts64plus.lib</file>
         <name>_bufread.obj</name>
      </input_file>
      <input_file id="fl-bb">
         <path>C:\ti\ccsv5\tools\compiler\c6000_7.4.4\lib\</path>
         <kind>archive</kind>
         <file>rts64plus.lib</file>
         <name>_io_perm.obj</name>
      </input_file>
      <input_file id="fl-bc">
         <path>C:\ti\ccsv5\tools\compiler\c6000_7.4.4\lib\</path>
         <kind>archive</kind>
         <file>rts64plus.lib</file>
         <name>_printfi.obj</name>
      </input_file>
      <input_file id="fl-bd">
         <path>C:\ti\ccsv5\tools\compiler\c6000_7.4.4\lib\</path>
         <kind>archive</kind>
         <file>rts64plus.lib</file>
         <name>_scanfi.obj</name>
      </input_file>
      <input_file id="fl-be">
         <path>C:\ti\ccsv5\tools\compiler\c6000_7.4.4\lib\</path>
         <kind>archive</kind>
         <file>rts64plus.lib</file>
         <name>abs.obj</name>
      </input_file>
      <input_file id="fl-bf">
         <path>C:\ti\ccsv5\tools\compiler\c6000_7.4.4\lib\</path>
         <kind>archive</kind>
         <file>rts64plus.lib</file>
         <name>addd.obj</name>
      </input_file>
      <input_file id="fl-c0">
         <path>C:\ti\ccsv5\tools\compiler\c6000_7.4.4\lib\</path>
         <kind>archive</kind>
         <file>rts64plus.lib</file>
         <name>atoi.obj</name>
      </input_file>
      <input_file id="fl-c1">
         <path>C:\ti\ccsv5\tools\compiler\c6000_7.4.4\lib\</path>
         <kind>archive</kind>
         <file>rts64plus.lib</file>
         <name>cmpd.obj</name>
      </input_file>
      <input_file id="fl-c2">
         <path>C:\ti\ccsv5\tools\compiler\c6000_7.4.4\lib\</path>
         <kind>archive</kind>
         <file>rts64plus.lib</file>
         <name>ctype.obj</name>
      </input_file>
      <input_file id="fl-c3">
         <path>C:\ti\ccsv5\tools\compiler\c6000_7.4.4\lib\</path>
         <kind>archive</kind>
         <file>rts64plus.lib</file>
         <name>defs.obj</name>
      </input_file>
      <input_file id="fl-c4">
         <path>C:\ti\ccsv5\tools\compiler\c6000_7.4.4\lib\</path>
         <kind>archive</kind>
         <file>rts64plus.lib</file>
         <name>divd.obj</name>
      </input_file>
      <input_file id="fl-c5">
         <path>C:\ti\ccsv5\tools\compiler\c6000_7.4.4\lib\</path>
         <kind>archive</kind>
         <file>rts64plus.lib</file>
         <name>errno.obj</name>
      </input_file>
      <input_file id="fl-c6">
         <path>C:\ti\ccsv5\tools\compiler\c6000_7.4.4\lib\</path>
         <kind>archive</kind>
         <file>rts64plus.lib</file>
         <name>fgetc.obj</name>
      </input_file>
      <input_file id="fl-c7">
         <path>C:\ti\ccsv5\tools\compiler\c6000_7.4.4\lib\</path>
         <kind>archive</kind>
         <file>rts64plus.lib</file>
         <name>fixdi.obj</name>
      </input_file>
      <input_file id="fl-c8">
         <path>C:\ti\ccsv5\tools\compiler\c6000_7.4.4\lib\</path>
         <kind>archive</kind>
         <file>rts64plus.lib</file>
         <name>fixdli.obj</name>
      </input_file>
      <input_file id="fl-c9">
         <path>C:\ti\ccsv5\tools\compiler\c6000_7.4.4\lib\</path>
         <kind>archive</kind>
         <file>rts64plus.lib</file>
         <name>fltlid.obj</name>
      </input_file>
      <input_file id="fl-ca">
         <path>C:\ti\ccsv5\tools\compiler\c6000_7.4.4\lib\</path>
         <kind>archive</kind>
         <file>rts64plus.lib</file>
         <name>frcaddd.obj</name>
      </input_file>
      <input_file id="fl-cb">
         <path>C:\ti\ccsv5\tools\compiler\c6000_7.4.4\lib\</path>
         <kind>archive</kind>
         <file>rts64plus.lib</file>
         <name>frcmpyd_div.obj</name>
      </input_file>
      <input_file id="fl-cc">
         <path>C:\ti\ccsv5\tools\compiler\c6000_7.4.4\lib\</path>
         <kind>archive</kind>
         <file>rts64plus.lib</file>
         <name>frcmpyf.obj</name>
      </input_file>
      <input_file id="fl-cd">
         <path>C:\ti\ccsv5\tools\compiler\c6000_7.4.4\lib\</path>
         <kind>archive</kind>
         <file>rts64plus.lib</file>
         <name>fseek.obj</name>
      </input_file>
      <input_file id="fl-ce">
         <path>C:\ti\ccsv5\tools\compiler\c6000_7.4.4\lib\</path>
         <kind>archive</kind>
         <file>rts64plus.lib</file>
         <name>imath40.obj</name>
      </input_file>
      <input_file id="fl-cf">
         <path>C:\ti\ccsv5\tools\compiler\c6000_7.4.4\lib\</path>
         <kind>archive</kind>
         <file>rts64plus.lib</file>
         <name>isinf.obj</name>
      </input_file>
      <input_file id="fl-d0">
         <path>C:\ti\ccsv5\tools\compiler\c6000_7.4.4\lib\</path>
         <kind>archive</kind>
         <file>rts64plus.lib</file>
         <name>ltoa.obj</name>
      </input_file>
      <input_file id="fl-d1">
         <path>C:\ti\ccsv5\tools\compiler\c6000_7.4.4\lib\</path>
         <kind>archive</kind>
         <file>rts64plus.lib</file>
         <name>memccpy.obj</name>
      </input_file>
      <input_file id="fl-d2">
         <path>C:\ti\ccsv5\tools\compiler\c6000_7.4.4\lib\</path>
         <kind>archive</kind>
         <file>rts64plus.lib</file>
         <name>mpyd.obj</name>
      </input_file>
      <input_file id="fl-d3">
         <path>C:\ti\ccsv5\tools\compiler\c6000_7.4.4\lib\</path>
         <kind>archive</kind>
         <file>rts64plus.lib</file>
         <name>negd.obj</name>
      </input_file>
      <input_file id="fl-d4">
         <path>C:\ti\ccsv5\tools\compiler\c6000_7.4.4\lib\</path>
         <kind>archive</kind>
         <file>rts64plus.lib</file>
         <name>renormd.obj</name>
      </input_file>
      <input_file id="fl-d5">
         <path>C:\ti\ccsv5\tools\compiler\c6000_7.4.4\lib\</path>
         <kind>archive</kind>
         <file>rts64plus.lib</file>
         <name>setvbuf.obj</name>
      </input_file>
      <input_file id="fl-d6">
         <path>C:\ti\ccsv5\tools\compiler\c6000_7.4.4\lib\</path>
         <kind>archive</kind>
         <file>rts64plus.lib</file>
         <name>strtol.obj</name>
      </input_file>
      <input_file id="fl-d7">
         <path>C:\ti\ccsv5\tools\compiler\c6000_7.4.4\lib\</path>
         <kind>archive</kind>
         <file>rts64plus.lib</file>
         <name>strtold.obj</name>
      </input_file>
      <input_file id="fl-d8">
         <path>C:\ti\ccsv5\tools\compiler\c6000_7.4.4\lib\</path>
         <kind>archive</kind>
         <file>rts64plus.lib</file>
         <name>strtoll.obj</name>
      </input_file>
      <input_file id="fl-d9">
         <path>C:\ti\ccsv5\tools\compiler\c6000_7.4.4\lib\</path>
         <kind>archive</kind>
         <file>rts64plus.lib</file>
         <name>strtoul.obj</name>
      </input_file>
      <input_file id="fl-da">
         <path>C:\ti\ccsv5\tools\compiler\c6000_7.4.4\lib\</path>
         <kind>archive</kind>
         <file>rts64plus.lib</file>
         <name>strtoull.obj</name>
      </input_file>
      <input_file id="fl-db">
         <path>C:\ti\ccsv5\tools\compiler\c6000_7.4.4\lib\</path>
         <kind>archive</kind>
         <file>rts64plus.lib</file>
         <name>subd.obj</name>
      </input_file>
      <input_file id="fl-dc">
         <path>C:\ti\ccsv5\tools\compiler\c6000_7.4.4\lib\</path>
         <kind>archive</kind>
         <file>rts64plus.lib</file>
         <name>frcmpyd.obj</name>
      </input_file>
   </input_file_list>
   <object_component_list>
      <object_component id="oc-17d">
         <name>.text</name>
         <load_address>0x80000000</load_address>
         <run_address>0x80000000</run_address>
         <size>0x1c340</size>
         <input_file_ref idref="fl-7"/>
      </object_component>
      <object_component id="oc-240">
         <name>.text:__scanfi</name>
         <load_address>0x8001c340</load_address>
         <run_address>0x8001c340</run_address>
         <size>0x920</size>
         <input_file_ref idref="fl-bd"/>
      </object_component>
      <object_component id="oc-298">
         <name>.text:_xdc_runtime_System_doPrint__I</name>
         <load_address>0x8001cc60</load_address>
         <run_address>0x8001cc60</run_address>
         <size>0x8c0</size>
         <input_file_ref idref="fl-1d"/>
      </object_component>
      <object_component id="oc-172">
         <name>.text:_ti_sysbios_family_c64p_Exception_handler__I</name>
         <load_address>0x8001d520</load_address>
         <run_address>0x8001d520</run_address>
         <size>0x780</size>
         <input_file_ref idref="fl-a"/>
      </object_component>
      <object_component id="oc-198">
         <name>.text:_ti_sysbios_heaps_HeapMem_alloc__E</name>
         <load_address>0x8001dca0</load_address>
         <run_address>0x8001dca0</run_address>
         <size>0x660</size>
         <input_file_ref idref="fl-a"/>
      </object_component>
      <object_component id="oc-2ad">
         <name>.text:__sset_arg</name>
         <load_address>0x8001e300</load_address>
         <run_address>0x8001e300</run_address>
         <size>0x620</size>
         <input_file_ref idref="fl-bd"/>
      </object_component>
      <object_component id="oc-1f5">
         <name>.text:_ti_sysbios_knl_Semaphore_pend__E</name>
         <load_address>0x8001e920</load_address>
         <run_address>0x8001e920</run_address>
         <size>0x600</size>
         <input_file_ref idref="fl-a"/>
      </object_component>
      <object_component id="oc-199">
         <name>.text:_ti_sysbios_heaps_HeapMem_free__E</name>
         <load_address>0x8001ef20</load_address>
         <run_address>0x8001ef20</run_address>
         <size>0x5e0</size>
         <input_file_ref idref="fl-a"/>
      </object_component>
      <object_component id="oc-36f">
         <name>.text:_ti_sysbios_timers_timer64_Timer_Module_startup__F</name>
         <load_address>0x8001f500</load_address>
         <run_address>0x8001f500</run_address>
         <size>0x5a0</size>
         <input_file_ref idref="fl-a"/>
      </object_component>
      <object_component id="oc-324">
         <name>.text:__getarg_diouxp</name>
         <load_address>0x8001faa0</load_address>
         <run_address>0x8001faa0</run_address>
         <size>0x580</size>
         <input_file_ref idref="fl-bc"/>
      </object_component>
      <object_component id="oc-2b4">
         <name>.text:__divd</name>
         <load_address>0x80020020</load_address>
         <run_address>0x80020020</run_address>
         <size>0x540</size>
         <input_file_ref idref="fl-c4"/>
      </object_component>
      <object_component id="oc-241">
         <name>.text:_strtod</name>
         <load_address>0x80020560</load_address>
         <run_address>0x80020560</run_address>
         <size>0x520</size>
         <input_file_ref idref="fl-b6"/>
      </object_component>
      <object_component id="oc-2ed">
         <name>.text:_strtold</name>
         <load_address>0x80020a80</load_address>
         <run_address>0x80020a80</run_address>
         <size>0x520</size>
         <input_file_ref idref="fl-d7"/>
      </object_component>
      <object_component id="oc-2aa">
         <name>.text:__sproc_int</name>
         <load_address>0x80020fa0</load_address>
         <run_address>0x80020fa0</run_address>
         <size>0x4c0</size>
         <input_file_ref idref="fl-bd"/>
      </object_component>
      <object_component id="oc-36e">
         <name>.text:_ti_sysbios_knl_Task_Module_startup__F</name>
         <load_address>0x80021460</load_address>
         <run_address>0x80021460</run_address>
         <size>0x480</size>
         <input_file_ref idref="fl-a"/>
      </object_component>
      <object_component id="oc-2ee">
         <name>.text:_strtol</name>
         <load_address>0x800218e0</load_address>
         <run_address>0x800218e0</run_address>
         <size>0x460</size>
         <input_file_ref idref="fl-d6"/>
      </object_component>
      <object_component id="oc-2ef">
         <name>.text:_strtoll</name>
         <load_address>0x80021d40</load_address>
         <run_address>0x80021d40</run_address>
         <size>0x460</size>
         <input_file_ref idref="fl-d8"/>
      </object_component>
      <object_component id="oc-308">
         <name>.text:_xdc_runtime_System_printfExtend__I</name>
         <load_address>0x800221a0</load_address>
         <run_address>0x800221a0</run_address>
         <size>0x460</size>
         <input_file_ref idref="fl-3"/>
      </object_component>
      <object_component id="oc-246">
         <name>.text:__printfi</name>
         <load_address>0x80022600</load_address>
         <run_address>0x80022600</run_address>
         <size>0x440</size>
         <input_file_ref idref="fl-bc"/>
      </object_component>
      <object_component id="oc-2bf">
         <name>.text:__setfield</name>
         <load_address>0x80022a40</load_address>
         <run_address>0x80022a40</run_address>
         <size>0x440</size>
         <input_file_ref idref="fl-bc"/>
      </object_component>
      <object_component id="oc-2eb">
         <name>.text:_strtoul</name>
         <load_address>0x80022e80</load_address>
         <run_address>0x80022e80</run_address>
         <size>0x400</size>
         <input_file_ref idref="fl-d9"/>
      </object_component>
      <object_component id="oc-2ec">
         <name>.text:_strtoull</name>
         <load_address>0x80023280</load_address>
         <run_address>0x80023280</run_address>
         <size>0x400</size>
         <input_file_ref idref="fl-da"/>
      </object_component>
      <object_component id="oc-2bc">
         <name>.text:_fputs</name>
         <load_address>0x80023680</load_address>
         <run_address>0x80023680</run_address>
         <size>0x3a0</size>
         <input_file_ref idref="fl-a9"/>
      </object_component>
      <object_component id="oc-243">
         <name>.text:__dofgets</name>
         <load_address>0x80023a20</load_address>
         <run_address>0x80023a20</run_address>
         <size>0x380</size>
         <input_file_ref idref="fl-a5"/>
      </object_component>
      <object_component id="oc-2f8">
         <name>.text:__pproc_fge</name>
         <load_address>0x80023da0</load_address>
         <run_address>0x80023da0</run_address>
         <size>0x340</size>
         <input_file_ref idref="fl-bc"/>
      </object_component>
      <object_component id="oc-2a8">
         <name>.text:__sget_conv</name>
         <load_address>0x800240e0</load_address>
         <run_address>0x800240e0</run_address>
         <size>0x320</size>
         <input_file_ref idref="fl-bd"/>
      </object_component>
      <object_component id="oc-222">
         <name>.text:_ti_sysbios_knl_Swi_restoreHwi__E</name>
         <load_address>0x80024400</load_address>
         <run_address>0x80024400</run_address>
         <size>0x320</size>
         <input_file_ref idref="fl-a"/>
      </object_component>
      <object_component id="oc-340">
         <name>.text:_ecvt</name>
         <load_address>0x80024720</load_address>
         <run_address>0x80024720</run_address>
         <size>0x300</size>
         <input_file_ref idref="fl-bc"/>
      </object_component>
      <object_component id="oc-343">
         <name>.text:_fcvt</name>
         <load_address>0x80024a20</load_address>
         <run_address>0x80024a20</run_address>
         <size>0x300</size>
         <input_file_ref idref="fl-bc"/>
      </object_component>
      <object_component id="oc-1b8">
         <name>.text:_ti_sysbios_family_c64p_Hwi_dispatchC__I</name>
         <load_address>0x80024d20</load_address>
         <run_address>0x80024d20</run_address>
         <size>0x300</size>
         <input_file_ref idref="fl-a"/>
      </object_component>
      <object_component id="oc-1cd">
         <name>.text:__addf</name>
         <load_address>0x80025020</load_address>
         <run_address>0x80025020</run_address>
         <size>0x2e0</size>
         <input_file_ref idref="fl-9b"/>
      </object_component>
      <object_component id="oc-2a9">
         <name>.text:__sproc_float</name>
         <load_address>0x80025300</load_address>
         <run_address>0x80025300</run_address>
         <size>0x2e0</size>
         <input_file_ref idref="fl-bd"/>
      </object_component>
      <object_component id="oc-207">
         <name>.text:_ti_sysbios_heaps_HeapMem_Instance_init__F</name>
         <load_address>0x800255e0</load_address>
         <run_address>0x800255e0</run_address>
         <size>0x2e0</size>
         <input_file_ref idref="fl-a"/>
      </object_component>
      <object_component id="oc-2be">
         <name>.text:__pproc_fwp</name>
         <load_address>0x800258c0</load_address>
         <run_address>0x800258c0</run_address>
         <size>0x2c0</size>
         <input_file_ref idref="fl-bc"/>
      </object_component>
      <object_component id="oc-323">
         <name>.text:__pconv_e</name>
         <load_address>0x80025b80</load_address>
         <run_address>0x80025b80</run_address>
         <size>0x2a0</size>
         <input_file_ref idref="fl-bc"/>
      </object_component>
      <object_component id="oc-16b">
         <name>.text:_ti_sysbios_knl_Clock_workFunc__E</name>
         <load_address>0x80025e20</load_address>
         <run_address>0x80025e20</run_address>
         <size>0x2a0</size>
         <input_file_ref idref="fl-a"/>
      </object_component>
      <object_component id="oc-369">
         <name>.text:_ti_sysbios_family_c64p_Cache_Module_startup__F</name>
         <load_address>0x800260c0</load_address>
         <run_address>0x800260c0</run_address>
         <size>0x280</size>
         <input_file_ref idref="fl-a"/>
      </object_component>
      <object_component id="oc-39c">
         <name>.text:_ti_sysbios_timers_timer64_Timer_deviceConfig__I</name>
         <load_address>0x80026340</load_address>
         <run_address>0x80026340</run_address>
         <size>0x280</size>
         <input_file_ref idref="fl-a"/>
      </object_component>
      <object_component id="oc-1c0">
         <name>.text:_xdc_runtime_Error_raiseX__F</name>
         <load_address>0x800265c0</load_address>
         <run_address>0x800265c0</run_address>
         <size>0x280</size>
         <input_file_ref idref="fl-16"/>
      </object_component>
      <object_component id="oc-317">
         <name>.text:__divull</name>
         <load_address>0x80026840</load_address>
         <run_address>0x80026840</run_address>
         <size>0x260</size>
         <input_file_ref idref="fl-ab"/>
      </object_component>
      <object_component id="oc-2ae">
         <name>.text:__mpyd</name>
         <load_address>0x80026aa0</load_address>
         <run_address>0x80026aa0</run_address>
         <size>0x260</size>
         <input_file_ref idref="fl-d2"/>
      </object_component>
      <object_component id="oc-2e0">
         <name>.text:_xdc_runtime_Startup_startMods__I</name>
         <load_address>0x80026d00</load_address>
         <run_address>0x80026d00</run_address>
         <size>0x260</size>
         <input_file_ref idref="fl-1c"/>
      </object_component>
      <object_component id="oc-2f9">
         <name>.text:__pproc_diouxp</name>
         <load_address>0x80026f60</load_address>
         <run_address>0x80026f60</run_address>
         <size>0x240</size>
         <input_file_ref idref="fl-bc"/>
      </object_component>
      <object_component id="oc-1bb">
         <name>.text:_ti_sysbios_family_c64p_Exception_internalHandler__I</name>
         <load_address>0x800271a0</load_address>
         <run_address>0x800271a0</run_address>
         <size>0x240</size>
         <input_file_ref idref="fl-a"/>
      </object_component>
      <object_component id="oc-1f6">
         <name>.text:_ti_sysbios_knl_Semaphore_post__E</name>
         <load_address>0x800273e0</load_address>
         <run_address>0x800273e0</run_address>
         <size>0x240</size>
         <input_file_ref idref="fl-a"/>
      </object_component>
      <object_component id="oc-211">
         <name>.text:_xdc_runtime_LoggerBuf_write8__F</name>
         <load_address>0x80027620</load_address>
         <run_address>0x80027620</run_address>
         <size>0x240</size>
         <input_file_ref idref="fl-19"/>
      </object_component>
      <object_component id="oc-2c0">
         <name>.text:__pproc_str</name>
         <load_address>0x80027860</load_address>
         <run_address>0x80027860</run_address>
         <size>0x220</size>
         <input_file_ref idref="fl-bc"/>
      </object_component>
      <object_component id="oc-2c1">
         <name>.text:_fputc</name>
         <load_address>0x80027a80</load_address>
         <run_address>0x80027a80</run_address>
         <size>0x220</size>
         <input_file_ref idref="fl-a8"/>
      </object_component>
      <object_component id="oc-251">
         <name>.text:_ti_sysbios_knl_Swi_run__I</name>
         <load_address>0x80027ca0</load_address>
         <run_address>0x80027ca0</run_address>
         <size>0x220</size>
         <input_file_ref idref="fl-a"/>
      </object_component>
      <object_component id="oc-38e">
         <name>.text:_ti_sysbios_knl_Task_exit__E</name>
         <load_address>0x80027ec0</load_address>
         <run_address>0x80027ec0</run_address>
         <size>0x220</size>
         <input_file_ref idref="fl-a"/>
      </object_component>
      <object_component id="oc-225">
         <name>.text:_ti_sysbios_knl_Task_schedule__I</name>
         <load_address>0x800280e0</load_address>
         <run_address>0x800280e0</run_address>
         <size>0x220</size>
         <input_file_ref idref="fl-a"/>
      </object_component>
      <object_component id="oc-1dc">
         <name>.text:_ti_sysbios_knl_Task_startCore__E</name>
         <load_address>0x80028300</load_address>
         <run_address>0x80028300</run_address>
         <size>0x220</size>
         <input_file_ref idref="fl-a"/>
      </object_component>
      <object_component id="oc-1e9">
         <name>.text:_xdc_runtime_Core_createObject__I</name>
         <load_address>0x80028520</load_address>
         <run_address>0x80028520</run_address>
         <size>0x220</size>
         <input_file_ref idref="fl-12"/>
      </object_component>
      <object_component id="oc-2b0">
         <name>.text:__addd</name>
         <load_address>0x80028740</load_address>
         <run_address>0x80028740</run_address>
         <size>0x200</size>
         <input_file_ref idref="fl-bf"/>
      </object_component>
      <object_component id="oc-2f1">
         <name>.text:__frcaddd</name>
         <load_address>0x80028940</load_address>
         <run_address>0x80028940</run_address>
         <size>0x200</size>
         <input_file_ref idref="fl-ca"/>
      </object_component>
      <object_component id="oc-1cc">
         <name>.text:__mpyf</name>
         <load_address>0x80028b40</load_address>
         <run_address>0x80028b40</run_address>
         <size>0x200</size>
         <input_file_ref idref="fl-b0"/>
      </object_component>
      <object_component id="oc-321">
         <name>.text:__pconv_g</name>
         <load_address>0x80028d40</load_address>
         <run_address>0x80028d40</run_address>
         <size>0x200</size>
         <input_file_ref idref="fl-bc"/>
      </object_component>
      <object_component id="oc-2e5">
         <name>.text:_setvbuf</name>
         <load_address>0x80028f40</load_address>
         <run_address>0x80028f40</run_address>
         <size>0x200</size>
         <input_file_ref idref="fl-d5"/>
      </object_component>
      <object_component id="oc-171">
         <name>.text:_ti_sysbios_family_c64p_Hwi_dispatchAlways</name>
         <load_address>0x80029140</load_address>
         <run_address>0x80029140</run_address>
         <size>0x200</size>
         <input_file_ref idref="fl-b"/>
      </object_component>
      <object_component id="oc-3b5">
         <name>.text:_ti_sysbios_timers_timer64_Timer_getFreq__E</name>
         <load_address>0x80029340</load_address>
         <run_address>0x80029340</run_address>
         <size>0x1e0</size>
         <input_file_ref idref="fl-a"/>
      </object_component>
      <object_component id="oc-342">
         <name>.text:__mcpy</name>
         <load_address>0x80029520</load_address>
         <run_address>0x80029520</run_address>
         <size>0x1c0</size>
         <input_file_ref idref="fl-bc"/>
      </object_component>
      <object_component id="oc-23c">
         <name>.text:__openfile</name>
         <load_address>0x800296e0</load_address>
         <run_address>0x800296e0</run_address>
         <size>0x1c0</size>
         <input_file_ref idref="fl-a6"/>
      </object_component>
      <object_component id="oc-3ac">
         <name>.text:_ti_sysbios_timers_timer64_Timer_setPeriodMicroSecs__E</name>
         <load_address>0x800298a0</load_address>
         <run_address>0x800298a0</run_address>
         <size>0x1c0</size>
         <input_file_ref idref="fl-a"/>
      </object_component>
      <object_component id="oc-349">
         <name>.text:_xdc_runtime_Text_putSite__F</name>
         <load_address>0x80029a60</load_address>
         <run_address>0x80029a60</run_address>
         <size>0x1c0</size>
         <input_file_ref idref="fl-1f"/>
      </object_component>
      <object_component id="oc-316">
         <name>.text:__divul</name>
         <load_address>0x80029c20</load_address>
         <run_address>0x80029c20</run_address>
         <size>0x1a0</size>
         <input_file_ref idref="fl-ce"/>
      </object_component>
      <object_component id="oc-2ab">
         <name>.text:__sproc_str</name>
         <load_address>0x80029dc0</load_address>
         <run_address>0x80029dc0</run_address>
         <size>0x1a0</size>
         <input_file_ref idref="fl-bd"/>
      </object_component>
      <object_component id="oc-192">
         <name>.text:_ti_sysbios_gates_GateMutex_enter__E</name>
         <load_address>0x80029f60</load_address>
         <run_address>0x80029f60</run_address>
         <size>0x1a0</size>
         <input_file_ref idref="fl-a"/>
      </object_component>
      <object_component id="oc-2fd">
         <name>.text:_ti_sysbios_knl_Task_checkStacks__E</name>
         <load_address>0x8002a100</load_address>
         <run_address>0x8002a100</run_address>
         <size>0x1a0</size>
         <input_file_ref idref="fl-a"/>
      </object_component>
      <object_component id="oc-27b">
         <name>.text:_ti_sysbios_knl_Task_unblockI__E</name>
         <load_address>0x8002a2a0</load_address>
         <run_address>0x8002a2a0</run_address>
         <size>0x1a0</size>
         <input_file_ref idref="fl-a"/>
      </object_component>
      <object_component id="oc-2c4">
         <name>.text:_ti_sysbios_timers_timer64_Timer_start__E</name>
         <load_address>0x8002a440</load_address>
         <run_address>0x8002a440</run_address>
         <size>0x1a0</size>
         <input_file_ref idref="fl-a"/>
      </object_component>
      <object_component id="oc-210">
         <name>.text:_xdc_runtime_LoggerBuf_write4__F</name>
         <load_address>0x8002a5e0</load_address>
         <run_address>0x8002a5e0</run_address>
         <size>0x1a0</size>
         <input_file_ref idref="fl-19"/>
      </object_component>
      <object_component id="oc-17a">
         <name>.text:_HOSTrename</name>
         <load_address>0x8002a780</load_address>
         <run_address>0x8002a780</run_address>
         <size>0x180</size>
         <input_file_ref idref="fl-b7"/>
      </object_component>
      <object_component id="oc-23f">
         <name>.text:__chkmbc</name>
         <load_address>0x8002a900</load_address>
         <run_address>0x8002a900</run_address>
         <size>0x180</size>
         <input_file_ref idref="fl-aa"/>
      </object_component>
      <object_component id="oc-2a4">
         <name>.text:_open</name>
         <load_address>0x8002aa80</load_address>
         <run_address>0x8002aa80</run_address>
         <size>0x180</size>
         <input_file_ref idref="fl-ad"/>
      </object_component>
      <object_component id="oc-1db">
         <name>.text:_ti_sysbios_knl_Swi_schedule__I</name>
         <load_address>0x8002ac00</load_address>
         <run_address>0x8002ac00</run_address>
         <size>0x180</size>
         <input_file_ref idref="fl-a"/>
      </object_component>
      <object_component id="oc-2e">
         <name>.text</name>
         <load_address>0x8002ad80</load_address>
         <run_address>0x8002ad80</run_address>
         <size>0x180</size>
         <input_file_ref idref="fl-e"/>
      </object_component>
      <object_component id="oc-2ac">
         <name>.text:__sproc_lb</name>
         <load_address>0x8002af00</load_address>
         <run_address>0x8002af00</run_address>
         <size>0x160</size>
         <input_file_ref idref="fl-bd"/>
      </object_component>
      <object_component id="oc-1d7">
         <name>.text:_ti_sysbios_BIOS_rtsUnlock__I</name>
         <load_address>0x8002b060</load_address>
         <run_address>0x8002b060</run_address>
         <size>0x160</size>
         <input_file_ref idref="fl-a"/>
      </object_component>
      <object_component id="oc-2a5">
         <name>.text:_fgetc</name>
         <load_address>0x8002b1c0</load_address>
         <run_address>0x8002b1c0</run_address>
         <size>0x140</size>
         <input_file_ref idref="fl-c6"/>
      </object_component>
      <object_component id="oc-2e4">
         <name>.text:_getdevice</name>
         <load_address>0x8002b300</load_address>
         <run_address>0x8002b300</run_address>
         <size>0x140</size>
         <input_file_ref idref="fl-ad"/>
      </object_component>
      <object_component id="oc-367">
         <name>.text:_ti_sysbios_family_c64p_Hwi_Module_startup__F</name>
         <load_address>0x8002b440</load_address>
         <run_address>0x8002b440</run_address>
         <size>0x140</size>
         <input_file_ref idref="fl-a"/>
      </object_component>
      <object_component id="oc-2cf">
         <name>.text:_ti_sysbios_knl_Semaphore_Instance_init__F</name>
         <load_address>0x8002b580</load_address>
         <run_address>0x8002b580</run_address>
         <size>0x140</size>
         <input_file_ref idref="fl-a"/>
      </object_component>
      <object_component id="oc-189">
         <name>.text:_ti_sysbios_knl_Swi_post__E</name>
         <load_address>0x8002b6c0</load_address>
         <run_address>0x8002b6c0</run_address>
         <size>0x140</size>
         <input_file_ref idref="fl-a"/>
      </object_component>
      <object_component id="oc-278">
         <name>.text:_ti_sysbios_knl_Task_blockI__E</name>
         <load_address>0x8002b800</load_address>
         <run_address>0x8002b800</run_address>
         <size>0x140</size>
         <input_file_ref idref="fl-a"/>
      </object_component>
      <object_component id="oc-2a6">
         <name>.text:_ungetc</name>
         <load_address>0x8002b940</load_address>
         <run_address>0x8002b940</run_address>
         <size>0x140</size>
         <input_file_ref idref="fl-b9"/>
      </object_component>
      <object_component id="oc-348">
         <name>.text:_xdc_runtime_Text_putLab__F</name>
         <load_address>0x8002ba80</load_address>
         <run_address>0x8002ba80</run_address>
         <size>0x140</size>
         <input_file_ref idref="fl-1f"/>
      </object_component>
      <object_component id="oc-2ba">
         <name>.text:__buff_read</name>
         <load_address>0x8002bbc0</load_address>
         <run_address>0x8002bbc0</run_address>
         <size>0x120</size>
         <input_file_ref idref="fl-ba"/>
      </object_component>
      <object_component id="oc-242">
         <name>.text:__closefile</name>
         <load_address>0x8002bce0</load_address>
         <run_address>0x8002bce0</run_address>
         <size>0x120</size>
         <input_file_ref idref="fl-a3"/>
      </object_component>
      <object_component id="oc-325">
         <name>.text:__ltostr</name>
         <load_address>0x8002be00</load_address>
         <run_address>0x8002be00</run_address>
         <size>0x120</size>
         <input_file_ref idref="fl-bc"/>
      </object_component>
      <object_component id="oc-2bd">
         <name>.text:__pproc_fflags</name>
         <load_address>0x8002bf20</load_address>
         <run_address>0x8002bf20</run_address>
         <size>0x120</size>
         <input_file_ref idref="fl-bc"/>
      </object_component>
      <object_component id="oc-23b">
         <name>.text:__search_fp</name>
         <load_address>0x8002c040</load_address>
         <run_address>0x8002c040</run_address>
         <size>0x120</size>
         <input_file_ref idref="fl-a6"/>
      </object_component>
      <object_component id="oc-2e7">
         <name>.text:__sget_scanset</name>
         <load_address>0x8002c160</load_address>
         <run_address>0x8002c160</run_address>
         <size>0x120</size>
         <input_file_ref idref="fl-bd"/>
      </object_component>
      <object_component id="oc-31e">
         <name>.text:_fseek</name>
         <load_address>0x8002c280</load_address>
         <run_address>0x8002c280</run_address>
         <size>0x120</size>
         <input_file_ref idref="fl-cd"/>
      </object_component>
      <object_component id="oc-212">
         <name>.text:_xdc_runtime_LoggerBuf_setFilterLevel__F</name>
         <load_address>0x8002c3a0</load_address>
         <run_address>0x8002c3a0</run_address>
         <size>0x120</size>
         <input_file_ref idref="fl-19"/>
      </object_component>
      <object_component id="oc-35f">
         <name>.text:_xdc_runtime_Text_putMod__F</name>
         <load_address>0x8002c4c0</load_address>
         <run_address>0x8002c4c0</run_address>
         <size>0x120</size>
         <input_file_ref idref="fl-1f"/>
      </object_component>
      <object_component id="oc-178">
         <name>.text:_HOSTlseek</name>
         <load_address>0x8002c5e0</load_address>
         <run_address>0x8002c5e0</run_address>
         <size>0x100</size>
         <input_file_ref idref="fl-b7"/>
      </object_component>
      <object_component id="oc-162">
         <name>.text:__auto_init</name>
         <load_address>0x8002c6e0</load_address>
         <run_address>0x8002c6e0</run_address>
         <size>0x100</size>
         <input_file_ref idref="fl-22"/>
      </object_component>
      <object_component id="oc-2f0">
         <name>.text:__frcmpyd</name>
         <load_address>0x8002c7e0</load_address>
         <run_address>0x8002c7e0</run_address>
         <size>0x100</size>
         <input_file_ref idref="fl-dc"/>
      </object_component>
      <object_component id="oc-2f7">
         <name>.text:__wrt_ok</name>
         <load_address>0x8002c8e0</load_address>
         <run_address>0x8002c8e0</run_address>
         <size>0x100</size>
         <input_file_ref idref="fl-bb"/>
      </object_component>
      <object_component id="oc-339">
         <name>.text:_call_dtors</name>
         <load_address>0x8002c9e0</load_address>
         <run_address>0x8002c9e0</run_address>
         <size>0x100</size>
         <input_file_ref idref="fl-b4"/>
      </object_component>
      <object_component id="oc-1cf">
         <name>.text:_fprintf</name>
         <load_address>0x8002cae0</load_address>
         <run_address>0x8002cae0</run_address>
         <size>0x100</size>
         <input_file_ref idref="fl-a7"/>
      </object_component>
      <object_component id="oc-3ab">
         <name>.text:_ti_sysbios_timers_timer64_Timer_initDevice__I</name>
         <load_address>0x8002cbe0</load_address>
         <run_address>0x8002cbe0</run_address>
         <size>0x100</size>
         <input_file_ref idref="fl-a"/>
      </object_component>
      <object_component id="oc-1eb">
         <name>.text:_xdc_runtime_Core_deleteObject__I</name>
         <load_address>0x8002cce0</load_address>
         <run_address>0x8002cce0</run_address>
         <size>0x100</size>
         <input_file_ref idref="fl-12"/>
      </object_component>
      <object_component id="oc-213">
         <name>.text:_xdc_runtime_LoggerBuf_getFilterLevel__F</name>
         <load_address>0x8002cde0</load_address>
         <run_address>0x8002cde0</run_address>
         <size>0x100</size>
         <input_file_ref idref="fl-19"/>
      </object_component>
      <object_component id="oc-17c">
         <name>.text:_xdc_runtime_Startup_exec__F</name>
         <load_address>0x8002cee0</load_address>
         <run_address>0x8002cee0</run_address>
         <size>0x100</size>
         <input_file_ref idref="fl-1c"/>
      </object_component>
      <object_component id="oc-3ae">
         <name>.text:_xdc_runtime_Text_visitRope2__I</name>
         <load_address>0x8002cfe0</load_address>
         <run_address>0x8002cfe0</run_address>
         <size>0x100</size>
         <input_file_ref idref="fl-1f"/>
      </object_component>
      <object_component id="oc-174">
         <name>.text:_HOSTopen</name>
         <load_address>0x8002d0e0</load_address>
         <run_address>0x8002d0e0</run_address>
         <size>0xe0</size>
         <input_file_ref idref="fl-b7"/>
      </object_component>
      <object_component id="oc-2b2">
         <name>.text:__cmpd</name>
         <load_address>0x8002d1c0</load_address>
         <run_address>0x8002d1c0</run_address>
         <size>0xe0</size>
         <input_file_ref idref="fl-c1"/>
      </object_component>
      <object_component id="oc-2e6">
         <name>.text:_atoi</name>
         <load_address>0x8002d2a0</load_address>
         <run_address>0x8002d2a0</run_address>
         <size>0xe0</size>
         <input_file_ref idref="fl-c0"/>
      </object_component>
      <object_component id="oc-2b7">
         <name>.text:_close</name>
         <load_address>0x8002d380</load_address>
         <run_address>0x8002d380</run_address>
         <size>0xe0</size>
         <input_file_ref idref="fl-ad"/>
      </object_component>
      <object_component id="oc-1c7">
         <name>.text:_fscanf</name>
         <load_address>0x8002d460</load_address>
         <run_address>0x8002d460</run_address>
         <size>0xe0</size>
         <input_file_ref idref="fl-aa"/>
      </object_component>
      <object_component id="oc-229">
         <name>.text:_memset</name>
         <load_address>0x8002d540</load_address>
         <run_address>0x8002d540</run_address>
         <size>0xe0</size>
         <input_file_ref idref="fl-af"/>
      </object_component>
      <object_component id="oc-250">
         <name>.text:_ti_sysbios_timers_timer64_Timer_startup__E</name>
         <load_address>0x8002d620</load_address>
         <run_address>0x8002d620</run_address>
         <size>0xe0</size>
         <input_file_ref idref="fl-a"/>
      </object_component>
      <object_component id="oc-332">
         <name>.text:_xdc_runtime_Error_print__F</name>
         <load_address>0x8002d700</load_address>
         <run_address>0x8002d700</run_address>
         <size>0xe0</size>
         <input_file_ref idref="fl-16"/>
      </object_component>
      <object_component id="oc-1b5">
         <name>.text:_xdc_runtime_LoggerBuf_Object__create__S</name>
         <load_address>0x8002d7e0</load_address>
         <run_address>0x8002d7e0</run_address>
         <size>0xe0</size>
         <input_file_ref idref="fl-3"/>
      </object_component>
      <object_component id="oc-291">
         <name>.text:_xdc_runtime_Memory_alloc__F</name>
         <load_address>0x8002d8c0</load_address>
         <run_address>0x8002d8c0</run_address>
         <size>0xe0</size>
         <input_file_ref idref="fl-1a"/>
      </object_component>
      <object_component id="oc-176">
         <name>.text:_HOSTread</name>
         <load_address>0x8002d9a0</load_address>
         <run_address>0x8002d9a0</run_address>
         <size>0xc0</size>
         <input_file_ref idref="fl-b7"/>
      </object_component>
      <object_component id="oc-179">
         <name>.text:_HOSTunlink</name>
         <load_address>0x8002da60</load_address>
         <run_address>0x8002da60</run_address>
         <size>0xc0</size>
         <input_file_ref idref="fl-b7"/>
      </object_component>
      <object_component id="oc-177">
         <name>.text:_HOSTwrite</name>
         <load_address>0x8002db20</load_address>
         <run_address>0x8002db20</run_address>
         <size>0xc0</size>
         <input_file_ref idref="fl-b7"/>
      </object_component>
      <object_component id="oc-345">
         <name>.text:__div</name>
         <load_address>0x8002dbe0</load_address>
         <run_address>0x8002dbe0</run_address>
         <size>0xc0</size>
         <input_file_ref idref="fl-bc"/>
      </object_component>
      <object_component id="oc-283">
         <name>.text:__divu</name>
         <load_address>0x8002dca0</load_address>
         <run_address>0x8002dca0</run_address>
         <size>0xc0</size>
         <input_file_ref idref="fl-a1"/>
      </object_component>
      <object_component id="oc-2b5">
         <name>.text:__doflush</name>
         <load_address>0x8002dd60</load_address>
         <run_address>0x8002dd60</run_address>
         <size>0xc0</size>
         <input_file_ref idref="fl-a4"/>
      </object_component>
      <object_component id="oc-2b9">
         <name>.text:__rd_ok</name>
         <load_address>0x8002de20</load_address>
         <run_address>0x8002de20</run_address>
         <size>0xc0</size>
         <input_file_ref idref="fl-bb"/>
      </object_component>
      <object_component id="oc-2e2">
         <name>.text:_atexit</name>
         <load_address>0x8002dee0</load_address>
         <run_address>0x8002dee0</run_address>
         <size>0xc0</size>
         <input_file_ref idref="fl-9d"/>
      </object_component>
      <object_component id="oc-165">
         <name>.text:_exit</name>
         <load_address>0x8002dfa0</load_address>
         <run_address>0x8002dfa0</run_address>
         <size>0xc0</size>
         <input_file_ref idref="fl-a2"/>
      </object_component>
      <object_component id="oc-35b">
         <name>.text:_ltoa</name>
         <load_address>0x8002e060</load_address>
         <run_address>0x8002e060</run_address>
         <size>0xc0</size>
         <input_file_ref idref="fl-d0"/>
      </object_component>
      <object_component id="oc-29d">
         <name>.text:_ti_sysbios_BIOS_errorRaiseHook__I</name>
         <load_address>0x8002e120</load_address>
         <run_address>0x8002e120</run_address>
         <size>0xc0</size>
         <input_file_ref idref="fl-a"/>
      </object_component>
      <object_component id="oc-19b">
         <name>.text:_ti_sysbios_heaps_HeapMem_getStats__E</name>
         <load_address>0x8002e1e0</load_address>
         <run_address>0x8002e1e0</run_address>
         <size>0xc0</size>
         <input_file_ref idref="fl-a"/>
      </object_component>
      <object_component id="oc-186">
         <name>.text:_ti_sysbios_knl_Clock_logTick__E</name>
         <load_address>0x8002e2a0</load_address>
         <run_address>0x8002e2a0</run_address>
         <size>0xc0</size>
         <input_file_ref idref="fl-a"/>
      </object_component>
      <object_component id="oc-296">
         <name>.text:_ti_sysbios_knl_Task_allBlockedFunction__I</name>
         <load_address>0x8002e360</load_address>
         <run_address>0x8002e360</run_address>
         <size>0xc0</size>
         <input_file_ref idref="fl-a"/>
      </object_component>
      <object_component id="oc-3b4">
         <name>.text:_ti_sysbios_timers_timer64_Timer_stop__E</name>
         <load_address>0x8002e420</load_address>
         <run_address>0x8002e420</run_address>
         <size>0xc0</size>
         <input_file_ref idref="fl-a"/>
      </object_component>
      <object_component id="oc-215">
         <name>.text:_xdc_runtime_LoggerBuf_Instance_init__F</name>
         <load_address>0x8002e4e0</load_address>
         <run_address>0x8002e4e0</run_address>
         <size>0xc0</size>
         <input_file_ref idref="fl-19"/>
      </object_component>
      <object_component id="oc-2d9">
         <name>.text:_xdc_runtime_System_formatNum__I</name>
         <load_address>0x8002e5a0</load_address>
         <run_address>0x8002e5a0</run_address>
         <size>0xc0</size>
         <input_file_ref idref="fl-1d"/>
      </object_component>
      <object_component id="oc-175">
         <name>.text:_HOSTclose</name>
         <load_address>0x8002e660</load_address>
         <run_address>0x8002e660</run_address>
         <size>0xa0</size>
         <input_file_ref idref="fl-b7"/>
      </object_component>
      <object_component id="oc-2a3">
         <name>.text:__cleanup</name>
         <load_address>0x8002e700</load_address>
         <run_address>0x8002e700</run_address>
         <size>0xa0</size>
         <input_file_ref idref="fl-a6"/>
      </object_component>
      <object_component id="oc-1c9">
         <name>.text:__cvtdf</name>
         <load_address>0x8002e7a0</load_address>
         <run_address>0x8002e7a0</run_address>
         <size>0xa0</size>
         <input_file_ref idref="fl-9f"/>
      </object_component>
      <object_component id="oc-371">
         <name>.text:__divli</name>
         <load_address>0x8002e840</load_address>
         <run_address>0x8002e840</run_address>
         <size>0xa0</size>
         <input_file_ref idref="fl-ce"/>
      </object_component>
      <object_component id="oc-341">
         <name>.text:__ecpy</name>
         <load_address>0x8002e8e0</load_address>
         <run_address>0x8002e8e0</run_address>
         <size>0xa0</size>
         <input_file_ref idref="fl-bc"/>
      </object_component>
      <object_component id="oc-344">
         <name>.text:__fcpy</name>
         <load_address>0x8002e980</load_address>
         <run_address>0x8002e980</run_address>
         <size>0xa0</size>
         <input_file_ref idref="fl-bc"/>
      </object_component>
      <object_component id="oc-35a">
         <name>.text:__fixdli</name>
         <load_address>0x8002ea20</load_address>
         <run_address>0x8002ea20</run_address>
         <size>0xa0</size>
         <input_file_ref idref="fl-c8"/>
      </object_component>
      <object_component id="oc-322">
         <name>.text:__pconv_f</name>
         <load_address>0x8002eac0</load_address>
         <run_address>0x8002eac0</run_address>
         <size>0xa0</size>
         <input_file_ref idref="fl-bc"/>
      </object_component>
      <object_component id="oc-309">
         <name>.text:__remu</name>
         <load_address>0x8002eb60</load_address>
         <run_address>0x8002eb60</run_address>
         <size>0xa0</size>
         <input_file_ref idref="fl-b3"/>
      </object_component>
      <object_component id="oc-10">
         <name>.text:_c_int00</name>
         <load_address>0x8002ec00</load_address>
         <run_address>0x8002ec00</run_address>
         <size>0xa0</size>
         <input_file_ref idref="fl-21"/>
      </object_component>
      <object_component id="oc-314">
         <name>.text:_finddevice</name>
         <load_address>0x8002eca0</load_address>
         <run_address>0x8002eca0</run_address>
         <size>0xa0</size>
         <input_file_ref idref="fl-ad"/>
      </object_component>
      <object_component id="oc-33f">
         <name>.text:_lseek</name>
         <load_address>0x8002ed40</load_address>
         <run_address>0x8002ed40</run_address>
         <size>0xa0</size>
         <input_file_ref idref="fl-ad"/>
      </object_component>
      <object_component id="oc-315">
         <name>.text:_malloc</name>
         <load_address>0x8002ede0</load_address>
         <run_address>0x8002ede0</run_address>
         <size>0xa0</size>
         <input_file_ref idref="fl-3"/>
      </object_component>
      <object_component id="oc-17b">
         <name>.text:_memcpy</name>
         <load_address>0x8002ee80</load_address>
         <run_address>0x8002ee80</run_address>
         <size>0xa0</size>
         <input_file_ref idref="fl-ae"/>
      </object_component>
      <object_component id="oc-2bb">
         <name>.text:_read</name>
         <load_address>0x8002ef20</load_address>
         <run_address>0x8002ef20</run_address>
         <size>0xa0</size>
         <input_file_ref idref="fl-ad"/>
      </object_component>
      <object_component id="oc-366">
         <name>.text:_ti_sysbios_family_c64p_Exception_Module_startup__F</name>
         <load_address>0x8002efc0</load_address>
         <run_address>0x8002efc0</run_address>
         <size>0xa0</size>
         <input_file_ref idref="fl-a"/>
      </object_component>
      <object_component id="oc-30e">
         <name>.text:_ti_sysbios_family_c64p_Hwi_getStackInfo__E</name>
         <load_address>0x8002f060</load_address>
         <run_address>0x8002f060</run_address>
         <size>0xa0</size>
         <input_file_ref idref="fl-a"/>
      </object_component>
      <object_component id="oc-29f">
         <name>.text:_ti_sysbios_heaps_HeapMem_init__I</name>
         <load_address>0x8002f100</load_address>
         <run_address>0x8002f100</run_address>
         <size>0xa0</size>
         <input_file_ref idref="fl-a"/>
      </object_component>
      <object_component id="oc-1aa">
         <name>.text:_ti_sysbios_knl_Idle_run__E</name>
         <load_address>0x8002f1a0</load_address>
         <run_address>0x8002f1a0</run_address>
         <size>0xa0</size>
         <input_file_ref idref="fl-a"/>
      </object_component>
      <object_component id="oc-27e">
         <name>.text:_ti_sysbios_knl_Semaphore_Object__create__S</name>
         <load_address>0x8002f240</load_address>
         <run_address>0x8002f240</run_address>
         <size>0xa0</size>
         <input_file_ref idref="fl-3"/>
      </object_component>
      <object_component id="oc-2f4">
         <name>.text:_write</name>
         <load_address>0x8002f2e0</load_address>
         <run_address>0x8002f2e0</run_address>
         <size>0xa0</size>
         <input_file_ref idref="fl-ad"/>
      </object_component>
      <object_component id="oc-1f3">
         <name>.text:_xdc_runtime_Assert_raise__I</name>
         <load_address>0x8002f380</load_address>
         <run_address>0x8002f380</run_address>
         <size>0xa0</size>
         <input_file_ref idref="fl-11"/>
      </object_component>
      <object_component id="oc-363">
         <name>.text:_xdc_runtime_LoggerBuf_Module_startup__F</name>
         <load_address>0x8002f420</load_address>
         <run_address>0x8002f420</run_address>
         <size>0xa0</size>
         <input_file_ref idref="fl-19"/>
      </object_component>
      <object_component id="oc-1b2">
         <name>.text:_xdc_runtime_LoggerBuf_write8__E</name>
         <load_address>0x8002f4c0</load_address>
         <run_address>0x8002f4c0</run_address>
         <size>0xa0</size>
         <input_file_ref idref="fl-3"/>
      </object_component>
      <object_component id="oc-30c">
         <name>.text:_xdc_runtime_SysMin_abort__F</name>
         <load_address>0x8002f560</load_address>
         <run_address>0x8002f560</run_address>
         <size>0xa0</size>
         <input_file_ref idref="fl-1e"/>
      </object_component>
      <object_component id="oc-335">
         <name>.text:_xdc_runtime_SysMin_flush__F</name>
         <load_address>0x8002f600</load_address>
         <run_address>0x8002f600</run_address>
         <size>0xa0</size>
         <input_file_ref idref="fl-1e"/>
      </object_component>
      <object_component id="oc-362">
         <name>.text:_xdc_runtime_SysMin_output__I</name>
         <load_address>0x8002f6a0</load_address>
         <run_address>0x8002f6a0</run_address>
         <size>0xa0</size>
         <input_file_ref idref="fl-3"/>
      </object_component>
      <object_component id="oc-334">
         <name>.text:_xdc_runtime_SysMin_putch__F</name>
         <load_address>0x8002f740</load_address>
         <run_address>0x8002f740</run_address>
         <size>0xa0</size>
         <input_file_ref idref="fl-1e"/>
      </object_component>
      <object_component id="oc-360">
         <name>.text:_xdc_runtime_Text_xprintf__I</name>
         <load_address>0x8002f7e0</load_address>
         <run_address>0x8002f7e0</run_address>
         <size>0xa0</size>
         <input_file_ref idref="fl-1f"/>
      </object_component>
      <object_component id="oc-35e">
         <name>.text:__fixdi</name>
         <load_address>0x8002f880</load_address>
         <run_address>0x8002f880</run_address>
         <size>0x80</size>
         <input_file_ref idref="fl-c7"/>
      </object_component>
      <object_component id="oc-35c">
         <name>.text:__fltlid</name>
         <load_address>0x8002f900</load_address>
         <run_address>0x8002f900</run_address>
         <size>0x80</size>
         <input_file_ref idref="fl-c9"/>
      </object_component>
      <object_component id="oc-33c">
         <name>.text:__llshl</name>
         <load_address>0x8002f980</load_address>
         <run_address>0x8002f980</run_address>
         <size>0x80</size>
         <input_file_ref idref="fl-ac"/>
      </object_component>
      <object_component id="oc-31d">
         <name>.text:__renormd</name>
         <load_address>0x8002fa00</load_address>
         <run_address>0x8002fa00</run_address>
         <size>0x80</size>
         <input_file_ref idref="fl-d4"/>
      </object_component>
      <object_component id="oc-1c2">
         <name>.text:_readmsg</name>
         <load_address>0x8002fa80</load_address>
         <run_address>0x8002fa80</run_address>
         <size>0x80</size>
         <input_file_ref idref="fl-b8"/>
      </object_component>
      <object_component id="oc-17f">
         <name>.text:_ti_sysbios_BIOS_exitFunc__I</name>
         <load_address>0x8002fb00</load_address>
         <run_address>0x8002fb00</run_address>
         <size>0x80</size>
         <input_file_ref idref="fl-3"/>
      </object_component>
      <object_component id="oc-3a8">
         <name>.text:_ti_sysbios_family_c62_TaskSupport_start__E</name>
         <load_address>0x8002fb80</load_address>
         <run_address>0x8002fb80</run_address>
         <size>0x80</size>
         <input_file_ref idref="fl-a"/>
      </object_component>
      <object_component id="oc-2c7">
         <name>.text:_ti_sysbios_family_c62_TaskSupport_swap__E</name>
         <load_address>0x8002fc00</load_address>
         <run_address>0x8002fc00</run_address>
         <size>0x80</size>
         <input_file_ref idref="fl-f"/>
      </object_component>
      <object_component id="oc-18e">
         <name>.text:_ti_sysbios_gates_GateHwi_Object__create__S</name>
         <load_address>0x8002fc80</load_address>
         <run_address>0x8002fc80</run_address>
         <size>0x80</size>
         <input_file_ref idref="fl-3"/>
      </object_component>
      <object_component id="oc-194">
         <name>.text:_ti_sysbios_gates_GateMutex_Object__create__S</name>
         <load_address>0x8002fd00</load_address>
         <run_address>0x8002fd00</run_address>
         <size>0x80</size>
         <input_file_ref idref="fl-3"/>
      </object_component>
      <object_component id="oc-19c">
         <name>.text:_ti_sysbios_heaps_HeapMem_Object__create__S</name>
         <load_address>0x8002fd80</load_address>
         <run_address>0x8002fd80</run_address>
         <size>0x80</size>
         <input_file_ref idref="fl-3"/>
      </object_component>
      <object_component id="oc-167">
         <name>.text:_ti_sysbios_knl_Clock_doTick__I</name>
         <load_address>0x8002fe00</load_address>
         <run_address>0x8002fe00</run_address>
         <size>0x80</size>
         <input_file_ref idref="fl-3"/>
      </object_component>
      <object_component id="oc-301">
         <name>.text:_ti_sysbios_knl_Queue_Object__create__S</name>
         <load_address>0x8002fe80</load_address>
         <run_address>0x8002fe80</run_address>
         <size>0x80</size>
         <input_file_ref idref="fl-3"/>
      </object_component>
      <object_component id="oc-274">
         <name>.text:_ti_sysbios_knl_Semaphore_pendTimeout__I</name>
         <load_address>0x8002ff00</load_address>
         <run_address>0x8002ff00</run_address>
         <size>0x80</size>
         <input_file_ref idref="fl-a"/>
      </object_component>
      <object_component id="oc-38b">
         <name>.text:_ti_sysbios_knl_Swi_Object__get__S</name>
         <load_address>0x8002ff80</load_address>
         <run_address>0x8002ff80</run_address>
         <size>0x80</size>
         <input_file_ref idref="fl-3"/>
      </object_component>
      <object_component id="oc-184">
         <name>.text:_ti_sysbios_knl_Swi_startup__E</name>
         <load_address>0x80030000</load_address>
         <run_address>0x80030000</run_address>
         <size>0x80</size>
         <input_file_ref idref="fl-a"/>
      </object_component>
      <object_component id="oc-1da">
         <name>.text:_ti_sysbios_knl_Task_restore__E</name>
         <load_address>0x80030080</load_address>
         <run_address>0x80030080</run_address>
         <size>0x80</size>
         <input_file_ref idref="fl-a"/>
      </object_component>
      <object_component id="oc-3a2">
         <name>.text:_ti_sysbios_timers_timer64_Timer_getPeriod__E</name>
         <load_address>0x80030100</load_address>
         <run_address>0x80030100</run_address>
         <size>0x80</size>
         <input_file_ref idref="fl-a"/>
      </object_component>
      <object_component id="oc-2f6">
         <name>.text:_unlink</name>
         <load_address>0x80030180</load_address>
         <run_address>0x80030180</run_address>
         <size>0x80</size>
         <input_file_ref idref="fl-ad"/>
      </object_component>
      <object_component id="oc-1ec">
         <name>.text:_xdc_runtime_Core_assignLabel__I</name>
         <load_address>0x80030200</load_address>
         <run_address>0x80030200</run_address>
         <size>0x80</size>
         <input_file_ref idref="fl-13"/>
      </object_component>
      <object_component id="oc-263">
         <name>.text:_xdc_runtime_Core_assignParams__I</name>
         <load_address>0x80030280</load_address>
         <run_address>0x80030280</run_address>
         <size>0x80</size>
         <input_file_ref idref="fl-14"/>
      </object_component>
      <object_component id="oc-287">
         <name>.text:_xdc_runtime_LoggerBuf_filterOutEvent__I</name>
         <load_address>0x80030300</load_address>
         <run_address>0x80030300</run_address>
         <size>0x80</size>
         <input_file_ref idref="fl-19"/>
      </object_component>
      <object_component id="oc-1d5">
         <name>.text:_xdc_runtime_System_atexit__F</name>
         <load_address>0x80030380</load_address>
         <run_address>0x80030380</run_address>
         <size>0x80</size>
         <input_file_ref idref="fl-1d"/>
      </object_component>
      <object_component id="oc-2d7">
         <name>.text:_xdc_runtime_System_putchar__I</name>
         <load_address>0x80030400</load_address>
         <run_address>0x80030400</run_address>
         <size>0x80</size>
         <input_file_ref idref="fl-1d"/>
      </object_component>
      <object_component id="oc-2e1">
         <name>.text:_xdc_runtime_System_rtsExit__I</name>
         <load_address>0x80030480</load_address>
         <run_address>0x80030480</run_address>
         <size>0x80</size>
         <input_file_ref idref="fl-1d"/>
      </object_component>
      <object_component id="oc-376">
         <name>.text:_xdc_runtime_Text_printVisFxn__I</name>
         <load_address>0x80030500</load_address>
         <run_address>0x80030500</run_address>
         <size>0x80</size>
         <input_file_ref idref="fl-1f"/>
      </object_component>
      <object_component id="oc-2d1">
         <name>.text:ti_sysbios_hal_Hwi_checkStack:_ti_sysbios_hal_Hwi_checkStack</name>
         <load_address>0x80030580</load_address>
         <run_address>0x80030580</run_address>
         <size>0x80</size>
         <input_file_ref idref="fl-a"/>
      </object_component>
      <object_component id="oc-2a0">
         <name>.text:ti_sysbios_hal_Hwi_initStack:_ti_sysbios_hal_Hwi_initStack</name>
         <load_address>0x80030600</load_address>
         <run_address>0x80030600</run_address>
         <size>0x80</size>
         <input_file_ref idref="fl-a"/>
      </object_component>
      <object_component id="oc-1ce">
         <name>.text:__cvtfd</name>
         <load_address>0x80030680</load_address>
         <run_address>0x80030680</run_address>
         <size>0x60</size>
         <input_file_ref idref="fl-a0"/>
      </object_component>
      <object_component id="oc-244">
         <name>.text:__frcmpyf</name>
         <load_address>0x800306e0</load_address>
         <run_address>0x800306e0</run_address>
         <size>0x60</size>
         <input_file_ref idref="fl-cc"/>
      </object_component>
      <object_component id="oc-31c">
         <name>.text:__remull</name>
         <load_address>0x80030740</load_address>
         <run_address>0x80030740</run_address>
         <size>0x60</size>
         <input_file_ref idref="fl-ab"/>
      </object_component>
      <object_component id="oc-33d">
         <name>.text:__subcull</name>
         <load_address>0x800307a0</load_address>
         <run_address>0x800307a0</run_address>
         <size>0x60</size>
         <input_file_ref idref="fl-ab"/>
      </object_component>
      <object_component id="oc-1ca">
         <name>.text:_fclose</name>
         <load_address>0x80030800</load_address>
         <run_address>0x80030800</run_address>
         <size>0x60</size>
         <input_file_ref idref="fl-a3"/>
      </object_component>
      <object_component id="oc-1c6">
         <name>.text:_fopen</name>
         <load_address>0x80030860</load_address>
         <run_address>0x80030860</run_address>
         <size>0x60</size>
         <input_file_ref idref="fl-a6"/>
      </object_component>
      <object_component id="oc-2b6">
         <name>.text:_free</name>
         <load_address>0x800308c0</load_address>
         <run_address>0x800308c0</run_address>
         <size>0x60</size>
         <input_file_ref idref="fl-3"/>
      </object_component>
      <object_component id="oc-2fa">
         <name>.text:_memccpy</name>
         <load_address>0x80030920</load_address>
         <run_address>0x80030920</run_address>
         <size>0x60</size>
         <input_file_ref idref="fl-d1"/>
      </object_component>
      <object_component id="oc-2e3">
         <name>.text:_tabinit</name>
         <load_address>0x80030980</load_address>
         <run_address>0x80030980</run_address>
         <size>0x60</size>
         <input_file_ref idref="fl-ad"/>
      </object_component>
      <object_component id="oc-181">
         <name>.text:_ti_sysbios_BIOS_registerRTSLock__I</name>
         <load_address>0x800309e0</load_address>
         <run_address>0x800309e0</run_address>
         <size>0x60</size>
         <input_file_ref idref="fl-a"/>
      </object_component>
      <object_component id="oc-37e">
         <name>.text:_ti_sysbios_family_c64p_Cache_setMar__E</name>
         <load_address>0x80030a40</load_address>
         <run_address>0x80030a40</run_address>
         <size>0x60</size>
         <input_file_ref idref="fl-a"/>
      </object_component>
      <object_component id="oc-190">
         <name>.text:_ti_sysbios_gates_GateHwi_Handle__label__S</name>
         <load_address>0x80030aa0</load_address>
         <run_address>0x80030aa0</run_address>
         <size>0x60</size>
         <input_file_ref idref="fl-3"/>
      </object_component>
      <object_component id="oc-18f">
         <name>.text:_ti_sysbios_gates_GateHwi_Object__delete__S</name>
         <load_address>0x80030b00</load_address>
         <run_address>0x80030b00</run_address>
         <size>0x60</size>
         <input_file_ref idref="fl-3"/>
      </object_component>
      <object_component id="oc-196">
         <name>.text:_ti_sysbios_gates_GateMutex_Handle__label__S</name>
         <load_address>0x80030b60</load_address>
         <run_address>0x80030b60</run_address>
         <size>0x60</size>
         <input_file_ref idref="fl-3"/>
      </object_component>
      <object_component id="oc-1f8">
         <name>.text:_ti_sysbios_gates_GateMutex_Instance_init__F</name>
         <load_address>0x80030bc0</load_address>
         <run_address>0x80030bc0</run_address>
         <size>0x60</size>
         <input_file_ref idref="fl-a"/>
      </object_component>
      <object_component id="oc-195">
         <name>.text:_ti_sysbios_gates_GateMutex_Object__delete__S</name>
         <load_address>0x80030c20</load_address>
         <run_address>0x80030c20</run_address>
         <size>0x60</size>
         <input_file_ref idref="fl-3"/>
      </object_component>
      <object_component id="oc-19e">
         <name>.text:_ti_sysbios_heaps_HeapMem_Handle__label__S</name>
         <load_address>0x80030c80</load_address>
         <run_address>0x80030c80</run_address>
         <size>0x60</size>
         <input_file_ref idref="fl-3"/>
      </object_component>
      <object_component id="oc-19d">
         <name>.text:_ti_sysbios_heaps_HeapMem_Object__delete__S</name>
         <load_address>0x80030ce0</load_address>
         <run_address>0x80030ce0</run_address>
         <size>0x60</size>
         <input_file_ref idref="fl-3"/>
      </object_component>
      <object_component id="oc-2de">
         <name>.text:_ti_sysbios_heaps_HeapMem_Object__get__S</name>
         <load_address>0x80030d40</load_address>
         <run_address>0x80030d40</run_address>
         <size>0x60</size>
         <input_file_ref idref="fl-3"/>
      </object_component>
      <object_component id="oc-36c">
         <name>.text:_ti_sysbios_knl_Clock_Module_startup__F</name>
         <load_address>0x80030da0</load_address>
         <run_address>0x80030da0</run_address>
         <size>0x60</size>
         <input_file_ref idref="fl-a"/>
      </object_component>
      <object_component id="oc-393">
         <name>.text:_ti_sysbios_knl_Queue_Object__get__S</name>
         <load_address>0x80030e00</load_address>
         <run_address>0x80030e00</run_address>
         <size>0x60</size>
[...]
         <value>0x80031160</value>
         <object_component_ref idref="oc-365"/>
      </symbol>
      <symbol id="sm-2f11">
         <name>_xdc_runtime_SysMin_exit__F</name>
         <value>0x800311c0</value>
         <object_component_ref idref="oc-359"/>
      </symbol>
      <symbol id="sm-2f12">
         <name>_xdc_runtime_SysMin_abort__F</name>
         <value>0x8002f560</value>
         <object_component_ref idref="oc-30c"/>
      </symbol>
      <symbol id="sm-2f13">
         <name>_xdc_runtime_SysMin_ready__F</name>
         <value>0x80032b40</value>
         <object_component_ref idref="oc-306"/>
      </symbol>
      <symbol id="sm-2f14">
         <name>_xdc_runtime_SysMin_flush__F</name>
         <value>0x8002f600</value>
         <object_component_ref idref="oc-335"/>
      </symbol>
      <symbol id="sm-2f15">
         <name>_xdc_runtime_SysMin_putch__F</name>
         <value>0x8002f740</value>
         <object_component_ref idref="oc-334"/>
      </symbol>
      <symbol id="sm-2f6d">
         <name>_xdc_runtime_Text_putSite__F</name>
         <value>0x80029a60</value>
         <object_component_ref idref="oc-349"/>
      </symbol>
      <symbol id="sm-2f6e">
         <name>_xdc_runtime_Text_ropeText__F</name>
         <value>0x80031e00</value>
         <object_component_ref idref="oc-22b"/>
      </symbol>
      <symbol id="sm-2f6f">
         <name>_xdc_runtime_Text_putMod__F</name>
         <value>0x8002c4c0</value>
         <object_component_ref idref="oc-35f"/>
      </symbol>
      <symbol id="sm-2f70">
         <name>_xdc_runtime_Text_visitRope2__I</name>
         <value>0x8002cfe0</value>
         <object_component_ref idref="oc-3ae"/>
      </symbol>
      <symbol id="sm-2f71">
         <name>_xdc_runtime_Text_cordText__F</name>
         <value>0x800312e0</value>
         <object_component_ref idref="oc-269"/>
      </symbol>
      <symbol id="sm-2f72">
         <name>_xdc_runtime_Text_putLab__F</name>
         <value>0x8002ba80</value>
         <object_component_ref idref="oc-348"/>
      </symbol>
      <symbol id="sm-2f73">
         <name>_xdc_runtime_Text_printVisFxn__I</name>
         <value>0x80030500</value>
         <object_component_ref idref="oc-376"/>
      </symbol>
      <symbol id="sm-2f74">
         <name>_xdc_runtime_Text_xprintf__I</name>
         <value>0x8002f7e0</value>
         <object_component_ref idref="oc-360"/>
      </symbol>
      <symbol id="sm-2f7e">
         <name>___xdc__init</name>
         <value>0x80031e80</value>
         <object_component_ref idref="oc-170"/>
      </symbol>
      <symbol id="sm-2f8f">
         <name>__stack</name>
         <value>0x80038cc8</value>
         <object_component_ref idref="oc-80"/>
      </symbol>
      <symbol id="sm-2f90">
         <name>_c_int00</name>
         <value>0x8002ec00</value>
         <object_component_ref idref="oc-10"/>
      </symbol>
      <symbol id="sm-2fab">
         <name>__auto_init</name>
         <value>0x8002c6e0</value>
         <object_component_ref idref="oc-162"/>
      </symbol>
      <symbol id="sm-2fbd">
         <name>__unlock</name>
         <value>0x80036804</value>
         <object_component_ref idref="oc-8a"/>
      </symbol>
      <symbol id="sm-2fbe">
         <name>__lock</name>
         <value>0x80036800</value>
         <object_component_ref idref="oc-8a"/>
      </symbol>
      <symbol id="sm-2fbf">
         <name>__register_lock</name>
         <value>0x80031f40</value>
         <object_component_ref idref="oc-1d3"/>
      </symbol>
      <symbol id="sm-2fc0">
         <name>__nop</name>
         <value>0x80031ee0</value>
         <object_component_ref idref="oc-173"/>
      </symbol>
      <symbol id="sm-2fc1">
         <name>__register_unlock</name>
         <value>0x80031f60</value>
         <object_component_ref idref="oc-1d4"/>
      </symbol>
      <symbol id="sm-2fd5">
         <name>__addf</name>
         <value>0x80025020</value>
         <object_component_ref idref="oc-1cd"/>
      </symbol>
      <symbol id="sm-2fdf">
         <name>__args_main</name>
         <value>0x80031400</value>
         <object_component_ref idref="oc-164"/>
      </symbol>
      <symbol id="sm-2fe0">
         <name>__TI_args_main</name>
         <value>0x1</value>
      </symbol>
      <symbol id="sm-2ff4">
         <name>_atexit</name>
         <value>0x8002dee0</value>
         <object_component_ref idref="oc-2e2"/>
      </symbol>
      <symbol id="sm-2ff5">
         <name>___atexit_func_id__</name>
         <value>0x80036550</value>
         <object_component_ref idref="oc-95"/>
      </symbol>
      <symbol id="sm-2fff">
         <name>_atof</name>
         <value>0x80031fc0</value>
         <object_component_ref idref="oc-1c8"/>
      </symbol>
      <symbol id="sm-300a">
         <name>__cvtdf</name>
         <value>0x8002e7a0</value>
         <object_component_ref idref="oc-1c9"/>
      </symbol>
      <symbol id="sm-3014">
         <name>__cvtfd</name>
         <value>0x80030680</value>
         <object_component_ref idref="oc-1ce"/>
      </symbol>
      <symbol id="sm-301d">
         <name>__c6xabi_divu</name>
         <value>0x8002dca0</value>
         <object_component_ref idref="oc-283"/>
      </symbol>
      <symbol id="sm-301e">
         <name>__divu</name>
         <value>0x8002dca0</value>
         <object_component_ref idref="oc-283"/>
      </symbol>
      <symbol id="sm-3035">
         <name>C$$EXIT</name>
         <value>0x80031fa0</value>
         <object_component_ref idref="oc-17e"/>
      </symbol>
      <symbol id="sm-3036">
         <name>_exit</name>
         <value>0x8002dfa0</value>
         <object_component_ref idref="oc-165"/>
      </symbol>
      <symbol id="sm-3037">
         <name>___TI_enable_exit_profile_output</name>
         <value>0x800367fc</value>
         <object_component_ref idref="oc-a6"/>
      </symbol>
      <symbol id="sm-3038">
         <name>_abort</name>
         <value>0x80031fa0</value>
         <object_component_ref idref="oc-17e"/>
      </symbol>
      <symbol id="sm-3039">
         <name>__cleanup_ptr</name>
         <value>0x800367f4</value>
         <object_component_ref idref="oc-a6"/>
      </symbol>
      <symbol id="sm-303a">
         <name>__dtors_ptr</name>
         <value>0x800367f8</value>
         <object_component_ref idref="oc-a6"/>
      </symbol>
      <symbol id="sm-3050">
         <name>__closefile</name>
         <value>0x8002bce0</value>
         <object_component_ref idref="oc-242"/>
      </symbol>
      <symbol id="sm-3051">
         <name>_fclose</name>
         <value>0x80030800</value>
         <object_component_ref idref="oc-1ca"/>
      </symbol>
      <symbol id="sm-305e">
         <name>__doflush</name>
         <value>0x8002dd60</value>
         <object_component_ref idref="oc-2b5"/>
      </symbol>
      <symbol id="sm-3081">
         <name>_fgets</name>
         <value>0x80031fe0</value>
         <object_component_ref idref="oc-1cb"/>
      </symbol>
      <symbol id="sm-30aa">
         <name>__cleanup</name>
         <value>0x8002e700</value>
         <object_component_ref idref="oc-2a3"/>
      </symbol>
      <symbol id="sm-30ab">
         <name>_fopen</name>
         <value>0x80030860</value>
         <object_component_ref idref="oc-1c6"/>
      </symbol>
      <symbol id="sm-30c0">
         <name>_fprintf</name>
         <value>0x8002cae0</value>
         <object_component_ref idref="oc-1cf"/>
      </symbol>
      <symbol id="sm-30db">
         <name>_putc</name>
         <value>0x80027a80</value>
         <object_component_ref idref="oc-2c1"/>
      </symbol>
      <symbol id="sm-30dc">
         <name>_fputc</name>
         <value>0x80027a80</value>
         <object_component_ref idref="oc-2c1"/>
      </symbol>
      <symbol id="sm-30fe">
         <name>_fputs</name>
         <value>0x80023680</value>
         <object_component_ref idref="oc-2bc"/>
      </symbol>
      <symbol id="sm-3121">
         <name>_fscanf</name>
         <value>0x8002d460</value>
         <object_component_ref idref="oc-1c7"/>
      </symbol>
      <symbol id="sm-3137">
         <name>__subcull</name>
         <value>0x800307a0</value>
         <object_component_ref idref="oc-33d"/>
      </symbol>
      <symbol id="sm-3138">
         <name>__divull</name>
         <value>0x80026840</value>
         <object_component_ref idref="oc-317"/>
      </symbol>
      <symbol id="sm-3139">
         <name>__remull</name>
         <value>0x80030740</value>
         <object_component_ref idref="oc-31c"/>
      </symbol>
      <symbol id="sm-3147">
         <name>__llshl</name>
         <value>0x8002f980</value>
         <object_component_ref idref="oc-33c"/>
      </symbol>
      <symbol id="sm-3148">
         <name>__llshru</name>
         <value>0x80031480</value>
         <object_component_ref idref="oc-33e"/>
      </symbol>
      <symbol id="sm-319d">
         <name>_read</name>
         <value>0x8002ef20</value>
         <object_component_ref idref="oc-2bb"/>
      </symbol>
      <symbol id="sm-319e">
         <name>_unlink</name>
         <value>0x80030180</value>
         <object_component_ref idref="oc-2f6"/>
      </symbol>
      <symbol id="sm-319f">
         <name>_open</name>
         <value>0x8002aa80</value>
         <object_component_ref idref="oc-2a4"/>
      </symbol>
      <symbol id="sm-31a0">
         <name>_lseek</name>
         <value>0x8002ed40</value>
         <object_component_ref idref="oc-33f"/>
      </symbol>
      <symbol id="sm-31a1">
         <name>_close</name>
         <value>0x8002d380</value>
         <object_component_ref idref="oc-2b7"/>
      </symbol>
      <symbol id="sm-31a2">
         <name>_write</name>
         <value>0x8002f2e0</value>
         <object_component_ref idref="oc-2f4"/>
      </symbol>
      <symbol id="sm-31aa">
         <name>_memcpy</name>
         <value>0x8002ee80</value>
         <object_component_ref idref="oc-17b"/>
      </symbol>
      <symbol id="sm-31b5">
         <name>_memset</name>
         <value>0x8002d540</value>
         <object_component_ref idref="oc-229"/>
      </symbol>
      <symbol id="sm-31ca">
         <name>__mpyf</name>
         <value>0x80028b40</value>
         <object_component_ref idref="oc-1cc"/>
      </symbol>
      <symbol id="sm-31d4">
         <name>__negll</name>
         <value>0x80031ec0</value>
         <object_component_ref idref="oc-318"/>
      </symbol>
      <symbol id="sm-31de">
         <name>_remove</name>
         <value>0x80032000</value>
         <object_component_ref idref="oc-2b8"/>
      </symbol>
      <symbol id="sm-31e7">
         <name>__remu</name>
         <value>0x8002eb60</value>
         <object_component_ref idref="oc-309"/>
      </symbol>
      <symbol id="sm-31e8">
         <name>__c6xabi_remu</name>
         <value>0x8002eb60</value>
         <object_component_ref idref="oc-309"/>
      </symbol>
      <symbol id="sm-3200">
         <name>_dtors</name>
         <value>0x80036814</value>
         <object_component_ref idref="oc-e3"/>
      </symbol>
      <symbol id="sm-3201">
         <name>_call_dtors</name>
         <value>0x8002c9e0</value>
         <object_component_ref idref="oc-339"/>
      </symbol>
      <symbol id="sm-3202">
         <name>___add_dtor</name>
         <value>0x80031340</value>
         <object_component_ref idref="oc-313"/>
      </symbol>
      <symbol id="sm-3233">
         <name>_strtod</name>
         <value>0x80020560</value>
         <object_component_ref idref="oc-241"/>
      </symbol>
      <symbol id="sm-325c">
         <name>_HOSTopen</name>
         <value>0x8002d0e0</value>
         <object_component_ref idref="oc-174"/>
      </symbol>
      <symbol id="sm-325d">
         <name>_HOSTread</name>
         <value>0x8002d9a0</value>
         <object_component_ref idref="oc-176"/>
      </symbol>
      <symbol id="sm-325e">
         <name>_HOSTrename</name>
         <value>0x8002a780</value>
         <object_component_ref idref="oc-17a"/>
      </symbol>
      <symbol id="sm-325f">
         <name>_HOSTwrite</name>
         <value>0x8002db20</value>
         <object_component_ref idref="oc-177"/>
      </symbol>
      <symbol id="sm-3260">
         <name>_HOSTlseek</name>
         <value>0x8002c5e0</value>
         <object_component_ref idref="oc-178"/>
      </symbol>
      <symbol id="sm-3261">
         <name>_HOSTunlink</name>
         <value>0x8002da60</value>
         <object_component_ref idref="oc-179"/>
      </symbol>
      <symbol id="sm-3262">
         <name>_HOSTclose</name>
         <value>0x8002e660</value>
         <object_component_ref idref="oc-175"/>
      </symbol>
      <symbol id="sm-3272">
         <name>C$$IO$$</name>
         <value>0x80030fd8</value>
         <object_component_ref idref="oc-1c1"/>
      </symbol>
      <symbol id="sm-3273">
         <name>__CIOBUF_</name>
         <value>0x8003a4d0</value>
         <object_component_ref idref="oc-f1"/>
      </symbol>
      <symbol id="sm-3274">
         <name>_readmsg</name>
         <value>0x8002fa80</value>
         <object_component_ref idref="oc-1c2"/>
      </symbol>
      <symbol id="sm-3275">
         <name>_writemsg</name>
         <value>0x80030f80</value>
         <object_component_ref idref="oc-1c1"/>
      </symbol>
      <symbol id="sm-3286">
         <name>_ungetc</name>
         <value>0x8002b940</value>
         <object_component_ref idref="oc-2a6"/>
      </symbol>
      <symbol id="sm-3294">
         <name>__buff_read</name>
         <value>0x8002bbc0</value>
         <object_component_ref idref="oc-2ba"/>
      </symbol>
      <symbol id="sm-32a8">
         <name>__rd_ok</name>
         <value>0x8002de20</value>
         <object_component_ref idref="oc-2b9"/>
      </symbol>
      <symbol id="sm-32a9">
         <name>__wrt_ok</name>
         <value>0x8002c8e0</value>
         <object_component_ref idref="oc-2f7"/>
      </symbol>
      <symbol id="sm-33c7">
         <name>__printfi</name>
         <value>0x80022600</value>
         <object_component_ref idref="oc-246"/>
      </symbol>
      <symbol id="sm-34a0">
         <name>__scanfi</name>
         <value>0x8001c340</value>
         <object_component_ref idref="oc-240"/>
      </symbol>
      <symbol id="sm-34b7">
         <name>__addd</name>
         <value>0x80028740</value>
         <object_component_ref idref="oc-2b0"/>
      </symbol>
      <symbol id="sm-34c5">
         <name>_atoi</name>
         <value>0x8002d2a0</value>
         <object_component_ref idref="oc-2e6"/>
      </symbol>
      <symbol id="sm-34d4">
         <name>__cmpd</name>
         <value>0x8002d1c0</value>
         <object_component_ref idref="oc-2b2"/>
      </symbol>
      <symbol id="sm-34dc">
         <name>__ctypes_</name>
         <value>0x80038298</value>
         <object_component_ref idref="oc-2a7"/>
      </symbol>
      <symbol id="sm-34e6">
         <name>__tmpnams</name>
         <value>0x80036408</value>
         <object_component_ref idref="oc-114"/>
      </symbol>
      <symbol id="sm-34e7">
         <name>__ft_end</name>
         <value>0x80036548</value>
         <object_component_ref idref="oc-114"/>
      </symbol>
      <symbol id="sm-34e8">
         <name>__ftable</name>
         <value>0x80036228</value>
         <object_component_ref idref="oc-114"/>
      </symbol>
      <symbol id="sm-3500">
         <name>__divd</name>
         <value>0x80020020</value>
         <object_component_ref idref="oc-2b4"/>
      </symbol>
      <symbol id="sm-350a">
         <name>_errno</name>
         <value>0x8003654c</value>
         <object_component_ref idref="oc-11b"/>
      </symbol>
      <symbol id="sm-351e">
         <name>_getc</name>
         <value>0x8002b1c0</value>
         <object_component_ref idref="oc-2a5"/>
      </symbol>
      <symbol id="sm-351f">
         <name>_fgetc</name>
         <value>0x8002b1c0</value>
         <object_component_ref idref="oc-2a5"/>
      </symbol>
      <symbol id="sm-352c">
         <name>__fixdi</name>
         <value>0x8002f880</value>
         <object_component_ref idref="oc-35e"/>
      </symbol>
      <symbol id="sm-3539">
         <name>__fixdli</name>
         <value>0x8002ea20</value>
         <object_component_ref idref="oc-35a"/>
      </symbol>
      <symbol id="sm-3544">
         <name>__fltlid</name>
         <value>0x8002f900</value>
         <object_component_ref idref="oc-35c"/>
      </symbol>
      <symbol id="sm-3554">
         <name>__frcaddd</name>
         <value>0x80028940</value>
         <object_component_ref idref="oc-2f1"/>
      </symbol>
      <symbol id="sm-355e">
         <name>__frcmpyd_div</name>
         <value>0x80031440</value>
         <object_component_ref idref="oc-2f3"/>
      </symbol>
      <symbol id="sm-3568">
         <name>__frcmpyf</name>
         <value>0x800306e0</value>
         <object_component_ref idref="oc-244"/>
      </symbol>
      <symbol id="sm-3579">
         <name>_fseek</name>
         <value>0x8002c280</value>
         <object_component_ref idref="oc-31e"/>
      </symbol>
      <symbol id="sm-358b">
         <name>__divul</name>
         <value>0x80029c20</value>
         <object_component_ref idref="oc-316"/>
      </symbol>
      <symbol id="sm-358c">
         <name>__remli</name>
         <value>0x80031500</value>
         <object_component_ref idref="oc-370"/>
      </symbol>
      <symbol id="sm-358d">
         <name>__remul</name>
         <value>0x80031540</value>
         <object_component_ref idref="oc-31b"/>
      </symbol>
      <symbol id="sm-358e">
         <name>__divli</name>
         <value>0x8002e840</value>
         <object_component_ref idref="oc-371"/>
      </symbol>
      <symbol id="sm-3598">
         <name>___isinf</name>
         <value>0x80031380</value>
         <object_component_ref idref="oc-320"/>
      </symbol>
      <symbol id="sm-35a5">
         <name>_ltoa</name>
         <value>0x8002e060</value>
         <object_component_ref idref="oc-35b"/>
      </symbol>
      <symbol id="sm-35b2">
         <name>_memccpy</name>
         <value>0x80030920</value>
         <object_component_ref idref="oc-2fa"/>
      </symbol>
      <symbol id="sm-35c8">
         <name>__mpyd</name>
         <value>0x80026aa0</value>
         <object_component_ref idref="oc-2ae"/>
      </symbol>
      <symbol id="sm-35d2">
         <name>__negd</name>
         <value>0x800314c0</value>
         <object_component_ref idref="oc-2b1"/>
      </symbol>
      <symbol id="sm-35df">
         <name>__renormd</name>
         <value>0x8002fa00</value>
         <object_component_ref idref="oc-31d"/>
      </symbol>
      <symbol id="sm-35f5">
         <name>_setvbuf</name>
         <value>0x80028f40</value>
         <object_component_ref idref="oc-2e5"/>
      </symbol>
      <symbol id="sm-360d">
         <name>_strtol</name>
         <value>0x800218e0</value>
         <object_component_ref idref="oc-2ee"/>
      </symbol>
      <symbol id="sm-3637">
         <name>_strtold</name>
         <value>0x80020a80</value>
         <object_component_ref idref="oc-2ed"/>
      </symbol>
      <symbol id="sm-3652">
         <name>_strtoll</name>
         <value>0x80021d40</value>
         <object_component_ref idref="oc-2ef"/>
      </symbol>
      <symbol id="sm-366a">
         <name>_strtoul</name>
         <value>0x80022e80</value>
         <object_component_ref idref="oc-2eb"/>
      </symbol>
      <symbol id="sm-3686">
         <name>_strtoull</name>
         <value>0x80023280</value>
         <object_component_ref idref="oc-2ec"/>
      </symbol>
      <symbol id="sm-3690">
         <name>__subd</name>
         <value>0x80031580</value>
         <object_component_ref idref="oc-35d"/>
      </symbol>
      <symbol id="sm-369a">
         <name>__frcmpyd</name>
         <value>0x8002c7e0</value>
         <object_component_ref idref="oc-2f0"/>
      </symbol>
   </symbol_table>
</link_info>
