******************************************************************************
               TMS320C6x Linker PC v7.4.4                      
******************************************************************************
>> Linked Wed Nov 29 13:25:00 2017

OUTPUT FILE NAME:   <basico_func_unrolling.out>
ENTRY POINT SYMBOL: "_c_int00"  address: 80032f60


MEMORY CONFIGURATION

         name            origin    length      used     unused   attr    fill
----------------------  --------  ---------  --------  --------  ----  --------
  IRAM                  00800000   00200000  00000000  00200000  RW X
  DDR                   80000000   10000000  0003eb74  0ffc148c  RWIX


SECTION ALLOCATION MAP

 output                                  attributes/
section   page    origin      length       input sections
--------  ----  ----------  ----------   ----------------
.pinit     0    80000000    00000000     UNINITIALIZED

.bss       0    80000000    00000000     UNINITIALIZED

.data      0    80000000    00000000     UNINITIALIZED

xdc.meta   0    80000000    000000f7     COPY SECTION
                  80000000    000000f7     hello_p64P.o64P (xdc.meta)

.text      0    80000000    00037080     
                  80000000    000206a0     Ejemplo_comienzo.obj (.text)
                  800206a0    00000920     rts64plus.lib : _scanfi.obj (.text:__scanfi)
                  80020fc0    000008c0     ti.targets.rts6000.a64P : System.o64P (.text:_xdc_runtime_System_doPrint__I)
                  80021880    00000780     sysbios.a64P : BIOS.obj (.text:_ti_sysbios_family_c64p_Exception_handler__I)
                  80022000    00000660                  : BIOS.obj (.text:_ti_sysbios_heaps_HeapMem_alloc__E)
                  80022660    00000620     rts64plus.lib : _scanfi.obj (.text:__sset_arg)
                  80022c80    00000600     sysbios.a64P : BIOS.obj (.text:_ti_sysbios_knl_Semaphore_pend__E)
                  80023280    000005e0                  : BIOS.obj (.text:_ti_sysbios_heaps_HeapMem_free__E)
                  80023860    000005a0                  : BIOS.obj (.text:_ti_sysbios_timers_timer64_Timer_Module_startup__F)
                  80023e00    00000580     rts64plus.lib : _printfi.obj (.text:__getarg_diouxp)
                  80024380    00000540                   : divd.obj (.text:__divd)
                  800248c0    00000520                   : strtod.obj (.text:_strtod)
                  80024de0    00000520                   : strtold.obj (.text:_strtold)
                  80025300    000004c0                   : _scanfi.obj (.text:__sproc_int)
                  800257c0    00000480     sysbios.a64P : BIOS.obj (.text:_ti_sysbios_knl_Task_Module_startup__F)
                  80025c40    00000460     rts64plus.lib : strtol.obj (.text:_strtol)
                  800260a0    00000460                   : strtoll.obj (.text:_strtoll)
                  80026500    00000460     hello_p64P.o64P (.text:_xdc_runtime_System_printfExtend__I)
                  80026960    00000440     rts64plus.lib : _printfi.obj (.text:__printfi)
                  80026da0    00000440                   : _printfi.obj (.text:__setfield)
                  800271e0    00000400                   : strtoul.obj (.text:_strtoul)
                  800275e0    00000400                   : strtoull.obj (.text:_strtoull)
                  800279e0    000003a0                   : fputs.obj (.text:_fputs)
                  80027d80    00000380                   : fgets.obj (.text:__dofgets)
                  80028100    00000340                   : _printfi.obj (.text:__pproc_fge)
                  80028440    00000320                   : _scanfi.obj (.text:__sget_conv)
                  80028760    00000320     sysbios.a64P : BIOS.obj (.text:_ti_sysbios_knl_Swi_restoreHwi__E)
                  80028a80    00000300     rts64plus.lib : _printfi.obj (.text:_ecvt)
                  80028d80    00000300                   : _printfi.obj (.text:_fcvt)
                  80029080    00000300     sysbios.a64P : BIOS.obj (.text:_ti_sysbios_family_c64p_Hwi_dispatchC__I)
                  80029380    000002e0     rts64plus.lib : addf.obj (.text:__addf)
                  80029660    000002e0                   : _scanfi.obj (.text:__sproc_float)
                  80029940    000002e0     sysbios.a64P : BIOS.obj (.text:_ti_sysbios_heaps_HeapMem_Instance_init__F)
                  80029c20    000002c0     rts64plus.lib : _printfi.obj (.text:__pproc_fwp)
                  80029ee0    000002a0                   : _printfi.obj (.text:__pconv_e)
                  8002a180    000002a0     sysbios.a64P : BIOS.obj (.text:_ti_sysbios_knl_Clock_workFunc__E)
                  8002a420    00000280                  : BIOS.obj (.text:_ti_sysbios_family_c64p_Cache_Module_startup__F)
                  8002a6a0    00000280                  : BIOS.obj (.text:_ti_sysbios_timers_timer64_Timer_deviceConfig__I)
                  8002a920    00000280     ti.targets.rts6000.a64P : Error.o64P (.text:_xdc_runtime_Error_raiseX__F)
                  8002aba0    00000260     rts64plus.lib : imath64.obj (.text:__divull)
                  8002ae00    00000260                   : mpyd.obj (.text:__mpyd)
                  8002b060    00000260     ti.targets.rts6000.a64P : Startup.o64P (.text:_xdc_runtime_Startup_startMods__I)
                  8002b2c0    00000240     rts64plus.lib : _printfi.obj (.text:__pproc_diouxp)
                  8002b500    00000240     sysbios.a64P : BIOS.obj (.text:_ti_sysbios_family_c64p_Exception_internalHandler__I)
                  8002b740    00000240                  : BIOS.obj (.text:_ti_sysbios_knl_Semaphore_post__E)
                  8002b980    00000240     ti.targets.rts6000.a64P : LoggerBuf.o64P (.text:_xdc_runtime_LoggerBuf_write8__F)
                  8002bbc0    00000220     rts64plus.lib : _printfi.obj (.text:__pproc_str)
                  8002bde0    00000220                   : fputc.obj (.text:_fputc)
                  8002c000    00000220     sysbios.a64P : BIOS.obj (.text:_ti_sysbios_knl_Swi_run__I)
                  8002c220    00000220                  : BIOS.obj (.text:_ti_sysbios_knl_Task_exit__E)
                  8002c440    00000220                  : BIOS.obj (.text:_ti_sysbios_knl_Task_schedule__I)
                  8002c660    00000220                  : BIOS.obj (.text:_ti_sysbios_knl_Task_startCore__E)
                  8002c880    00000220     ti.targets.rts6000.a64P : Core-mem.o64P (.text:_xdc_runtime_Core_createObject__I)
                  8002caa0    00000200     rts64plus.lib : addd.obj (.text:__addd)
                  8002cca0    00000200                   : frcaddd.obj (.text:__frcaddd)
                  8002cea0    00000200                   : mpyf.obj (.text:__mpyf)
                  8002d0a0    00000200                   : _printfi.obj (.text:__pconv_g)
                  8002d2a0    00000200                   : setvbuf.obj (.text:_setvbuf)
                  8002d4a0    00000200     sysbios.a64P : c64p_Hwi_disp_always.obj (.text:_ti_sysbios_family_c64p_Hwi_dispatchAlways)
                  8002d6a0    000001e0                  : BIOS.obj (.text:_ti_sysbios_timers_timer64_Timer_getFreq__E)
                  8002d880    000001c0     rts64plus.lib : _printfi.obj (.text:__mcpy)
                  8002da40    000001c0                   : fopen.obj (.text:__openfile)
                  8002dc00    000001c0     sysbios.a64P : BIOS.obj (.text:_ti_sysbios_timers_timer64_Timer_setPeriodMicroSecs__E)
                  8002ddc0    000001c0     ti.targets.rts6000.a64P : Text.o64P (.text:_xdc_runtime_Text_putSite__F)
                  8002df80    000001a0     rts64plus.lib : imath40.obj (.text:__divul)
                  8002e120    000001a0                   : _scanfi.obj (.text:__sproc_str)
                  8002e2c0    000001a0     sysbios.a64P : BIOS.obj (.text:_ti_sysbios_gates_GateMutex_enter__E)
                  8002e460    000001a0                  : BIOS.obj (.text:_ti_sysbios_knl_Task_checkStacks__E)
                  8002e600    000001a0                  : BIOS.obj (.text:_ti_sysbios_knl_Task_unblockI__E)
                  8002e7a0    000001a0                  : BIOS.obj (.text:_ti_sysbios_timers_timer64_Timer_start__E)
                  8002e940    000001a0     ti.targets.rts6000.a64P : LoggerBuf.o64P (.text:_xdc_runtime_LoggerBuf_write4__F)
                  8002eae0    00000180     rts64plus.lib : trgdrv.obj (.text:_HOSTrename)
                  8002ec60    00000180                   : fscanf.obj (.text:__chkmbc)
                  8002ede0    00000180                   : lowlev.obj (.text:_open)
                  8002ef60    00000180     sysbios.a64P : BIOS.obj (.text:_ti_sysbios_knl_Swi_schedule__I)
                  8002f0e0    00000180                  : c64p_Exception_asm.obj (.text)
                  8002f260    00000160     rts64plus.lib : _scanfi.obj (.text:__sproc_lb)
                  8002f3c0    00000160     sysbios.a64P : BIOS.obj (.text:_ti_sysbios_BIOS_rtsUnlock__I)
                  8002f520    00000140     rts64plus.lib : fgetc.obj (.text:_fgetc)
                  8002f660    00000140                   : lowlev.obj (.text:_getdevice)
                  8002f7a0    00000140     sysbios.a64P : BIOS.obj (.text:_ti_sysbios_family_c64p_Hwi_Module_startup__F)
                  8002f8e0    00000140                  : BIOS.obj (.text:_ti_sysbios_knl_Semaphore_Instance_init__F)
                  8002fa20    00000140                  : BIOS.obj (.text:_ti_sysbios_knl_Swi_post__E)
                  8002fb60    00000140                  : BIOS.obj (.text:_ti_sysbios_knl_Task_blockI__E)
                  8002fca0    00000140     rts64plus.lib : ungetc.obj (.text:_ungetc)
                  8002fde0    00000140     ti.targets.rts6000.a64P : Text.o64P (.text:_xdc_runtime_Text_putLab__F)
                  8002ff20    00000120     rts64plus.lib : _bufread.obj (.text:__buff_read)
                  80030040    00000120                   : fclose.obj (.text:__closefile)
                  80030160    00000120                   : _printfi.obj (.text:__ltostr)
                  80030280    00000120                   : _printfi.obj (.text:__pproc_fflags)
                  800303a0    00000120                   : fopen.obj (.text:__search_fp)
                  800304c0    00000120                   : _scanfi.obj (.text:__sget_scanset)
                  800305e0    00000120                   : fseek.obj (.text:_fseek)
                  80030700    00000120     ti.targets.rts6000.a64P : LoggerBuf.o64P (.text:_xdc_runtime_LoggerBuf_setFilterLevel__F)
                  80030820    00000120                             : Text.o64P (.text:_xdc_runtime_Text_putMod__F)
                  80030940    00000100     rts64plus.lib : trgdrv.obj (.text:_HOSTlseek)
                  80030a40    00000100     boot.a64P : autoinit.o64P (.text:__auto_init)
                  80030b40    00000100     rts64plus.lib : frcmpyd.obj (.text:__frcmpyd)
                  80030c40    00000100                   : _io_perm.obj (.text:__wrt_ok)
                  80030d40    00000100                   : sinit.obj (.text:_call_dtors)
                  80030e40    00000100                   : fprintf.obj (.text:_fprintf)
                  80030f40    00000100     sysbios.a64P : BIOS.obj (.text:_ti_sysbios_timers_timer64_Timer_initDevice__I)
                  80031040    00000100     ti.targets.rts6000.a64P : Core-mem.o64P (.text:_xdc_runtime_Core_deleteObject__I)
                  80031140    00000100                             : LoggerBuf.o64P (.text:_xdc_runtime_LoggerBuf_getFilterLevel__F)
                  80031240    00000100                             : Startup.o64P (.text:_xdc_runtime_Startup_exec__F)
                  80031340    00000100                             : Text.o64P (.text:_xdc_runtime_Text_visitRope2__I)
                  80031440    000000e0     rts64plus.lib : trgdrv.obj (.text:_HOSTopen)
                  80031520    000000e0                   : cmpd.obj (.text:__cmpd)
                  80031600    000000e0                   : atoi.obj (.text:_atoi)
                  800316e0    000000e0                   : lowlev.obj (.text:_close)
                  800317c0    000000e0                   : fscanf.obj (.text:_fscanf)
                  800318a0    000000e0                   : memset.obj (.text:_memset)
                  80031980    000000e0     sysbios.a64P : BIOS.obj (.text:_ti_sysbios_timers_timer64_Timer_startup__E)
                  80031a60    000000e0     ti.targets.rts6000.a64P : Error.o64P (.text:_xdc_runtime_Error_print__F)
                  80031b40    000000e0     hello_p64P.o64P (.text:_xdc_runtime_LoggerBuf_Object__create__S)
                  80031c20    000000e0     ti.targets.rts6000.a64P : Memory.o64P (.text:_xdc_runtime_Memory_alloc__F)
                  80031d00    000000c0     rts64plus.lib : trgdrv.obj (.text:_HOSTread)
                  80031dc0    000000c0                   : trgdrv.obj (.text:_HOSTunlink)
                  80031e80    000000c0                   : trgdrv.obj (.text:_HOSTwrite)
                  80031f40    000000c0                   : _printfi.obj (.text:__div)
                  80032000    000000c0                   : divu.obj (.text:__divu)
                  800320c0    000000c0                   : fflush.obj (.text:__doflush)
                  80032180    000000c0                   : _io_perm.obj (.text:__rd_ok)
                  80032240    000000c0                   : atexit.obj (.text:_atexit)
                  80032300    000000c0                   : exit.obj (.text:_exit)
                  800323c0    000000c0                   : ltoa.obj (.text:_ltoa)
                  80032480    000000c0     sysbios.a64P : BIOS.obj (.text:_ti_sysbios_BIOS_errorRaiseHook__I)
                  80032540    000000c0                  : BIOS.obj (.text:_ti_sysbios_heaps_HeapMem_getStats__E)
                  80032600    000000c0                  : BIOS.obj (.text:_ti_sysbios_knl_Clock_logTick__E)
                  800326c0    000000c0                  : BIOS.obj (.text:_ti_sysbios_knl_Task_allBlockedFunction__I)
                  80032780    000000c0                  : BIOS.obj (.text:_ti_sysbios_timers_timer64_Timer_stop__E)
                  80032840    000000c0     ti.targets.rts6000.a64P : LoggerBuf.o64P (.text:_xdc_runtime_LoggerBuf_Instance_init__F)
                  80032900    000000c0                             : System.o64P (.text:_xdc_runtime_System_formatNum__I)
                  800329c0    000000a0     rts64plus.lib : trgdrv.obj (.text:_HOSTclose)
                  80032a60    000000a0                   : fopen.obj (.text:__cleanup)
                  80032b00    000000a0                   : cvtdf.obj (.text:__cvtdf)
                  80032ba0    000000a0                   : imath40.obj (.text:__divli)
                  80032c40    000000a0                   : _printfi.obj (.text:__ecpy)
                  80032ce0    000000a0                   : _printfi.obj (.text:__fcpy)
                  80032d80    000000a0                   : fixdli.obj (.text:__fixdli)
                  80032e20    000000a0                   : _printfi.obj (.text:__pconv_f)
                  80032ec0    000000a0                   : remu.obj (.text:__remu)
                  80032f60    000000a0     boot.a64P : boot.o64P (.text:_c_int00)
                  80033000    000000a0     rts64plus.lib : lowlev.obj (.text:_finddevice)
                  800330a0    000000a0                   : lowlev.obj (.text:_lseek)
                  80033140    000000a0     hello_p64P.o64P (.text:_malloc)
                  800331e0    000000a0     rts64plus.lib : memcpy64.obj (.text:_memcpy)
                  80033280    000000a0                   : lowlev.obj (.text:_read)
                  80033320    000000a0     sysbios.a64P : BIOS.obj (.text:_ti_sysbios_family_c64p_Exception_Module_startup__F)
                  800333c0    000000a0                  : BIOS.obj (.text:_ti_sysbios_family_c64p_Hwi_getStackInfo__E)
                  80033460    000000a0                  : BIOS.obj (.text:_ti_sysbios_heaps_HeapMem_init__I)
                  80033500    000000a0                  : BIOS.obj (.text:_ti_sysbios_knl_Idle_run__E)
                  800335a0    000000a0     hello_p64P.o64P (.text:_ti_sysbios_knl_Semaphore_Object__create__S)
                  80033640    000000a0     rts64plus.lib : lowlev.obj (.text:_write)
                  800336e0    000000a0     ti.targets.rts6000.a64P : Assert.o64P (.text:_xdc_runtime_Assert_raise__I)
                  80033780    000000a0                             : LoggerBuf.o64P (.text:_xdc_runtime_LoggerBuf_Module_startup__F)
                  80033820    000000a0     hello_p64P.o64P (.text:_xdc_runtime_LoggerBuf_write8__E)
                  800338c0    000000a0     ti.targets.rts6000.a64P : SysMin.o64P (.text:_xdc_runtime_SysMin_abort__F)
                  80033960    000000a0                             : SysMin.o64P (.text:_xdc_runtime_SysMin_flush__F)
                  80033a00    000000a0     hello_p64P.o64P (.text:_xdc_runtime_SysMin_output__I)
                  80033aa0    000000a0     ti.targets.rts6000.a64P : SysMin.o64P (.text:_xdc_runtime_SysMin_putch__F)
                  80033b40    000000a0                             : Text.o64P (.text:_xdc_runtime_Text_xprintf__I)
                  80033be0    00000080     rts64plus.lib : fixdi.obj (.text:__fixdi)
                  80033c60    00000080                   : fltlid.obj (.text:__fltlid)
                  80033ce0    00000080                   : llshift.obj (.text:__llshl)
                  80033d60    00000080                   : renormd.obj (.text:__renormd)
                  80033de0    00000080                   : trgmsg.obj (.text:_readmsg)
                  80033e60    00000080     hello_p64P.o64P (.text:_ti_sysbios_BIOS_exitFunc__I)
                  80033ee0    00000080     sysbios.a64P : BIOS.obj (.text:_ti_sysbios_family_c62_TaskSupport_start__E)
                  80033f60    00000080                  : c62_TaskSupport_asm.obj (.text:_ti_sysbios_family_c62_TaskSupport_swap__E)
                  80033fe0    00000080     hello_p64P.o64P (.text:_ti_sysbios_gates_GateHwi_Object__create__S)
                  80034060    00000080     hello_p64P.o64P (.text:_ti_sysbios_gates_GateMutex_Object__create__S)
                  800340e0    00000080     hello_p64P.o64P (.text:_ti_sysbios_heaps_HeapMem_Object__create__S)
                  80034160    00000080     hello_p64P.o64P (.text:_ti_sysbios_knl_Clock_doTick__I)
                  800341e0    00000080     hello_p64P.o64P (.text:_ti_sysbios_knl_Queue_Object__create__S)
                  80034260    00000080     sysbios.a64P : BIOS.obj (.text:_ti_sysbios_knl_Semaphore_pendTimeout__I)
                  800342e0    00000080     hello_p64P.o64P (.text:_ti_sysbios_knl_Swi_Object__get__S)
                  80034360    00000080     sysbios.a64P : BIOS.obj (.text:_ti_sysbios_knl_Swi_startup__E)
                  800343e0    00000080                  : BIOS.obj (.text:_ti_sysbios_knl_Task_restore__E)
                  80034460    00000080                  : BIOS.obj (.text:_ti_sysbios_timers_timer64_Timer_getPeriod__E)
                  800344e0    00000080     rts64plus.lib : lowlev.obj (.text:_unlink)
                  80034560    00000080     ti.targets.rts6000.a64P : Core-label.o64P (.text:_xdc_runtime_Core_assignLabel__I)
                  800345e0    00000080                             : Core-params.o64P (.text:_xdc_runtime_Core_assignParams__I)
                  80034660    00000080                             : LoggerBuf.o64P (.text:_xdc_runtime_LoggerBuf_filterOutEvent__I)
                  800346e0    00000080                             : System.o64P (.text:_xdc_runtime_System_atexit__F)
                  80034760    00000080                             : System.o64P (.text:_xdc_runtime_System_putchar__I)
                  800347e0    00000080                             : System.o64P (.text:_xdc_runtime_System_rtsExit__I)
                  80034860    00000080                             : Text.o64P (.text:_xdc_runtime_Text_printVisFxn__I)
                  800348e0    00000080     sysbios.a64P : BIOS.obj (.text:ti_sysbios_hal_Hwi_checkStack:_ti_sysbios_hal_Hwi_checkStack)
                  80034960    00000080                  : BIOS.obj (.text:ti_sysbios_hal_Hwi_initStack:_ti_sysbios_hal_Hwi_initStack)
                  800349e0    00000060     rts64plus.lib : cvtfd.obj (.text:__cvtfd)
                  80034a40    00000060                   : frcmpyf.obj (.text:__frcmpyf)
                  80034aa0    00000060                   : imath64.obj (.text:__remull)
                  80034b00    00000060                   : imath64.obj (.text:__subcull)
                  80034b60    00000060                   : fclose.obj (.text:_fclose)
                  80034bc0    00000060                   : fopen.obj (.text:_fopen)
                  80034c20    00000060     hello_p64P.o64P (.text:_free)
                  80034c80    00000060     rts64plus.lib : memccpy.obj (.text:_memccpy)
                  80034ce0    00000060                   : lowlev.obj (.text:_tabinit)
                  80034d40    00000060     sysbios.a64P : BIOS.obj (.text:_ti_sysbios_BIOS_registerRTSLock__I)
                  80034da0    00000060                  : BIOS.obj (.text:_ti_sysbios_family_c64p_Cache_setMar__E)
                  80034e00    00000060     hello_p64P.o64P (.text:_ti_sysbios_gates_GateHwi_Handle__label__S)
                  80034e60    00000060     hello_p64P.o64P (.text:_ti_sysbios_gates_GateHwi_Object__delete__S)
                  80034ec0    00000060     hello_p64P.o64P (.text:_ti_sysbios_gates_GateMutex_Handle__label__S)
                  80034f20    00000060     sysbios.a64P : BIOS.obj (.text:_ti_sysbios_gates_GateMutex_Instance_init__F)
                  80034f80    00000060     hello_p64P.o64P (.text:_ti_sysbios_gates_GateMutex_Object__delete__S)
                  80034fe0    00000060     hello_p64P.o64P (.text:_ti_sysbios_heaps_HeapMem_Handle__label__S)
                  80035040    00000060     hello_p64P.o64P (.text:_ti_sysbios_heaps_HeapMem_Object__delete__S)
                  800350a0    00000060     hello_p64P.o64P (.text:_ti_sysbios_heaps_HeapMem_Object__get__S)
                  80035100    00000060     sysbios.a64P : BIOS.obj (.text:_ti_sysbios_knl_Clock_Module_startup__F)
                  80035160    00000060     hello_p64P.o64P (.text:_ti_sysbios_knl_Queue_Object__get__S)
                  800351c0    00000060     sysbios.a64P : BIOS.obj (.text:_ti_sysbios_knl_Swi_Module_startup__F)
                  80035220    00000060     hello_p64P.o64P (.text:_ti_sysbios_knl_Task_Object__get__S)
                  80035280    00000060     sysbios.a64P : BIOS.obj (.text:_ti_sysbios_knl_Task_enter__I)
                  800352e0    00000060     rts64plus.lib : trgmsg.obj (.text:_writemsg)
                  80035340    00000060     hello_p64P.o64P (.text:_xdc_runtime_LoggerBuf_Handle__label__S)
                  800353a0    00000060     hello_p64P.o64P (.text:_xdc_runtime_LoggerBuf_Object__delete__S)
                  80035400    00000060     hello_p64P.o64P (.text:_xdc_runtime_LoggerBuf_Object__get__S)
                  80035460    00000060     ti.targets.rts6000.a64P : Memory.o64P (.text:_xdc_runtime_Memory_calloc__F)
                  800354c0    00000060                             : SysMin.o64P (.text:_xdc_runtime_SysMin_Module_startup__F)
                  80035520    00000060                             : SysMin.o64P (.text:_xdc_runtime_SysMin_exit__F)
                  80035580    00000060                             : System.o64P (.text:_xdc_runtime_System_avprintf__F)
                  800355e0    00000060                             : System.o64P (.text:_xdc_runtime_System_vprintf__F)
                  80035640    00000060                             : Text.o64P (.text:_xdc_runtime_Text_cordText__F)
                  800356a0    00000040     rts64plus.lib : sinit.obj (.text:___add_dtor)
                  800356e0    00000040                   : isinf.obj (.text:___isinf)
                  80035720    00000040                   : _printfi.obj (.text:___isnan)
                  80035760    00000040                   : args_main.obj (.text:__args_main)
                  800357a0    00000040                   : frcmpyd_div.obj (.text:__frcmpyd_div)
                  800357e0    00000040                   : llshift.obj (.text:__llshru)
                  80035820    00000040                   : negd.obj (.text:__negd)
                  80035860    00000040                   : imath40.obj (.text:__remli)
                  800358a0    00000040                   : imath40.obj (.text:__remul)
                  800358e0    00000040                   : subd.obj (.text:__subd)
                  80035920    00000040     sysbios.a64P : BIOS.obj (.text:_ti_sysbios_BIOS_rtsLock__I)
                  80035960    00000040     hello_p64P.o64P (.text:_ti_sysbios_BIOS_startFunc__I)
                  800359a0    00000040     sysbios.a64P : c62_TaskSupport_asm.obj (.text:_ti_sysbios_family_c62_TaskSupport_buildTaskStack)
                  800359e0    00000040     hello_p64P.o64P (.text:_ti_sysbios_family_c64p_Hwi_Module__startupDone__F)
                  80035a20    00000040     sysbios.a64P : BIOS.obj (.text:_ti_sysbios_family_c64p_Hwi_disableInterrupt__E)
                  80035a60    00000040                  : BIOS.obj (.text:_ti_sysbios_family_c64p_Hwi_enableInterrupt__E)
                  80035aa0    00000040                  : BIOS.obj (.text:_ti_sysbios_family_c64p_tci6482_TimerSupport_enable__E)
                  80035ae0    00000040                  : c64p_Hwi_asm_switch.obj (.text:_ti_sysbios_family_xxx_Hwi_switchToIsrStack)
                  80035b20    00000040                  : BIOS.obj (.text:_ti_sysbios_gates_GateMutex_leave__E)
                  80035b60    00000040     hello_p64P.o64P (.text:_ti_sysbios_hal_Timer_Module__startupDone__F)
                  80035ba0    00000040     hello_p64P.o64P (.text:_ti_sysbios_knl_Queue_Object__destruct__S)
                  80035be0    00000040     hello_p64P.o64P (.text:_ti_sysbios_knl_Semaphore_Object__destruct__S)
                  80035c20    00000040     hello_p64P.o64P (.text:_ti_sysbios_knl_Task_SupportProxy_start__E)
                  80035c60    00000040     hello_p64P.o64P (.text:_ti_sysbios_timers_timer64_Timer_Module__startupDone__F)
                  80035ca0    00000040     ti.targets.rts6000.a64P : Error.o64P (.text:_xdc_runtime_Error_check__F)
                  80035ce0    00000040                             : Error.o64P (.text:_xdc_runtime_Error_init__F)
                  80035d20    00000040     hello_p64P.o64P (.text:_xdc_runtime_IHeap_alloc)
                  80035d60    00000040     hello_p64P.o64P (.text:_xdc_runtime_IHeap_free)
                  80035da0    00000040     ti.targets.rts6000.a64P : LoggerBuf.o64P (.text:_xdc_runtime_LoggerBuf_Instance_finalize__F)
                  80035de0    00000040     hello_p64P.o64P (.text:_xdc_runtime_LoggerBuf_setFilterLevel__E)
                  80035e20    00000040     hello_p64P.o64P (.text:_xdc_runtime_LoggerBuf_write0__E)
                  80035e60    00000040     ti.targets.rts6000.a64P : LoggerBuf.o64P (.text:_xdc_runtime_LoggerBuf_write0__F)
                  80035ea0    00000040     hello_p64P.o64P (.text:_xdc_runtime_LoggerBuf_write1__E)
                  80035ee0    00000040     hello_p64P.o64P (.text:_xdc_runtime_LoggerBuf_write2__E)
                  80035f20    00000040     hello_p64P.o64P (.text:_xdc_runtime_LoggerBuf_write4__E)
                  80035f60    00000040     hello_p64P.o64P (.text:_xdc_runtime_Memory_HeapProxy_alloc__E)
                  80035fa0    00000040     hello_p64P.o64P (.text:_xdc_runtime_Memory_alloc__E)
                  80035fe0    00000040     ti.targets.rts6000.a64P : Memory.o64P (.text:_xdc_runtime_Memory_free__F)
                  80036020    00000040                             : Registry.o64P (.text:_xdc_runtime_Registry_findById__F)
                  80036060    00000040     hello_p64P.o64P (.text:_xdc_runtime_Startup_exec__I)
                  800360a0    00000040     ti.targets.rts6000.a64P : System.o64P (.text:_xdc_runtime_System_abort__F)
                  800360e0    00000040     hello_p64P.o64P (.text:_xdc_runtime_System_aprintf__E)
                  80036120    00000040     hello_p64P.o64P (.text:_xdc_runtime_System_printf__E)
                  80036160    00000040     ti.targets.rts6000.a64P : Text.o64P (.text:_xdc_runtime_Text_ropeText__F)
                  800361a0    00000040     hello_p64P.o64P (.text:_xdc_runtime_Text_visitRope__I)
                  800361e0    00000020     ti.targets.rts6000.a64P : xdc_noinit.o64P (.text:___xdc__init)
                  80036200    00000020     rts64plus.lib : fscanf.obj (.text:__inpchar)
                  80036220    00000020                   : negll.obj (.text:__negll)
                  80036240    00000020                   : _lock.obj (.text:__nop)
                  80036260    00000020                   : fprintf.obj (.text:__outc)
                  80036280    00000020                   : fprintf.obj (.text:__outs)
                  800362a0    00000020                   : _lock.obj (.text:__register_lock)
                  800362c0    00000020                   : _lock.obj (.text:__register_unlock)
                  800362e0    00000020                   : fscanf.obj (.text:__uninpchar)
                  80036300    00000020                   : exit.obj (.text:_abort)
                  80036320    00000020                   : atof.obj (.text:_atof)
                  80036340    00000020                   : fgets.obj (.text:_fgets)
                  80036360    00000020                   : remove.obj (.text:_remove)
                  80036380    00000020     hello_p64P.o64P (.text:_ti_sysbios_BIOS_RtsGateProxy_enter__E)
                  800363a0    00000020     hello_p64P.o64P (.text:_ti_sysbios_BIOS_RtsGateProxy_leave__E)
                  800363c0    00000020     sysbios.a64P : BIOS.obj (.text:_ti_sysbios_BIOS_nullFunc__I)
                  800363e0    00000020                  : BIOS.obj (.text:_ti_sysbios_BIOS_setThreadType__E)
                  80036400    00000020     hello_p64P.o64P (.text:_ti_sysbios_family_c62_TaskSupport_Module__startupDone__S)
                  80036420    00000020     sysbios.a64P : BIOS.obj (.text:_ti_sysbios_family_c62_TaskSupport_checkStack__E)
                  80036440    00000020                  : c62_TaskSupport_asm.obj (.text:_ti_sysbios_family_c62_TaskSupport_glue)
                  80036460    00000020     hello_p64P.o64P (.text:_ti_sysbios_family_c64p_Cache_Module_startup__E)
                  80036480    00000020     hello_p64P.o64P (.text:_ti_sysbios_family_c64p_Exception_Module_startup__E)
                  800364a0    00000020     hello_p64P.o64P (.text:_ti_sysbios_family_c64p_Hwi_Module__startupDone__S)
                  800364c0    00000020     hello_p64P.o64P (.text:_ti_sysbios_family_c64p_Hwi_Module_startup__E)
                  800364e0    00000020     sysbios.a64P : BIOS.obj (.text:_ti_sysbios_family_c64p_Hwi_clearInterrupt__E)
                  80036500    00000020                  : BIOS.obj (.text:_ti_sysbios_family_c64p_Hwi_startup__E)
                  80036520    00000020                  : BIOS.obj (.text:_ti_sysbios_family_c64p_Hwi_switchFromBootStack__E)
                  80036540    00000020     hello_p64P.o64P (.text:_ti_sysbios_family_c64p_TimestampProvider_Module_startup__E)
                  80036560    00000020     sysbios.a64P : BIOS.obj (.text:_ti_sysbios_family_c64p_TimestampProvider_Module_startup__F)
                  80036580    00000020                  : BIOS.obj (.text:_ti_sysbios_family_c64p_TimestampProvider_get64__E)
                  800365a0    00000020                  : c64p_Hwi_asm_switch.obj (.text:_ti_sysbios_family_xxx_Hwi_switchToTaskStack)
                  800365c0    00000020                  : BIOS.obj (.text:_ti_sysbios_gates_GateHwi_Instance_init__F)
                  800365e0    00000020                  : BIOS.obj (.text:_ti_sysbios_gates_GateHwi_enter__E)
                  80036600    00000020                  : BIOS.obj (.text:_ti_sysbios_gates_GateHwi_leave__E)
                  80036620    00000020     hello_p64P.o64P (.text:_ti_sysbios_gates_GateHwi_query__E)
                  80036640    00000020     sysbios.a64P : BIOS.obj (.text:_ti_sysbios_gates_GateHwi_query__F)
                  80036660    00000020                  : BIOS.obj (.text:_ti_sysbios_gates_GateMutex_Instance_finalize__F)
                  80036680    00000020     hello_p64P.o64P (.text:_ti_sysbios_gates_GateMutex_query__E)
                  800366a0    00000020     sysbios.a64P : BIOS.obj (.text:_ti_sysbios_gates_GateMutex_query__F)
                  800366c0    00000020     hello_p64P.o64P (.text:_ti_sysbios_hal_Hwi_HwiProxy_Module__startupDone__S)
                  800366e0    00000020     hello_p64P.o64P (.text:_ti_sysbios_hal_Hwi_HwiProxy_clearInterrupt__E)
                  80036700    00000020     hello_p64P.o64P (.text:_ti_sysbios_hal_Hwi_HwiProxy_disableInterrupt__E)
                  80036720    00000020     hello_p64P.o64P (.text:_ti_sysbios_hal_Hwi_HwiProxy_enableInterrupt__E)
                  80036740    00000020     hello_p64P.o64P (.text:_ti_sysbios_hal_Hwi_HwiProxy_getStackInfo__E)
                  80036760    00000020     hello_p64P.o64P (.text:_ti_sysbios_hal_Hwi_HwiProxy_startup__E)
                  80036780    00000020     hello_p64P.o64P (.text:_ti_sysbios_hal_Hwi_HwiProxy_switchFromBootStack__E)
                  800367a0    00000020     hello_p64P.o64P (.text:_ti_sysbios_hal_Hwi_Module_startup__E)
                  800367c0    00000020     sysbios.a64P : BIOS.obj (.text:_ti_sysbios_hal_Hwi_Module_startup__F)
                  800367e0    00000020                  : BIOS.obj (.text:_ti_sysbios_hal_Hwi_startup__E)
                  80036800    00000020     hello_p64P.o64P (.text:_ti_sysbios_hal_Timer_Module__startupDone__S)
                  80036820    00000020     hello_p64P.o64P (.text:_ti_sysbios_hal_Timer_Module_startup__E)
                  80036840    00000020     sysbios.a64P : BIOS.obj (.text:_ti_sysbios_hal_Timer_Module_startup__F)
                  80036860    00000020     hello_p64P.o64P (.text:_ti_sysbios_hal_Timer_TimerProxy_Module__startupDone__S)
                  80036880    00000020     hello_p64P.o64P (.text:_ti_sysbios_hal_Timer_TimerProxy_getPeriod__E)
                  800368a0    00000020     hello_p64P.o64P (.text:_ti_sysbios_hal_Timer_TimerProxy_startup__E)
                  800368c0    00000020     sysbios.a64P : BIOS.obj (.text:_ti_sysbios_hal_Timer_startup__E)
                  800368e0    00000020     hello_p64P.o64P (.text:_ti_sysbios_heaps_HeapMem_Module_GateProxy_enter__E)
                  80036900    00000020     hello_p64P.o64P (.text:_ti_sysbios_heaps_HeapMem_Module_GateProxy_leave__E)
                  80036920    00000020     hello_p64P.o64P (.text:_ti_sysbios_heaps_HeapMem_Module_GateProxy_query__E)
                  80036940    00000020     sysbios.a64P : BIOS.obj (.text:_ti_sysbios_heaps_HeapMem_isBlocking__E)
                  80036960    00000020     hello_p64P.o64P (.text:_ti_sysbios_knl_Clock_Module_State_clockQ)
                  80036980    00000020     hello_p64P.o64P (.text:_ti_sysbios_knl_Clock_Module_startup__E)
                  800369a0    00000020     sysbios.a64P : BIOS.obj (.text:_ti_sysbios_knl_Idle_loop__E)
                  800369c0    00000020                  : BIOS.obj (.text:_ti_sysbios_knl_Queue_Instance_init__F)
                  800369e0    00000020                  : BIOS.obj (.text:_ti_sysbios_knl_Queue_empty__E)
                  80036a00    00000020                  : BIOS.obj (.text:_ti_sysbios_knl_Semaphore_Instance_finalize__F)
                  80036a20    00000020     hello_p64P.o64P (.text:_ti_sysbios_knl_Swi_Module_startup__E)
                  80036a40    00000020     sysbios.a64P : BIOS.obj (.text:_ti_sysbios_knl_Swi_disable__E)
                  80036a60    00000020     hello_p64P.o64P (.text:_ti_sysbios_knl_Task_Module_startup__E)
                  80036a80    00000020     hello_p64P.o64P (.text:_ti_sysbios_knl_Task_SupportProxy_Module__startupDone__S)
                  80036aa0    00000020     hello_p64P.o64P (.text:_ti_sysbios_knl_Task_SupportProxy_checkStack__E)
                  80036ac0    00000020     hello_p64P.o64P (.text:_ti_sysbios_knl_Task_SupportProxy_swap__E)
                  80036ae0    00000020     sysbios.a64P : BIOS.obj (.text:_ti_sysbios_knl_Task_disable__E)
                  80036b00    00000020                  : BIOS.obj (.text:_ti_sysbios_knl_Task_startup__E)
                  80036b20    00000020     hello_p64P.o64P (.text:_ti_sysbios_timers_timer64_Timer_Module__startupDone__S)
                  80036b40    00000020     hello_p64P.o64P (.text:_ti_sysbios_timers_timer64_Timer_Module_startup__E)
                  80036b60    00000020     hello_p64P.o64P (.text:_ti_sysbios_timers_timer64_Timer_TimerSupportProxy_enable__E)
                  80036b80    00000020     hello_p64P.o64P (.text:_xdc_iargToPtr)
                  80036ba0    00000020     hello_p64P.o64P (.text:_xdc_runtime_Error_check__E)
                  80036bc0    00000020     hello_p64P.o64P (.text:_xdc_runtime_Error_init__E)
                  80036be0    00000020     hello_p64P.o64P (.text:_xdc_runtime_Error_print__E)
                  80036c00    00000020     ti.targets.rts6000.a64P : Gate.o64P (.text:_xdc_runtime_Gate_enterSystem__F)
                  80036c20    00000020                             : Gate.o64P (.text:_xdc_runtime_Gate_leaveSystem__F)
                  80036c40    00000020     hello_p64P.o64P (.text:_xdc_runtime_LoggerBuf_Module_GateProxy_enter__E)
                  80036c60    00000020     hello_p64P.o64P (.text:_xdc_runtime_LoggerBuf_Module_GateProxy_leave__E)
                  80036c80    00000020     hello_p64P.o64P (.text:_xdc_runtime_LoggerBuf_Module_startup__E)
                  80036ca0    00000020     hello_p64P.o64P (.text:_xdc_runtime_LoggerBuf_TimestampProxy_get64__E)
                  80036cc0    00000020     hello_p64P.o64P (.text:_xdc_runtime_LoggerBuf_disable__E)
                  80036ce0    00000020     ti.targets.rts6000.a64P : LoggerBuf.o64P (.text:_xdc_runtime_LoggerBuf_disable__F)
                  80036d00    00000020     hello_p64P.o64P (.text:_xdc_runtime_LoggerBuf_enable__E)
                  80036d20    00000020     ti.targets.rts6000.a64P : LoggerBuf.o64P (.text:_xdc_runtime_LoggerBuf_enable__F)
                  80036d40    00000020     hello_p64P.o64P (.text:_xdc_runtime_LoggerBuf_getFilterLevel__E)
                  80036d60    00000020     ti.targets.rts6000.a64P : LoggerBuf.o64P (.text:_xdc_runtime_LoggerBuf_write1__F)
                  80036d80    00000020                             : LoggerBuf.o64P (.text:_xdc_runtime_LoggerBuf_write2__F)
                  80036da0    00000020     hello_p64P.o64P (.text:_xdc_runtime_Memory_HeapProxy_free__E)
                  80036dc0    00000020     hello_p64P.o64P (.text:_xdc_runtime_Memory_free__E)
                  80036de0    00000020     hello_p64P.o64P (.text:_xdc_runtime_Startup_reset__I)
                  80036e00    00000020     hello_p64P.o64P (.text:_xdc_runtime_SysMin_Module_startup__E)
                  80036e20    00000020     hello_p64P.o64P (.text:_xdc_runtime_SysMin_abort__E)
                  80036e40    00000020     hello_p64P.o64P (.text:_xdc_runtime_SysMin_exit__E)
                  80036e60    00000020     hello_p64P.o64P (.text:_xdc_runtime_SysMin_putch__E)
                  80036e80    00000020     hello_p64P.o64P (.text:_xdc_runtime_SysMin_ready__E)
                  80036ea0    00000020     ti.targets.rts6000.a64P : SysMin.o64P (.text:_xdc_runtime_SysMin_ready__F)
                  80036ec0    00000020     hello_p64P.o64P (.text:_xdc_runtime_System_Module_GateProxy_enter__E)
                  80036ee0    00000020     hello_p64P.o64P (.text:_xdc_runtime_System_Module_GateProxy_leave__E)
                  80036f00    00000020     hello_p64P.o64P (.text:_xdc_runtime_System_Module_startup__E)
                  80036f20    00000020     ti.targets.rts6000.a64P : System.o64P (.text:_xdc_runtime_System_Module_startup__F)
                  80036f40    00000020     hello_p64P.o64P (.text:_xdc_runtime_System_SupportProxy_abort__E)
                  80036f60    00000020     hello_p64P.o64P (.text:_xdc_runtime_System_SupportProxy_exit__E)
                  80036f80    00000020     hello_p64P.o64P (.text:_xdc_runtime_System_SupportProxy_putch__E)
                  80036fa0    00000020     hello_p64P.o64P (.text:_xdc_runtime_System_SupportProxy_ready__E)
                  80036fc0    00000020     hello_p64P.o64P (.text:_xdc_runtime_System_atexit__E)
                  80036fe0    00000020     ti.targets.rts6000.a64P : System.o64P (.text:_xdc_runtime_System_exit__F)
                  80037000    00000020                             : System.o64P (.text:_xdc_runtime_System_lastFxn__I)
                  80037020    00000020                             : System.o64P (.text:_xdc_runtime_System_vsnprintf__F)
                  80037040    00000020     hello_p64P.o64P (.text:_xdc_runtime_Text_putLab__E)
                  80037060    00000020     hello_p64P.o64P (.text:_xdc_runtime_Text_putSite__E)

.far       0    80037080    00003af8     UNINITIALIZED
                  80037080    00002d08     hello_p64P.o64P (.far)
                  80039d88    00000800     hello_p64P.o64P (.far:taskStackSection)
                  8003a588    00000324     rts64plus.lib : defs.obj (.far)
                  8003a8ac    00000004                   : errno.obj (.far)
                  8003a8b0    00000188                   : atexit.obj (.far)
                  8003aa38    0000011c                   : lowlev.obj (.far)
                  8003ab54    0000000c                   : exit.obj (.far)
                  8003ab60    00000008                   : _lock.obj (.far)
                  8003ab68    00000008                   : trgdrv.obj (.far)
                  8003ab70    00000004                   : fopen.obj (.far)
                  8003ab74    00000004                   : sinit.obj (.far)

.const     0    8003ab78    000024b0     
                  8003ab78    00001596     hello_p64P.o64P (.const:xdc_runtime_Text_charTab__A)
                  8003c10e    00000002     rts64plus.lib : fputs.obj (.const:.string)
                  8003c110    000004e4     sysbios.a64P : BIOS.obj (.const:.string)
                  8003c5f4    00000004     ti.targets.rts6000.a64P : Assert.o64P (.const:.string)
                  8003c5f8    00000101     rts64plus.lib : ctype.obj (.const:.string:__ctypes_)
                  8003c6f9    00000001     --HOLE-- [fill = 0]
                  8003c6fa    00000002     hello_p64P.o64P (.const:ti_sysbios_BIOS_Module__id__C)
                  8003c6fc    00000004     ti.targets.rts6000.a64P : Diags.o64P (.const:.string)
                  8003c700    000000c4     hello_p64P.o64P (.const:xdc_runtime_Text_nodeTab__A)
                  8003c7c4    00000058     ti.targets.rts6000.a64P : Error.o64P (.const:.string)
                  8003c81c    00000004     hello_p64P.o64P (.const:ti_sysbios_BIOS_Module__diagsEnabled__C)
                  8003c820    00000050     rts64plus.lib : strtod.obj (.const:_digits)
                  8003c870    00000050                   : strtold.obj (.const:_digits)
                  8003c8c0    00000048     hello_p64P.o64P (.const:.string)
                  8003c908    00000048     ti.targets.rts6000.a64P : Log.o64P (.const:.string)
                  8003c950    00000048     rts64plus.lib : strtod.obj (.const:_powerof10)
                  8003c998    00000048                   : strtold.obj (.const:_powerof10)
                  8003c9e0    00000040     ti.targets.rts6000.a64P : Text.o64P (.const:.string)
                  8003ca20    0000003c     hello_p64P.o64P (.const:xdc_runtime_LoggerBuf_Module__FXNS__C)
                  8003ca5c    00000038     Ejemplo_comienzo.obj (.const:.string)
                  8003ca94    00000004     hello_p64P.o64P (.const:ti_sysbios_BIOS_Module__diagsIncluded__C)
                  8003ca98    00000034     hello_p64P.o64P (.const:xdc_runtime_Startup_sfxnTab__A)
                  8003cacc    0000002c     ti.targets.rts6000.a64P : Startup.o64P (.const:.string)
                  8003caf8    00000028     hello_p64P.o64P (.const:ti_sysbios_heaps_HeapMem_Module__FXNS__C)
                  8003cb20    00000028     hello_p64P.o64P (.const:xdc_runtime_LoggerBuf_Object__PARAMS__C)
                  8003cb48    00000024     hello_p64P.o64P (.const:ti_sysbios_gates_GateHwi_Module__FXNS__C)
                  8003cb6c    00000024     hello_p64P.o64P (.const:ti_sysbios_gates_GateMutex_Module__FXNS__C)
                  8003cb90    00000024     hello_p64P.o64P (.const:ti_sysbios_heaps_HeapMem_Object__PARAMS__C)
                  8003cbb4    00000024     hello_p64P.o64P (.const:ti_sysbios_knl_Semaphore_Object__PARAMS__C)
                  8003cbd8    00000023     rts64plus.lib : _printfi.obj (.const:.string)
                  8003cbfb    00000001     --HOLE-- [fill = 0]
                  8003cbfc    00000020     hello_p64P.o64P (.const:ti_sysbios_gates_GateHwi_Object__DESC__C)
                  8003cc1c    00000020     hello_p64P.o64P (.const:ti_sysbios_gates_GateMutex_Object__DESC__C)
                  8003cc3c    00000020     hello_p64P.o64P (.const:ti_sysbios_heaps_HeapMem_Object__DESC__C)
                  8003cc5c    00000020     hello_p64P.o64P (.const:ti_sysbios_knl_Queue_Object__DESC__C)
                  8003cc7c    00000020     hello_p64P.o64P (.const:ti_sysbios_knl_Semaphore_Object__DESC__C)
                  8003cc9c    00000020     hello_p64P.o64P (.const:xdc_runtime_LoggerBuf_Object__DESC__C)
                  8003ccbc    00000004     hello_p64P.o64P (.const:ti_sysbios_BIOS_Module__diagsMask__C)
                  8003ccc0    0000001a     hello_p64P.o64P (.const:xdc_runtime_Startup_sfxnRts__A)
                  8003ccda    00000002     hello_p64P.o64P (.const:ti_sysbios_family_c64p_Exception_Module__id__C)
                  8003ccdc    00000018     hello_p64P.o64P (.const:ti_sysbios_gates_GateHwi_Object__PARAMS__C)
                  8003ccf4    00000018     hello_p64P.o64P (.const:ti_sysbios_gates_GateMutex_Object__PARAMS__C)
                  8003cd0c    00000018     hello_p64P.o64P (.const:ti_sysbios_knl_Queue_Object__PARAMS__C)
                  8003cd24    00000004     hello_p64P.o64P (.const:ti_sysbios_BIOS_installedErrorHook__C)
                  8003cd28    00000018     hello_p64P.o64P (.const:ti_sysbios_knl_Task_hooks__A)
                  8003cd40    00000011     ti.targets.rts6000.a64P : System.o64P (.const:_digtohex)
                  8003cd51    00000001     --HOLE-- [fill = 0]
                  8003cd52    00000002     hello_p64P.o64P (.const:ti_sysbios_family_c64p_Exception_useInternalBuffer__C)
                  8003cd54    0000000c     hello_p64P.o64P (.const:ti_sysbios_family_c64p_Cache_initSize__C)
                  8003cd60    00000008     rts64plus.lib : divd.obj (.const:.string:_initial_approx$1)
                  8003cd68    00000008     ti.targets.rts6000.a64P : System.o64P (.const:.string)
                  8003cd70    00000008     hello_p64P.o64P (.const:ti_sysbios_knl_Idle_coreList__C)
                  8003cd78    00000008     hello_p64P.o64P (.const:ti_sysbios_knl_Idle_funcList__C)
                  8003cd80    00000008     hello_p64P.o64P (.const:ti_sysbios_knl_Task_hooks__C)
                  8003cd88    00000008     hello_p64P.o64P (.const:xdc_runtime_Startup_firstFxns__A)
                  8003cd90    00000008     hello_p64P.o64P (.const:xdc_runtime_Startup_firstFxns__C)
                  8003cd98    00000008     hello_p64P.o64P (.const:xdc_runtime_Startup_lastFxns__C)
                  8003cda0    00000007     rts64plus.lib : _scanfi.obj (.const:.string:_flit$1)
                  8003cda7    00000001     --HOLE-- [fill = 0]
                  8003cda8    00000006                   : _scanfi.obj (.const:.string:_barr$2)
                  8003cdae    00000002     hello_p64P.o64P (.const:ti_sysbios_family_c64p_Hwi_Module__id__C)
                  8003cdb0    00000004     hello_p64P.o64P (.const:ti_sysbios_family_c64p_Cache_MAR0_31__C)
                  8003cdb4    00000004     hello_p64P.o64P (.const:ti_sysbios_family_c64p_Cache_MAR128_159__C)
                  8003cdb8    00000004     hello_p64P.o64P (.const:ti_sysbios_family_c64p_Cache_MAR160_191__C)
                  8003cdbc    00000004     hello_p64P.o64P (.const:ti_sysbios_family_c64p_Cache_MAR192_223__C)
                  8003cdc0    00000004     hello_p64P.o64P (.const:ti_sysbios_family_c64p_Cache_MAR224_255__C)
                  8003cdc4    00000004     hello_p64P.o64P (.const:ti_sysbios_family_c64p_Cache_MAR32_63__C)
                  8003cdc8    00000004     hello_p64P.o64P (.const:ti_sysbios_family_c64p_Cache_MAR64_95__C)
                  8003cdcc    00000004     hello_p64P.o64P (.const:ti_sysbios_family_c64p_Cache_MAR96_127__C)
                  8003cdd0    00000004     hello_p64P.o64P (.const:ti_sysbios_family_c64p_Exception_E_exceptionMin__C)
                  8003cdd4    00000004     hello_p64P.o64P (.const:ti_sysbios_family_c64p_Exception_exceptionHook__C)
                  8003cdd8    00000004     hello_p64P.o64P (.const:ti_sysbios_family_c64p_Exception_externalHook__C)
                  8003cddc    00000004     hello_p64P.o64P (.const:ti_sysbios_family_c64p_Exception_internalHook__C)
                  8003cde0    00000004     hello_p64P.o64P (.const:ti_sysbios_family_c64p_Exception_nmiHook__C)
                  8003cde4    00000004     hello_p64P.o64P (.const:ti_sysbios_family_c64p_Hwi_LD_end__C)
                  8003cde8    00000004     hello_p64P.o64P (.const:ti_sysbios_family_c64p_Hwi_LM_begin__C)
                  8003cdec    00000004     hello_p64P.o64P (.const:ti_sysbios_family_c64p_Hwi_Module__diagsEnabled__C)
                  8003cdf0    00000004     hello_p64P.o64P (.const:ti_sysbios_family_c64p_Hwi_Module__diagsIncluded__C)
                  8003cdf4    00000004     hello_p64P.o64P (.const:ti_sysbios_family_c64p_Hwi_Module__diagsMask__C)
                  8003cdf8    00000004     hello_p64P.o64P (.const:ti_sysbios_family_c64p_Hwi_Module__loggerFxn1__C)
                  8003cdfc    00000004     hello_p64P.o64P (.const:ti_sysbios_family_c64p_Hwi_Module__loggerFxn8__C)
                  8003ce00    00000004     hello_p64P.o64P (.const:ti_sysbios_family_c64p_Hwi_Module__loggerObj__C)
                  8003ce04    00000004     hello_p64P.o64P (.const:ti_sysbios_gates_GateMutex_A_badContext__C)
                  8003ce08    00000004     hello_p64P.o64P (.const:ti_sysbios_gates_GateMutex_Instance_State_sem__O)
                  8003ce0c    00000004     hello_p64P.o64P (.const:ti_sysbios_gates_GateMutex_Module__diagsEnabled__C)
                  8003ce10    00000004     hello_p64P.o64P (.const:ti_sysbios_gates_GateMutex_Module__diagsIncluded__C)
                  8003ce14    00000004     hello_p64P.o64P (.const:ti_sysbios_gates_GateMutex_Module__diagsMask__C)
                  8003ce18    00000004     hello_p64P.o64P (.const:ti_sysbios_hal_Hwi_E_stackOverflow__C)
                  8003ce1c    00000004     hello_p64P.o64P (.const:ti_sysbios_heaps_HeapMem_A_align__C)
                  8003ce20    00000004     hello_p64P.o64P (.const:ti_sysbios_heaps_HeapMem_A_heapSize__C)
                  8003ce24    00000004     hello_p64P.o64P (.const:ti_sysbios_heaps_HeapMem_A_invalidFree__C)
                  8003ce28    00000004     hello_p64P.o64P (.const:ti_sysbios_heaps_HeapMem_A_zeroBlock__C)
                  8003ce2c    00000004     hello_p64P.o64P (.const:ti_sysbios_heaps_HeapMem_E_memory__C)
                  8003ce30    00000004     hello_p64P.o64P (.const:ti_sysbios_heaps_HeapMem_Module__diagsEnabled__C)
                  8003ce34    00000004     hello_p64P.o64P (.const:ti_sysbios_heaps_HeapMem_Module__diagsIncluded__C)
                  8003ce38    00000004     hello_p64P.o64P (.const:ti_sysbios_heaps_HeapMem_Module__diagsMask__C)
                  8003ce3c    00000004     hello_p64P.o64P (.const:ti_sysbios_heaps_HeapMem_Module__gateObj__C)
                  8003ce40    00000004     hello_p64P.o64P (.const:ti_sysbios_heaps_HeapMem_Object__count__C)
                  8003ce44    00000004     hello_p64P.o64P (.const:ti_sysbios_heaps_HeapMem_Object__table__C)
                  8003ce48    00000004     hello_p64P.o64P (.const:ti_sysbios_heaps_HeapMem_reqAlign__C)
                  8003ce4c    00000004     hello_p64P.o64P (.const:ti_sysbios_knl_Clock_LM_begin__C)
                  8003ce50    00000004     hello_p64P.o64P (.const:ti_sysbios_knl_Clock_LM_tick__C)
                  8003ce54    00000004     hello_p64P.o64P (.const:ti_sysbios_knl_Clock_LW_delayed__C)
                  8003ce58    00000004     hello_p64P.o64P (.const:ti_sysbios_knl_Clock_Module_State_clockQ__O)
                  8003ce5c    00000004     hello_p64P.o64P (.const:ti_sysbios_knl_Clock_Module__diagsEnabled__C)
                  8003ce60    00000004     hello_p64P.o64P (.const:ti_sysbios_knl_Clock_Module__diagsIncluded__C)
                  8003ce64    00000004     hello_p64P.o64P (.const:ti_sysbios_knl_Clock_Module__diagsMask__C)
                  8003ce68    00000004     hello_p64P.o64P (.const:ti_sysbios_knl_Clock_Module__loggerFxn1__C)
                  8003ce6c    00000004     hello_p64P.o64P (.const:ti_sysbios_knl_Clock_Module__loggerFxn2__C)
                  8003ce70    00000004     hello_p64P.o64P (.const:ti_sysbios_knl_Clock_Module__loggerObj__C)
                  8003ce74    00000004     hello_p64P.o64P (.const:ti_sysbios_knl_Queue_Object__count__C)
                  8003ce78    00000004     hello_p64P.o64P (.const:ti_sysbios_knl_Idle_coreList__A)
                  8003ce7c    00000004     hello_p64P.o64P (.const:ti_sysbios_knl_Queue_Object__table__C)
                  8003ce80    00000004     hello_p64P.o64P (.const:ti_sysbios_knl_Idle_funcList__A)
                  8003ce84    00000004     hello_p64P.o64P (.const:ti_sysbios_knl_Semaphore_A_badContext__C)
                  8003ce88    00000004     hello_p64P.o64P (.const:ti_sysbios_knl_Semaphore_A_noEvents__C)
                  8003ce8c    00000004     hello_p64P.o64P (.const:ti_sysbios_knl_Semaphore_A_overflow__C)
                  8003ce90    00000004     hello_p64P.o64P (.const:ti_sysbios_knl_Semaphore_A_pendTaskDisabled__C)
                  8003ce94    00000004     hello_p64P.o64P (.const:ti_sysbios_knl_Semaphore_Instance_State_pendQ__O)
                  8003ce98    00000004     hello_p64P.o64P (.const:ti_sysbios_knl_Semaphore_LM_pend__C)
                  8003ce9c    00000004     hello_p64P.o64P (.const:ti_sysbios_knl_Semaphore_LM_post__C)
                  8003cea0    00000004     hello_p64P.o64P (.const:ti_sysbios_knl_Semaphore_Module__diagsEnabled__C)
                  8003cea4    00000004     hello_p64P.o64P (.const:ti_sysbios_knl_Semaphore_Module__diagsIncluded__C)
                  8003cea8    00000004     hello_p64P.o64P (.const:ti_sysbios_knl_Semaphore_Module__diagsMask__C)
                  8003ceac    00000004     hello_p64P.o64P (.const:ti_sysbios_knl_Semaphore_Module__loggerFxn2__C)
                  8003ceb0    00000004     hello_p64P.o64P (.const:ti_sysbios_knl_Semaphore_Module__loggerFxn4__C)
                  8003ceb4    00000004     hello_p64P.o64P (.const:ti_sysbios_knl_Semaphore_Module__loggerObj__C)
                  8003ceb8    00000004     hello_p64P.o64P (.const:ti_sysbios_knl_Swi_LD_end__C)
                  8003cebc    00000004     hello_p64P.o64P (.const:ti_sysbios_knl_Swi_LM_begin__C)
                  8003cec0    00000004     hello_p64P.o64P (.const:ti_sysbios_knl_Swi_LM_post__C)
                  8003cec4    00000004     hello_p64P.o64P (.const:ti_sysbios_knl_Swi_Module__diagsEnabled__C)
                  8003cec8    00000004     hello_p64P.o64P (.const:ti_sysbios_knl_Swi_Module__diagsIncluded__C)
                  8003cecc    00000004     hello_p64P.o64P (.const:ti_sysbios_knl_Swi_Module__diagsMask__C)
                  8003ced0    00000004     hello_p64P.o64P (.const:ti_sysbios_knl_Swi_Module__loggerFxn1__C)
                  8003ced4    00000004     hello_p64P.o64P (.const:ti_sysbios_knl_Swi_Module__loggerFxn4__C)
                  8003ced8    00000004     hello_p64P.o64P (.const:ti_sysbios_knl_Swi_Module__loggerObj__C)
                  8003cedc    00000004     hello_p64P.o64P (.const:ti_sysbios_knl_Swi_Object__count__C)
                  8003cee0    00000004     hello_p64P.o64P (.const:ti_sysbios_knl_Swi_Object__table__C)
                  8003cee4    00000004     hello_p64P.o64P (.const:ti_sysbios_knl_Task_E_spOutOfBounds__C)
                  8003cee8    00000004     hello_p64P.o64P (.const:ti_sysbios_knl_Task_E_stackOverflow__C)
                  8003ceec    00000004     hello_p64P.o64P (.const:ti_sysbios_knl_Task_LD_block__C)
                  8003cef0    00000004     hello_p64P.o64P (.const:ti_sysbios_knl_Task_LD_exit__C)
                  8003cef4    00000004     hello_p64P.o64P (.const:ti_sysbios_knl_Task_LD_ready__C)
                  8003cef8    00000004     hello_p64P.o64P (.const:ti_sysbios_knl_Task_LM_switch__C)
                  8003cefc    00000004     hello_p64P.o64P (.const:ti_sysbios_knl_Task_Module_State_inactiveQ__O)
                  8003cf00    00000004     hello_p64P.o64P (.const:ti_sysbios_knl_Task_Module__diagsEnabled__C)
                  8003cf04    00000004     hello_p64P.o64P (.const:ti_sysbios_knl_Task_Module__diagsIncluded__C)
                  8003cf08    00000004     hello_p64P.o64P (.const:ti_sysbios_knl_Task_Module__diagsMask__C)
                  8003cf0c    00000004     hello_p64P.o64P (.const:ti_sysbios_knl_Task_Module__loggerFxn2__C)
                  8003cf10    00000004     hello_p64P.o64P (.const:ti_sysbios_knl_Task_Module__loggerFxn4__C)
                  8003cf14    00000004     hello_p64P.o64P (.const:ti_sysbios_knl_Task_Module__loggerObj__C)
                  8003cf18    00000004     hello_p64P.o64P (.const:ti_sysbios_knl_Task_Object__count__C)
                  8003cf1c    00000004     hello_p64P.o64P (.const:ti_sysbios_knl_Task_Object__table__C)
                  8003cf20    00000004     hello_p64P.o64P (.const:ti_sysbios_knl_Task_allBlockedFunc__C)
                  8003cf24    00000004     hello_p64P.o64P (.const:ti_sysbios_knl_Task_numConstructedTasks__C)
                  8003cf28    00000004     hello_p64P.o64P (.const:ti_sysbios_timers_timer64_Timer_A_notAvailable__C)
                  8003cf2c    00000004     hello_p64P.o64P (.const:ti_sysbios_timers_timer64_Timer_E_cannotSupport__C)
                  8003cf30    00000004     hello_p64P.o64P (.const:ti_sysbios_timers_timer64_Timer_Module__diagsEnabled__C)
                  8003cf34    00000004     hello_p64P.o64P (.const:ti_sysbios_timers_timer64_Timer_Module__diagsIncluded__C)
                  8003cf38    00000004     hello_p64P.o64P (.const:ti_sysbios_timers_timer64_Timer_Module__diagsMask__C)
                  8003cf3c    00000004     hello_p64P.o64P (.const:ti_sysbios_timers_timer64_Timer_anyMask__C)
                  8003cf40    00000004     hello_p64P.o64P (.const:ti_sysbios_timers_timer64_Timer_freqDivisor__C)
                  8003cf44    00000004     hello_p64P.o64P (.const:ti_sysbios_timers_timer64_Timer_numLocalTimers__C)
                  8003cf48    00000004     hello_p64P.o64P (.const:ti_sysbios_timers_timer64_Timer_numTimerDevices__C)
                  8003cf4c    00000004     hello_p64P.o64P (.const:xdc_runtime_Assert_E_assertFailed__C)
                  8003cf50    00000004     hello_p64P.o64P (.const:xdc_runtime_Core_A_initializedParams__C)
                  8003cf54    00000004     hello_p64P.o64P (.const:xdc_runtime_Core_Module__diagsEnabled__C)
                  8003cf58    00000004     hello_p64P.o64P (.const:xdc_runtime_Core_Module__diagsIncluded__C)
                  8003cf5c    00000004     hello_p64P.o64P (.const:xdc_runtime_Core_Module__diagsMask__C)
                  8003cf60    00000004     hello_p64P.o64P (.const:xdc_runtime_Error_E_memory__C)
                  8003cf64    00000004     hello_p64P.o64P (.const:xdc_runtime_Error_Module__diagsEnabled__C)
                  8003cf68    00000004     hello_p64P.o64P (.const:xdc_runtime_Error_Module__diagsIncluded__C)
                  8003cf6c    00000004     hello_p64P.o64P (.const:xdc_runtime_Error_Module__diagsMask__C)
                  8003cf70    00000004     hello_p64P.o64P (.const:xdc_runtime_Error_Module__loggerFxn8__C)
                  8003cf74    00000004     hello_p64P.o64P (.const:xdc_runtime_Error_Module__loggerObj__C)
                  8003cf78    00000004     hello_p64P.o64P (.const:xdc_runtime_Error_policy__C)
                  8003cf7c    00000004     hello_p64P.o64P (.const:xdc_runtime_Error_raiseHook__C)
                  8003cf80    00000004     hello_p64P.o64P (.const:xdc_runtime_IFilterLogger_Interface__BASE__C)
                  8003cf84    00000004     hello_p64P.o64P (.const:xdc_runtime_IGateProvider_Interface__BASE__C)
                  8003cf88    00000004     hello_p64P.o64P (.const:xdc_runtime_IHeap_Interface__BASE__C)
                  8003cf8c    00000004     hello_p64P.o64P (.const:xdc_runtime_ILogger_Interface__BASE__C)
                  8003cf90    00000004     hello_p64P.o64P (.const:xdc_runtime_IModule_Interface__BASE__C)
                  8003cf94    00000004     hello_p64P.o64P (.const:xdc_runtime_Log_L_error__C)
                  8003cf98    00000004     hello_p64P.o64P (.const:xdc_runtime_LoggerBuf_E_badLevel__C)
                  8003cf9c    00000004     hello_p64P.o64P (.const:xdc_runtime_LoggerBuf_Module__gateObj__C)
                  8003cfa0    00000004     hello_p64P.o64P (.const:xdc_runtime_LoggerBuf_Object__count__C)
                  8003cfa4    00000004     hello_p64P.o64P (.const:xdc_runtime_LoggerBuf_Object__table__C)
                  8003cfa8    00000004     hello_p64P.o64P (.const:xdc_runtime_LoggerBuf_statusLogger__C)
                  8003cfac    00000004     hello_p64P.o64P (.const:xdc_runtime_Memory_defaultHeapInstance__C)
                  8003cfb0    00000004     hello_p64P.o64P (.const:xdc_runtime_Startup_execImpl__C)
                  8003cfb4    00000004     hello_p64P.o64P (.const:xdc_runtime_Startup_maxPasses__C)
                  8003cfb8    00000004     hello_p64P.o64P (.const:xdc_runtime_Startup_lastFxns__A)
                  8003cfbc    00000004     hello_p64P.o64P (.const:xdc_runtime_Startup_sfxnRts__C)
                  8003cfc0    00000004     hello_p64P.o64P (.const:xdc_runtime_Startup_sfxnTab__C)
                  8003cfc4    00000004     hello_p64P.o64P (.const:xdc_runtime_Startup_startModsFxn__C)
                  8003cfc8    00000004     hello_p64P.o64P (.const:xdc_runtime_SysMin_bufSize__C)
                  8003cfcc    00000004     hello_p64P.o64P (.const:xdc_runtime_SysMin_outputFunc__C)
                  8003cfd0    00000004     hello_p64P.o64P (.const:xdc_runtime_System_Module__gateObj__C)
                  8003cfd4    00000004     hello_p64P.o64P (.const:xdc_runtime_System_extendFxn__C)
                  8003cfd8    00000004     hello_p64P.o64P (.const:xdc_runtime_System_maxAtexitHandlers__C)
                  8003cfdc    00000004     hello_p64P.o64P (.const:xdc_runtime_Text_charTab__C)
                  8003cfe0    00000004     hello_p64P.o64P (.const:xdc_runtime_Text_nameEmpty__C)
                  8003cfe4    00000004     hello_p64P.o64P (.const:xdc_runtime_Text_nameStatic__C)
                  8003cfe8    00000004     hello_p64P.o64P (.const:xdc_runtime_Text_nameUnknown__C)
                  8003cfec    00000004     hello_p64P.o64P (.const:xdc_runtime_Text_nodeTab__C)
                  8003cff0    00000004     hello_p64P.o64P (.const:xdc_runtime_Text_visitRopeFxn__C)
                  8003cff4    00000002     hello_p64P.o64P (.const:ti_sysbios_family_c64p_Hwi_Module__loggerDefined__C)
                  8003cff6    00000002     hello_p64P.o64P (.const:ti_sysbios_gates_GateMutex_Module__id__C)
                  8003cff8    00000002     hello_p64P.o64P (.const:ti_sysbios_hal_Hwi_Module__id__C)
                  8003cffa    00000002     hello_p64P.o64P (.const:ti_sysbios_heaps_HeapMem_Module__id__C)
                  8003cffc    00000002     hello_p64P.o64P (.const:ti_sysbios_knl_Clock_Module__id__C)
                  8003cffe    00000002     hello_p64P.o64P (.const:ti_sysbios_knl_Clock_Module__loggerDefined__C)
                  8003d000    00000002     hello_p64P.o64P (.const:ti_sysbios_knl_Semaphore_Module__id__C)
                  8003d002    00000002     hello_p64P.o64P (.const:ti_sysbios_knl_Semaphore_Module__loggerDefined__C)
                  8003d004    00000002     hello_p64P.o64P (.const:ti_sysbios_knl_Swi_Module__id__C)
                  8003d006    00000002     hello_p64P.o64P (.const:ti_sysbios_knl_Swi_Module__loggerDefined__C)
                  8003d008    00000002     hello_p64P.o64P (.const:ti_sysbios_knl_Task_Module__id__C)
                  8003d00a    00000002     hello_p64P.o64P (.const:ti_sysbios_knl_Task_Module__loggerDefined__C)
                  8003d00c    00000002     hello_p64P.o64P (.const:ti_sysbios_knl_Task_initStackFlag__C)
                  8003d00e    00000002     hello_p64P.o64P (.const:ti_sysbios_timers_timer64_Timer_Module__id__C)
                  8003d010    00000002     hello_p64P.o64P (.const:ti_sysbios_timers_timer64_Timer_startupNeeded__C)
                  8003d012    00000002     hello_p64P.o64P (.const:xdc_runtime_Core_Module__id__C)
                  8003d014    00000002     hello_p64P.o64P (.const:xdc_runtime_Error_Module__loggerDefined__C)
                  8003d016    00000002     hello_p64P.o64P (.const:xdc_runtime_Error_maxDepth__C)
                  8003d018    00000002     hello_p64P.o64P (.const:xdc_runtime_LoggerBuf_Module__id__C)
                  8003d01a    00000002     hello_p64P.o64P (.const:xdc_runtime_LoggerBuf_filterByLevel__C)
                  8003d01c    00000002     hello_p64P.o64P (.const:xdc_runtime_Memory_Module__id__C)
                  8003d01e    00000002     hello_p64P.o64P (.const:xdc_runtime_SysMin_flushAtExit__C)
                  8003d020    00000002     hello_p64P.o64P (.const:xdc_runtime_Text_charCnt__C)
                  8003d022    00000002     hello_p64P.o64P (.const:xdc_runtime_Text_isLoaded__C)
                  8003d024    00000002     hello_p64P.o64P (.const:xdc_runtime_Text_registryModsLastId__C)
                  8003d026    00000002     hello_p64P.o64P (.const:xdc_runtime_Text_unnamedModsLastId__C)

.stack     0    8003d028    00001000     UNINITIALIZED
                  8003d028    00000008     boot.a64P : boot.o64P (.stack)
                  8003d030    00000ff8     --HOLE--

.cinit     0    8003e028    00000804     
                  8003e028    0000069c     hello_p64P.o64P (.cinit)
                  8003e6c4    00000004     --HOLE-- [fill = 0]
                  8003e6c8    0000005c     rts64plus.lib : defs.obj (.cinit)
                  8003e724    00000004     --HOLE-- [fill = 0]
                  8003e728    0000005c                   : lowlev.obj (.cinit)
                  8003e784    00000004     --HOLE-- [fill = 0]
                  8003e788    0000002c                   : exit.obj (.cinit)
                  8003e7b4    00000004     --HOLE-- [fill = 0]
                  8003e7b8    0000001c                   : _lock.obj (.cinit)
                  8003e7d4    00000004     --HOLE-- [fill = 0]
                  8003e7d8    0000001c                   : atexit.obj (.cinit)
                  8003e7f4    00000004     --HOLE-- [fill = 0]
                  8003e7f8    0000000c                   : errno.obj (.cinit)
                  8003e804    00000004     --HOLE-- [fill = 0]
                  8003e808    0000000c                   : fopen.obj (.cinit)
                  8003e814    00000004     --HOLE-- [fill = 0]
                  8003e818    0000000c                   : sinit.obj (.cinit)
                  8003e824    00000004     --HOLE-- [fill = 0]
                  8003e828    00000004     (.pad.cinit) [fill = 0]

.cio       0    8003e830    00000120     UNINITIALIZED
                  8003e830    00000120     rts64plus.lib : trgmsg.obj (.cio)

.switch    0    8003e950    00000028     
                  8003e950    00000028     rts64plus.lib : _scanfi.obj (.switch:__sset_arg)

.vecs      0    8003ec00    00000200     
                  8003ec00    00000200     hello_p64P.o64P (.vecs)


GLOBAL SYMBOLS: SORTED ALPHABETICALLY BY Name 

address    name
--------   ----
80000000   $bss
80000000   .bss
ffffffff   .data
ffffffff   .text
80036300   C$$EXIT
80035338   C$$IO$$
800329c0   _HOSTclose
80030940   _HOSTlseek
80031440   _HOSTopen
80031d00   _HOSTread
8002eae0   _HOSTrename
80031dc0   _HOSTunlink
80031e80   _HOSTwrite
80039b20   _TSK_idle
8003e830   __CIOBUF_
8003e028   __STACK_END
00001000   __STACK_SIZE
00000001   __TI_args_main
80000000   ___ASM__
80000070   ___ISA__
80000088   ___PLAT__
800000b0   ___TARG__
8003ab5c   ___TI_enable_exit_profile_output
ffffffff   ___TI_pprof_out_hndl
ffffffff   ___TI_prof_data_size
ffffffff   ___TI_prof_data_start
800000d0   ___TRDR__
800356a0   ___add_dtor
8003a8b0   ___atexit_func_id__
ffffffff   ___binit__
80000000   ___bss__
ffffffff   ___c_args__
8003e028   ___cinit__
ffffffff   ___data__
ffffffff   ___edata__
80000000   ___end__
ffffffff   ___etext__
800356e0   ___isinf
ffffffff   ___pinit__
ffffffff   ___text__
800361e0   ___xdc__init
80039d84   ___xdc__init__addr
8002caa0   __addd
80029380   __addf
80035760   __args_main
80030a40   __auto_init
8002ff20   __buff_read
80032000   __c6xabi_divu
80032ec0   __c6xabi_remu
80032a60   __cleanup
8003ab54   __cleanup_ptr
80030040   __closefile
80031520   __cmpd
8003c5f8   __ctypes_
80032b00   __cvtdf
800349e0   __cvtfd
80024380   __divd
80032ba0   __divli
80032000   __divu
8002df80   __divul
8002aba0   __divull
800320c0   __doflush
8003ab58   __dtors_ptr
80033be0   __fixdi
80032d80   __fixdli
80033c60   __fltlid
8002cca0   __frcaddd
80030b40   __frcmpyd
800357a0   __frcmpyd_div
80034a40   __frcmpyf
8003a8a8   __ft_end
8003a588   __ftable
80033ce0   __llshl
800357e0   __llshru
8003ab60   __lock
8002ae00   __mpyd
8002cea0   __mpyf
80035820   __negd
80036220   __negll
80036240   __nop
80026960   __printfi
80032180   __rd_ok
800362a0   __register_lock
800362c0   __register_unlock
80035860   __remli
80032ec0   __remu
800358a0   __remul
80034aa0   __remull
80033d60   __renormd
800206a0   __scanfi
8003d028   __stack
80034b00   __subcull
800358e0   __subd
8003a768   __tmpnams
8003ab64   __unlock
80030c40   __wrt_ok
80036300   _abort
00000000   _argsize
80032240   _atexit
80036320   _atof
80031600   _atoi
80032f60   _c_int00
80000000   _calculate
80030d40   _call_dtors
800316e0   _close
8003ab74   _dtors
8003a8ac   _errno
80032300   _exit
80034b60   _fclose
8002f520   _fgetc
80036340   _fgets
80034bc0   _fopen
80030e40   _fprintf
8002bde0   _fputc
800279e0   _fputs
80034c20   _free
800317c0   _fscanf
800305e0   _fseek
8002f520   _getc
800330a0   _lseek
800323c0   _ltoa
80020578   _main
80033140   _malloc
80034c80   _memccpy
800331e0   _memcpy
800318a0   _memset
8002ede0   _open
8002bde0   _putc
80033280   _read
80033de0   _readmsg
80036360   _remove
8002d2a0   _setvbuf
800248c0   _strtod
80025c40   _strtol
80024de0   _strtold
800260a0   _strtoll
800271e0   _strtoul
800275e0   _strtoull
8003c81c   _ti_sysbios_BIOS_Module__diagsEnabled__C
8003ca94   _ti_sysbios_BIOS_Module__diagsIncluded__C
8003ccbc   _ti_sysbios_BIOS_Module__diagsMask__C
8003c6fa   _ti_sysbios_BIOS_Module__id__C
80039888   _ti_sysbios_BIOS_Module__state__V
80036380   _ti_sysbios_BIOS_RtsGateProxy_enter__E
800363a0   _ti_sysbios_BIOS_RtsGateProxy_leave__E
80032480   _ti_sysbios_BIOS_errorRaiseHook__I
80033e60   _ti_sysbios_BIOS_exitFunc__I
8003cd24   _ti_sysbios_BIOS_installedErrorHook__C
800363c0   _ti_sysbios_BIOS_nullFunc__I
80034d40   _ti_sysbios_BIOS_registerRTSLock__I
80035920   _ti_sysbios_BIOS_rtsLock__I
8002f3c0   _ti_sysbios_BIOS_rtsUnlock__I
800363e0   _ti_sysbios_BIOS_setThreadType__E
80035960   _ti_sysbios_BIOS_startFunc__I
80036400   _ti_sysbios_family_c62_TaskSupport_Module__startupDone__S
800359a0   _ti_sysbios_family_c62_TaskSupport_buildTaskStack
80036420   _ti_sysbios_family_c62_TaskSupport_checkStack__E
80036440   _ti_sysbios_family_c62_TaskSupport_glue
80033ee0   _ti_sysbios_family_c62_TaskSupport_start__E
80033f60   _ti_sysbios_family_c62_TaskSupport_swap__E
8003cdb0   _ti_sysbios_family_c64p_Cache_MAR0_31__C
8003cdb4   _ti_sysbios_family_c64p_Cache_MAR128_159__C
8003cdb8   _ti_sysbios_family_c64p_Cache_MAR160_191__C
8003cdbc   _ti_sysbios_family_c64p_Cache_MAR192_223__C
8003cdc0   _ti_sysbios_family_c64p_Cache_MAR224_255__C
8003cdc4   _ti_sysbios_family_c64p_Cache_MAR32_63__C
8003cdc8   _ti_sysbios_family_c64p_Cache_MAR64_95__C
8003cdcc   _ti_sysbios_family_c64p_Cache_MAR96_127__C
800398a8   _ti_sysbios_family_c64p_Cache_Module__state__V
80036460   _ti_sysbios_family_c64p_Cache_Module_startup__E
8002a420   _ti_sysbios_family_c64p_Cache_Module_startup__F
8003cd54   _ti_sysbios_family_c64p_Cache_initSize__C
80034da0   _ti_sysbios_family_c64p_Cache_setMar__E
8003cdd0   _ti_sysbios_family_c64p_Exception_E_exceptionMin__C
8003ccda   _ti_sysbios_family_c64p_Exception_Module__id__C
800398ac   _ti_sysbios_family_c64p_Exception_Module__state__V
80036480   _ti_sysbios_family_c64p_Exception_Module_startup__E
80033320   _ti_sysbios_family_c64p_Exception_Module_startup__F
8002f0e0   _ti_sysbios_family_c64p_Exception_dispatch__E
8003cdd4   _ti_sysbios_family_c64p_Exception_exceptionHook__C
8003cdd8   _ti_sysbios_family_c64p_Exception_externalHook__C
80021880   _ti_sysbios_family_c64p_Exception_handler__I
8002b500   _ti_sysbios_family_c64p_Exception_internalHandler__I
8003cddc   _ti_sysbios_family_c64p_Exception_internalHook__C
8003cde0   _ti_sysbios_family_c64p_Exception_nmiHook__C
8003cd52   _ti_sysbios_family_c64p_Exception_useInternalBuffer__C
8003ec00   _ti_sysbios_family_c64p_Hwi0
8003cde4   _ti_sysbios_family_c64p_Hwi_LD_end__C
8003cde8   _ti_sysbios_family_c64p_Hwi_LM_begin__C
8003cdec   _ti_sysbios_family_c64p_Hwi_Module__diagsEnabled__C
8003cdf0   _ti_sysbios_family_c64p_Hwi_Module__diagsIncluded__C
8003cdf4   _ti_sysbios_family_c64p_Hwi_Module__diagsMask__C
8003cdae   _ti_sysbios_family_c64p_Hwi_Module__id__C
8003cff4   _ti_sysbios_family_c64p_Hwi_Module__loggerDefined__C
8003cdf8   _ti_sysbios_family_c64p_Hwi_Module__loggerFxn1__C
8003cdfc   _ti_sysbios_family_c64p_Hwi_Module__loggerFxn8__C
8003ce00   _ti_sysbios_family_c64p_Hwi_Module__loggerObj__C
800398dc   _ti_sysbios_family_c64p_Hwi_Module__root__V
800359e0   _ti_sysbios_family_c64p_Hwi_Module__startupDone__F
800364a0   _ti_sysbios_family_c64p_Hwi_Module__startupDone__S
80039900   _ti_sysbios_family_c64p_Hwi_Module__state__V
800364c0   _ti_sysbios_family_c64p_Hwi_Module_startup__E
8002f7a0   _ti_sysbios_family_c64p_Hwi_Module_startup__F
800398e8   _ti_sysbios_family_c64p_Hwi_Object__table__V
800364e0   _ti_sysbios_family_c64p_Hwi_clearInterrupt__E
80035a20   _ti_sysbios_family_c64p_Hwi_disableInterrupt__E
8002d4a0   _ti_sysbios_family_c64p_Hwi_dispatchAlways
80029080   _ti_sysbios_family_c64p_Hwi_dispatchC__I
80035a60   _ti_sysbios_family_c64p_Hwi_enableInterrupt__E
800333c0   _ti_sysbios_family_c64p_Hwi_getStackInfo__E
8003ec00   _ti_sysbios_family_c64p_Hwi_int0
8003ec20   _ti_sysbios_family_c64p_Hwi_int1
8003ed40   _ti_sysbios_family_c64p_Hwi_int10
8003ed60   _ti_sysbios_family_c64p_Hwi_int11
8003ed80   _ti_sysbios_family_c64p_Hwi_int12
8003eda0   _ti_sysbios_family_c64p_Hwi_int13
8003edc0   _ti_sysbios_family_c64p_Hwi_int14
8003ede0   _ti_sysbios_family_c64p_Hwi_int15
8003ec40   _ti_sysbios_family_c64p_Hwi_int2
8003ec60   _ti_sysbios_family_c64p_Hwi_int3
8003ec80   _ti_sysbios_family_c64p_Hwi_int4
8003eca0   _ti_sysbios_family_c64p_Hwi_int5
8003ecc0   _ti_sysbios_family_c64p_Hwi_int6
8003ece0   _ti_sysbios_family_c64p_Hwi_int7
8003ed00   _ti_sysbios_family_c64p_Hwi_int8
8003ed20   _ti_sysbios_family_c64p_Hwi_int9
80036500   _ti_sysbios_family_c64p_Hwi_startup__E
80036520   _ti_sysbios_family_c64p_Hwi_switchFromBootStack__E
80036540   _ti_sysbios_family_c64p_TimestampProvider_Module_startup__E
80036560   _ti_sysbios_family_c64p_TimestampProvider_Module_startup__F
80036580   _ti_sysbios_family_c64p_TimestampProvider_get64__E
80035aa0   _ti_sysbios_family_c64p_tci6482_TimerSupport_enable__E
80035ae0   _ti_sysbios_family_xxx_Hwi_switchToIsrStack
800365a0   _ti_sysbios_family_xxx_Hwi_switchToTaskStack
80034e00   _ti_sysbios_gates_GateHwi_Handle__label__S
800365c0   _ti_sysbios_gates_GateHwi_Instance_init__F
8003cb48   _ti_sysbios_gates_GateHwi_Module__FXNS__C
80039968   _ti_sysbios_gates_GateHwi_Module__root__V
8003cbfc   _ti_sysbios_gates_GateHwi_Object__DESC__C
8003ccdc   _ti_sysbios_gates_GateHwi_Object__PARAMS__C
80033fe0   _ti_sysbios_gates_GateHwi_Object__create__S
80034e60   _ti_sysbios_gates_GateHwi_Object__delete__S
80039970   _ti_sysbios_gates_GateHwi_Object__table__V
800365e0   _ti_sysbios_gates_GateHwi_enter__E
80036600   _ti_sysbios_gates_GateHwi_leave__E
80036620   _ti_sysbios_gates_GateHwi_query__E
80036640   _ti_sysbios_gates_GateHwi_query__F
8003ce04   _ti_sysbios_gates_GateMutex_A_badContext__C
80034ec0   _ti_sysbios_gates_GateMutex_Handle__label__S
8003ce08   _ti_sysbios_gates_GateMutex_Instance_State_sem__O
80036660   _ti_sysbios_gates_GateMutex_Instance_finalize__F
80034f20   _ti_sysbios_gates_GateMutex_Instance_init__F
8003cb6c   _ti_sysbios_gates_GateMutex_Module__FXNS__C
8003ce0c   _ti_sysbios_gates_GateMutex_Module__diagsEnabled__C
8003ce10   _ti_sysbios_gates_GateMutex_Module__diagsIncluded__C
8003ce14   _ti_sysbios_gates_GateMutex_Module__diagsMask__C
8003cff6   _ti_sysbios_gates_GateMutex_Module__id__C
80039974   _ti_sysbios_gates_GateMutex_Module__root__V
8003cc1c   _ti_sysbios_gates_GateMutex_Object__DESC__C
8003ccf4   _ti_sysbios_gates_GateMutex_Object__PARAMS__C
80034060   _ti_sysbios_gates_GateMutex_Object__create__S
80034f80   _ti_sysbios_gates_GateMutex_Object__delete__S
80039980   _ti_sysbios_gates_GateMutex_Object__table__V
8002e2c0   _ti_sysbios_gates_GateMutex_enter__E
80035b20   _ti_sysbios_gates_GateMutex_leave__E
80036680   _ti_sysbios_gates_GateMutex_query__E
800366a0   _ti_sysbios_gates_GateMutex_query__F
8003ce18   _ti_sysbios_hal_Hwi_E_stackOverflow__C
800366c0   _ti_sysbios_hal_Hwi_HwiProxy_Module__startupDone__S
800366e0   _ti_sysbios_hal_Hwi_HwiProxy_clearInterrupt__E
80036700   _ti_sysbios_hal_Hwi_HwiProxy_disableInterrupt__E
80036720   _ti_sysbios_hal_Hwi_HwiProxy_enableInterrupt__E
80036740   _ti_sysbios_hal_Hwi_HwiProxy_getStackInfo__E
80036760   _ti_sysbios_hal_Hwi_HwiProxy_startup__E
80036780   _ti_sysbios_hal_Hwi_HwiProxy_switchFromBootStack__E
8003cff8   _ti_sysbios_hal_Hwi_Module__id__C
800399c0   _ti_sysbios_hal_Hwi_Module__root__V
800367a0   _ti_sysbios_hal_Hwi_Module_startup__E
800367c0   _ti_sysbios_hal_Hwi_Module_startup__F
800399c8   _ti_sysbios_hal_Hwi_Object__table__V
800348e0   _ti_sysbios_hal_Hwi_checkStack
80034960   _ti_sysbios_hal_Hwi_initStack
800367e0   _ti_sysbios_hal_Hwi_startup__E
800399d0   _ti_sysbios_hal_Timer_Module__root__V
80035b60   _ti_sysbios_hal_Timer_Module__startupDone__F
80036800   _ti_sysbios_hal_Timer_Module__startupDone__S
80036820   _ti_sysbios_hal_Timer_Module_startup__E
80036840   _ti_sysbios_hal_Timer_Module_startup__F
[...]
80036480   _ti_sysbios_family_c64p_Exception_Module_startup__E
800364a0   _ti_sysbios_family_c64p_Hwi_Module__startupDone__S
800364c0   _ti_sysbios_family_c64p_Hwi_Module_startup__E
800364e0   _ti_sysbios_family_c64p_Hwi_clearInterrupt__E
80036500   _ti_sysbios_family_c64p_Hwi_startup__E
80036520   _ti_sysbios_family_c64p_Hwi_switchFromBootStack__E
80036540   _ti_sysbios_family_c64p_TimestampProvider_Module_startup__E
80036560   _ti_sysbios_family_c64p_TimestampProvider_Module_startup__F
80036580   _ti_sysbios_family_c64p_TimestampProvider_get64__E
800365a0   _ti_sysbios_family_xxx_Hwi_switchToTaskStack
800365c0   _ti_sysbios_gates_GateHwi_Instance_init__F
800365e0   _ti_sysbios_gates_GateHwi_enter__E
80036600   _ti_sysbios_gates_GateHwi_leave__E
80036620   _ti_sysbios_gates_GateHwi_query__E
80036640   _ti_sysbios_gates_GateHwi_query__F
80036660   _ti_sysbios_gates_GateMutex_Instance_finalize__F
80036680   _ti_sysbios_gates_GateMutex_query__E
800366a0   _ti_sysbios_gates_GateMutex_query__F
800366c0   _ti_sysbios_hal_Hwi_HwiProxy_Module__startupDone__S
800366e0   _ti_sysbios_hal_Hwi_HwiProxy_clearInterrupt__E
80036700   _ti_sysbios_hal_Hwi_HwiProxy_disableInterrupt__E
80036720   _ti_sysbios_hal_Hwi_HwiProxy_enableInterrupt__E
80036740   _ti_sysbios_hal_Hwi_HwiProxy_getStackInfo__E
80036760   _ti_sysbios_hal_Hwi_HwiProxy_startup__E
80036780   _ti_sysbios_hal_Hwi_HwiProxy_switchFromBootStack__E
800367a0   _ti_sysbios_hal_Hwi_Module_startup__E
800367c0   _ti_sysbios_hal_Hwi_Module_startup__F
800367e0   _ti_sysbios_hal_Hwi_startup__E
80036800   _ti_sysbios_hal_Timer_Module__startupDone__S
80036820   _ti_sysbios_hal_Timer_Module_startup__E
80036840   _ti_sysbios_hal_Timer_Module_startup__F
80036860   _ti_sysbios_hal_Timer_TimerProxy_Module__startupDone__S
80036880   _ti_sysbios_hal_Timer_TimerProxy_getPeriod__E
800368a0   _ti_sysbios_hal_Timer_TimerProxy_startup__E
800368c0   _ti_sysbios_hal_Timer_startup__E
800368e0   _ti_sysbios_heaps_HeapMem_Module_GateProxy_enter__E
80036900   _ti_sysbios_heaps_HeapMem_Module_GateProxy_leave__E
80036920   _ti_sysbios_heaps_HeapMem_Module_GateProxy_query__E
80036940   _ti_sysbios_heaps_HeapMem_isBlocking__E
80036980   _ti_sysbios_knl_Clock_Module_startup__E
800369a0   _ti_sysbios_knl_Idle_loop__E
800369c0   _ti_sysbios_knl_Queue_Instance_init__F
800369e0   _ti_sysbios_knl_Queue_empty__E
80036a00   _ti_sysbios_knl_Semaphore_Instance_finalize__F
80036a20   _ti_sysbios_knl_Swi_Module_startup__E
80036a40   _ti_sysbios_knl_Swi_disable__E
80036a60   _ti_sysbios_knl_Task_Module_startup__E
80036a80   _ti_sysbios_knl_Task_SupportProxy_Module__startupDone__S
80036aa0   _ti_sysbios_knl_Task_SupportProxy_checkStack__E
80036ac0   _ti_sysbios_knl_Task_SupportProxy_swap__E
80036ae0   _ti_sysbios_knl_Task_disable__E
80036b00   _ti_sysbios_knl_Task_startup__E
80036b20   _ti_sysbios_timers_timer64_Timer_Module__startupDone__S
80036b40   _ti_sysbios_timers_timer64_Timer_Module_startup__E
80036b60   _ti_sysbios_timers_timer64_Timer_TimerSupportProxy_enable__E
80036ba0   _xdc_runtime_Error_check__E
80036bc0   _xdc_runtime_Error_init__E
80036be0   _xdc_runtime_Error_print__E
80036c00   _xdc_runtime_Gate_enterSystem__F
80036c20   _xdc_runtime_Gate_leaveSystem__F
80036c40   _xdc_runtime_LoggerBuf_Module_GateProxy_enter__E
80036c60   _xdc_runtime_LoggerBuf_Module_GateProxy_leave__E
80036c80   _xdc_runtime_LoggerBuf_Module_startup__E
80036ca0   _xdc_runtime_LoggerBuf_TimestampProxy_get64__E
80036cc0   _xdc_runtime_LoggerBuf_disable__E
80036ce0   _xdc_runtime_LoggerBuf_disable__F
80036d00   _xdc_runtime_LoggerBuf_enable__E
80036d20   _xdc_runtime_LoggerBuf_enable__F
80036d40   _xdc_runtime_LoggerBuf_getFilterLevel__E
80036d60   _xdc_runtime_LoggerBuf_write1__F
80036d80   _xdc_runtime_LoggerBuf_write2__F
80036da0   _xdc_runtime_Memory_HeapProxy_free__E
80036dc0   _xdc_runtime_Memory_free__E
80036de0   _xdc_runtime_Startup_reset__I
80036e00   _xdc_runtime_SysMin_Module_startup__E
80036e20   _xdc_runtime_SysMin_abort__E
80036e40   _xdc_runtime_SysMin_exit__E
80036e60   _xdc_runtime_SysMin_putch__E
80036e80   _xdc_runtime_SysMin_ready__E
80036ea0   _xdc_runtime_SysMin_ready__F
80036ec0   _xdc_runtime_System_Module_GateProxy_enter__E
80036ee0   _xdc_runtime_System_Module_GateProxy_leave__E
80036f00   _xdc_runtime_System_Module_startup__E
80036f20   _xdc_runtime_System_Module_startup__F
80036f40   _xdc_runtime_System_SupportProxy_abort__E
80036f60   _xdc_runtime_System_SupportProxy_exit__E
80036f80   _xdc_runtime_System_SupportProxy_putch__E
80036fa0   _xdc_runtime_System_SupportProxy_ready__E
80036fc0   _xdc_runtime_System_atexit__E
80036fe0   _xdc_runtime_System_exit__F
80037000   _xdc_runtime_System_lastFxn__I
80037020   _xdc_runtime_System_snprintf_va__F
80037020   _xdc_runtime_System_vsnprintf__F
80037040   _xdc_runtime_Text_putLab__E
80037060   _xdc_runtime_Text_putSite__E
80037080   _ti_sysbios_heaps_HeapMem_Instance_State_0_buf__A
80039080   _ti_sysbios_knl_Task_Instance_State_0_hookEnv__A
80039088   _xdc_runtime_LoggerBuf_Instance_State_0_entryArr__A
80039488   _xdc_runtime_SysMin_Module_State_0_outbuf__A
80039888   _ti_sysbios_BIOS_Module__state__V
800398a8   _ti_sysbios_family_c64p_Cache_Module__state__V
800398ac   _ti_sysbios_family_c64p_Exception_Module__state__V
800398dc   _ti_sysbios_family_c64p_Hwi_Module__root__V
800398e8   _ti_sysbios_family_c64p_Hwi_Object__table__V
80039900   _ti_sysbios_family_c64p_Hwi_Module__state__V
80039968   _ti_sysbios_gates_GateHwi_Module__root__V
80039970   _ti_sysbios_gates_GateHwi_Object__table__V
80039974   _ti_sysbios_gates_GateMutex_Module__root__V
80039980   _ti_sysbios_gates_GateMutex_Object__table__V
800399c0   _ti_sysbios_hal_Hwi_Module__root__V
800399c8   _ti_sysbios_hal_Hwi_Object__table__V
800399d0   _ti_sysbios_hal_Timer_Module__root__V
800399d8   _ti_sysbios_hal_Timer_Object__table__V
800399e0   _ti_sysbios_heaps_HeapMem_Module__root__V
800399e8   _ti_sysbios_heaps_HeapMem_Object__table__V
80039a00   _ti_sysbios_knl_Clock_Module__root__V
80039a08   _ti_sysbios_knl_Clock_Module__state__V
80039a30   _ti_sysbios_knl_Queue_Module__root__V
80039a38   _ti_sysbios_knl_Semaphore_Module__root__V
80039a40   _ti_sysbios_knl_Swi_Module__root__V
80039a48   _ti_sysbios_knl_Swi_Object__table__V
80039a78   _ti_sysbios_knl_Swi_Module_State_0_readyQ__A
80039af8   _ti_sysbios_knl_Swi_Module__state__V
80039b14   _ti_sysbios_knl_Task_Module__root__V
80039b20   _TSK_idle
80039b20   _ti_sysbios_knl_Task_Object__table__V
80039b70   _ti_sysbios_knl_Task_Module_State_0_readyQ__A
80039bf0   _ti_sysbios_knl_Task_Module_State_0_idleTask__A
80039bf4   _ti_sysbios_knl_Task_Module__state__V
80039c38   _ti_sysbios_timers_timer64_Timer_Module__root__V
80039c40   _ti_sysbios_timers_timer64_Timer_Object__table__V
80039c90   _ti_sysbios_timers_timer64_Timer_Module_State_0_intFreqs__A
80039ca0   _ti_sysbios_timers_timer64_Timer_Module_State_0_gctrl__A
80039cb0   _ti_sysbios_timers_timer64_Timer_Module_State_0_device__A
80039ce0   _ti_sysbios_timers_timer64_Timer_Module_State_0_handles__A
80039cf0   _ti_sysbios_timers_timer64_Timer_Module__state__V
80039d04   _xdc_runtime_Error_Module__state__V
80039d08   _xdc_runtime_LoggerBuf_Module__root__V
80039d10   _xdc_runtime_LoggerBuf_Object__table__V
80039d34   _xdc_runtime_LoggerBuf_Module__state__V
80039d3c   _xdc_runtime_Memory_Module__state__V
80039d40   _xdc_runtime_Registry_Module__state__V
80039d48   _xdc_runtime_Startup_Module__state__V
80039d50   _xdc_runtime_SysMin_Module__state__V
80039d60   _xdc_runtime_System_Module_State_0_atexitHandlers__A
80039d70   _xdc_runtime_System_Module__state__V
80039d7c   _xdc_runtime_Text_Module__state__V
80039d84   ___xdc__init__addr
80039d88   _ti_sysbios_knl_Task_Instance_State_0_stack__A
8003a588   __ftable
8003a768   __tmpnams
8003a8a8   __ft_end
8003a8ac   _errno
8003a8b0   ___atexit_func_id__
8003ab54   __cleanup_ptr
8003ab58   __dtors_ptr
8003ab5c   ___TI_enable_exit_profile_output
8003ab60   __lock
8003ab64   __unlock
8003ab74   _dtors
8003ab78   _xdc_runtime_Text_charTab__A
8003c5f8   __ctypes_
8003c6fa   _ti_sysbios_BIOS_Module__id__C
8003c700   _xdc_runtime_Text_nodeTab__A
8003c81c   _ti_sysbios_BIOS_Module__diagsEnabled__C
8003ca20   _xdc_runtime_LoggerBuf_Module__FXNS__C
8003ca94   _ti_sysbios_BIOS_Module__diagsIncluded__C
8003ca98   _xdc_runtime_Startup_sfxnTab__A
8003caf8   _ti_sysbios_heaps_HeapMem_Module__FXNS__C
8003cb20   _xdc_runtime_LoggerBuf_Object__PARAMS__C
8003cb48   _ti_sysbios_gates_GateHwi_Module__FXNS__C
8003cb6c   _ti_sysbios_gates_GateMutex_Module__FXNS__C
8003cb90   _ti_sysbios_heaps_HeapMem_Object__PARAMS__C
8003cbb4   _ti_sysbios_knl_Semaphore_Object__PARAMS__C
8003cbfc   _ti_sysbios_gates_GateHwi_Object__DESC__C
8003cc1c   _ti_sysbios_gates_GateMutex_Object__DESC__C
8003cc3c   _ti_sysbios_heaps_HeapMem_Object__DESC__C
8003cc5c   _ti_sysbios_knl_Queue_Object__DESC__C
8003cc7c   _ti_sysbios_knl_Semaphore_Object__DESC__C
8003cc9c   _xdc_runtime_LoggerBuf_Object__DESC__C
8003ccbc   _ti_sysbios_BIOS_Module__diagsMask__C
8003ccc0   _xdc_runtime_Startup_sfxnRts__A
8003ccda   _ti_sysbios_family_c64p_Exception_Module__id__C
8003ccdc   _ti_sysbios_gates_GateHwi_Object__PARAMS__C
8003ccf4   _ti_sysbios_gates_GateMutex_Object__PARAMS__C
8003cd0c   _ti_sysbios_knl_Queue_Object__PARAMS__C
8003cd24   _ti_sysbios_BIOS_installedErrorHook__C
8003cd28   _ti_sysbios_knl_Task_hooks__A
8003cd52   _ti_sysbios_family_c64p_Exception_useInternalBuffer__C
8003cd54   _ti_sysbios_family_c64p_Cache_initSize__C
8003cd70   _ti_sysbios_knl_Idle_coreList__C
8003cd78   _ti_sysbios_knl_Idle_funcList__C
8003cd80   _ti_sysbios_knl_Task_hooks__C
8003cd88   _xdc_runtime_Startup_firstFxns__A
8003cd90   _xdc_runtime_Startup_firstFxns__C
8003cd98   _xdc_runtime_Startup_lastFxns__C
8003cdae   _ti_sysbios_family_c64p_Hwi_Module__id__C
8003cdb0   _ti_sysbios_family_c64p_Cache_MAR0_31__C
8003cdb4   _ti_sysbios_family_c64p_Cache_MAR128_159__C
8003cdb8   _ti_sysbios_family_c64p_Cache_MAR160_191__C
8003cdbc   _ti_sysbios_family_c64p_Cache_MAR192_223__C
8003cdc0   _ti_sysbios_family_c64p_Cache_MAR224_255__C
8003cdc4   _ti_sysbios_family_c64p_Cache_MAR32_63__C
8003cdc8   _ti_sysbios_family_c64p_Cache_MAR64_95__C
8003cdcc   _ti_sysbios_family_c64p_Cache_MAR96_127__C
8003cdd0   _ti_sysbios_family_c64p_Exception_E_exceptionMin__C
8003cdd4   _ti_sysbios_family_c64p_Exception_exceptionHook__C
8003cdd8   _ti_sysbios_family_c64p_Exception_externalHook__C
8003cddc   _ti_sysbios_family_c64p_Exception_internalHook__C
8003cde0   _ti_sysbios_family_c64p_Exception_nmiHook__C
8003cde4   _ti_sysbios_family_c64p_Hwi_LD_end__C
8003cde8   _ti_sysbios_family_c64p_Hwi_LM_begin__C
8003cdec   _ti_sysbios_family_c64p_Hwi_Module__diagsEnabled__C
8003cdf0   _ti_sysbios_family_c64p_Hwi_Module__diagsIncluded__C
8003cdf4   _ti_sysbios_family_c64p_Hwi_Module__diagsMask__C
8003cdf8   _ti_sysbios_family_c64p_Hwi_Module__loggerFxn1__C
8003cdfc   _ti_sysbios_family_c64p_Hwi_Module__loggerFxn8__C
8003ce00   _ti_sysbios_family_c64p_Hwi_Module__loggerObj__C
8003ce04   _ti_sysbios_gates_GateMutex_A_badContext__C
8003ce08   _ti_sysbios_gates_GateMutex_Instance_State_sem__O
8003ce0c   _ti_sysbios_gates_GateMutex_Module__diagsEnabled__C
8003ce10   _ti_sysbios_gates_GateMutex_Module__diagsIncluded__C
8003ce14   _ti_sysbios_gates_GateMutex_Module__diagsMask__C
8003ce18   _ti_sysbios_hal_Hwi_E_stackOverflow__C
8003ce1c   _ti_sysbios_heaps_HeapMem_A_align__C
8003ce20   _ti_sysbios_heaps_HeapMem_A_heapSize__C
8003ce24   _ti_sysbios_heaps_HeapMem_A_invalidFree__C
8003ce28   _ti_sysbios_heaps_HeapMem_A_zeroBlock__C
8003ce2c   _ti_sysbios_heaps_HeapMem_E_memory__C
8003ce30   _ti_sysbios_heaps_HeapMem_Module__diagsEnabled__C
8003ce34   _ti_sysbios_heaps_HeapMem_Module__diagsIncluded__C
8003ce38   _ti_sysbios_heaps_HeapMem_Module__diagsMask__C
8003ce3c   _ti_sysbios_heaps_HeapMem_Module__gateObj__C
8003ce40   _ti_sysbios_heaps_HeapMem_Object__count__C
8003ce44   _ti_sysbios_heaps_HeapMem_Object__table__C
8003ce48   _ti_sysbios_heaps_HeapMem_reqAlign__C
8003ce4c   _ti_sysbios_knl_Clock_LM_begin__C
8003ce50   _ti_sysbios_knl_Clock_LM_tick__C
8003ce54   _ti_sysbios_knl_Clock_LW_delayed__C
8003ce58   _ti_sysbios_knl_Clock_Module_State_clockQ__O
8003ce5c   _ti_sysbios_knl_Clock_Module__diagsEnabled__C
8003ce60   _ti_sysbios_knl_Clock_Module__diagsIncluded__C
8003ce64   _ti_sysbios_knl_Clock_Module__diagsMask__C
8003ce68   _ti_sysbios_knl_Clock_Module__loggerFxn1__C
8003ce6c   _ti_sysbios_knl_Clock_Module__loggerFxn2__C
8003ce70   _ti_sysbios_knl_Clock_Module__loggerObj__C
8003ce74   _ti_sysbios_knl_Queue_Object__count__C
8003ce78   _ti_sysbios_knl_Idle_coreList__A
8003ce7c   _ti_sysbios_knl_Queue_Object__table__C
8003ce80   _ti_sysbios_knl_Idle_funcList__A
8003ce84   _ti_sysbios_knl_Semaphore_A_badContext__C
8003ce88   _ti_sysbios_knl_Semaphore_A_noEvents__C
8003ce8c   _ti_sysbios_knl_Semaphore_A_overflow__C
8003ce90   _ti_sysbios_knl_Semaphore_A_pendTaskDisabled__C
8003ce94   _ti_sysbios_knl_Semaphore_Instance_State_pendQ__O
8003ce98   _ti_sysbios_knl_Semaphore_LM_pend__C
8003ce9c   _ti_sysbios_knl_Semaphore_LM_post__C
8003cea0   _ti_sysbios_knl_Semaphore_Module__diagsEnabled__C
8003cea4   _ti_sysbios_knl_Semaphore_Module__diagsIncluded__C
8003cea8   _ti_sysbios_knl_Semaphore_Module__diagsMask__C
8003ceac   _ti_sysbios_knl_Semaphore_Module__loggerFxn2__C
8003ceb0   _ti_sysbios_knl_Semaphore_Module__loggerFxn4__C
8003ceb4   _ti_sysbios_knl_Semaphore_Module__loggerObj__C
8003ceb8   _ti_sysbios_knl_Swi_LD_end__C
8003cebc   _ti_sysbios_knl_Swi_LM_begin__C
8003cec0   _ti_sysbios_knl_Swi_LM_post__C
8003cec4   _ti_sysbios_knl_Swi_Module__diagsEnabled__C
8003cec8   _ti_sysbios_knl_Swi_Module__diagsIncluded__C
8003cecc   _ti_sysbios_knl_Swi_Module__diagsMask__C
8003ced0   _ti_sysbios_knl_Swi_Module__loggerFxn1__C
8003ced4   _ti_sysbios_knl_Swi_Module__loggerFxn4__C
8003ced8   _ti_sysbios_knl_Swi_Module__loggerObj__C
8003cedc   _ti_sysbios_knl_Swi_Object__count__C
8003cee0   _ti_sysbios_knl_Swi_Object__table__C
8003cee4   _ti_sysbios_knl_Task_E_spOutOfBounds__C
8003cee8   _ti_sysbios_knl_Task_E_stackOverflow__C
8003ceec   _ti_sysbios_knl_Task_LD_block__C
8003cef0   _ti_sysbios_knl_Task_LD_exit__C
8003cef4   _ti_sysbios_knl_Task_LD_ready__C
8003cef8   _ti_sysbios_knl_Task_LM_switch__C
8003cefc   _ti_sysbios_knl_Task_Module_State_inactiveQ__O
8003cf00   _ti_sysbios_knl_Task_Module__diagsEnabled__C
8003cf04   _ti_sysbios_knl_Task_Module__diagsIncluded__C
8003cf08   _ti_sysbios_knl_Task_Module__diagsMask__C
8003cf0c   _ti_sysbios_knl_Task_Module__loggerFxn2__C
8003cf10   _ti_sysbios_knl_Task_Module__loggerFxn4__C
8003cf14   _ti_sysbios_knl_Task_Module__loggerObj__C
8003cf18   _ti_sysbios_knl_Task_Object__count__C
8003cf1c   _ti_sysbios_knl_Task_Object__table__C
8003cf20   _ti_sysbios_knl_Task_allBlockedFunc__C
8003cf24   _ti_sysbios_knl_Task_numConstructedTasks__C
8003cf28   _ti_sysbios_timers_timer64_Timer_A_notAvailable__C
8003cf2c   _ti_sysbios_timers_timer64_Timer_E_cannotSupport__C
8003cf30   _ti_sysbios_timers_timer64_Timer_Module__diagsEnabled__C
8003cf34   _ti_sysbios_timers_timer64_Timer_Module__diagsIncluded__C
8003cf38   _ti_sysbios_timers_timer64_Timer_Module__diagsMask__C
8003cf3c   _ti_sysbios_timers_timer64_Timer_anyMask__C
8003cf40   _ti_sysbios_timers_timer64_Timer_freqDivisor__C
8003cf44   _ti_sysbios_timers_timer64_Timer_numLocalTimers__C
8003cf48   _ti_sysbios_timers_timer64_Timer_numTimerDevices__C
8003cf4c   _xdc_runtime_Assert_E_assertFailed__C
8003cf50   _xdc_runtime_Core_A_initializedParams__C
8003cf54   _xdc_runtime_Core_Module__diagsEnabled__C
8003cf58   _xdc_runtime_Core_Module__diagsIncluded__C
8003cf5c   _xdc_runtime_Core_Module__diagsMask__C
8003cf60   _xdc_runtime_Error_E_memory__C
8003cf64   _xdc_runtime_Error_Module__diagsEnabled__C
8003cf68   _xdc_runtime_Error_Module__diagsIncluded__C
8003cf6c   _xdc_runtime_Error_Module__diagsMask__C
8003cf70   _xdc_runtime_Error_Module__loggerFxn8__C
8003cf74   _xdc_runtime_Error_Module__loggerObj__C
8003cf78   _xdc_runtime_Error_policy__C
8003cf7c   _xdc_runtime_Error_raiseHook__C
8003cf80   _xdc_runtime_IFilterLogger_Interface__BASE__C
8003cf84   _xdc_runtime_IGateProvider_Interface__BASE__C
8003cf88   _xdc_runtime_IHeap_Interface__BASE__C
8003cf8c   _xdc_runtime_ILogger_Interface__BASE__C
8003cf90   _xdc_runtime_IModule_Interface__BASE__C
8003cf94   _xdc_runtime_Log_L_error__C
8003cf98   _xdc_runtime_LoggerBuf_E_badLevel__C
8003cf9c   _xdc_runtime_LoggerBuf_Module__gateObj__C
8003cfa0   _xdc_runtime_LoggerBuf_Object__count__C
8003cfa4   _xdc_runtime_LoggerBuf_Object__table__C
8003cfa8   _xdc_runtime_LoggerBuf_statusLogger__C
8003cfac   _xdc_runtime_Memory_defaultHeapInstance__C
8003cfb0   _xdc_runtime_Startup_execImpl__C
8003cfb4   _xdc_runtime_Startup_maxPasses__C
8003cfb8   _xdc_runtime_Startup_lastFxns__A
8003cfbc   _xdc_runtime_Startup_sfxnRts__C
8003cfc0   _xdc_runtime_Startup_sfxnTab__C
8003cfc4   _xdc_runtime_Startup_startModsFxn__C
8003cfc8   _xdc_runtime_SysMin_bufSize__C
8003cfcc   _xdc_runtime_SysMin_outputFunc__C
8003cfd0   _xdc_runtime_System_Module__gateObj__C
8003cfd4   _xdc_runtime_System_extendFxn__C
8003cfd8   _xdc_runtime_System_maxAtexitHandlers__C
8003cfdc   _xdc_runtime_Text_charTab__C
8003cfe0   _xdc_runtime_Text_nameEmpty__C
8003cfe4   _xdc_runtime_Text_nameStatic__C
8003cfe8   _xdc_runtime_Text_nameUnknown__C
8003cfec   _xdc_runtime_Text_nodeTab__C
8003cff0   _xdc_runtime_Text_visitRopeFxn__C
8003cff4   _ti_sysbios_family_c64p_Hwi_Module__loggerDefined__C
8003cff6   _ti_sysbios_gates_GateMutex_Module__id__C
8003cff8   _ti_sysbios_hal_Hwi_Module__id__C
8003cffa   _ti_sysbios_heaps_HeapMem_Module__id__C
8003cffc   _ti_sysbios_knl_Clock_Module__id__C
8003cffe   _ti_sysbios_knl_Clock_Module__loggerDefined__C
8003d000   _ti_sysbios_knl_Semaphore_Module__id__C
8003d002   _ti_sysbios_knl_Semaphore_Module__loggerDefined__C
8003d004   _ti_sysbios_knl_Swi_Module__id__C
8003d006   _ti_sysbios_knl_Swi_Module__loggerDefined__C
8003d008   _ti_sysbios_knl_Task_Module__id__C
8003d00a   _ti_sysbios_knl_Task_Module__loggerDefined__C
8003d00c   _ti_sysbios_knl_Task_initStackFlag__C
8003d00e   _ti_sysbios_timers_timer64_Timer_Module__id__C
8003d010   _ti_sysbios_timers_timer64_Timer_startupNeeded__C
8003d012   _xdc_runtime_Core_Module__id__C
8003d014   _xdc_runtime_Error_Module__loggerDefined__C
8003d016   _xdc_runtime_Error_maxDepth__C
8003d018   _xdc_runtime_LoggerBuf_Module__id__C
8003d01a   _xdc_runtime_LoggerBuf_filterByLevel__C
8003d01c   _xdc_runtime_Memory_Module__id__C
8003d01e   _xdc_runtime_SysMin_flushAtExit__C
8003d020   _xdc_runtime_Text_charCnt__C
8003d022   _xdc_runtime_Text_isLoaded__C
8003d024   _xdc_runtime_Text_registryModsLastId__C
8003d026   _xdc_runtime_Text_unnamedModsLastId__C
8003d028   __stack
8003e028   __STACK_END
8003e028   ___cinit__
8003e028   cinit
8003e830   __CIOBUF_
8003ec00   _ti_sysbios_family_c64p_Hwi0
8003ec00   _ti_sysbios_family_c64p_Hwi_int0
8003ec20   _ti_sysbios_family_c64p_Hwi_int1
8003ec40   _ti_sysbios_family_c64p_Hwi_int2
8003ec60   _ti_sysbios_family_c64p_Hwi_int3
8003ec80   _ti_sysbios_family_c64p_Hwi_int4
8003eca0   _ti_sysbios_family_c64p_Hwi_int5
8003ecc0   _ti_sysbios_family_c64p_Hwi_int6
8003ece0   _ti_sysbios_family_c64p_Hwi_int7
8003ed00   _ti_sysbios_family_c64p_Hwi_int8
8003ed20   _ti_sysbios_family_c64p_Hwi_int9
8003ed40   _ti_sysbios_family_c64p_Hwi_int10
8003ed60   _ti_sysbios_family_c64p_Hwi_int11
8003ed80   _ti_sysbios_family_c64p_Hwi_int12
8003eda0   _ti_sysbios_family_c64p_Hwi_int13
8003edc0   _ti_sysbios_family_c64p_Hwi_int14
8003ede0   _ti_sysbios_family_c64p_Hwi_int15
ffffffff   .data
ffffffff   .text
ffffffff   ___TI_pprof_out_hndl
ffffffff   ___TI_prof_data_size
ffffffff   ___TI_prof_data_start
ffffffff   ___binit__
ffffffff   ___c_args__
ffffffff   ___data__
ffffffff   ___edata__
ffffffff   ___etext__
ffffffff   ___pinit__
ffffffff   ___text__
ffffffff   binit
ffffffff   edata
ffffffff   etext
ffffffff   pinit

[682 symbols]
